[    0.000000] Initializing cgroup subsys cpuset
[    0.000000] Initializing cgroup subsys cpu
[    0.000000] Initializing cgroup subsys cpuacct
[    0.000000] Linux version 4.3.0 (root@cxdir-VirtualBox) (gcc version 5.4.0 20160609 (Ubuntu 5.4.0-6ubuntu1~16.04.4) ) #2 SMP Fri Sep 8 20:52:18 CST 2017
[    0.000000] Command line: BOOT_IMAGE=/boot/vmlinuz-4.3.0 memmap=4G!2G root=UUID=8918101d-1281-40c7-aa75-72b85c4a0441 ro quiet splash
[    0.000000] KERNEL supported cpus:
[    0.000000]   Intel GenuineIntel
[    0.000000]   AMD AuthenticAMD
[    0.000000]   Centaur CentaurHauls
[    0.000000] x86/fpu: xstate_offset[2]: 0240, xstate_sizes[2]: 0100
[    0.000000] x86/fpu: Supporting XSAVE feature 0x01: 'x87 floating point registers'
[    0.000000] x86/fpu: Supporting XSAVE feature 0x02: 'SSE registers'
[    0.000000] x86/fpu: Supporting XSAVE feature 0x04: 'AVX registers'
[    0.000000] x86/fpu: Enabled xstate features 0x7, context size is 0x340 bytes, using 'standard' format.
[    0.000000] x86/fpu: Using 'lazy' FPU context switches.
[    0.000000] e820: BIOS-provided physical RAM map:
[    0.000000] BIOS-e820: [mem 0x0000000000000000-0x000000000009fbff] usable
[    0.000000] BIOS-e820: [mem 0x000000000009fc00-0x000000000009ffff] reserved
[    0.000000] BIOS-e820: [mem 0x00000000000f0000-0x00000000000fffff] reserved
[    0.000000] BIOS-e820: [mem 0x0000000000100000-0x00000000dffeffff] usable
[    0.000000] BIOS-e820: [mem 0x00000000dfff0000-0x00000000dfffffff] ACPI data
[    0.000000] BIOS-e820: [mem 0x00000000fec00000-0x00000000fec00fff] reserved
[    0.000000] BIOS-e820: [mem 0x00000000fee00000-0x00000000fee00fff] reserved
[    0.000000] BIOS-e820: [mem 0x00000000fffc0000-0x00000000ffffffff] reserved
[    0.000000] BIOS-e820: [mem 0x0000000100000000-0x000000021fffffff] usable
[    0.000000] NX (Execute Disable) protection: active
[    0.000000] e820: user-defined physical RAM map:
[    0.000000] user: [mem 0x0000000000000000-0x000000000009fbff] usable
[    0.000000] user: [mem 0x000000000009fc00-0x000000000009ffff] reserved
[    0.000000] user: [mem 0x00000000000f0000-0x00000000000fffff] reserved
[    0.000000] user: [mem 0x0000000000100000-0x000000007fffffff] usable
[    0.000000] user: [mem 0x0000000080000000-0x00000000dffeffff] persistent (type 12)
[    0.000000] user: [mem 0x00000000dfff0000-0x00000000dfffffff] persistent (type 12)
[    0.000000] user: [mem 0x00000000e0000000-0x00000000febfffff] persistent (type 12)
[    0.000000] user: [mem 0x00000000fec00000-0x00000000fec00fff] persistent (type 12)
[    0.000000] user: [mem 0x00000000fec01000-0x00000000fedfffff] persistent (type 12)
[    0.000000] user: [mem 0x00000000fee00000-0x00000000fee00fff] persistent (type 12)
[    0.000000] user: [mem 0x00000000fee01000-0x00000000fffbffff] persistent (type 12)
[    0.000000] user: [mem 0x00000000fffc0000-0x00000000ffffffff] persistent (type 12)
[    0.000000] user: [mem 0x0000000100000000-0x000000017fffffff] persistent (type 12)
[    0.000000] user: [mem 0x0000000180000000-0x000000021fffffff] usable
[    0.000000] SMBIOS 2.5 present.
[    0.000000] DMI: innotek GmbH VirtualBox/VirtualBox, BIOS VirtualBox 12/01/2006
[    0.000000] Hypervisor detected: KVM
[    0.000000] e820: update [mem 0x00000000-0x00000fff] usable ==> reserved
[    0.000000] e820: remove [mem 0x000a0000-0x000fffff] usable
[    0.000000] e820: last_pfn = 0x220000 max_arch_pfn = 0x400000000
[    0.000000] MTRR default type: uncachable
[    0.000000] MTRR variable ranges disabled:
[    0.000000] x86/PAT: Configuration [0-7]: WB  WC  UC- UC  WB  WC  UC- WT  
[    0.000000] MTRR: Disabled
[    0.000000] CPU MTRRs all blank - virtualized system.
[    0.000000] e820: last_pfn = 0x100000 max_arch_pfn = 0x400000000
[    0.000000] found SMP MP-table at [mem 0x0009fff0-0x0009ffff] mapped at [ffff88000009fff0]
[    0.000000] Scanning 1 areas for low memory corruption
[    0.000000] Base memory trampoline at [ffff880000099000] 99000 size 24576
[    0.000000] init_memory_mapping: [mem 0x00000000-0x000fffff]
[    0.000000]  [mem 0x00000000-0x000fffff] page 4k
[    0.000000] BRK [0x01ffc000, 0x01ffcfff] PGTABLE
[    0.000000] BRK [0x01ffd000, 0x01ffdfff] PGTABLE
[    0.000000] BRK [0x01ffe000, 0x01ffefff] PGTABLE
[    0.000000] init_memory_mapping: [mem 0x21fe00000-0x21fffffff]
[    0.000000]  [mem 0x21fe00000-0x21fffffff] page 2M
[    0.000000] BRK [0x01fff000, 0x01ffffff] PGTABLE
[    0.000000] init_memory_mapping: [mem 0x200000000-0x21fdfffff]
[    0.000000]  [mem 0x200000000-0x21fdfffff] page 2M
[    0.000000] init_memory_mapping: [mem 0x00100000-0x7fffffff]
[    0.000000]  [mem 0x00100000-0x001fffff] page 4k
[    0.000000]  [mem 0x00200000-0x7fffffff] page 2M
[    0.000000] init_memory_mapping: [mem 0x180000000-0x1ffffffff]
[    0.000000]  [mem 0x180000000-0x1ffffffff] page 2M
[    0.000000] BRK [0x02000000, 0x02000fff] PGTABLE
[    0.000000] BRK [0x02001000, 0x02001fff] PGTABLE
[    0.000000] RAMDISK: [mem 0x33d64000-0x35ea9fff]
[    0.000000] ACPI: Early table checksum verification disabled
[    0.000000] ACPI: RSDP 0x00000000000E0000 000024 (v02 VBOX  )
[    0.000000] ACPI: XSDT 0x00000000DFFF0030 00003C (v01 VBOX   VBOXXSDT 00000001 ASL  00000061)
[    0.000000] ACPI: FACP 0x00000000DFFF00F0 0000F4 (v04 VBOX   VBOXFACP 00000001 ASL  00000061)
[    0.000000] ACPI: DSDT 0x00000000DFFF0470 00210F (v01 VBOX   VBOXBIOS 00000002 INTL 20100528)
[    0.000000] ACPI: FACS 0x00000000DFFF0200 000040
[    0.000000] ACPI: FACS 0x00000000DFFF0200 000040
[    0.000000] ACPI: APIC 0x00000000DFFF0240 000054 (v02 VBOX   VBOXAPIC 00000001 ASL  00000061)
[    0.000000] ACPI: SSDT 0x00000000DFFF02A0 0001CC (v01 VBOX   VBOXCPUT 00000002 INTL 20100528)
[    0.000000] ACPI: Local APIC address 0xfee00000
[    0.000000] No NUMA configuration found
[    0.000000] Faking a node at [mem 0x0000000000000000-0x000000021fffffff]
[    0.000000] NODE_DATA(0) allocated [mem 0x21fffa000-0x21fffefff]
[    0.000000] kvm-clock: Using msrs 4b564d01 and 4b564d00
[    0.000000] kvm-clock: cpu 0, msr 2:1fff2001, primary cpu clock
[    0.000000] clocksource: kvm-clock: mask: 0xffffffffffffffff max_cycles: 0x1cd42e4dffb, max_idle_ns: 881590591483 ns
[    0.000000]  [ffffea0000000000-ffffea00087fffff] PMD -> [ffff88021ae00000-ffff88021f5fffff] on node 0
[    0.000000] Zone ranges:
[    0.000000]   DMA      [mem 0x0000000000001000-0x0000000000ffffff]
[    0.000000]   DMA32    [mem 0x0000000001000000-0x00000000ffffffff]
[    0.000000]   Normal   [mem 0x0000000100000000-0x000000021fffffff]
[    0.000000] Movable zone start for each node
[    0.000000] Early memory node ranges
[    0.000000]   node   0: [mem 0x0000000000001000-0x000000000009efff]
[    0.000000]   node   0: [mem 0x0000000000100000-0x000000007fffffff]
[    0.000000]   node   0: [mem 0x0000000180000000-0x000000021fffffff]
[    0.000000] Initmem setup node 0 [mem 0x0000000000001000-0x000000021fffffff]
[    0.000000] On node 0 totalpages: 1179550
[    0.000000]   DMA zone: 64 pages used for memmap
[    0.000000]   DMA zone: 21 pages reserved
[    0.000000]   DMA zone: 3998 pages, LIFO batch:0
[    0.000000]   DMA32 zone: 8128 pages used for memmap
[    0.000000]   DMA32 zone: 520192 pages, LIFO batch:31
[    0.000000]   Normal zone: 10240 pages used for memmap
[    0.000000]   Normal zone: 655360 pages, LIFO batch:31
[    0.000000] ACPI: PM-Timer IO Port: 0x4008
[    0.000000] ACPI: Local APIC address 0xfee00000
[    0.000000] IOAPIC[0]: apic_id 1, version 32, address 0xfec00000, GSI 0-23
[    0.000000] ACPI: INT_SRC_OVR (bus 0 bus_irq 0 global_irq 2 dfl dfl)
[    0.000000] ACPI: INT_SRC_OVR (bus 0 bus_irq 9 global_irq 9 high level)
[    0.000000] ACPI: IRQ0 used by override.
[    0.000000] ACPI: IRQ9 used by override.
[    0.000000] Using ACPI (MADT) for SMP configuration information
[    0.000000] smpboot: Allowing 1 CPUs, 0 hotplug CPUs
[    0.000000] PM: Registered nosave memory: [mem 0x00000000-0x00000fff]
[    0.000000] PM: Registered nosave memory: [mem 0x0009f000-0x0009ffff]
[    0.000000] PM: Registered nosave memory: [mem 0x000a0000-0x000effff]
[    0.000000] PM: Registered nosave memory: [mem 0x000f0000-0x000fffff]
[    0.000000] PM: Registered nosave memory: [mem 0x80000000-0xdffeffff]
[    0.000000] PM: Registered nosave memory: [mem 0xdfff0000-0xdfffffff]
[    0.000000] PM: Registered nosave memory: [mem 0xe0000000-0xfebfffff]
[    0.000000] PM: Registered nosave memory: [mem 0xfec00000-0xfec00fff]
[    0.000000] PM: Registered nosave memory: [mem 0xfec01000-0xfedfffff]
[    0.000000] PM: Registered nosave memory: [mem 0xfee00000-0xfee00fff]
[    0.000000] PM: Registered nosave memory: [mem 0xfee01000-0xfffbffff]
[    0.000000] PM: Registered nosave memory: [mem 0xfffc0000-0xffffffff]
[    0.000000] PM: Registered nosave memory: [mem 0x100000000-0x17fffffff]
[    0.000000] e820: cannot find a gap in the 32bit address range
               e820: PCI devices with unassigned 32bit BARs may break!
[    0.000000] e820: [mem 0x220100000-0x2204fffff] available for PCI devices
[    0.000000] Booting paravirtualized kernel on KVM
[    0.000000] clocksource: refined-jiffies: mask: 0xffffffff max_cycles: 0xffffffff, max_idle_ns: 7645519600211568 ns
[    0.000000] setup_percpu: NR_CPUS:512 nr_cpumask_bits:512 nr_cpu_ids:1 nr_node_ids:1
[    0.000000] PERCPU: Embedded 33 pages/cpu @ffff88021fc00000 s97496 r8192 d29480 u2097152
[    0.000000] pcpu-alloc: s97496 r8192 d29480 u2097152 alloc=1*2097152
[    0.000000] pcpu-alloc: [0] 0 
[    0.000000] PV qspinlock hash table entries: 256 (order: 0, 4096 bytes)
[    0.000000] Built 1 zonelists in Node order, mobility grouping on.  Total pages: 1161097
[    0.000000] Policy zone: Normal
[    0.000000] Kernel command line: BOOT_IMAGE=/boot/vmlinuz-4.3.0 memmap=4G!2G root=UUID=8918101d-1281-40c7-aa75-72b85c4a0441 ro quiet splash
[    0.000000] PID hash table entries: 4096 (order: 3, 32768 bytes)
[    0.000000] Calgary: detecting Calgary via BIOS EBDA area
[    0.000000] Calgary: Unable to locate Rio Grande table in EBDA - bailing!
[    0.000000] Memory: 4527432K/4718200K available (8158K kernel code, 1248K rwdata, 3880K rodata, 1456K init, 1332K bss, 190768K reserved, 0K cma-reserved)
[    0.000000] SLUB: HWalign=64, Order=0-3, MinObjects=0, CPUs=1, Nodes=1
[    0.000000] Hierarchical RCU implementation.
[    0.000000] 	Build-time adjustment of leaf fanout to 64.
[    0.000000] 	RCU restricting CPUs from NR_CPUS=512 to nr_cpu_ids=1.
[    0.000000] RCU: Adjusting geometry for rcu_fanout_leaf=64, nr_cpu_ids=1
[    0.000000] NR_IRQS:33024 nr_irqs:256 16
[    0.000000] Console: colour VGA+ 80x25
[    0.000000] console [tty0] enabled
[    0.000000] tsc: Detected 3591.704 MHz processor
[    4.915251] Calibrating delay loop (skipped) preset value.. 7183.40 BogoMIPS (lpj=14366816)
[    4.915253] pid_max: default: 32768 minimum: 301
[    4.915257] ACPI: Core revision 20150818
[    4.915917] ACPI: 2 ACPI AML tables successfully acquired and loaded
[    4.915928] Security Framework initialized
[    4.915929] Yama: becoming mindful.
[    4.915935] AppArmor: AppArmor initialized
[    4.917197] Dentry cache hash table entries: 1048576 (order: 11, 8388608 bytes)
[    4.921591] Inode-cache hash table entries: 524288 (order: 10, 4194304 bytes)
[    4.923177] Mount-cache hash table entries: 16384 (order: 5, 131072 bytes)
[    4.923184] Mountpoint-cache hash table entries: 16384 (order: 5, 131072 bytes)
[    4.923314] Initializing cgroup subsys io
[    4.923317] Initializing cgroup subsys memory
[    4.923321] Initializing cgroup subsys devices
[    4.923322] Initializing cgroup subsys freezer
[    4.923324] Initializing cgroup subsys net_cls
[    4.923325] Initializing cgroup subsys perf_event
[    4.923326] Initializing cgroup subsys net_prio
[    4.923327] Initializing cgroup subsys hugetlb
[    4.923330] Initializing cgroup subsys pids
[    4.923384] CPU: Physical Processor ID: 0
[    4.924150] mce: CPU supports 0 MCE banks
[    4.924167] process: using mwait in idle threads
[    4.924171] Last level iTLB entries: 4KB 1024, 2MB 1024, 4MB 1024
[    4.924171] Last level dTLB entries: 4KB 1024, 2MB 1024, 4MB 1024, 1GB 4
[    4.933725] Freeing SMP alternatives memory: 28K (ffffffff81ea6000 - ffffffff81ead000)
[    4.939581] ftrace: allocating 31208 entries in 122 pages
[    4.969272] x2apic enabled
[    4.969428] Switched APIC routing to physical x2apic.
[    4.970287] ..TIMER: vector=0x30 apic1=0 pin1=2 apic2=-1 pin2=-1
[    5.075276] smpboot: CPU0: Intel(R) Core(TM) i7-4790 CPU @ 3.60GHz (family: 0x6, model: 0x3c, stepping: 0x3)
[    5.075303] Performance Events: unsupported p6 CPU model 60 no PMU driver, software events only.
[    5.075310] KVM setup paravirtual spinlock
[    5.075755] x86: Booted up 1 node, 1 CPUs
[    5.075757] smpboot: Total of 1 processors activated (7183.40 BogoMIPS)
[    5.076794] devtmpfs: initialized
[    5.077942] evm: security.selinux
[    5.077943] evm: security.SMACK64
[    5.077943] evm: security.SMACK64EXEC
[    5.077944] evm: security.SMACK64TRANSMUTE
[    5.077944] evm: security.SMACK64MMAP
[    5.077945] evm: security.ima
[    5.077945] evm: security.capability
[    5.078019] clocksource: jiffies: mask: 0xffffffff max_cycles: 0xffffffff, max_idle_ns: 7645041785100000 ns
[    5.078063] pinctrl core: initialized pinctrl subsystem
[    5.078137] RTC time:  4:51:54, date: 12/27/17
[    5.078217] NET: Registered protocol family 16
[    5.078332] cpuidle: using governor ladder
[    5.078333] cpuidle: using governor menu
[    5.078335] PCCT header not found.
[    5.078376] ACPI: bus type PCI registered
[    5.078377] acpiphp: ACPI Hot Plug PCI Controller Driver version: 0.5
[    5.078443] PCI: Using configuration type 1 for base access
[    5.079178] ACPI: Added _OSI(Module Device)
[    5.079180] ACPI: Added _OSI(Processor Device)
[    5.079180] ACPI: Added _OSI(3.0 _SCP Extensions)
[    5.079181] ACPI: Added _OSI(Processor Aggregator Device)
[    5.079587] ACPI: Executed 1 blocks of module-level executable AML code
[    5.080766] ACPI: Interpreter enabled
[    5.080770] ACPI Exception: AE_NOT_FOUND, While evaluating Sleep State [\_S1_] (20150818/hwxface-580)
[    5.080772] ACPI Exception: AE_NOT_FOUND, While evaluating Sleep State [\_S2_] (20150818/hwxface-580)
[    5.080773] ACPI Exception: AE_NOT_FOUND, While evaluating Sleep State [\_S3_] (20150818/hwxface-580)
[    5.080775] ACPI Exception: AE_NOT_FOUND, While evaluating Sleep State [\_S4_] (20150818/hwxface-580)
[    5.080778] ACPI: (supports S0 S5)
[    5.080779] ACPI: Using IOAPIC for interrupt routing
[    5.080871] PCI: Using host bridge windows from ACPI; if necessary, use "pci=nocrs" and report a bug
[    5.083107] ACPI: PCI Root Bridge [PCI0] (domain 0000 [bus 00-ff])
[    5.083111] acpi PNP0A03:00: _OSC: OS supports [ASPM ClockPM Segments MSI]
[    5.083114] acpi PNP0A03:00: _OSC failed (AE_NOT_FOUND); disabling ASPM
[    5.083144] acpi PNP0A03:00: fail to add MMCONFIG information, can't access extended PCI configuration space under this bridge.
[    5.083312] PCI host bridge to bus 0000:00
[    5.083314] pci_bus 0000:00: root bus resource [bus 00-ff]
[    5.083315] pci_bus 0000:00: root bus resource [io  0x0000-0x0cf7 window]
[    5.083316] pci_bus 0000:00: root bus resource [io  0x0d00-0xffff window]
[    5.083317] pci_bus 0000:00: root bus resource [mem 0x000a0000-0x000bffff window]
[    5.083318] pci_bus 0000:00: root bus resource [mem 0xe0000000-0xffdfffff window]
[    5.083344] pci 0000:00:00.0: [8086:1237] type 00 class 0x060000
[    5.083671] pci 0000:00:01.0: [8086:7000] type 00 class 0x060100
[    5.084076] pci 0000:00:01.1: [8086:7111] type 00 class 0x01018a
[    5.084384] pci 0000:00:01.1: reg 0x20: [io  0xd000-0xd00f]
[    5.084490] pci 0000:00:01.1: legacy IDE quirk: reg 0x10: [io  0x01f0-0x01f7]
[    5.084491] pci 0000:00:01.1: legacy IDE quirk: reg 0x14: [io  0x03f6]
[    5.084491] pci 0000:00:01.1: legacy IDE quirk: reg 0x18: [io  0x0170-0x0177]
[    5.084492] pci 0000:00:01.1: legacy IDE quirk: reg 0x1c: [io  0x0376]
[    5.084615] pci 0000:00:02.0: [80ee:beef] type 00 class 0x030000
[    5.088779] pci 0000:00:02.0: reg 0x10: [mem 0xe0000000-0xe0ffffff pref]
[    5.116429] pci 0000:00:03.0: [8086:100e] type 00 class 0x020000
[    5.120807] pci 0000:00:03.0: reg 0x10: [mem 0xf0000000-0xf001ffff]
[    5.129332] pci 0000:00:03.0: reg 0x18: [io  0xd010-0xd017]
[    5.147562] pci 0000:00:04.0: [80ee:cafe] type 00 class 0x088000
[    5.151991] pci 0000:00:04.0: reg 0x10: [io  0xd020-0xd03f]
[    5.156124] pci 0000:00:04.0: reg 0x14: [mem 0xf0400000-0xf07fffff]
[    5.160484] pci 0000:00:04.0: reg 0x18: [mem 0xf0800000-0xf0803fff pref]
[    5.177654] pci 0000:00:05.0: [8086:2415] type 00 class 0x040100
[    5.177729] pci 0000:00:05.0: reg 0x10: [io  0xd100-0xd1ff]
[    5.177773] pci 0000:00:05.0: reg 0x14: [io  0xd200-0xd23f]
[    5.178117] pci 0000:00:06.0: [106b:003f] type 00 class 0x0c0310
[    5.182496] pci 0000:00:06.0: reg 0x10: [mem 0xf0804000-0xf0804fff]
[    5.209425] pci 0000:00:07.0: [8086:7113] type 00 class 0x068000
[    5.209750] pci 0000:00:07.0: quirk: [io  0x4000-0x403f] claimed by PIIX4 ACPI
[    5.209758] pci 0000:00:07.0: quirk: [io  0x4100-0x410f] claimed by PIIX4 SMB
[    5.209931] pci 0000:00:0b.0: [8086:265c] type 00 class 0x0c0320
[    5.215417] pci 0000:00:0b.0: reg 0x10: [mem 0xf0805000-0xf0805fff]
[    5.242574] pci 0000:00:0d.0: [8086:2829] type 00 class 0x010601
[    5.247527] pci 0000:00:0d.0: reg 0x10: [io  0xd240-0xd247]
[    5.256370] pci 0000:00:0d.0: reg 0x18: [io  0xd250-0xd257]
[    5.265788] pci 0000:00:0d.0: reg 0x20: [io  0xd260-0xd26f]
[    5.270276] pci 0000:00:0d.0: reg 0x24: [mem 0xf0806000-0xf0807fff]
[    5.275762] ACPI: PCI Interrupt Link [LNKA] (IRQs 5 9 10 *11)
[    5.275924] ACPI: PCI Interrupt Link [LNKB] (IRQs 5 9 10 *11)
[    5.275986] ACPI: PCI Interrupt Link [LNKC] (IRQs 5 9 *10 11)
[    5.276051] ACPI: PCI Interrupt Link [LNKD] (IRQs 5 *9 10 11)
[    5.276133] ACPI: Enabled 2 GPEs in block 00 to 07
[    5.276225] vgaarb: setting as boot device: PCI:0000:00:02.0
[    5.276227] vgaarb: device added: PCI:0000:00:02.0,decodes=io+mem,owns=io+mem,locks=none
[    5.276229] vgaarb: loaded
[    5.276230] vgaarb: bridge control possible 0000:00:02.0
[    5.276383] SCSI subsystem initialized
[    5.276412] libata version 3.00 loaded.
[    5.276427] ACPI: bus type USB registered
[    5.276437] usbcore: registered new interface driver usbfs
[    5.276442] usbcore: registered new interface driver hub
[    5.276447] usbcore: registered new device driver usb
[    5.276516] PCI: Using ACPI for IRQ routing
[    5.276517] PCI: pci_cache_line_size set to 64 bytes
[    5.276646] Expanded resource Persistent Memory (legacy) due to conflict with PCI Bus 0000:00
[    5.276647] e820: reserve RAM buffer [mem 0x0009fc00-0x0009ffff]
[    5.276724] NetLabel: Initializing
[    5.276725] NetLabel:  domain hash size = 128
[    5.276725] NetLabel:  protocols = UNLABELED CIPSOv4
[    5.276733] NetLabel:  unlabeled traffic allowed by default
[    5.276800] clocksource: Switched to clocksource kvm-clock
[    5.282428] AppArmor: AppArmor Filesystem Enabled
[    5.282462] pnp: PnP ACPI init
[    5.282497] pnp 00:00: Plug and Play ACPI device, IDs PNP0303 (active)
[    5.282540] pnp 00:01: Plug and Play ACPI device, IDs PNP0f03 (active)
[    5.282949] pnp: PnP ACPI: found 2 devices
[    5.288081] clocksource: acpi_pm: mask: 0xffffff max_cycles: 0xffffff, max_idle_ns: 2085701024 ns
[    5.288090] pci_bus 0000:00: resource 4 [io  0x0000-0x0cf7 window]
[    5.288091] pci_bus 0000:00: resource 5 [io  0x0d00-0xffff window]
[    5.288092] pci_bus 0000:00: resource 6 [mem 0x000a0000-0x000bffff window]
[    5.288093] pci_bus 0000:00: resource 7 [mem 0xe0000000-0xffdfffff window]
[    5.288113] NET: Registered protocol family 2
[    5.288210] TCP established hash table entries: 65536 (order: 7, 524288 bytes)
[    5.289216] TCP bind hash table entries: 65536 (order: 8, 1048576 bytes)
[    5.289371] TCP: Hash tables configured (established 65536 bind 65536)
[    5.289389] UDP hash table entries: 4096 (order: 5, 131072 bytes)
[    5.289414] UDP-Lite hash table entries: 4096 (order: 5, 131072 bytes)
[    5.289456] NET: Registered protocol family 1
[    5.289463] pci 0000:00:00.0: Limiting direct PCI/PCI transfers
[    5.289508] pci 0000:00:01.0: Activating ISA DMA hang workarounds
[    5.289528] pci 0000:00:02.0: Video device with shadowed ROM
[    5.289773] PCI: CLS 0 bytes, default 64
[    5.289802] Trying to unpack rootfs image as initramfs...
[    5.659360] Freeing initrd memory: 34072K (ffff880033d64000 - ffff880035eaa000)
[    5.659392] PCI-DMA: Using software bounce buffering for IO (SWIOTLB)
[    5.659394] software IO TLB [mem 0x7c000000-0x80000000] (64MB) mapped at [ffff88007c000000-ffff88007fffffff]
[    5.659451] platform rtc_cmos: registered platform RTC device (no PNP device found)
[    5.659463] RAPL PMU detected, API unit is 2^-32 Joules, 4 fixed counters 10737418240 ms ovfl timer
[    5.659464] hw unit of domain pp0-core 2^-0 Joules
[    5.659465] hw unit of domain package 2^-0 Joules
[    5.659465] hw unit of domain dram 2^-0 Joules
[    5.659466] hw unit of domain pp1-gpu 2^-0 Joules
[    5.659489] microcode: CPU0 sig=0x306c3, pf=0x40, revision=0x0
[    5.659526] microcode: Microcode Update Driver: v2.00 <tigran@aivazian.fsnet.co.uk>, Peter Oruba
[    5.659549] Scanning for low memory corruption every 60 seconds
[    5.659704] futex hash table entries: 256 (order: 2, 16384 bytes)
[    5.659719] audit: initializing netlink subsys (disabled)
[    5.659728] audit: type=2000 audit(1514350321.181:1): initialized
[    5.659869] Initialise system trusted keyring
[    5.659916] HugeTLB registered 2 MB page size, pre-allocated 0 pages
[    5.660782] zbud: loaded
[    5.660895] VFS: Disk quotas dquot_6.6.0
[    5.660913] VFS: Dquot-cache hash table entries: 512 (order 0, 4096 bytes)
[    5.661136] squashfs: version 4.0 (2009/01/31) Phillip Lougher
[    5.661243] fuse init (API version 7.23)
[    5.661310] Key type big_key registered
[    5.661662] Key type asymmetric registered
[    5.661664] Asymmetric key parser 'x509' registered
[    5.661672] Block layer SCSI generic (bsg) driver version 0.4 loaded (major 249)
[    5.661683] io scheduler noop registered
[    5.661684] io scheduler deadline registered (default)
[    5.663399] io scheduler cfq registered
[    5.663446] pci_hotplug: PCI Hot Plug PCI Core version: 0.5
[    5.663450] pciehp: PCI Express Hot Plug Controller Driver version: 0.4
[    5.663541] ACPI: AC Adapter [AC] (on-line)
[    5.663573] input: Power Button as /devices/LNXSYSTM:00/LNXPWRBN:00/input/input0
[    5.663575] ACPI: Power Button [PWRF]
[    5.663617] input: Sleep Button as /devices/LNXSYSTM:00/LNXSLPBN:00/input/input1
[    5.663619] ACPI: Sleep Button [SLPF]
[    5.663701] GHES: HEST is not enabled!
[    5.663753] Serial: 8250/16550 driver, 32 ports, IRQ sharing enabled
[    5.664382] Linux agpgart interface v0.103
[    5.666887] brd: module loaded
[    5.667289] loop: module loaded
[    5.667394] ata_piix 0000:00:01.1: version 2.13
[    5.667703] nd_pmem namespace0.0: unable to guarantee persistence of writes
[    5.669340] pmem0: detected capacity change from 0 to 1610547200
[    5.669381] nd_pmem namespace2.0: unable to guarantee persistence of writes
[    5.669383] nd_pmem namespace2.0: could not reserve region [0x0x00000000e0000000:0x1ffc0000]
[    5.669384] nd_pmem: probe of namespace2.0 failed with error -16
[    5.669418] nd_pmem namespace4.0: unable to guarantee persistence of writes
[    5.671226] pmem4: detected capacity change from 0 to 2147483648
[    5.671233] scsi host0: ata_piix
[    5.671273] scsi host1: ata_piix
[    5.671291] ata1: PATA max UDMA/33 cmd 0x1f0 ctl 0x3f6 bmdma 0xd000 irq 14
[    5.671292] ata2: PATA max UDMA/33 cmd 0x170 ctl 0x376 bmdma 0xd008 irq 15
[    5.671343] libphy: Fixed MDIO Bus: probed
[    5.671345] tun: Universal TUN/TAP device driver, 1.6
[    5.671346] tun: (C) 1999-2004 Max Krasnyansky <maxk@qualcomm.com>
[    5.671559] PPP generic driver version 2.4.2
[    5.671609] ehci_hcd: USB 2.0 'Enhanced' Host Controller (EHCI) Driver
[    5.671612] ehci-pci: EHCI PCI platform driver
[    5.672074] ehci-pci 0000:00:0b.0: EHCI Host Controller
[    5.672079] ehci-pci 0000:00:0b.0: new USB bus registered, assigned bus number 1
[    5.672208] ehci-pci 0000:00:0b.0: irq 19, io mem 0xf0805000
[    5.681550] ehci-pci 0000:00:0b.0: USB 2.0 started, EHCI 1.00
[    5.681590] usb usb1: New USB device found, idVendor=1d6b, idProduct=0002
[    5.681591] usb usb1: New USB device strings: Mfr=3, Product=2, SerialNumber=1
[    5.681592] usb usb1: Product: EHCI Host Controller
[    5.681593] usb usb1: Manufacturer: Linux 4.3.0 ehci_hcd
[    5.681594] usb usb1: SerialNumber: 0000:00:0b.0
[    5.681658] hub 1-0:1.0: USB hub found
[    5.681661] hub 1-0:1.0: 12 ports detected
[    5.681793] ehci-platform: EHCI generic platform driver
[    5.681802] ohci_hcd: USB 1.1 'Open' Host Controller (OHCI) Driver
[    5.681805] ohci-pci: OHCI PCI platform driver
[    5.682099] ohci-pci 0000:00:06.0: OHCI PCI host controller
[    5.682102] ohci-pci 0000:00:06.0: new USB bus registered, assigned bus number 2
[    5.682142] ohci-pci 0000:00:06.0: irq 22, io mem 0xf0804000
[    5.737841] usb usb2: New USB device found, idVendor=1d6b, idProduct=0001
[    5.737843] usb usb2: New USB device strings: Mfr=3, Product=2, SerialNumber=1
[    5.737844] usb usb2: Product: OHCI PCI host controller
[    5.737845] usb usb2: Manufacturer: Linux 4.3.0 ohci_hcd
[    5.737846] usb usb2: SerialNumber: 0000:00:06.0
[    5.737907] hub 2-0:1.0: USB hub found
[    5.737915] hub 2-0:1.0: 12 ports detected
[    5.738131] ohci-platform: OHCI generic platform driver
[    5.738139] uhci_hcd: USB Universal Host Controller Interface driver
[    5.738170] i8042: PNP: PS/2 Controller [PNP0303:PS2K,PNP0f03:PS2M] at 0x60,0x64 irq 1,12
[    5.738555] serio: i8042 KBD port at 0x60,0x64 irq 1
[    5.738558] serio: i8042 AUX port at 0x60,0x64 irq 12
[    5.738622] mousedev: PS/2 mouse device common for all mice
[    5.738801] input: AT Translated Set 2 keyboard as /devices/platform/i8042/serio0/input/input2
[    5.739030] rtc_cmos rtc_cmos: rtc core: registered rtc_cmos as rtc0
[    5.739065] rtc_cmos rtc_cmos: alarms up to one day, 114 bytes nvram
[    5.739069] i2c /dev entries driver
[    5.739101] device-mapper: uevent: version 1.0.3
[    5.739134] device-mapper: ioctl: 4.33.0-ioctl (2015-8-18) initialised: dm-devel@redhat.com
[    5.739146] ledtrig-cpu: registered to indicate activity on CPUs
[    5.739335] NET: Registered protocol family 10
[    5.739421] NET: Registered protocol family 17
[    5.739428] Key type dns_resolver registered
[    5.739553] registered taskstats version 1
[    5.739568] Loading compiled-in X.509 certificates
[    5.740036] Loaded X.509 cert 'Build time autogenerated kernel key: 0759ca4de3f7631372cabbbeea3b24c381c013ce'
[    5.740047] zswap: loaded using pool lzo/zbud
[    5.740991] Key type trusted registered
[    5.742555] Key type encrypted registered
[    5.742560] AppArmor: AppArmor sha1 policy hashing enabled
[    5.742563] ima: No TPM chip found, activating TPM-bypass!
[    5.742574] evm: HMAC attrs: 0x1
[    5.742778]   Magic number: 13:826:869
[    5.742831] rtc_cmos rtc_cmos: setting system clock to 2017-12-27 04:51:54 UTC (1514350314)
[    5.742865] BIOS EDD facility v0.16 2004-Jun-25, 0 devices found
[    5.742865] EDD information not available.
[    5.742893] PM: Hibernation image not present or could not be loaded.
[    5.825551] ata2.00: ATAPI: VBOX CD-ROM, 1.0, max UDMA/133
[    5.825818] ata2.00: configured for UDMA/33
[    5.826187] scsi 1:0:0:0: CD-ROM            VBOX     CD-ROM           1.0  PQ: 0 ANSI: 5
[    5.833523] sr 1:0:0:0: [sr0] scsi3-mmc drive: 32x/32x xa/form2 tray
[    5.833525] cdrom: Uniform CD-ROM driver Revision: 3.20
[    5.833591] sr 1:0:0:0: Attached scsi CD-ROM sr0
[    5.833726] sr 1:0:0:0: Attached scsi generic sg0 type 5
[    5.833939] Freeing unused kernel memory: 1456K (ffffffff81d3a000 - ffffffff81ea6000)
[    5.833940] Write protecting the kernel read-only data: 12288k
[    5.834030] Freeing unused kernel memory: 20K (ffff8800017fb000 - ffff880001800000)
[    5.834089] Freeing unused kernel memory: 216K (ffff880001bca000 - ffff880001c00000)
[    5.839363] random: udevadm urandom read with 1 bits of entropy available
[    5.863152] e1000: Intel(R) PRO/1000 Network Driver - version 7.3.21-k8-NAPI
[    5.863154] e1000: Copyright (c) 1999-2006 Intel Corporation.
[    5.865900] ACPI: Video Device [GFX0] (multi-head: yes  rom: no  post: no)
[    5.865942] input: Video Bus as /devices/LNXSYSTM:00/LNXSYBUS:00/PNP0A03:00/LNXVIDEO:00/input/input4
[    5.867432] FUJITSU Extended Socket Network Device Driver - version 1.0 - Copyright (c) 2015 FUJITSU LIMITED
[    6.161744] input: ImExPS/2 Generic Explorer Mouse as /devices/platform/i8042/serio1/input/input5
[    6.200230] e1000 0000:00:03.0 eth0: (PCI:33MHz:32-bit) 08:00:27:7d:c1:92
[    6.200234] e1000 0000:00:03.0 eth0: Intel(R) PRO/1000 Network Connection
[    6.200540] ahci 0000:00:0d.0: version 3.0
[    6.200605] ahci 0000:00:0d.0: SSS flag set, parallel bus scan disabled
[    6.200697] ahci 0000:00:0d.0: AHCI 0001.0100 32 slots 1 ports 3 Gbps 0x1 impl SATA mode
[    6.200699] ahci 0000:00:0d.0: flags: 64bit ncq stag only ccc 
[    6.201426] e1000 0000:00:03.0 enp0s3: renamed from eth0
[    6.202006] scsi host2: ahci
[    6.202047] ata3: SATA max UDMA/133 abar m8192@0xf0806000 port 0xf0806100 irq 21
[    6.373746] usb 2-1: new full-speed USB device number 2 using ohci-pci
[    6.521383] ata3: SATA link up 3.0 Gbps (SStatus 123 SControl 300)
[    6.521477] ata3.00: ATA-6: VBOX HARDDISK, 1.0, max UDMA/133
[    6.521478] ata3.00: 268435456 sectors, multi 128: LBA48 NCQ (depth 31/32)
[    6.521607] ata3.00: configured for UDMA/133
[    6.521677] scsi 2:0:0:0: Direct-Access     ATA      VBOX HARDDISK    1.0  PQ: 0 ANSI: 5
[    6.521920] sd 2:0:0:0: [sda] 268435456 512-byte logical blocks: (137 GB/128 GiB)
[    6.521932] sd 2:0:0:0: [sda] Write Protect is off
[    6.521934] sd 2:0:0:0: [sda] Mode Sense: 00 3a 00 00
[    6.521939] sd 2:0:0:0: [sda] Write cache: enabled, read cache: enabled, doesn't support DPO or FUA
[    6.522037] sd 2:0:0:0: Attached scsi generic sg1 type 0
[    6.523473]  sda: sda1 sda2 < sda5 >
[    6.523593] sd 2:0:0:0: [sda] Attached SCSI disk
[    6.655344] usb 2-1: New USB device found, idVendor=80ee, idProduct=0021
[    6.655346] usb 2-1: New USB device strings: Mfr=1, Product=3, SerialNumber=0
[    6.655347] usb 2-1: Product: USB Tablet
[    6.655348] usb 2-1: Manufacturer: VirtualBox
[    6.657293] tsc: Refined TSC clocksource calibration: 3590.082 MHz
[    6.657296] clocksource: tsc: mask: 0xffffffffffffffff max_cycles: 0x33bfba6a3c9, max_idle_ns: 440795263233 ns
[    6.663740] hidraw: raw HID events driver (C) Jiri Kosina
[    6.679003] usbcore: registered new interface driver usbhid
[    6.679005] usbhid: USB HID core driver
[    6.685657] input: VirtualBox USB Tablet as /devices/pci0000:00/0000:00:06.0/usb2/2-1/2-1:1.0/0003:80EE:0021.0001/input/input6
[    6.685824] hid-generic 0003:80EE:0021.0001: input,hidraw0: USB HID v1.10 Mouse [VirtualBox USB Tablet] on usb-0000:00:06.0-1/input0
[    9.184884] floppy0: no floppy controllers found
[    9.184918] work still pending
[   10.795495] random: nonblocking pool is initialized
[   11.159635] EXT4-fs (sda1): mounted filesystem with ordered data mode. Opts: (null)
[   12.825814] systemd[1]: systemd 229 running in system mode. (+PAM +AUDIT +SELINUX +IMA +APPARMOR +SMACK +SYSVINIT +UTMP +LIBCRYPTSETUP +GCRYPT +GNUTLS +ACL +XZ -LZ4 +SECCOMP +BLKID +ELFUTILS +KMOD -IDN)
[   12.825836] systemd[1]: Detected virtualization oracle.
[   12.825838] systemd[1]: Detected architecture x86-64.
[   12.840779] systemd[1]: Set hostname to <cxdir-VirtualBox>.
[   14.331231] systemd[1]: Started Forward Password Requests to Wall Directory Watch.
[   14.331267] systemd[1]: Listening on Journal Socket.
[   14.331286] systemd[1]: Listening on Journal Socket (/dev/log).
[   14.331291] systemd[1]: Reached target Remote File Systems (Pre).
[   14.331304] systemd[1]: Listening on /dev/initctl Compatibility Named Pipe.
[   14.331309] systemd[1]: Reached target User and Group Name Lookups.
[   14.331379] systemd[1]: Set up automount Arbitrary Executable File Formats File System Automount Point.
[   14.331386] systemd[1]: Reached target Remote File Systems.
[   14.331434] systemd[1]: Listening on Journal Audit Socket.
[   14.331448] systemd[1]: Listening on udev Kernel Socket.
[   14.331461] systemd[1]: Listening on fsck to fsckd communication Socket.
[   14.331474] systemd[1]: Listening on udev Control Socket.
[   14.331485] systemd[1]: Listening on Syslog Socket.
[   14.331535] systemd[1]: Created slice User and Session Slice.
[   14.331566] systemd[1]: Created slice System Slice.
[   14.340359] systemd[1]: Starting Set console keymap...
[   14.340595] systemd[1]: Started Braille Device Support.
[   14.341707] systemd[1]: Mounting Huge Pages File System...
[   14.353555] systemd[1]: Starting Load Kernel Modules...
[   14.353783] systemd[1]: Starting Uncomplicated firewall...
[   14.353792] systemd[1]: Reached target Slices.
[   14.354060] systemd[1]: Mounting Debug File System...
[   14.354329] systemd[1]: Starting Journal Service...
[   14.354551] systemd[1]: Mounting POSIX Message Queue File System...
[   14.355000] systemd[1]: Starting Create list of required static device nodes for the current kernel...
[   14.355008] systemd[1]: Reached target Encrypted Volumes.
[   14.542908] systemd[1]: Started Uncomplicated firewall.
[   14.594686] systemd[1]: Started Create list of required static device nodes for the current kernel.
[   14.595010] systemd[1]: Starting Create Static Device Nodes in /dev...
[   15.309886] systemd[1]: Mounted POSIX Message Queue File System.
[   15.309908] systemd[1]: Mounted Debug File System.
[   15.310347] systemd[1]: Mounted Huge Pages File System.
[   15.464861] systemd[1]: Started Journal Service.
[   15.473491] lp: driver loaded but no devices found
[   15.523624] ppdev: user-space parallel port driver
[   16.295558] EXT4-fs (sda1): re-mounted. Opts: errors=remount-ro
[   16.655044] systemd-journald[233]: Received request to flush runtime journal from PID 1
[   16.827793] piix4_smbus 0000:00:07.0: SMBus Host Controller at 0x4100, revision 0
[   17.301948] vboxguest: module verification failed: signature and/or required key missing - tainting kernel
[   17.304656] vgdrvHeartbeatInit: Setting up heartbeat to trigger every 2000 milliseconds
[   17.305150] input: Unspecified device as /devices/pci0000:00/0000:00:04.0/input/input7
[   17.306157] vboxguest: misc device minor 56, IRQ 20, I/O port d020, MMIO at 00000000f0400000 (size 0x400000)
[   17.306158] vboxguest: Successfully loaded version 5.1.14 (interface 0x00010004)
[   17.536666] [drm] Initialized drm 1.1.0 20060810
[   17.778357] [drm] VRAM 01000000
[   17.778652] [TTM] Zone  kernel: Available graphics memory: 2281612 kiB
[   17.778653] [TTM] Zone   dma32: Available graphics memory: 2097152 kiB
[   17.778654] [TTM] Initializing pool allocator
[   17.778656] [TTM] Initializing DMA pool allocator
[   17.779418] fbcon: vboxdrmfb (fb0) is primary device
[   17.785522] Console: switching to colour frame buffer device 100x37
[   17.786273] vboxvideo 0000:00:02.0: fb0: vboxdrmfb frame buffer device
[   17.786276] [drm] Initialized vboxvideo 1.0.0 20130823 for 0000:00:02.0 on minor 0
[   18.047963] AVX version of gcm_enc/dec engaged.
[   18.047965] AES CTR mode by8 optimization enabled
[   18.322557] snd_intel8x0 0000:00:05.0: disable (unknown or VT-d) VM optimization
[   18.508391] intel_rapl: no valid rapl domains found in package 0
[   18.589540] snd_intel8x0 0000:00:05.0: white list rate for 1028:0177 is 48000
[   19.693521] audit: type=1400 audit(1514350328.448:2): apparmor="STATUS" operation="profile_load" name="/usr/lib/lightdm/lightdm-guest-session" pid=515 comm="apparmor_parser"
[   19.693525] audit: type=1400 audit(1514350328.448:3): apparmor="STATUS" operation="profile_load" name="chromium" pid=515 comm="apparmor_parser"
[   19.898169] Adding 8386556k swap on /dev/sda5.  Priority:-1 extents:1 across:8386556k FS
[   19.900445] audit: type=1400 audit(1514350328.652:4): apparmor="STATUS" operation="profile_load" name="/sbin/dhclient" pid=650 comm="apparmor_parser"
[   19.900449] audit: type=1400 audit(1514350328.652:5): apparmor="STATUS" operation="profile_load" name="/usr/lib/NetworkManager/nm-dhcp-client.action" pid=650 comm="apparmor_parser"
[   19.900451] audit: type=1400 audit(1514350328.652:6): apparmor="STATUS" operation="profile_load" name="/usr/lib/NetworkManager/nm-dhcp-helper" pid=650 comm="apparmor_parser"
[   19.900453] audit: type=1400 audit(1514350328.652:7): apparmor="STATUS" operation="profile_load" name="/usr/lib/connman/scripts/dhclient-script" pid=650 comm="apparmor_parser"
[   20.081829] floppy0: no floppy controllers found
[   20.396301] audit: type=1400 audit(1514350329.148:8): apparmor="STATUS" operation="profile_load" name="/usr/bin/evince" pid=656 comm="apparmor_parser"
[   20.396305] audit: type=1400 audit(1514350329.148:9): apparmor="STATUS" operation="profile_load" name="sanitized_helper" pid=656 comm="apparmor_parser"
[   20.396307] audit: type=1400 audit(1514350329.148:10): apparmor="STATUS" operation="profile_load" name="/usr/bin/evince-previewer" pid=656 comm="apparmor_parser"
[   20.396309] audit: type=1400 audit(1514350329.148:11): apparmor="STATUS" operation="profile_load" name="sanitized_helper" pid=656 comm="apparmor_parser"
[   23.929047] vboxsf: Successfully loaded version 5.1.14 (interface 0x00010004)
[   28.509590] VBoxService 5.1.14 r112924 (verbosity: 0) linux.amd64 (Jan 16 2017 17:38:46) release log
               00:00:00.000068 main     Log opened 2017-12-27T04:52:17.266708000Z
[   28.509625] 00:00:00.000132 main     OS Product: Linux
[   28.509640] 00:00:00.000153 main     OS Release: 4.3.0
[   28.509654] 00:00:00.000167 main     OS Version: #2 SMP Fri Sep 8 20:52:18 CST 2017
[   28.509673] 00:00:00.000182 main     Executable: /opt/VBoxGuestAdditions-5.1.14/sbin/VBoxService
               00:00:00.000182 main     Process ID: 994
               00:00:00.000183 main     Package type: LINUX_64BITS_GENERIC
[   28.510302] 00:00:00.000807 main     5.1.14 r112924 started. Verbose level = 0
[   28.789322] IPv6: ADDRCONF(NETDEV_UP): enp0s3: link is not ready
[   28.790508] IPv6: ADDRCONF(NETDEV_UP): enp0s3: link is not ready
[   28.793264] e1000: enp0s3 NIC Link is Up 1000 Mbps Full Duplex, Flow Control: RX
[   28.793494] IPv6: ADDRCONF(NETDEV_CHANGE): enp0s3: link becomes ready
[ 1131.293938] nova: dafs init nova_fs
[ 1131.293941] nova: init_nova_fs: 1 cpus online
[ 1131.293943] nova: Arch new instructions support: PCOMMIT NO, CLWB NO
[ 1131.295230] nova: dafs register file sytem nova
[ 1131.295235] nova: dafs end init_fs
[ 1131.370690] nova: dafs start to mount
[ 1131.370702] nova: nova_get_block_info: dev pmem0, phys_addr 0x80000000, virt_addr ffffc90040000000, size 1610547200
[ 1131.370709] nova: start init radix tree
[ 1131.370710] nova: finish init radix tree
[ 1131.370711] nova: start nova init
[ 1131.370711] nova: creating an empty nova of size 1610547200
[ 1131.370712] nova: nova: Default block size set to 4K
[ 1131.370714] nova: dafs init dzt block
[ 1131.370715] nova: dafs_get dzt blk
[ 1131.370716] nova: dzt alloc 1 dzt blocks from 4 to 4
[ 1131.370717] nova: dafs_init_dzt_block: allocate log @ 0x4
[ 1131.370718] nova: dafs get hard journal
[ 1131.370719] nova: nova_lite_journal_hard_init: allocate log @ 0x5
[ 1131.370720] nova: dafs get soft journal
[ 1131.370721] nova: nice journal initialize head 20480, tail 20480
[ 1131.370721] nova: dafs get inode table
[ 1131.376607] nova: nova_init_inode_table: allocate log @ 0x6
[ 1131.376609] nova: nova_init_inode_table:inode table log head is 24576
[ 1131.376611] nova: Allocate root inode
[ 1131.376612] nova: dafs_get dzt blk
[ 1131.376613] nova: dafs allocate hash table
[ 1131.376640] nova: get_hash_table: allocate zone @ 0x206
[ 1131.376641] nova: dafs allocate zone blocks
[ 1131.376694] nova: Zone 0, alloc 1 zone blocks from 582 to 582
[ 1131.376694] nova: dafs_alloc_dir_zone: allocate zone @ 0x246
[ 1131.376696] nova: dafs make dzt pointer
[ 1131.376696] nova: dafs_get dzt blk
[ 1131.376697] nova: dafs finish make dzt bitmap pointer
[ 1131.376697] nova: dafs start build dzt
[ 1131.376698] nova: dafs finish build dzt_e
[ 1131.376699] nova: dafs start init dir zones
[ 1131.376699] nova: root ze addr is 2383872
[ 1131.376700] nova: the root dir hashname is 47
[ 1131.376700] nova: test root hash name is 47
[ 1131.376700] nova: dafs finish creat root directory
[ 1131.376701] nova: dafs record pos in hash table address is 2121728
[ 1131.376702] nova: dafs finish recording pos in hash table
[ 1131.376703] nova: dafs_append_dir_init_entries start ino is 1, par_ino is 1
[ 1131.376704] nova: dafs record pos in hash table address is 2121728
[ 1131.376704] nova: dafs finish recording pos in hash table
[ 1131.376705] nova: dafs_append_dir_init_entries . pos is 1
[ 1131.376706] nova: dafs record pos in hash table address is 2121728
[ 1131.376706] nova: dafs finish recording pos in hash table
[ 1131.376707] nova: dafs_append_dir_init_entries .. pos is 2
[ 1131.376707] nova: dafs finish init dir zones
[ 1131.376708] nova: init_dir_info start
[ 1131.376725] nova: init_dir_info end
[ 1131.376725] nova: dafs finish nova_init
[ 1131.376726] nova: dafs start setting sb
[ 1131.376726] nova: dafs end setting sb
[ 1131.376727] nova: nova_iget:dafs start iget
[ 1131.376734] nova: nova_iget: inode 1
[ 1131.376734] nova: nova_iget: pi_addr is 0x1024
[ 1131.376735] nova: nova_rebuild_inode:dafs start to rebuild inode
[ 1131.376736] nova: nova_rebuild_inode s_ifdir
[ 1131.376737] nova: sucessfully get inode
[ 1131.376738] nova: root_dentry name is /
[ 1131.376738] nova: dafs end fill super
[ 1131.376739] nova: dafs finish mount
[ 1131.380251] nova: dafs_lookup:dafs start lookup .Trash 
[ 1131.380253] nova: dafs_lookup: .Trash
[ 1131.380254] nova: dafs_inode_by_name:dafs start to inode by name
[ 1131.380255] nova: dafs_find_direntry dentry name is .Trash
[ 1131.380256] nova: mount point is:/ cur dentry .Trash par dentry /
[ 1131.380256] nova: get_dentry_path buf is /.Trash
[ 1131.380257] nova: get_dentry_path ful ph is /.Trash
[ 1131.380258] nova: dafs_find_direntry ph is /.Trash
[ 1131.380258] nova: find_dzt start
[ 1131.380259] nova: find_dzt ph is /.Trash tem is /.Trash
[ 1131.380260] nova: dafs finish finding dzt:0, zone addr 0x2383872
[ 1131.380260] nova: dafs_find_direntry phn is /
[ 1131.380261] nova: dafs_find_direntry dentry full name is /.Trash
[ 1131.380262] nova: lookup_in_hashtable start
[ 1131.380262] nova: lookup_in_hashtable:not find pos
[ 1131.380263] nova: dafs finish lookup in hash table
[ 1131.380263] nova: not found dentry in nvm
[ 1131.380263] nova: dafs_find_direntry:dafs finish find direntry
[ 1131.380264] nova: dafs_lookup: look up get ino 0
[ 1131.380265] nova: dafs_lookup:dafs finish lookup 0
[ 1131.380274] nova: dafs_lookup:dafs start lookup .Trash-1000 
[ 1131.380274] nova: dafs_lookup: .Trash-1000
[ 1131.380275] nova: dafs_inode_by_name:dafs start to inode by name
[ 1131.380275] nova: dafs_find_direntry dentry name is .Trash-1000
[ 1131.380276] nova: mount point is:/ cur dentry .Trash-1000 par dentry /
[ 1131.380277] nova: get_dentry_path buf is /.Trash-1000
[ 1131.380277] nova: get_dentry_path ful ph is /.Trash-1000
[ 1131.380278] nova: dafs_find_direntry ph is /.Trash-1000
[ 1131.380278] nova: find_dzt start
[ 1131.380279] nova: find_dzt ph is /.Trash-1000 tem is /.Trash-1000
[ 1131.380279] nova: dafs finish finding dzt:0, zone addr 0x2383872
[ 1131.380280] nova: dafs_find_direntry phn is /
[ 1131.380280] nova: dafs_find_direntry dentry full name is /.Trash-1000
[ 1131.380281] nova: lookup_in_hashtable start
[ 1131.380281] nova: lookup_in_hashtable:not find pos
[ 1131.380282] nova: dafs finish lookup in hash table
[ 1131.380282] nova: not found dentry in nvm
[ 1131.380282] nova: dafs_find_direntry:dafs finish find direntry
[ 1131.380283] nova: dafs_lookup: look up get ino 0
[ 1131.380283] nova: dafs_lookup:dafs finish lookup 0
[ 1146.923010] nova: dafs_lookup:dafs start lookup 1 
[ 1146.923012] nova: dafs_lookup: 1
[ 1146.923014] nova: dafs_inode_by_name:dafs start to inode by name
[ 1146.923015] nova: dafs_find_direntry dentry name is 1
[ 1146.923016] nova: mount point is:/ cur dentry 1 par dentry /
[ 1146.923017] nova: get_dentry_path buf is /1
[ 1146.923017] nova: get_dentry_path ful ph is /1
[ 1146.923018] nova: dafs_find_direntry ph is /1
[ 1146.923019] nova: find_dzt start
[ 1146.923020] nova: find_dzt ph is /1 tem is /1
[ 1146.923021] nova: dafs finish finding dzt:0, zone addr 0x2383872
[ 1146.923021] nova: dafs_find_direntry phn is /
[ 1146.923022] nova: dafs_find_direntry dentry full name is /1
[ 1146.923023] nova: lookup_in_hashtable start
[ 1146.923023] nova: lookup_in_hashtable:not find pos
[ 1146.923024] nova: dafs finish lookup in hash table
[ 1146.923024] nova: not found dentry in nvm
[ 1146.923025] nova: dafs_find_direntry:dafs finish find direntry
[ 1146.923025] nova: dafs_lookup: look up get ino 0
[ 1146.923026] nova: dafs_lookup:dafs finish lookup 0
[ 1146.923028] nova: dafs_mkdir:dafs start to mkdir
[ 1146.923028] nova: dafs start make ino
[ 1146.923029] nova: nova_get_inode_address:dafs get inode addr
[ 1146.923030] nova: nova_get_inode_address:dbg blk_type is 6, dafs_bits is 0
[ 1146.923031] nova: nova_get_inode_address:dbg ino is16,internal_ino is 16, num cpus is 1
[ 1146.923031] nova: dafs get inode table
[ 1146.923032] nova: nova_get_inode_address:inode_table log head is 24576
[ 1146.923032] nova: nova_get_inode_address:index is 16, supercount is 0
[ 1146.923033] nova: nova_get_inode_address:inode table addr is 24576
[ 1146.923033] nova: nova_get_inode_address:dafs finish find inode at 26624
[ 1146.923034] nova: mount point is:/ cur dentry 1 par dentry /
[ 1146.923035] nova: get_dentry_path buf is /1
[ 1146.923035] nova: get_dentry_path ful ph is /1
[ 1146.923036] nova: find_dzt start
[ 1146.923036] nova: find_dzt ph is /1 tem is /1
[ 1146.923037] nova: dafs finish finding dzt:0, zone addr 0x2383872
[ 1146.923038] nova: dafs_add_dentry full name is /1, name len is 2
[ 1146.923038] nova: inode addr is 1024
[ 1146.923039] nova: dentry /1 hashname is 6206
[ 1146.923040] nova: dafs record pos in hash table address is 2121728
[ 1146.923040] nova: dafs finish recording pos in hash table
[ 1146.923041] nova: dafs_add_dentry:temlen is 1, zone num is 0
[ 1146.923042] nova: dafs_add_dentry:par is root hash 47
[ 1146.923042] nova: dafs_add_dentry:sub num is 3
[ 1146.923044] nova: dafs_append_dir_init_entries start ino is 16, par_ino is 1
[ 1146.923045] nova: dafs record pos in hash table address is 2121728
[ 1146.923045] nova: dafs finish recording pos in hash table
[ 1146.923046] nova: dafs_append_dir_init_entries . pos is 4
[ 1146.923047] nova: dafs record pos in hash table address is 2121728
[ 1146.923047] nova: dafs finish recording pos in hash table
[ 1146.923048] nova: dafs_append_dir_init_entries .. pos is 5
[ 1146.923048] nova: dafs_add_dentry:dafs finish add dentry, ino 16, parent name /
[ 1146.923049] nova: dafs start make new vfs inode
[ 1146.923050] nova: inode addr is 1024
[ 1146.923052] nova: dafs end making inode
[ 1146.923052] nova: inode addr is 26624
[ 1146.923053] nova: inode addr is 1024
[ 1146.923053] nova: test bug
