[    0.000000] Initializing cgroup subsys cpuset
[    0.000000] Initializing cgroup subsys cpu
[    0.000000] Initializing cgroup subsys cpuacct
[    0.000000] Linux version 4.3.0 (root@cxdir-VirtualBox) (gcc version 5.4.0 20160609 (Ubuntu 5.4.0-6ubuntu1~16.04.4) ) #2 SMP Fri Sep 8 20:52:18 CST 2017
[    0.000000] Command line: BOOT_IMAGE=/boot/vmlinuz-4.3.0 memmap=4G!2G root=UUID=8918101d-1281-40c7-aa75-72b85c4a0441 ro quiet splash
[    0.000000] KERNEL supported cpus:
[    0.000000]   Intel GenuineIntel
[    0.000000]   AMD AuthenticAMD
[    0.000000]   Centaur CentaurHauls
[    0.000000] x86/fpu: xstate_offset[2]: 0240, xstate_sizes[2]: 0100
[    0.000000] x86/fpu: Supporting XSAVE feature 0x01: 'x87 floating point registers'
[    0.000000] x86/fpu: Supporting XSAVE feature 0x02: 'SSE registers'
[    0.000000] x86/fpu: Supporting XSAVE feature 0x04: 'AVX registers'
[    0.000000] x86/fpu: Enabled xstate features 0x7, context size is 0x340 bytes, using 'standard' format.
[    0.000000] x86/fpu: Using 'lazy' FPU context switches.
[    0.000000] e820: BIOS-provided physical RAM map:
[    0.000000] BIOS-e820: [mem 0x0000000000000000-0x000000000009fbff] usable
[    0.000000] BIOS-e820: [mem 0x000000000009fc00-0x000000000009ffff] reserved
[    0.000000] BIOS-e820: [mem 0x00000000000f0000-0x00000000000fffff] reserved
[    0.000000] BIOS-e820: [mem 0x0000000000100000-0x00000000dffeffff] usable
[    0.000000] BIOS-e820: [mem 0x00000000dfff0000-0x00000000dfffffff] ACPI data
[    0.000000] BIOS-e820: [mem 0x00000000fec00000-0x00000000fec00fff] reserved
[    0.000000] BIOS-e820: [mem 0x00000000fee00000-0x00000000fee00fff] reserved
[    0.000000] BIOS-e820: [mem 0x00000000fffc0000-0x00000000ffffffff] reserved
[    0.000000] BIOS-e820: [mem 0x0000000100000000-0x000000021fffffff] usable
[    0.000000] NX (Execute Disable) protection: active
[    0.000000] e820: user-defined physical RAM map:
[    0.000000] user: [mem 0x0000000000000000-0x000000000009fbff] usable
[    0.000000] user: [mem 0x000000000009fc00-0x000000000009ffff] reserved
[    0.000000] user: [mem 0x00000000000f0000-0x00000000000fffff] reserved
[    0.000000] user: [mem 0x0000000000100000-0x000000007fffffff] usable
[    0.000000] user: [mem 0x0000000080000000-0x00000000dffeffff] persistent (type 12)
[    0.000000] user: [mem 0x00000000dfff0000-0x00000000dfffffff] persistent (type 12)
[    0.000000] user: [mem 0x00000000e0000000-0x00000000febfffff] persistent (type 12)
[    0.000000] user: [mem 0x00000000fec00000-0x00000000fec00fff] persistent (type 12)
[    0.000000] user: [mem 0x00000000fec01000-0x00000000fedfffff] persistent (type 12)
[    0.000000] user: [mem 0x00000000fee00000-0x00000000fee00fff] persistent (type 12)
[    0.000000] user: [mem 0x00000000fee01000-0x00000000fffbffff] persistent (type 12)
[    0.000000] user: [mem 0x00000000fffc0000-0x00000000ffffffff] persistent (type 12)
[    0.000000] user: [mem 0x0000000100000000-0x000000017fffffff] persistent (type 12)
[    0.000000] user: [mem 0x0000000180000000-0x000000021fffffff] usable
[    0.000000] SMBIOS 2.5 present.
[    0.000000] DMI: innotek GmbH VirtualBox/VirtualBox, BIOS VirtualBox 12/01/2006
[    0.000000] Hypervisor detected: KVM
[    0.000000] e820: update [mem 0x00000000-0x00000fff] usable ==> reserved
[    0.000000] e820: remove [mem 0x000a0000-0x000fffff] usable
[    0.000000] e820: last_pfn = 0x220000 max_arch_pfn = 0x400000000
[    0.000000] MTRR default type: uncachable
[    0.000000] MTRR variable ranges disabled:
[    0.000000] x86/PAT: Configuration [0-7]: WB  WC  UC- UC  WB  WC  UC- WT  
[    0.000000] MTRR: Disabled
[    0.000000] CPU MTRRs all blank - virtualized system.
[    0.000000] e820: last_pfn = 0x100000 max_arch_pfn = 0x400000000
[    0.000000] found SMP MP-table at [mem 0x0009fff0-0x0009ffff] mapped at [ffff88000009fff0]
[    0.000000] Scanning 1 areas for low memory corruption
[    0.000000] Base memory trampoline at [ffff880000099000] 99000 size 24576
[    0.000000] init_memory_mapping: [mem 0x00000000-0x000fffff]
[    0.000000]  [mem 0x00000000-0x000fffff] page 4k
[    0.000000] BRK [0x01ffc000, 0x01ffcfff] PGTABLE
[    0.000000] BRK [0x01ffd000, 0x01ffdfff] PGTABLE
[    0.000000] BRK [0x01ffe000, 0x01ffefff] PGTABLE
[    0.000000] init_memory_mapping: [mem 0x21fe00000-0x21fffffff]
[    0.000000]  [mem 0x21fe00000-0x21fffffff] page 2M
[    0.000000] BRK [0x01fff000, 0x01ffffff] PGTABLE
[    0.000000] init_memory_mapping: [mem 0x200000000-0x21fdfffff]
[    0.000000]  [mem 0x200000000-0x21fdfffff] page 2M
[    0.000000] init_memory_mapping: [mem 0x00100000-0x7fffffff]
[    0.000000]  [mem 0x00100000-0x001fffff] page 4k
[    0.000000]  [mem 0x00200000-0x7fffffff] page 2M
[    0.000000] init_memory_mapping: [mem 0x180000000-0x1ffffffff]
[    0.000000]  [mem 0x180000000-0x1ffffffff] page 2M
[    0.000000] BRK [0x02000000, 0x02000fff] PGTABLE
[    0.000000] BRK [0x02001000, 0x02001fff] PGTABLE
[    0.000000] RAMDISK: [mem 0x33d64000-0x35ea9fff]
[    0.000000] ACPI: Early table checksum verification disabled
[    0.000000] ACPI: RSDP 0x00000000000E0000 000024 (v02 VBOX  )
[    0.000000] ACPI: XSDT 0x00000000DFFF0030 00003C (v01 VBOX   VBOXXSDT 00000001 ASL  00000061)
[    0.000000] ACPI: FACP 0x00000000DFFF00F0 0000F4 (v04 VBOX   VBOXFACP 00000001 ASL  00000061)
[    0.000000] ACPI: DSDT 0x00000000DFFF0470 00210F (v01 VBOX   VBOXBIOS 00000002 INTL 20100528)
[    0.000000] ACPI: FACS 0x00000000DFFF0200 000040
[    0.000000] ACPI: FACS 0x00000000DFFF0200 000040
[    0.000000] ACPI: APIC 0x00000000DFFF0240 000054 (v02 VBOX   VBOXAPIC 00000001 ASL  00000061)
[    0.000000] ACPI: SSDT 0x00000000DFFF02A0 0001CC (v01 VBOX   VBOXCPUT 00000002 INTL 20100528)
[    0.000000] ACPI: Local APIC address 0xfee00000
[    0.000000] No NUMA configuration found
[    0.000000] Faking a node at [mem 0x0000000000000000-0x000000021fffffff]
[    0.000000] NODE_DATA(0) allocated [mem 0x21fffa000-0x21fffefff]
[    0.000000] kvm-clock: Using msrs 4b564d01 and 4b564d00
[    0.000000] kvm-clock: cpu 0, msr 2:1fff2001, primary cpu clock
[    0.000000] clocksource: kvm-clock: mask: 0xffffffffffffffff max_cycles: 0x1cd42e4dffb, max_idle_ns: 881590591483 ns
[    0.000000]  [ffffea0000000000-ffffea00087fffff] PMD -> [ffff88021ae00000-ffff88021f5fffff] on node 0
[    0.000000] Zone ranges:
[    0.000000]   DMA      [mem 0x0000000000001000-0x0000000000ffffff]
[    0.000000]   DMA32    [mem 0x0000000001000000-0x00000000ffffffff]
[    0.000000]   Normal   [mem 0x0000000100000000-0x000000021fffffff]
[    0.000000] Movable zone start for each node
[    0.000000] Early memory node ranges
[    0.000000]   node   0: [mem 0x0000000000001000-0x000000000009efff]
[    0.000000]   node   0: [mem 0x0000000000100000-0x000000007fffffff]
[    0.000000]   node   0: [mem 0x0000000180000000-0x000000021fffffff]
[    0.000000] Initmem setup node 0 [mem 0x0000000000001000-0x000000021fffffff]
[    0.000000] On node 0 totalpages: 1179550
[    0.000000]   DMA zone: 64 pages used for memmap
[    0.000000]   DMA zone: 21 pages reserved
[    0.000000]   DMA zone: 3998 pages, LIFO batch:0
[    0.000000]   DMA32 zone: 8128 pages used for memmap
[    0.000000]   DMA32 zone: 520192 pages, LIFO batch:31
[    0.000000]   Normal zone: 10240 pages used for memmap
[    0.000000]   Normal zone: 655360 pages, LIFO batch:31
[    0.000000] ACPI: PM-Timer IO Port: 0x4008
[    0.000000] ACPI: Local APIC address 0xfee00000
[    0.000000] IOAPIC[0]: apic_id 1, version 32, address 0xfec00000, GSI 0-23
[    0.000000] ACPI: INT_SRC_OVR (bus 0 bus_irq 0 global_irq 2 dfl dfl)
[    0.000000] ACPI: INT_SRC_OVR (bus 0 bus_irq 9 global_irq 9 high level)
[    0.000000] ACPI: IRQ0 used by override.
[    0.000000] ACPI: IRQ9 used by override.
[    0.000000] Using ACPI (MADT) for SMP configuration information
[    0.000000] smpboot: Allowing 1 CPUs, 0 hotplug CPUs
[    0.000000] PM: Registered nosave memory: [mem 0x00000000-0x00000fff]
[    0.000000] PM: Registered nosave memory: [mem 0x0009f000-0x0009ffff]
[    0.000000] PM: Registered nosave memory: [mem 0x000a0000-0x000effff]
[    0.000000] PM: Registered nosave memory: [mem 0x000f0000-0x000fffff]
[    0.000000] PM: Registered nosave memory: [mem 0x80000000-0xdffeffff]
[    0.000000] PM: Registered nosave memory: [mem 0xdfff0000-0xdfffffff]
[    0.000000] PM: Registered nosave memory: [mem 0xe0000000-0xfebfffff]
[    0.000000] PM: Registered nosave memory: [mem 0xfec00000-0xfec00fff]
[    0.000000] PM: Registered nosave memory: [mem 0xfec01000-0xfedfffff]
[    0.000000] PM: Registered nosave memory: [mem 0xfee00000-0xfee00fff]
[    0.000000] PM: Registered nosave memory: [mem 0xfee01000-0xfffbffff]
[    0.000000] PM: Registered nosave memory: [mem 0xfffc0000-0xffffffff]
[    0.000000] PM: Registered nosave memory: [mem 0x100000000-0x17fffffff]
[    0.000000] e820: cannot find a gap in the 32bit address range
               e820: PCI devices with unassigned 32bit BARs may break!
[    0.000000] e820: [mem 0x220100000-0x2204fffff] available for PCI devices
[    0.000000] Booting paravirtualized kernel on KVM
[    0.000000] clocksource: refined-jiffies: mask: 0xffffffff max_cycles: 0xffffffff, max_idle_ns: 7645519600211568 ns
[    0.000000] setup_percpu: NR_CPUS:512 nr_cpumask_bits:512 nr_cpu_ids:1 nr_node_ids:1
[    0.000000] PERCPU: Embedded 33 pages/cpu @ffff88021fc00000 s97496 r8192 d29480 u2097152
[    0.000000] pcpu-alloc: s97496 r8192 d29480 u2097152 alloc=1*2097152
[    0.000000] pcpu-alloc: [0] 0 
[    0.000000] PV qspinlock hash table entries: 256 (order: 0, 4096 bytes)
[    0.000000] Built 1 zonelists in Node order, mobility grouping on.  Total pages: 1161097
[    0.000000] Policy zone: Normal
[    0.000000] Kernel command line: BOOT_IMAGE=/boot/vmlinuz-4.3.0 memmap=4G!2G root=UUID=8918101d-1281-40c7-aa75-72b85c4a0441 ro quiet splash
[    0.000000] PID hash table entries: 4096 (order: 3, 32768 bytes)
[    0.000000] Calgary: detecting Calgary via BIOS EBDA area
[    0.000000] Calgary: Unable to locate Rio Grande table in EBDA - bailing!
[    0.000000] Memory: 4527432K/4718200K available (8158K kernel code, 1248K rwdata, 3880K rodata, 1456K init, 1332K bss, 190768K reserved, 0K cma-reserved)
[    0.000000] SLUB: HWalign=64, Order=0-3, MinObjects=0, CPUs=1, Nodes=1
[    0.000000] Hierarchical RCU implementation.
[    0.000000] 	Build-time adjustment of leaf fanout to 64.
[    0.000000] 	RCU restricting CPUs from NR_CPUS=512 to nr_cpu_ids=1.
[    0.000000] RCU: Adjusting geometry for rcu_fanout_leaf=64, nr_cpu_ids=1
[    0.000000] NR_IRQS:33024 nr_irqs:256 16
[    0.000000] Console: colour VGA+ 80x25
[    0.000000] console [tty0] enabled
[    0.000000] tsc: Detected 3591.704 MHz processor
[14955.023366] Calibrating delay loop (skipped) preset value.. 7183.40 BogoMIPS (lpj=14366816)
[14955.023368] pid_max: default: 32768 minimum: 301
[14955.023373] ACPI: Core revision 20150818
[14955.024097] ACPI: 2 ACPI AML tables successfully acquired and loaded
[14955.024111] Security Framework initialized
[14955.024112] Yama: becoming mindful.
[14955.024118] AppArmor: AppArmor initialized
[14955.024461] Dentry cache hash table entries: 1048576 (order: 11, 8388608 bytes)
[14955.025874] Inode-cache hash table entries: 524288 (order: 10, 4194304 bytes)
[14955.026662] Mount-cache hash table entries: 16384 (order: 5, 131072 bytes)
[14955.026671] Mountpoint-cache hash table entries: 16384 (order: 5, 131072 bytes)
[14955.026883] Initializing cgroup subsys io
[14955.026886] Initializing cgroup subsys memory
[14955.026891] Initializing cgroup subsys devices
[14955.026892] Initializing cgroup subsys freezer
[14955.026894] Initializing cgroup subsys net_cls
[14955.026896] Initializing cgroup subsys perf_event
[14955.026897] Initializing cgroup subsys net_prio
[14955.026899] Initializing cgroup subsys hugetlb
[14955.026901] Initializing cgroup subsys pids
[14955.026963] CPU: Physical Processor ID: 0
[14955.027847] mce: CPU supports 0 MCE banks
[14955.027866] process: using mwait in idle threads
[14955.027871] Last level iTLB entries: 4KB 1024, 2MB 1024, 4MB 1024
[14955.027872] Last level dTLB entries: 4KB 1024, 2MB 1024, 4MB 1024, 1GB 4
[14955.039940] Freeing SMP alternatives memory: 28K (ffffffff81ea6000 - ffffffff81ead000)
[14955.048255] ftrace: allocating 31208 entries in 122 pages
[14955.082640] x2apic enabled
[14955.082805] Switched APIC routing to physical x2apic.
[14955.083647] ..TIMER: vector=0x30 apic1=0 pin1=2 apic2=-1 pin2=-1
[14955.188093] smpboot: CPU0: Intel(R) Core(TM) i7-4790 CPU @ 3.60GHz (family: 0x6, model: 0x3c, stepping: 0x3)
[14955.188122] Performance Events: unsupported p6 CPU model 60 no PMU driver, software events only.
[14955.188130] KVM setup paravirtual spinlock
[14955.188628] x86: Booted up 1 node, 1 CPUs
[14955.188630] smpboot: Total of 1 processors activated (7183.40 BogoMIPS)
[14955.188831] devtmpfs: initialized
[14955.190020] evm: security.selinux
[14955.190021] evm: security.SMACK64
[14955.190021] evm: security.SMACK64EXEC
[14955.190031] evm: security.SMACK64TRANSMUTE
[14955.190032] evm: security.SMACK64MMAP
[14955.190033] evm: security.ima
[14955.190033] evm: security.capability
[14955.190108] clocksource: jiffies: mask: 0xffffffff max_cycles: 0xffffffff, max_idle_ns: 7645041785100000 ns
[14955.190151] pinctrl core: initialized pinctrl subsystem
[14955.190225] RTC time: 12:36:00, date: 12/15/17
[14955.190305] NET: Registered protocol family 16
[14955.190406] cpuidle: using governor ladder
[14955.190407] cpuidle: using governor menu
[14955.190409] PCCT header not found.
[14955.190448] ACPI: bus type PCI registered
[14955.190450] acpiphp: ACPI Hot Plug PCI Controller Driver version: 0.5
[14955.190518] PCI: Using configuration type 1 for base access
[14955.191294] ACPI: Added _OSI(Module Device)
[14955.191296] ACPI: Added _OSI(Processor Device)
[14955.191296] ACPI: Added _OSI(3.0 _SCP Extensions)
[14955.191297] ACPI: Added _OSI(Processor Aggregator Device)
[14955.191698] ACPI: Executed 1 blocks of module-level executable AML code
[14955.192947] ACPI: Interpreter enabled
[14955.192951] ACPI Exception: AE_NOT_FOUND, While evaluating Sleep State [\_S1_] (20150818/hwxface-580)
[14955.192953] ACPI Exception: AE_NOT_FOUND, While evaluating Sleep State [\_S2_] (20150818/hwxface-580)
[14955.192955] ACPI Exception: AE_NOT_FOUND, While evaluating Sleep State [\_S3_] (20150818/hwxface-580)
[14955.192957] ACPI Exception: AE_NOT_FOUND, While evaluating Sleep State [\_S4_] (20150818/hwxface-580)
[14955.192960] ACPI: (supports S0 S5)
[14955.192961] ACPI: Using IOAPIC for interrupt routing
[14955.193071] PCI: Using host bridge windows from ACPI; if necessary, use "pci=nocrs" and report a bug
[14955.195430] ACPI: PCI Root Bridge [PCI0] (domain 0000 [bus 00-ff])
[14955.195434] acpi PNP0A03:00: _OSC: OS supports [ASPM ClockPM Segments MSI]
[14955.195437] acpi PNP0A03:00: _OSC failed (AE_NOT_FOUND); disabling ASPM
[14955.195469] acpi PNP0A03:00: fail to add MMCONFIG information, can't access extended PCI configuration space under this bridge.
[14955.195635] PCI host bridge to bus 0000:00
[14955.195637] pci_bus 0000:00: root bus resource [bus 00-ff]
[14955.195639] pci_bus 0000:00: root bus resource [io  0x0000-0x0cf7 window]
[14955.195640] pci_bus 0000:00: root bus resource [io  0x0d00-0xffff window]
[14955.195641] pci_bus 0000:00: root bus resource [mem 0x000a0000-0x000bffff window]
[14955.195642] pci_bus 0000:00: root bus resource [mem 0xe0000000-0xffdfffff window]
[14955.195669] pci 0000:00:00.0: [8086:1237] type 00 class 0x060000
[14955.196008] pci 0000:00:01.0: [8086:7000] type 00 class 0x060100
[14955.196432] pci 0000:00:01.1: [8086:7111] type 00 class 0x01018a
[14955.196703] pci 0000:00:01.1: reg 0x20: [io  0xd000-0xd00f]
[14955.196810] pci 0000:00:01.1: legacy IDE quirk: reg 0x10: [io  0x01f0-0x01f7]
[14955.196811] pci 0000:00:01.1: legacy IDE quirk: reg 0x14: [io  0x03f6]
[14955.196812] pci 0000:00:01.1: legacy IDE quirk: reg 0x18: [io  0x0170-0x0177]
[14955.196813] pci 0000:00:01.1: legacy IDE quirk: reg 0x1c: [io  0x0376]
[14955.196939] pci 0000:00:02.0: [80ee:beef] type 00 class 0x030000
[14955.201516] pci 0000:00:02.0: reg 0x10: [mem 0xe0000000-0xe0ffffff pref]
[14955.231010] pci 0000:00:03.0: [8086:100e] type 00 class 0x020000
[14955.236378] pci 0000:00:03.0: reg 0x10: [mem 0xf0000000-0xf001ffff]
[14955.247500] pci 0000:00:03.0: reg 0x18: [io  0xd010-0xd017]
[14955.267628] pci 0000:00:04.0: [80ee:cafe] type 00 class 0x088000
[14955.272647] pci 0000:00:04.0: reg 0x10: [io  0xd020-0xd03f]
[14955.277662] pci 0000:00:04.0: reg 0x14: [mem 0xf0400000-0xf07fffff]
[14955.282762] pci 0000:00:04.0: reg 0x18: [mem 0xf0800000-0xf0803fff pref]
[14955.302934] pci 0000:00:05.0: [8086:2415] type 00 class 0x040100
[14955.303046] pci 0000:00:05.0: reg 0x10: [io  0xd100-0xd1ff]
[14955.303127] pci 0000:00:05.0: reg 0x14: [io  0xd200-0xd23f]
[14955.303688] pci 0000:00:06.0: [106b:003f] type 00 class 0x0c0310
[14955.308485] pci 0000:00:06.0: reg 0x10: [mem 0xf0804000-0xf0804fff]
[14955.336753] pci 0000:00:07.0: [8086:7113] type 00 class 0x068000
[14955.337088] pci 0000:00:07.0: quirk: [io  0x4000-0x403f] claimed by PIIX4 ACPI
[14955.337096] pci 0000:00:07.0: quirk: [io  0x4100-0x410f] claimed by PIIX4 SMB
[14955.337279] pci 0000:00:0b.0: [8086:265c] type 00 class 0x0c0320
[14955.341622] pci 0000:00:0b.0: reg 0x10: [mem 0xf0805000-0xf0805fff]
[14955.369235] pci 0000:00:0d.0: [8086:2829] type 00 class 0x010601
[14955.373877] pci 0000:00:0d.0: reg 0x10: [io  0xd240-0xd247]
[14955.382936] pci 0000:00:0d.0: reg 0x18: [io  0xd250-0xd257]
[14955.391913] pci 0000:00:0d.0: reg 0x20: [io  0xd260-0xd26f]
[14955.396459] pci 0000:00:0d.0: reg 0x24: [mem 0xf0806000-0xf0807fff]
[14955.402303] ACPI: PCI Interrupt Link [LNKA] (IRQs 5 9 10 *11)
[14955.402522] ACPI: PCI Interrupt Link [LNKB] (IRQs 5 9 10 *11)
[14955.402606] ACPI: PCI Interrupt Link [LNKC] (IRQs 5 9 *10 11)
[14955.402696] ACPI: PCI Interrupt Link [LNKD] (IRQs 5 *9 10 11)
[14955.402813] ACPI: Enabled 2 GPEs in block 00 to 07
[14955.402938] vgaarb: setting as boot device: PCI:0000:00:02.0
[14955.402941] vgaarb: device added: PCI:0000:00:02.0,decodes=io+mem,owns=io+mem,locks=none
[14955.402943] vgaarb: loaded
[14955.402944] vgaarb: bridge control possible 0000:00:02.0
[14955.403185] SCSI subsystem initialized
[14955.403225] libata version 3.00 loaded.
[14955.403248] ACPI: bus type USB registered
[14955.403263] usbcore: registered new interface driver usbfs
[14955.403271] usbcore: registered new interface driver hub
[14955.403280] usbcore: registered new device driver usb
[14955.403378] PCI: Using ACPI for IRQ routing
[14955.403380] PCI: pci_cache_line_size set to 64 bytes
[14955.403567] Expanded resource Persistent Memory (legacy) due to conflict with PCI Bus 0000:00
[14955.403569] e820: reserve RAM buffer [mem 0x0009fc00-0x0009ffff]
[14955.403688] NetLabel: Initializing
[14955.403690] NetLabel:  domain hash size = 128
[14955.403691] NetLabel:  protocols = UNLABELED CIPSOv4
[14955.403702] NetLabel:  unlabeled traffic allowed by default
[14955.403776] clocksource: Switched to clocksource kvm-clock
[14955.409889] AppArmor: AppArmor Filesystem Enabled
[14955.409952] pnp: PnP ACPI init
[14955.410019] pnp 00:00: Plug and Play ACPI device, IDs PNP0303 (active)
[14955.410084] pnp 00:01: Plug and Play ACPI device, IDs PNP0f03 (active)
[14955.410667] pnp: PnP ACPI: found 2 devices
[14955.416358] clocksource: acpi_pm: mask: 0xffffff max_cycles: 0xffffff, max_idle_ns: 2085701024 ns
[14955.416373] pci_bus 0000:00: resource 4 [io  0x0000-0x0cf7 window]
[14955.416375] pci_bus 0000:00: resource 5 [io  0x0d00-0xffff window]
[14955.416377] pci_bus 0000:00: resource 6 [mem 0x000a0000-0x000bffff window]
[14955.416378] pci_bus 0000:00: resource 7 [mem 0xe0000000-0xffdfffff window]
[14955.416408] NET: Registered protocol family 2
[14955.416555] TCP established hash table entries: 65536 (order: 7, 524288 bytes)
[14955.416703] TCP bind hash table entries: 65536 (order: 8, 1048576 bytes)
[14955.416842] TCP: Hash tables configured (established 65536 bind 65536)
[14955.416862] UDP hash table entries: 4096 (order: 5, 131072 bytes)
[14955.416887] UDP-Lite hash table entries: 4096 (order: 5, 131072 bytes)
[14955.416930] NET: Registered protocol family 1
[14955.416941] pci 0000:00:00.0: Limiting direct PCI/PCI transfers
[14955.416971] pci 0000:00:01.0: Activating ISA DMA hang workarounds
[14955.416996] pci 0000:00:02.0: Video device with shadowed ROM
[14955.417278] PCI: CLS 64 bytes, default 64
[14955.417321] Trying to unpack rootfs image as initramfs...
[14955.818367] Freeing initrd memory: 34072K (ffff880033d64000 - ffff880035eaa000)
[14955.818389] PCI-DMA: Using software bounce buffering for IO (SWIOTLB)
[14955.818391] software IO TLB [mem 0x7c000000-0x80000000] (64MB) mapped at [ffff88007c000000-ffff88007fffffff]
[14955.818451] platform rtc_cmos: registered platform RTC device (no PNP device found)
[14955.818462] RAPL PMU detected, API unit is 2^-32 Joules, 4 fixed counters 10737418240 ms ovfl timer
[14955.818463] hw unit of domain pp0-core 2^-0 Joules
[14955.818464] hw unit of domain package 2^-0 Joules
[14955.818464] hw unit of domain dram 2^-0 Joules
[14955.818465] hw unit of domain pp1-gpu 2^-0 Joules
[14955.818497] microcode: CPU0 sig=0x306c3, pf=0x40, revision=0x0
[14955.818531] microcode: Microcode Update Driver: v2.00 <tigran@aivazian.fsnet.co.uk>, Peter Oruba
[14955.818554] Scanning for low memory corruption every 60 seconds
[14955.818717] futex hash table entries: 256 (order: 2, 16384 bytes)
[14955.818732] audit: initializing netlink subsys (disabled)
[14955.818741] audit: type=2000 audit(1513356321.605:1): initialized
[14955.818890] Initialise system trusted keyring
[14955.818940] HugeTLB registered 2 MB page size, pre-allocated 0 pages
[14955.820093] zbud: loaded
[14955.820219] VFS: Disk quotas dquot_6.6.0
[14955.820238] VFS: Dquot-cache hash table entries: 512 (order 0, 4096 bytes)
[14955.820387] squashfs: version 4.0 (2009/01/31) Phillip Lougher
[14955.820513] fuse init (API version 7.23)
[14955.820587] Key type big_key registered
[14955.820962] Key type asymmetric registered
[14955.820965] Asymmetric key parser 'x509' registered
[14955.820986] Block layer SCSI generic (bsg) driver version 0.4 loaded (major 249)
[14955.821000] io scheduler noop registered
[14955.821002] io scheduler deadline registered (default)
[14955.821026] io scheduler cfq registered
[14955.821080] pci_hotplug: PCI Hot Plug PCI Core version: 0.5
[14955.821084] pciehp: PCI Express Hot Plug Controller Driver version: 0.4
[14955.821177] ACPI: AC Adapter [AC] (on-line)
[14955.821213] input: Power Button as /devices/LNXSYSTM:00/LNXPWRBN:00/input/input0
[14955.821215] ACPI: Power Button [PWRF]
[14955.821260] input: Sleep Button as /devices/LNXSYSTM:00/LNXSLPBN:00/input/input1
[14955.821262] ACPI: Sleep Button [SLPF]
[14955.821351] GHES: HEST is not enabled!
[14955.821408] Serial: 8250/16550 driver, 32 ports, IRQ sharing enabled
[14955.822073] Linux agpgart interface v0.103
[14955.823165] brd: module loaded
[14955.823632] loop: module loaded
[14955.823751] ata_piix 0000:00:01.1: version 2.13
[14955.824090] nd_pmem namespace0.0: unable to guarantee persistence of writes
[14955.824199] pmem0: detected capacity change from 0 to 1610547200
[14955.824242] nd_pmem namespace2.0: unable to guarantee persistence of writes
[14955.824244] nd_pmem namespace2.0: could not reserve region [0x0x00000000e0000000:0x1ffc0000]
[14955.824245] nd_pmem: probe of namespace2.0 failed with error -16
[14955.824281] nd_pmem namespace4.0: unable to guarantee persistence of writes
[14955.824396] pmem4: detected capacity change from 0 to 2147483648
[14955.824403] scsi host0: ata_piix
[14955.824441] scsi host1: ata_piix
[14955.824460] ata1: PATA max UDMA/33 cmd 0x1f0 ctl 0x3f6 bmdma 0xd000 irq 14
[14955.824461] ata2: PATA max UDMA/33 cmd 0x170 ctl 0x376 bmdma 0xd008 irq 15
[14955.824519] libphy: Fixed MDIO Bus: probed
[14955.824521] tun: Universal TUN/TAP device driver, 1.6
[14955.824522] tun: (C) 1999-2004 Max Krasnyansky <maxk@qualcomm.com>
[14955.824724] PPP generic driver version 2.4.2
[14955.824764] ehci_hcd: USB 2.0 'Enhanced' Host Controller (EHCI) Driver
[14955.824768] ehci-pci: EHCI PCI platform driver
[14955.825100] ehci-pci 0000:00:0b.0: EHCI Host Controller
[14955.825105] ehci-pci 0000:00:0b.0: new USB bus registered, assigned bus number 1
[14955.825218] ehci-pci 0000:00:0b.0: irq 19, io mem 0xf0805000
[14955.836025] ehci-pci 0000:00:0b.0: USB 2.0 started, EHCI 1.00
[14955.836069] usb usb1: New USB device found, idVendor=1d6b, idProduct=0002
[14955.836071] usb usb1: New USB device strings: Mfr=3, Product=2, SerialNumber=1
[14955.836073] usb usb1: Product: EHCI Host Controller
[14955.836075] usb usb1: Manufacturer: Linux 4.3.0 ehci_hcd
[14955.836076] usb usb1: SerialNumber: 0000:00:0b.0
[14955.836198] hub 1-0:1.0: USB hub found
[14955.836205] hub 1-0:1.0: 12 ports detected
[14955.836435] ehci-platform: EHCI generic platform driver
[14955.836447] ohci_hcd: USB 1.1 'Open' Host Controller (OHCI) Driver
[14955.836452] ohci-pci: OHCI PCI platform driver
[14955.836926] ohci-pci 0000:00:06.0: OHCI PCI host controller
[14955.836933] ohci-pci 0000:00:06.0: new USB bus registered, assigned bus number 2
[14955.837004] ohci-pci 0000:00:06.0: irq 22, io mem 0xf0804000
[14955.892321] usb usb2: New USB device found, idVendor=1d6b, idProduct=0001
[14955.892325] usb usb2: New USB device strings: Mfr=3, Product=2, SerialNumber=1
[14955.892327] usb usb2: Product: OHCI PCI host controller
[14955.892328] usb usb2: Manufacturer: Linux 4.3.0 ohci_hcd
[14955.892330] usb usb2: SerialNumber: 0000:00:06.0
[14955.892451] hub 2-0:1.0: USB hub found
[14955.892465] hub 2-0:1.0: 12 ports detected
[14955.892762] ohci-platform: OHCI generic platform driver
[14955.892772] uhci_hcd: USB Universal Host Controller Interface driver
[14955.892819] i8042: PNP: PS/2 Controller [PNP0303:PS2K,PNP0f03:PS2M] at 0x60,0x64 irq 1,12
[14955.893249] serio: i8042 KBD port at 0x60,0x64 irq 1
[14955.893254] serio: i8042 AUX port at 0x60,0x64 irq 12
[14955.893365] mousedev: PS/2 mouse device common for all mice
[14955.893589] input: AT Translated Set 2 keyboard as /devices/platform/i8042/serio0/input/input2
[14955.893840] rtc_cmos rtc_cmos: rtc core: registered rtc_cmos as rtc0
[14955.893878] rtc_cmos rtc_cmos: alarms up to one day, 114 bytes nvram
[14955.893883] i2c /dev entries driver
[14955.893921] device-mapper: uevent: version 1.0.3
[14955.893958] device-mapper: ioctl: 4.33.0-ioctl (2015-8-18) initialised: dm-devel@redhat.com
[14955.893971] ledtrig-cpu: registered to indicate activity on CPUs
[14955.894154] NET: Registered protocol family 10
[14955.894253] NET: Registered protocol family 17
[14955.894260] Key type dns_resolver registered
[14955.894396] registered taskstats version 1
[14955.894411] Loading compiled-in X.509 certificates
[14955.894904] Loaded X.509 cert 'Build time autogenerated kernel key: 0759ca4de3f7631372cabbbeea3b24c381c013ce'
[14955.894917] zswap: loaded using pool lzo/zbud
[14955.896280] Key type trusted registered
[14955.897942] Key type encrypted registered
[14955.897948] AppArmor: AppArmor sha1 policy hashing enabled
[14955.897951] ima: No TPM chip found, activating TPM-bypass!
[14955.897966] evm: HMAC attrs: 0x1
[14955.898195]   Magic number: 13:18:633
[14955.898257] rtc_cmos rtc_cmos: setting system clock to 2017-12-15 12:36:00 UTC (1513341360)
[14955.898300] BIOS EDD facility v0.16 2004-Jun-25, 0 devices found
[14955.898301] EDD information not available.
[14955.898332] PM: Hibernation image not present or could not be loaded.
[14955.980068] ata2.00: ATAPI: VBOX CD-ROM, 1.0, max UDMA/133
[14955.980340] ata2.00: configured for UDMA/33
[14955.980774] scsi 1:0:0:0: CD-ROM            VBOX     CD-ROM           1.0  PQ: 0 ANSI: 5
[14955.988191] sr 1:0:0:0: [sr0] scsi3-mmc drive: 32x/32x xa/form2 tray
[14955.988193] cdrom: Uniform CD-ROM driver Revision: 3.20
[14955.988260] sr 1:0:0:0: Attached scsi CD-ROM sr0
[14955.988391] sr 1:0:0:0: Attached scsi generic sg0 type 5
[14955.988638] Freeing unused kernel memory: 1456K (ffffffff81d3a000 - ffffffff81ea6000)
[14955.988639] Write protecting the kernel read-only data: 12288k
[14955.988712] Freeing unused kernel memory: 20K (ffff8800017fb000 - ffff880001800000)
[14955.988758] Freeing unused kernel memory: 216K (ffff880001bca000 - ffff880001c00000)
[14955.994156] random: udevadm urandom read with 1 bits of entropy available
[14956.019169] ACPI: Video Device [GFX0] (multi-head: yes  rom: no  post: no)
[14956.019233] input: Video Bus as /devices/LNXSYSTM:00/LNXSYBUS:00/PNP0A03:00/LNXVIDEO:00/input/input4
[14956.020242] e1000: Intel(R) PRO/1000 Network Driver - version 7.3.21-k8-NAPI
[14956.020243] e1000: Copyright (c) 1999-2006 Intel Corporation.
[14956.021856] FUJITSU Extended Socket Network Device Driver - version 1.0 - Copyright (c) 2015 FUJITSU LIMITED
[14956.319251] input: ImExPS/2 Generic Explorer Mouse as /devices/platform/i8042/serio1/input/input5
[14956.355533] e1000 0000:00:03.0 eth0: (PCI:33MHz:32-bit) 08:00:27:7d:c1:92
[14956.355538] e1000 0000:00:03.0 eth0: Intel(R) PRO/1000 Network Connection
[14956.355857] ahci 0000:00:0d.0: version 3.0
[14956.355938] ahci 0000:00:0d.0: SSS flag set, parallel bus scan disabled
[14956.356027] ahci 0000:00:0d.0: AHCI 0001.0100 32 slots 1 ports 3 Gbps 0x1 impl SATA mode
[14956.356029] ahci 0000:00:0d.0: flags: 64bit ncq stag only ccc 
[14956.356785] e1000 0000:00:03.0 enp0s3: renamed from eth0
[14956.357416] scsi host2: ahci
[14956.357460] ata3: SATA max UDMA/133 abar m8192@0xf0806000 port 0xf0806100 irq 21
[14956.527865] usb 2-1: new full-speed USB device number 2 using ohci-pci
[14956.675943] ata3: SATA link up 3.0 Gbps (SStatus 123 SControl 300)
[14956.676029] ata3.00: ATA-6: VBOX HARDDISK, 1.0, max UDMA/133
[14956.676031] ata3.00: 268435456 sectors, multi 128: LBA48 NCQ (depth 31/32)
[14956.676110] ata3.00: configured for UDMA/133
[14956.676210] scsi 2:0:0:0: Direct-Access     ATA      VBOX HARDDISK    1.0  PQ: 0 ANSI: 5
[14956.676569] sd 2:0:0:0: [sda] 268435456 512-byte logical blocks: (137 GB/128 GiB)
[14956.676591] sd 2:0:0:0: [sda] Write Protect is off
[14956.676593] sd 2:0:0:0: [sda] Mode Sense: 00 3a 00 00
[14956.676603] sd 2:0:0:0: [sda] Write cache: enabled, read cache: enabled, doesn't support DPO or FUA
[14956.676737] sd 2:0:0:0: Attached scsi generic sg1 type 0
[14956.793659]  sda: sda1 sda2 < sda5 >
[14956.794189] sd 2:0:0:0: [sda] Attached SCSI disk
[14956.797474] usb 2-1: New USB device found, idVendor=80ee, idProduct=0021
[14956.797478] usb 2-1: New USB device strings: Mfr=1, Product=3, SerialNumber=0
[14956.797479] usb 2-1: Product: USB Tablet
[14956.797481] usb 2-1: Manufacturer: VirtualBox
[14956.804887] hidraw: raw HID events driver (C) Jiri Kosina
[14956.814300] usbcore: registered new interface driver usbhid
[14956.814302] usbhid: USB HID core driver
[14956.815805] tsc: Refined TSC clocksource calibration: 3590.629 MHz
[14956.815808] clocksource: tsc: mask: 0xffffffffffffffff max_cycles: 0x33c1be56dd2, max_idle_ns: 440795223135 ns
[14956.821393] input: VirtualBox USB Tablet as /devices/pci0000:00/0000:00:06.0/usb2/2-1/2-1:1.0/0003:80EE:0021.0001/input/input6
[14956.821548] hid-generic 0003:80EE:0021.0001: input,hidraw0: USB HID v1.10 Mouse [VirtualBox USB Tablet] on usb-0000:00:06.0-1/input0
[14959.344392] floppy0: no floppy controllers found
[14959.344437] work still pending
[14959.412635] EXT4-fs (sda1): mounted filesystem with ordered data mode. Opts: (null)
[14960.113549] systemd[1]: systemd 229 running in system mode. (+PAM +AUDIT +SELINUX +IMA +APPARMOR +SMACK +SYSVINIT +UTMP +LIBCRYPTSETUP +GCRYPT +GNUTLS +ACL +XZ -LZ4 +SECCOMP +BLKID +ELFUTILS +KMOD -IDN)
[14960.113573] systemd[1]: Detected virtualization oracle.
[14960.113576] systemd[1]: Detected architecture x86-64.
[14960.120583] systemd[1]: Set hostname to <cxdir-VirtualBox>.
[14960.669536] systemd[1]: Listening on udev Kernel Socket.
[14960.669579] systemd[1]: Listening on fsck to fsckd communication Socket.
[14960.669636] systemd[1]: Created slice System Slice.
[14960.669646] systemd[1]: Reached target Remote File Systems (Pre).
[14960.669674] systemd[1]: Created slice User and Session Slice.
[14960.669679] systemd[1]: Reached target Slices.
[14960.669749] systemd[1]: Set up automount Arbitrary Executable File Formats File System Automount Point.
[14960.669770] systemd[1]: Started Forward Password Requests to Wall Directory Watch.
[14960.669788] systemd[1]: Listening on Journal Socket (/dev/log).
[14960.669793] systemd[1]: Reached target User and Group Name Lookups.
[14960.669797] systemd[1]: Reached target Remote File Systems.
[14960.669834] systemd[1]: Listening on Journal Audit Socket.
[14960.669846] systemd[1]: Listening on Syslog Socket.
[14960.669851] systemd[1]: Reached target Encrypted Volumes.
[14960.669866] systemd[1]: Listening on udev Control Socket.
[14960.669883] systemd[1]: Listening on Journal Socket.
[14960.688367] systemd[1]: Starting Load Kernel Modules...
[14960.688587] systemd[1]: Started Braille Device Support.
[14960.689603] systemd[1]: Starting Journal Service...
[14960.689799] systemd[1]: Starting Set console keymap...
[14960.689986] systemd[1]: Mounting POSIX Message Queue File System...
[14960.690173] systemd[1]: Starting Uncomplicated firewall...
[14960.690375] systemd[1]: Mounting Huge Pages File System...
[14960.690675] systemd[1]: Mounting Debug File System...
[14960.718721] random: nonblocking pool is initialized
[14960.786969] systemd[1]: Listening on /dev/initctl Compatibility Named Pipe.
[14960.787341] systemd[1]: Starting Create list of required static device nodes for the current kernel...
[14960.827153] systemd[1]: Started Create list of required static device nodes for the current kernel.
[14960.827601] systemd[1]: Starting Create Static Device Nodes in /dev...
[14960.830532] systemd[1]: Started Uncomplicated firewall.
[14961.230805] systemd[1]: Mounted POSIX Message Queue File System.
[14961.230826] systemd[1]: Mounted Huge Pages File System.
[14961.230835] systemd[1]: Mounted Debug File System.
[14961.298961] systemd[1]: Started Journal Service.
[14961.311062] lp: driver loaded but no devices found
[14961.370191] ppdev: user-space parallel port driver
[14961.858307] EXT4-fs (sda1): re-mounted. Opts: errors=remount-ro
[14962.034370] systemd-journald[227]: Received request to flush runtime journal from PID 1
[14962.348574] piix4_smbus 0000:00:07.0: SMBus Host Controller at 0x4100, revision 0
[14962.455918] vboxguest: module verification failed: signature and/or required key missing - tainting kernel
[14962.460070] vgdrvHeartbeatInit: Setting up heartbeat to trigger every 2000 milliseconds
[14962.461023] input: Unspecified device as /devices/pci0000:00/0000:00:04.0/input/input7
[14962.461720] vboxguest: misc device minor 56, IRQ 20, I/O port d020, MMIO at 00000000f0400000 (size 0x400000)
[14962.461722] vboxguest: Successfully loaded version 5.1.14 (interface 0x00010004)
[14963.026158] [drm] Initialized drm 1.1.0 20060810
[14963.059843] AVX version of gcm_enc/dec engaged.
[14963.059845] AES CTR mode by8 optimization enabled
[14963.157619] [drm] VRAM 01000000
[14963.157940] [TTM] Zone  kernel: Available graphics memory: 2281612 kiB
[14963.157941] [TTM] Zone   dma32: Available graphics memory: 2097152 kiB
[14963.157941] [TTM] Initializing pool allocator
[14963.157944] [TTM] Initializing DMA pool allocator
[14963.159728] fbcon: vboxdrmfb (fb0) is primary device
[14963.165864] Console: switching to colour frame buffer device 100x37
[14963.170195] vboxvideo 0000:00:02.0: fb0: vboxdrmfb frame buffer device
[14963.170201] [drm] Initialized vboxvideo 1.0.0 20130823 for 0000:00:02.0 on minor 0
[14963.298834] snd_intel8x0 0000:00:05.0: disable (unknown or VT-d) VM optimization
[14963.304556] intel_rapl: no valid rapl domains found in package 0
[14963.569464] snd_intel8x0 0000:00:05.0: white list rate for 1028:0177 is 48000
[14963.910587] audit: type=1400 audit(1513341368.508:2): apparmor="STATUS" operation="profile_load" name="/usr/lib/lightdm/lightdm-guest-session" pid=482 comm="apparmor_parser"
[14963.910591] audit: type=1400 audit(1513341368.508:3): apparmor="STATUS" operation="profile_load" name="chromium" pid=482 comm="apparmor_parser"
[14963.926559] audit: type=1400 audit(1513341368.524:4): apparmor="STATUS" operation="profile_load" name="/sbin/dhclient" pid=520 comm="apparmor_parser"
[14963.926563] audit: type=1400 audit(1513341368.524:5): apparmor="STATUS" operation="profile_load" name="/usr/lib/NetworkManager/nm-dhcp-client.action" pid=520 comm="apparmor_parser"
[14963.926566] audit: type=1400 audit(1513341368.524:6): apparmor="STATUS" operation="profile_load" name="/usr/lib/NetworkManager/nm-dhcp-helper" pid=520 comm="apparmor_parser"
[14963.926568] audit: type=1400 audit(1513341368.524:7): apparmor="STATUS" operation="profile_load" name="/usr/lib/connman/scripts/dhclient-script" pid=520 comm="apparmor_parser"
[14963.952493] audit: type=1400 audit(1513341368.552:8): apparmor="STATUS" operation="profile_load" name="/usr/bin/evince" pid=530 comm="apparmor_parser"
[14963.952500] audit: type=1400 audit(1513341368.552:9): apparmor="STATUS" operation="profile_load" name="sanitized_helper" pid=530 comm="apparmor_parser"
[14963.952504] audit: type=1400 audit(1513341368.552:10): apparmor="STATUS" operation="profile_load" name="/usr/bin/evince-previewer" pid=530 comm="apparmor_parser"
[14963.952507] audit: type=1400 audit(1513341368.552:11): apparmor="STATUS" operation="profile_load" name="sanitized_helper" pid=530 comm="apparmor_parser"
[14964.327074] Adding 8386556k swap on /dev/sda5.  Priority:-1 extents:1 across:8386556k FS
[14965.603805] floppy0: no floppy controllers found
[14965.603835] work still pending
[14966.807523] vboxsf: Successfully loaded version 5.1.14 (interface 0x00010004)
[14969.892923] IPv6: ADDRCONF(NETDEV_UP): enp0s3: link is not ready
[14969.894578] IPv6: ADDRCONF(NETDEV_UP): enp0s3: link is not ready
[14969.896569] e1000: enp0s3 NIC Link is Up 1000 Mbps Full Duplex, Flow Control: RX
[14969.896826] IPv6: ADDRCONF(NETDEV_CHANGE): enp0s3: link becomes ready
[14970.077121] VBoxService 5.1.14 r112924 (verbosity: 0) linux.amd64 (Jan 16 2017 17:38:46) release log
               00:00:00.000052 main     Log opened 2017-12-15T12:36:14.678815000Z
[14970.077188] 00:00:00.000147 main     OS Product: Linux
[14970.077205] 00:00:00.000170 main     OS Release: 4.3.0
[14970.077221] 00:00:00.000187 main     OS Version: #2 SMP Fri Sep 8 20:52:18 CST 2017
[14970.077241] 00:00:00.000202 main     Executable: /opt/VBoxGuestAdditions-5.1.14/sbin/VBoxService
               00:00:00.000202 main     Process ID: 953
               00:00:00.000203 main     Package type: LINUX_64BITS_GENERIC
[14970.080494] 00:00:00.003439 main     5.1.14 r112924 started. Verbose level = 0
[15067.924751] nova: Unknown symbol dafs_rebuild_dir_time_and_size (err 0)
[15233.722101] nova: dafs init nova_fs
[15233.722104] nova: init_nova_fs: 1 cpus online
[15233.722106] nova: Arch new instructions support: PCOMMIT NO, CLWB NO
[15233.723888] nova: dafs register file sytem nova
[15233.723893] nova: dafs end init_fs
[15233.740592] nova: dafs start to mount
[15233.740601] nova: nova_get_block_info: dev pmem0, phys_addr 0x80000000, virt_addr ffffc90040000000, size 1610547200
[15233.740608] nova: start init radix tree
[15233.740608] nova: finish init radix tree
[15233.740609] nova: start nova init
[15233.740609] nova: creating an empty nova of size 1610547200
[15233.740610] nova: nova: Default block size set to 4K
[15233.740612] nova: dafs init dzt block
[15233.740613] nova: dafs_get dzt blk
[15233.740615] nova: dzt alloc 1 dzt blocks from 4 to 4
[15233.740616] nova: dafs_init_dzt_block: allocate log @ 0x4
[15233.740616] nova: dafs start get journal blk
[15233.740617] nova: dafs_get journal blk
[15233.740617] nova: dafs get hard journal
[15233.740619] nova: nova_lite_journal_hard_init: allocate log @ 0x5
[15233.740619] nova: dafs get soft journal
[15233.740620] nova: dafs start get journal blk
[15233.740620] nova: dafs_get journal blk
[15233.740621] nova: nice journal initialize head 20480, tail 20480
[15233.740621] nova: dafs get inode table
[15233.740963] nova: nova_init_inode_table: allocate log @ 0x6
[15233.740964] nova: nova_init_inode_table:inode table log head is 24576
[15233.740966] nova: Allocate root inode
[15233.740966] nova: dafs_get dzt blk
[15233.740967] nova: dafs allocate hash table
[15233.897604] nova: dafs allocate zone blocks
[15233.897642] nova: Zone 0, alloc 1 zone blocks from 262662 to 262662
[15233.897644] nova: dafs_alloc_dir_zone: allocate zone @ 0x40206
[15233.931893] nova: dafs make dzt pointer
[15233.931897] nova: dafs_get dzt blk
[15233.931899] nova: dafs finish make dzt bitmap pointer
[15233.931900] nova: dafs start build dzt
[15233.931902] nova: dafs finish build dzt_e
[15233.931902] nova: dafs start init dir zones
[15233.931903] nova: root ze addr is 1075863552
[15233.931903] nova: the root dir hashname is 47
[15233.931904] nova: test root hash name is 47
[15233.931904] nova: dafs finish creat root directory
[15233.931905] nova: dafs record pos in hash table address is 2121728
[15233.931905] nova: dafs finish recording pos in hash table
[15233.931906] nova: dafs add dir info in radix tree
[15233.931907] nova: dir hash name is 47
[15233.931908] nova: make_zone_ptr start
[15233.931909] nova: dafs start adding init part in dir
[15233.931909] nova: par ze addr is 1075863552
[15233.931910] nova: make_zone_ptr start
[15233.931911] nova: dafs_append_dir_init_entries init entry name /.
[15233.931911] nova: dafs record pos in hash table address is 2121728
[15233.931912] nova: dafs finish recording pos in hash table
[15233.931912] nova: par pos is 0, cur pos is 1
[15233.931913] nova: parent hashname is 47
[15233.931913] nova: dafs record pos in hash table address is 2121728
[15233.931914] nova: dafs finish recording pos in hash table
[15233.931915] nova: dafs finish add initial part in dir
[15233.931915] nova: dafs finish init dir zones
[15233.931915] nova: dafs init dir info tree
[15233.931916] nova: make_zone_ptr start
[15233.931934] nova: dafs finish initial dir info tree
[15233.931935] nova: dafs finish nova_init
[15233.931936] nova: dafs start setting sb
[15233.931936] nova: dafs end setting sb
[15233.931937] nova: nova_iget:dafs start iget
[15233.931944] nova: nova_iget: inode 1
[15233.931944] nova: nova_iget: pi_addr is 0x1024
[15233.931945] nova: nova_rebuild_inode:dafs start to rebuild inode
[15233.931946] nova: nova_rebuild_inode s_ifdir
[15233.931946] nova: Rebuild dir 1 tree
[15233.931947] nova: Log head 0x0, tail 0x0
[15233.931948] nova: dafs_rebuild_dir_inode_tree: it is dir type
[15233.931948] nova: dafs_rebuild_dir_inode_tree:dafs finish rebuild dir inode
[15233.931950] nova: sucessfully get inode
[15233.931951] nova: root_dentry name is /
[15233.931952] nova: dafs end fill super
[15233.931953] nova: dafs finish mount
[15233.933019] nova: dafs_lookup:dafs start lookup .Trash 
[15233.933020] nova: dafs_lookup: .Trash
[15233.933022] nova: dafs_inode_by_name:dafs start to inode by name
[15233.933023] nova: dafs_find_direntry:dafs start to find direntry
[15233.933023] nova: dentry name is .Trash
[15233.933024] nova: get_dentry_path:dafs get dentry path
[15233.933025] nova: fs path is: /
[15233.933026] nova: fs path is: /
[15233.933026] nova: mount point is:/
[15233.933027] nova: dentry name is .Trash
[15233.933027] nova: get_dentry_path:dafs append file name:.Trash
[15233.933028] nova: buf is 
[15233.933028] nova: ph is /.Trash
[15233.933029] nova: dafs finish get dentry path
[15233.933029] nova: strictly full name is /.Trash
[15233.933030] nova: strictly full name length is 7
[15233.933030] nova: dafs start to find dzt
[15233.933031] nova: test path len is 0
[15233.933032] nova: dafs finish finding dzt:0, zone addr 0x1075863552
[15233.933032] nova: path name is /
[15233.933033] nova: the ze addr is 1075863552
[15233.933033] nova: full name is /.Trash
[15233.933034] nova: the ze addr is 1075863552, the ze number is 0,  the hash table head is 2121728
[15233.933034] nova: dafs start to lookup in hashtable
[15233.933035] nova: lookup_in_hashtable:not find pos
[15233.933036] nova: dafs finish lookup in hash table
[15233.933036] nova: not found dentry in nvm
[15233.933037] nova: dafs_find_direntry:dafs finish find direntry
[15233.933037] nova: dafs_lookup: look up get ino 0
[15233.933038] nova: dafs_lookup:dafs finish lookup 0
[15233.933050] nova: dafs_lookup:dafs start lookup .Trash-1000 
[15233.933050] nova: dafs_lookup: .Trash-1000
[15233.933051] nova: dafs_inode_by_name:dafs start to inode by name
[15233.933051] nova: dafs_find_direntry:dafs start to find direntry
[15233.933052] nova: dentry name is .Trash-1000
[15233.933053] nova: get_dentry_path:dafs get dentry path
[15233.933053] nova: fs path is: /
[15233.933054] nova: fs path is: /
[15233.933054] nova: mount point is:/
[15233.933055] nova: dentry name is .Trash-1000
[15233.933055] nova: get_dentry_path:dafs append file name:.Trash-1000
[15233.933056] nova: buf is 
[15233.933056] nova: ph is /.Trash-1000
[15233.933056] nova: dafs finish get dentry path
[15233.933057] nova: strictly full name is /.Trash-1000
[15233.933057] nova: strictly full name length is 12
[15233.933058] nova: dafs start to find dzt
[15233.933058] nova: test path len is 0
[15233.933059] nova: dafs finish finding dzt:0, zone addr 0x1075863552
[15233.933059] nova: path name is /
[15233.933060] nova: the ze addr is 1075863552
[15233.933060] nova: full name is /.Trash-1000
[15233.933061] nova: the ze addr is 1075863552, the ze number is 0,  the hash table head is 2121728
[15233.933061] nova: dafs start to lookup in hashtable
[15233.933062] nova: lookup_in_hashtable:not find pos
[15233.933062] nova: dafs finish lookup in hash table
[15233.933063] nova: not found dentry in nvm
[15233.933063] nova: dafs_find_direntry:dafs finish find direntry
[15233.933064] nova: dafs_lookup: look up get ino 0
[15233.933064] nova: dafs_lookup:dafs finish lookup 0
[15257.223185] nova: dafs_lookup:dafs start lookup lk 
[15257.223187] nova: dafs_lookup: lk
[15257.223188] nova: dafs_inode_by_name:dafs start to inode by name
[15257.223189] nova: dafs_find_direntry:dafs start to find direntry
[15257.223190] nova: dentry name is lk
[15257.223191] nova: get_dentry_path:dafs get dentry path
[15257.223191] nova: fs path is: /
[15257.223192] nova: fs path is: /
[15257.223192] nova: mount point is:/
[15257.223193] nova: dentry name is lk
[15257.223194] nova: par dir not root, ph is /mnt/ramdisk
[15257.223195] nova: get_dentry_path:dafs append file name:lk
[15257.223195] nova: buf is 
[15257.223195] nova: ph is /lk
[15257.223196] nova: dafs finish get dentry path
[15257.223196] nova: strictly full name is /lk
[15257.223197] nova: strictly full name length is 3
[15257.223198] nova: dafs start to find dzt
[15257.223198] nova: test path len is 0
[15257.223199] nova: dafs finish finding dzt:0, zone addr 0x1075863552
[15257.223200] nova: path name is /
[15257.223200] nova: the ze addr is 1075863552
[15257.223201] nova: full name is /lk
[15257.223202] nova: the ze addr is 1075863552, the ze number is 0,  the hash table head is 2121728
[15257.223202] nova: dafs start to lookup in hashtable
[15257.223203] nova: lookup_in_hashtable:not find pos
[15257.223204] nova: dafs finish lookup in hash table
[15257.223204] nova: not found dentry in nvm
[15257.223205] nova: dafs_find_direntry:dafs finish find direntry
[15257.223205] nova: dafs_lookup: look up get ino 0
[15257.223206] nova: dafs_lookup:dafs finish lookup 0
[15257.223207] nova: dafs_mkdir:dafs start to mkdir
[15257.223208] nova: dafs start make ino
[15257.223209] nova: nova_get_inode_address:dafs get inode addr
[15257.223210] nova: nova_get_inode_address:dbg blk_type is 6, dafs_bits is 0
[15257.223211] nova: nova_get_inode_address:dbg ino is16,internal_ino is 16, num cpus is 1
[15257.223211] nova: dafs get inode table
[15257.223212] nova: nova_get_inode_address:inode_table log head is 24576
[15257.223212] nova: nova_get_inode_address:index is 16, supercount is 0
[15257.223213] nova: nova_get_inode_address:inode table addr is 24576
[15257.223213] nova: nova_get_inode_address:dafs finish find inode at 26624
[15257.223214] nova: ino is 16
[15257.223215] nova: dafs_mkdir: name lk
[15257.223215] nova: dafs_mkdir: inode 16, dir 1, link 2
[15257.223216] nova: dafs_add_dentry:dafs start to add dentry
[15257.223217] nova: get_dentry_path:dafs get dentry path
[15257.223217] nova: fs path is: /
[15257.223218] nova: fs path is: /
[15257.223218] nova: mount point is:/
[15257.223218] nova: dentry name is lk
[15257.223219] nova: par dir not root, ph is /mnt/ramdisk
[15257.223220] nova: get_dentry_path:dafs append file name:lk
[15257.223220] nova: buf is 
[15257.223221] nova: ph is /lk
[15257.223221] nova: dafs finish get dentry path
[15257.223222] nova: dafs start to find dzt
[15257.223222] nova: test path len is 0
[15257.223222] nova: dafs finish finding dzt:0, zone addr 0x1075863552
[15257.223223] nova: make_zone_ptr start
[15257.223224] nova: full name is /lk, name len is 3
[15257.223225] nova: inode addr is 1024
[15257.223225] nova: dafs_add_dentry: dir i_blocks is 0
[15257.223226] nova: dentry pos is 3, zone num is 0
[15257.223226] nova: dafs_add_dentry dir links is 2
[15257.223227] nova: dentry not need extension
[15257.223227] nova: dentry name is lk
[15257.223228] nova: dentry is root subfile
[15257.223228] nova: set pos in hash table for each zone
[15257.223229] nova: dentry /lk hashname is 820822
[15257.223229] nova: dafs record pos in hash table address is 2121728
[15257.223230] nova: dafs finish recording pos in hash table
[15257.223230] nova: set pos in par_dir info
[15257.223231] nova: dafs_add_dentry:temlen is 1, zone num is 0
[15257.223231] nova: dafs_add_dentry:par is root hash 47
[15257.223232] nova: dafs_add_dentry:dafs add pos in par
[15257.223232] nova: dafs_add_dentry:sub num is 3
[15257.223233] nova: dafs add dir info in radix tree
[15257.223233] nova: dir hash name is 820822
[15257.223235] nova: dafs start adding init part in dir
[15257.223235] nova: par ze addr is 1075863552
[15257.223236] nova: make_zone_ptr start
[15257.223237] nova: dafs_append_dir_init_entries init entry name /lk/.
[15257.223237] nova: dafs record pos in hash table address is 2121728
[15257.223238] nova: dafs finish recording pos in hash table
[15257.223239] nova: par pos is 3, cur pos is 4
[15257.223239] nova: parent hashname is 820822
[15257.223240] nova: dafs record pos in hash table address is 2121728
[15257.223240] nova: dafs finish recording pos in hash table
[15257.223241] nova: dafs finish add initial part in dir
[15257.223242] nova: dafs_add_dentry:dafs finish add dentry, ino 16, parent name /
[15257.223242] nova: dafs start make new vfs inode
[15257.223243] nova: inode addr is 1024
[15257.223244] nova: nova_new_vfs_inode: allocating inode 16 @ 0x6800
[15257.223245] nova: dafs make TYPE_MKDIR
[15257.223246] nova: dafs end making inode
[15257.223247] nova: inode addr is 26624
[15257.223247] nova: dafs_rebuild_dir_time_and_size dir links is 2
[15257.223248] nova: Rebuild dir 16 tree
[15257.223248] nova: Log head 0x0, tail 0x0
[15257.223249] nova: dafs_rebuild_dir_inode_tree: it is dir type
[15257.223250] nova: dafs_rebuild_dir_inode_tree:dafs finish rebuild dir inode
[15257.223250] nova: inode addr is 1024
[15257.223251] nova: dafs_lite_transaction_for_new_inode: start
[15257.223252] nova: nova_create_lite_transaction start
[15257.223252] nova: dafs start get journal blk
[15257.223253] nova: dafs_get journal blk
[15257.223253] nova: journal tail 20480, with head 20480
[15257.223254] nova: journal tail 20544, with head 20480
[15257.223254] nova: nova_create_lite_transaction end
[15257.223255] nova: nova_commit_lite_transaction start
[15257.223255] nova: dafs start get journal blk
[15257.223256] nova: dafs_get journal blk
[15257.223256] nova: journal tail 20544, with head 20544
[15257.223257] nova: dafs_lite_transaction_for_new_inode end
[15257.223257] nova: dafs start get journal blk
[15257.223258] nova: dafs_get journal blk
[15257.223258] nova: journal tail 20544, with head 20544
[15257.223259] nova: dafs_mkdir: dafs end mkdir
[15258.634637] nova: dafs_readdir:dafs readdir
[15258.634641] nova: inode addr is 1024
[15258.634643] nova: dafs_readdir: ino 1, size 4096, pos 0x0
[15258.634644] nova: get_dentry_path:dafs get dentry path
[15258.634646] nova: fs path is: /
[15258.634646] nova: fs path is: /
[15258.634647] nova: mount point is:/
[15258.634648] nova: dentry name is /
[15258.634650] nova: par dir not root, ph is /mnt/ramdisk
[15258.634651] nova: buf is 
[15258.634651] nova: ph is /
[15258.634652] nova: dafs finish get dentry path
[15258.634653] nova: dafs start to find dzt
[15258.634654] nova: test path len is 0
[15258.634656] nova: dafs finish finding dzt:0, zone addr 0x1075863552
[15258.634657] nova: dafs_find_direntry:dafs start to find direntry
[15258.634657] nova: dentry name is /
[15258.634659] nova: get_dentry_path:dafs get dentry path
[15258.634659] nova: fs path is: /
[15258.634660] nova: fs path is: /
[15258.634661] nova: mount point is:/
[15258.634662] nova: dentry name is /
[15258.634663] nova: par dir not root, ph is /mnt/ramdisk
[15258.634664] nova: buf is 
[15258.634665] nova: ph is /
[15258.634665] nova: dafs finish get dentry path
[15258.634666] nova: strictly full name is /
[15258.634667] nova: strictly full name length is 1
[15258.634668] nova: dafs start to find dzt
[15258.634669] nova: test path len is 0
[15258.634669] nova: dafs finish finding dzt:0, zone addr 0x1075863552
[15258.634670] nova: path name is /
[15258.634671] nova: the ze addr is 1075863552
[15258.634672] nova: full name is /
[15258.634673] nova: the ze addr is 1075863552, the ze number is 0,  the hash table head is 2121728
[15258.634674] nova: dafs start to lookup in hashtable
[15258.634675] nova: dafs finish lookup in hash table
[15258.634676] nova: dir entry pos is 0
[15258.634677] nova: dafs_find_direntry:dafs finish find direntry
[15258.634678] nova: dafs_readdir:find dir name is /
[15258.634679] nova: dafs_readdir:dir_subfile num is3, zone addr is 1075863552
[15258.634681] nova: dafs_readdir:list subfile name:., pos id 1
[15258.634682] nova: pos 1, type 6, ino 1, name ., namelen 1, rec len 128
[15258.634683] nova: nova_get_inode_address:dafs get inode addr
[15258.634684] nova: nova_get_inode_address:dbg blk_type is 6, dafs_bits is 0
[15258.634686] nova: nova_get_inode_address:dbg ino is1,internal_ino is 1, num cpus is 1
[15258.634686] nova: dafs get inode table
[15258.634688] nova: nova_get_inode_address:inode_table log head is 24576
[15258.634688] nova: nova_get_inode_address:index is 1, supercount is 0
[15258.634689] nova: nova_get_inode_address:inode table addr is 24576
[15258.634690] nova: nova_get_inode_address:dafs finish find inode at 24704
[15258.634692] nova: ctx: ino 1, name ., name_len 1, de_len 128
[15258.634693] nova: dafs_readdir:list subfile name:.., pos id 2
[15258.634694] nova: pos 2, type 6, ino 1, name .., namelen 2, rec len 128
[15258.634695] nova: nova_get_inode_address:dafs get inode addr
[15258.634697] nova: nova_get_inode_address:dbg blk_type is 6, dafs_bits is 0
[15258.634698] nova: nova_get_inode_address:dbg ino is1,internal_ino is 1, num cpus is 1
[15258.634698] nova: dafs get inode table
[15258.634699] nova: nova_get_inode_address:inode_table log head is 24576
[15258.634700] nova: nova_get_inode_address:index is 1, supercount is 0
[15258.634701] nova: nova_get_inode_address:inode table addr is 24576
[15258.634702] nova: nova_get_inode_address:dafs finish find inode at 24704
[15258.634703] nova: ctx: ino 1, name .., name_len 2, de_len 128
[15258.634704] nova: dafs_readdir:list subfile name:lk, pos id 3
[15258.634706] nova: pos 3, type 6, ino 16, name lk, namelen 2, rec len 128
[15258.634707] nova: nova_get_inode_address:dafs get inode addr
[15258.634708] nova: nova_get_inode_address:dbg blk_type is 6, dafs_bits is 0
[15258.634709] nova: nova_get_inode_address:dbg ino is16,internal_ino is 16, num cpus is 1
[15258.634710] nova: dafs get inode table
[15258.634711] nova: nova_get_inode_address:inode_table log head is 24576
[15258.634711] nova: nova_get_inode_address:index is 16, supercount is 0
[15258.634712] nova: nova_get_inode_address:inode table addr is 24576
[15258.634713] nova: nova_get_inode_address:dafs finish find inode at 26624
[15258.634714] nova: ctx: ino 16, name lk, name_len 2, de_len 128
[15258.634716] nova: dafs ctx pos is ffffffffffffffff
[15258.634717] nova: dafs_readdir readdir return
[15258.634718] nova: inode addr is 1024
[15258.634724] nova: dafs_readdir:dafs readdir
[15258.634725] nova: inode addr is 1024
[15258.634726] nova: dafs_readdir: ino 1, size 4096, pos 0xffffffffffffffff
[15258.634727] nova: dafs readdir end
[15258.634728] nova: dafs_readdir readdir return
[15267.291401] nova: dafs_readdir:dafs readdir
[15267.291402] nova: inode addr is 26624
[15267.291405] nova: dafs_readdir: ino 16, size 128, pos 0x0
[15267.291406] nova: get_dentry_path:dafs get dentry path
[15267.291407] nova: fs path is: /
[15267.291408] nova: fs path is: /
[15267.291408] nova: mount point is:/
[15267.291408] nova: dentry name is lk
[15267.291410] nova: par dir not root, ph is /mnt/ramdisk
[15267.291411] nova: get_dentry_path: dafs remove / 
[15267.291411] nova: buf is 
[15267.291411] nova: ph is /
[15267.291412] nova: dafs finish get dentry path
[15267.291412] nova: dafs start to find dzt
[15267.291413] nova: test path len is 0
[15267.291414] nova: dafs finish finding dzt:0, zone addr 0x1075863552
[15267.291415] nova: dafs_find_direntry:dafs start to find direntry
[15267.291415] nova: dentry name is lk
[15267.291416] nova: get_dentry_path:dafs get dentry path
[15267.291416] nova: fs path is: /
[15267.291417] nova: fs path is: /
[15267.291417] nova: mount point is:/
[15267.291417] nova: dentry name is lk
[15267.291418] nova: par dir not root, ph is /mnt/ramdisk
[15267.291419] nova: get_dentry_path: dafs remove / 
[15267.291419] nova: buf is 
[15267.291419] nova: ph is /
[15267.291437] nova: dafs finish get dentry path
[15267.291455] nova: strictly full name is /
[15267.291456] nova: strictly full name length is 1
[15267.291456] nova: dafs start to find dzt
[15267.291457] nova: test path len is 0
[15267.291457] nova: dafs finish finding dzt:0, zone addr 0x1075863552
[15267.291458] nova: path name is /
[15267.291458] nova: the ze addr is 1075863552
[15267.291459] nova: full name is /
[15267.291459] nova: the ze addr is 1075863552, the ze number is 0,  the hash table head is 2121728
[15267.291460] nova: dafs start to lookup in hashtable
[15267.291460] nova: dafs finish lookup in hash table
[15267.291461] nova: dir entry pos is 0
[15267.291462] nova: dafs_find_direntry:dafs finish find direntry
[15267.291463] nova: dafs_readdir:find dir name is /
[15267.291464] nova: dafs_readdir:dir_subfile num is3, zone addr is 1075863552
[15267.291464] nova: dafs_readdir:list subfile name:., pos id 1
[15267.291465] nova: pos 1, type 6, ino 1, name ., namelen 1, rec len 128
[15267.291466] nova: nova_get_inode_address:dafs get inode addr
[15267.291467] nova: nova_get_inode_address:dbg blk_type is 6, dafs_bits is 0
[15267.291468] nova: nova_get_inode_address:dbg ino is1,internal_ino is 1, num cpus is 1
[15267.291468] nova: dafs get inode table
[15267.291469] nova: nova_get_inode_address:inode_table log head is 24576
[15267.291469] nova: nova_get_inode_address:index is 1, supercount is 0
[15267.291470] nova: nova_get_inode_address:inode table addr is 24576
[15267.291470] nova: nova_get_inode_address:dafs finish find inode at 24704
[15267.291471] nova: ctx: ino 1, name ., name_len 1, de_len 128
[15267.291472] nova: dafs_readdir:list subfile name:.., pos id 2
[15267.291472] nova: pos 2, type 6, ino 1, name .., namelen 2, rec len 128
[15267.291473] nova: nova_get_inode_address:dafs get inode addr
[15267.291474] nova: nova_get_inode_address:dbg blk_type is 6, dafs_bits is 0
[15267.291474] nova: nova_get_inode_address:dbg ino is1,internal_ino is 1, num cpus is 1
[15267.291474] nova: dafs get inode table
[15267.291475] nova: nova_get_inode_address:inode_table log head is 24576
[15267.291475] nova: nova_get_inode_address:index is 1, supercount is 0
[15267.291476] nova: nova_get_inode_address:inode table addr is 24576
[15267.291476] nova: nova_get_inode_address:dafs finish find inode at 24704
[15267.291477] nova: ctx: ino 1, name .., name_len 2, de_len 128
[15267.291478] nova: dafs_readdir:list subfile name:lk, pos id 3
[15267.291478] nova: pos 3, type 6, ino 16, name lk, namelen 2, rec len 128
[15267.291479] nova: nova_get_inode_address:dafs get inode addr
[15267.291480] nova: nova_get_inode_address:dbg blk_type is 6, dafs_bits is 0
[15267.291480] nova: nova_get_inode_address:dbg ino is16,internal_ino is 16, num cpus is 1
[15267.291480] nova: dafs get inode table
[15267.291481] nova: nova_get_inode_address:inode_table log head is 24576
[15267.291481] nova: nova_get_inode_address:index is 16, supercount is 0
[15267.291482] nova: nova_get_inode_address:inode table addr is 24576
[15267.291482] nova: nova_get_inode_address:dafs finish find inode at 26624
[15267.291483] nova: ctx: ino 16, name lk, name_len 2, de_len 128
[15267.291484] nova: dafs ctx pos is ffffffffffffffff
[15267.291484] nova: dafs_readdir readdir return
[15267.291486] nova: inode addr is 26624
[15267.291494] nova: dafs_readdir:dafs readdir
[15267.291495] nova: inode addr is 26624
[15267.291495] nova: dafs_readdir: ino 16, size 128, pos 0x0
[15267.291496] nova: get_dentry_path:dafs get dentry path
[15267.291496] nova: fs path is: /
[15267.291497] nova: fs path is: /
[15267.291497] nova: mount point is:/
[15267.291498] nova: dentry name is lk
[15267.291498] nova: par dir not root, ph is /mnt/ramdisk
[15267.291499] nova: get_dentry_path: dafs remove / 
[15267.291499] nova: buf is 
[15267.291500] nova: ph is /
[15267.291500] nova: dafs finish get dentry path
[15267.291501] nova: dafs start to find dzt
[15267.291501] nova: test path len is 0
[15267.291502] nova: dafs finish finding dzt:0, zone addr 0x1075863552
[15267.291502] nova: dafs_find_direntry:dafs start to find direntry
[15267.291503] nova: dentry name is lk
[15267.291503] nova: get_dentry_path:dafs get dentry path
[15267.291503] nova: fs path is: /
[15267.291504] nova: fs path is: /
[15267.291504] nova: mount point is:/
[15267.291505] nova: dentry name is lk
[15267.291505] nova: par dir not root, ph is /mnt/ramdisk
[15267.291506] nova: get_dentry_path: dafs remove / 
[15267.291506] nova: buf is 
[15267.291506] nova: ph is /
[15267.291507] nova: dafs finish get dentry path
[15267.291507] nova: strictly full name is /
[15267.291508] nova: strictly full name length is 1
[15267.291508] nova: dafs start to find dzt
[15267.291509] nova: test path len is 0
[15267.291509] nova: dafs finish finding dzt:0, zone addr 0x1075863552
[15267.291509] nova: path name is /
[15267.291510] nova: the ze addr is 1075863552
[15267.291510] nova: full name is /
[15267.291511] nova: the ze addr is 1075863552, the ze number is 0,  the hash table head is 2121728
[15267.291511] nova: dafs start to lookup in hashtable
[15267.291511] nova: dafs finish lookup in hash table
[15267.291512] nova: dir entry pos is 0
[15267.291512] nova: dafs_find_direntry:dafs finish find direntry
[15267.291513] nova: dafs_readdir:find dir name is /
[15267.291513] nova: dafs_readdir:dir_subfile num is3, zone addr is 1075863552
[15267.291514] nova: dafs_readdir:list subfile name:., pos id 1
[15267.291515] nova: pos 1, type 6, ino 1, name ., namelen 1, rec len 128
[15267.291515] nova: nova_get_inode_address:dafs get inode addr
[15267.291516] nova: nova_get_inode_address:dbg blk_type is 6, dafs_bits is 0
[15267.291516] nova: nova_get_inode_address:dbg ino is1,internal_ino is 1, num cpus is 1
[15267.291517] nova: dafs get inode table
[15267.291517] nova: nova_get_inode_address:inode_table log head is 24576
[15267.291517] nova: nova_get_inode_address:index is 1, supercount is 0
[15267.291518] nova: nova_get_inode_address:inode table addr is 24576
[15267.291518] nova: nova_get_inode_address:dafs finish find inode at 24704
[15267.291519] nova: ctx: ino 1, name ., name_len 1, de_len 128
[15267.291520] nova: dafs_readdir:list subfile name:.., pos id 2
[15267.291520] nova: pos 2, type 6, ino 1, name .., namelen 2, rec len 128
[15267.291521] nova: nova_get_inode_address:dafs get inode addr
[15267.291521] nova: nova_get_inode_address:dbg blk_type is 6, dafs_bits is 0
[15267.291522] nova: nova_get_inode_address:dbg ino is1,internal_ino is 1, num cpus is 1
[15267.291522] nova: dafs get inode table
[15267.291523] nova: nova_get_inode_address:inode_table log head is 24576
[15267.291523] nova: nova_get_inode_address:index is 1, supercount is 0
[15267.291524] nova: nova_get_inode_address:inode table addr is 24576
[15267.291524] nova: nova_get_inode_address:dafs finish find inode at 24704
[15267.291525] nova: ctx: ino 1, name .., name_len 2, de_len 128
[15267.291525] nova: dafs_readdir:list subfile name:lk, pos id 3
[15267.291526] nova: pos 3, type 6, ino 16, name lk, namelen 2, rec len 128
[15267.291527] nova: nova_get_inode_address:dafs get inode addr
[15267.291527] nova: nova_get_inode_address:dbg blk_type is 6, dafs_bits is 0
[15267.291528] nova: nova_get_inode_address:dbg ino is16,internal_ino is 16, num cpus is 1
[15267.291528] nova: dafs get inode table
[15267.291528] nova: nova_get_inode_address:inode_table log head is 24576
[15267.291529] nova: nova_get_inode_address:index is 16, supercount is 0
[15267.291529] nova: nova_get_inode_address:inode table addr is 24576
[15267.291530] nova: nova_get_inode_address:dafs finish find inode at 26624
[15267.291530] nova: ctx: ino 16, name lk, name_len 2, de_len 128
[15267.291531] nova: dafs ctx pos is ffffffffffffffff
[15267.291531] nova: dafs_readdir readdir return
[15267.291533] nova: dafs_readdir:dafs readdir
[15267.291533] nova: inode addr is 26624
[15267.291534] nova: dafs_readdir: ino 16, size 128, pos 0xffffffffffffffff
[15267.291534] nova: dafs readdir end
[15267.291535] nova: dafs_readdir readdir return
[15267.291540] nova: dafs_lookup:dafs start lookup lk 
[15267.291540] nova: dafs_lookup: lk
[15267.291541] nova: dafs_inode_by_name:dafs start to inode by name
[15267.291541] nova: dafs_find_direntry:dafs start to find direntry
[15267.291542] nova: dentry name is lk
[15267.291542] nova: get_dentry_path:dafs get dentry path
[15267.291543] nova: fs path is: /
[15267.291543] nova: fs path is: /
[15267.291544] nova: mount point is:/
[15267.291544] nova: dentry name is lk
[15267.291544] nova: par dir not root, ph is /mnt/ramdisk
[15267.291545] nova: get_dentry_path:dafs append file name:lk
[15267.291545] nova: buf is 
[15267.291546] nova: ph is /lk
[15267.291546] nova: dafs finish get dentry path
[15267.291547] nova: strictly full name is /lk
[15267.291547] nova: strictly full name length is 3
[15267.291547] nova: dafs start to find dzt
[15267.291548] nova: test path len is 0
[15267.291548] nova: dafs finish finding dzt:0, zone addr 0x1075863552
[15267.291549] nova: path name is /
[15267.291549] nova: the ze addr is 1075863552
[15267.291550] nova: full name is /lk
[15267.291550] nova: the ze addr is 1075863552, the ze number is 0,  the hash table head is 2121728
[15267.291551] nova: dafs start to lookup in hashtable
[15267.291551] nova: dafs finish lookup in hash table
[15267.291552] nova: dir entry pos is 3
[15267.291552] nova: dafs_find_direntry:dafs finish find direntry
[15267.291553] nova: dafs_inode_by_name:dafs finish inode by name, ino is 16
[15267.291553] nova: dafs_lookup: look up get ino 16
[15267.291554] nova: nova_iget:dafs start iget
[15267.291555] nova: nova_iget:return inode
[15267.291556] nova: dafs_lookup:dafs finish lookup inode exist 16
[15267.291557] VFS: Lookup of 'lk' in NOVA pmem0 would have caused loop
[15267.291560] nova: dafs_lookup:dafs start lookup lk 
[15267.291560] nova: dafs_lookup: lk
[15267.291561] nova: dafs_inode_by_name:dafs start to inode by name
[15267.291561] nova: dafs_find_direntry:dafs start to find direntry
[15267.291562] nova: dentry name is lk
[15267.291562] nova: get_dentry_path:dafs get dentry path
[15267.291563] nova: fs path is: /
[15267.291563] nova: fs path is: /
[15267.291563] nova: mount point is:/
[15267.291564] nova: dentry name is lk
[15267.291564] nova: par dir not root, ph is /mnt/ramdisk
[15267.291565] nova: get_dentry_path:dafs append file name:lk
[15267.291565] nova: buf is 
[15267.291566] nova: ph is /lk
[15267.291566] nova: dafs finish get dentry path
[15267.291566] nova: strictly full name is /lk
[15267.291567] nova: strictly full name length is 3
[15267.291567] nova: dafs start to find dzt
[15267.291568] nova: test path len is 0
[15267.291568] nova: dafs finish finding dzt:0, zone addr 0x1075863552
[15267.291569] nova: path name is /
[15267.291569] nova: the ze addr is 1075863552
[15267.291569] nova: full name is /lk
[15267.291570] nova: the ze addr is 1075863552, the ze number is 0,  the hash table head is 2121728
[15267.291570] nova: dafs start to lookup in hashtable
[15267.291571] nova: dafs finish lookup in hash table
[15267.291571] nova: dir entry pos is 3
[15267.291571] nova: dafs_find_direntry:dafs finish find direntry
[15267.291572] nova: dafs_inode_by_name:dafs finish inode by name, ino is 16
[15267.291572] nova: dafs_lookup: look up get ino 16
[15267.291573] nova: nova_iget:dafs start iget
[15267.291573] nova: nova_iget:return inode
[15267.291574] nova: dafs_lookup:dafs finish lookup inode exist 16
[15267.291574] VFS: Lookup of 'lk' in NOVA pmem0 would have caused loop
