[    0.000000] Initializing cgroup subsys cpuset
[    0.000000] Initializing cgroup subsys cpu
[    0.000000] Initializing cgroup subsys cpuacct
[    0.000000] Linux version 4.3.0 (root@cxdir-VirtualBox) (gcc version 5.4.0 20160609 (Ubuntu 5.4.0-6ubuntu1~16.04.4) ) #2 SMP Fri Sep 8 20:52:18 CST 2017
[    0.000000] Command line: BOOT_IMAGE=/boot/vmlinuz-4.3.0 memmap=4G!2G root=UUID=8918101d-1281-40c7-aa75-72b85c4a0441 ro quiet splash
[    0.000000] KERNEL supported cpus:
[    0.000000]   Intel GenuineIntel
[    0.000000]   AMD AuthenticAMD
[    0.000000]   Centaur CentaurHauls
[    0.000000] x86/fpu: xstate_offset[2]: 0240, xstate_sizes[2]: 0100
[    0.000000] x86/fpu: Supporting XSAVE feature 0x01: 'x87 floating point registers'
[    0.000000] x86/fpu: Supporting XSAVE feature 0x02: 'SSE registers'
[    0.000000] x86/fpu: Supporting XSAVE feature 0x04: 'AVX registers'
[    0.000000] x86/fpu: Enabled xstate features 0x7, context size is 0x340 bytes, using 'standard' format.
[    0.000000] x86/fpu: Using 'lazy' FPU context switches.
[    0.000000] e820: BIOS-provided physical RAM map:
[    0.000000] BIOS-e820: [mem 0x0000000000000000-0x000000000009fbff] usable
[    0.000000] BIOS-e820: [mem 0x000000000009fc00-0x000000000009ffff] reserved
[    0.000000] BIOS-e820: [mem 0x00000000000f0000-0x00000000000fffff] reserved
[    0.000000] BIOS-e820: [mem 0x0000000000100000-0x00000000dffeffff] usable
[    0.000000] BIOS-e820: [mem 0x00000000dfff0000-0x00000000dfffffff] ACPI data
[    0.000000] BIOS-e820: [mem 0x00000000fec00000-0x00000000fec00fff] reserved
[    0.000000] BIOS-e820: [mem 0x00000000fee00000-0x00000000fee00fff] reserved
[    0.000000] BIOS-e820: [mem 0x00000000fffc0000-0x00000000ffffffff] reserved
[    0.000000] BIOS-e820: [mem 0x0000000100000000-0x000000021fffffff] usable
[    0.000000] NX (Execute Disable) protection: active
[    0.000000] e820: user-defined physical RAM map:
[    0.000000] user: [mem 0x0000000000000000-0x000000000009fbff] usable
[    0.000000] user: [mem 0x000000000009fc00-0x000000000009ffff] reserved
[    0.000000] user: [mem 0x00000000000f0000-0x00000000000fffff] reserved
[    0.000000] user: [mem 0x0000000000100000-0x000000007fffffff] usable
[    0.000000] user: [mem 0x0000000080000000-0x00000000dffeffff] persistent (type 12)
[    0.000000] user: [mem 0x00000000dfff0000-0x00000000dfffffff] persistent (type 12)
[    0.000000] user: [mem 0x00000000e0000000-0x00000000febfffff] persistent (type 12)
[    0.000000] user: [mem 0x00000000fec00000-0x00000000fec00fff] persistent (type 12)
[    0.000000] user: [mem 0x00000000fec01000-0x00000000fedfffff] persistent (type 12)
[    0.000000] user: [mem 0x00000000fee00000-0x00000000fee00fff] persistent (type 12)
[    0.000000] user: [mem 0x00000000fee01000-0x00000000fffbffff] persistent (type 12)
[    0.000000] user: [mem 0x00000000fffc0000-0x00000000ffffffff] persistent (type 12)
[    0.000000] user: [mem 0x0000000100000000-0x000000017fffffff] persistent (type 12)
[    0.000000] user: [mem 0x0000000180000000-0x000000021fffffff] usable
[    0.000000] SMBIOS 2.5 present.
[    0.000000] DMI: innotek GmbH VirtualBox/VirtualBox, BIOS VirtualBox 12/01/2006
[    0.000000] Hypervisor detected: KVM
[    0.000000] e820: update [mem 0x00000000-0x00000fff] usable ==> reserved
[    0.000000] e820: remove [mem 0x000a0000-0x000fffff] usable
[    0.000000] e820: last_pfn = 0x220000 max_arch_pfn = 0x400000000
[    0.000000] MTRR default type: uncachable
[    0.000000] MTRR variable ranges disabled:
[    0.000000] x86/PAT: Configuration [0-7]: WB  WC  UC- UC  WB  WC  UC- WT  
[    0.000000] MTRR: Disabled
[    0.000000] CPU MTRRs all blank - virtualized system.
[    0.000000] e820: last_pfn = 0x100000 max_arch_pfn = 0x400000000
[    0.000000] found SMP MP-table at [mem 0x0009fff0-0x0009ffff] mapped at [ffff88000009fff0]
[    0.000000] Scanning 1 areas for low memory corruption
[    0.000000] Base memory trampoline at [ffff880000099000] 99000 size 24576
[    0.000000] init_memory_mapping: [mem 0x00000000-0x000fffff]
[    0.000000]  [mem 0x00000000-0x000fffff] page 4k
[    0.000000] BRK [0x01ffc000, 0x01ffcfff] PGTABLE
[    0.000000] BRK [0x01ffd000, 0x01ffdfff] PGTABLE
[    0.000000] BRK [0x01ffe000, 0x01ffefff] PGTABLE
[    0.000000] init_memory_mapping: [mem 0x21fe00000-0x21fffffff]
[    0.000000]  [mem 0x21fe00000-0x21fffffff] page 2M
[    0.000000] BRK [0x01fff000, 0x01ffffff] PGTABLE
[    0.000000] init_memory_mapping: [mem 0x200000000-0x21fdfffff]
[    0.000000]  [mem 0x200000000-0x21fdfffff] page 2M
[    0.000000] init_memory_mapping: [mem 0x00100000-0x7fffffff]
[    0.000000]  [mem 0x00100000-0x001fffff] page 4k
[    0.000000]  [mem 0x00200000-0x7fffffff] page 2M
[    0.000000] init_memory_mapping: [mem 0x180000000-0x1ffffffff]
[    0.000000]  [mem 0x180000000-0x1ffffffff] page 2M
[    0.000000] BRK [0x02000000, 0x02000fff] PGTABLE
[    0.000000] BRK [0x02001000, 0x02001fff] PGTABLE
[    0.000000] RAMDISK: [mem 0x33d64000-0x35ea9fff]
[    0.000000] ACPI: Early table checksum verification disabled
[    0.000000] ACPI: RSDP 0x00000000000E0000 000024 (v02 VBOX  )
[    0.000000] ACPI: XSDT 0x00000000DFFF0030 00003C (v01 VBOX   VBOXXSDT 00000001 ASL  00000061)
[    0.000000] ACPI: FACP 0x00000000DFFF00F0 0000F4 (v04 VBOX   VBOXFACP 00000001 ASL  00000061)
[    0.000000] ACPI: DSDT 0x00000000DFFF0470 00210F (v01 VBOX   VBOXBIOS 00000002 INTL 20100528)
[    0.000000] ACPI: FACS 0x00000000DFFF0200 000040
[    0.000000] ACPI: FACS 0x00000000DFFF0200 000040
[    0.000000] ACPI: APIC 0x00000000DFFF0240 000054 (v02 VBOX   VBOXAPIC 00000001 ASL  00000061)
[    0.000000] ACPI: SSDT 0x00000000DFFF02A0 0001CC (v01 VBOX   VBOXCPUT 00000002 INTL 20100528)
[    0.000000] ACPI: Local APIC address 0xfee00000
[    0.000000] No NUMA configuration found
[    0.000000] Faking a node at [mem 0x0000000000000000-0x000000021fffffff]
[    0.000000] NODE_DATA(0) allocated [mem 0x21fffa000-0x21fffefff]
[    0.000000] kvm-clock: Using msrs 4b564d01 and 4b564d00
[    0.000000] kvm-clock: cpu 0, msr 2:1fff2001, primary cpu clock
[    0.000000] clocksource: kvm-clock: mask: 0xffffffffffffffff max_cycles: 0x1cd42e4dffb, max_idle_ns: 881590591483 ns
[    0.000000]  [ffffea0000000000-ffffea00087fffff] PMD -> [ffff88021ae00000-ffff88021f5fffff] on node 0
[    0.000000] Zone ranges:
[    0.000000]   DMA      [mem 0x0000000000001000-0x0000000000ffffff]
[    0.000000]   DMA32    [mem 0x0000000001000000-0x00000000ffffffff]
[    0.000000]   Normal   [mem 0x0000000100000000-0x000000021fffffff]
[    0.000000] Movable zone start for each node
[    0.000000] Early memory node ranges
[    0.000000]   node   0: [mem 0x0000000000001000-0x000000000009efff]
[    0.000000]   node   0: [mem 0x0000000000100000-0x000000007fffffff]
[    0.000000]   node   0: [mem 0x0000000180000000-0x000000021fffffff]
[    0.000000] Initmem setup node 0 [mem 0x0000000000001000-0x000000021fffffff]
[    0.000000] On node 0 totalpages: 1179550
[    0.000000]   DMA zone: 64 pages used for memmap
[    0.000000]   DMA zone: 21 pages reserved
[    0.000000]   DMA zone: 3998 pages, LIFO batch:0
[    0.000000]   DMA32 zone: 8128 pages used for memmap
[    0.000000]   DMA32 zone: 520192 pages, LIFO batch:31
[    0.000000]   Normal zone: 10240 pages used for memmap
[    0.000000]   Normal zone: 655360 pages, LIFO batch:31
[    0.000000] ACPI: PM-Timer IO Port: 0x4008
[    0.000000] ACPI: Local APIC address 0xfee00000
[    0.000000] IOAPIC[0]: apic_id 1, version 32, address 0xfec00000, GSI 0-23
[    0.000000] ACPI: INT_SRC_OVR (bus 0 bus_irq 0 global_irq 2 dfl dfl)
[    0.000000] ACPI: INT_SRC_OVR (bus 0 bus_irq 9 global_irq 9 high level)
[    0.000000] ACPI: IRQ0 used by override.
[    0.000000] ACPI: IRQ9 used by override.
[    0.000000] Using ACPI (MADT) for SMP configuration information
[    0.000000] smpboot: Allowing 1 CPUs, 0 hotplug CPUs
[    0.000000] PM: Registered nosave memory: [mem 0x00000000-0x00000fff]
[    0.000000] PM: Registered nosave memory: [mem 0x0009f000-0x0009ffff]
[    0.000000] PM: Registered nosave memory: [mem 0x000a0000-0x000effff]
[    0.000000] PM: Registered nosave memory: [mem 0x000f0000-0x000fffff]
[    0.000000] PM: Registered nosave memory: [mem 0x80000000-0xdffeffff]
[    0.000000] PM: Registered nosave memory: [mem 0xdfff0000-0xdfffffff]
[    0.000000] PM: Registered nosave memory: [mem 0xe0000000-0xfebfffff]
[    0.000000] PM: Registered nosave memory: [mem 0xfec00000-0xfec00fff]
[    0.000000] PM: Registered nosave memory: [mem 0xfec01000-0xfedfffff]
[    0.000000] PM: Registered nosave memory: [mem 0xfee00000-0xfee00fff]
[    0.000000] PM: Registered nosave memory: [mem 0xfee01000-0xfffbffff]
[    0.000000] PM: Registered nosave memory: [mem 0xfffc0000-0xffffffff]
[    0.000000] PM: Registered nosave memory: [mem 0x100000000-0x17fffffff]
[    0.000000] e820: cannot find a gap in the 32bit address range
               e820: PCI devices with unassigned 32bit BARs may break!
[    0.000000] e820: [mem 0x220100000-0x2204fffff] available for PCI devices
[    0.000000] Booting paravirtualized kernel on KVM
[    0.000000] clocksource: refined-jiffies: mask: 0xffffffff max_cycles: 0xffffffff, max_idle_ns: 7645519600211568 ns
[    0.000000] setup_percpu: NR_CPUS:512 nr_cpumask_bits:512 nr_cpu_ids:1 nr_node_ids:1
[    0.000000] PERCPU: Embedded 33 pages/cpu @ffff88021fc00000 s97496 r8192 d29480 u2097152
[    0.000000] pcpu-alloc: s97496 r8192 d29480 u2097152 alloc=1*2097152
[    0.000000] pcpu-alloc: [0] 0 
[    0.000000] PV qspinlock hash table entries: 256 (order: 0, 4096 bytes)
[    0.000000] Built 1 zonelists in Node order, mobility grouping on.  Total pages: 1161097
[    0.000000] Policy zone: Normal
[    0.000000] Kernel command line: BOOT_IMAGE=/boot/vmlinuz-4.3.0 memmap=4G!2G root=UUID=8918101d-1281-40c7-aa75-72b85c4a0441 ro quiet splash
[    0.000000] PID hash table entries: 4096 (order: 3, 32768 bytes)
[    0.000000] Calgary: detecting Calgary via BIOS EBDA area
[    0.000000] Calgary: Unable to locate Rio Grande table in EBDA - bailing!
[    0.000000] Memory: 4527432K/4718200K available (8158K kernel code, 1248K rwdata, 3880K rodata, 1456K init, 1332K bss, 190768K reserved, 0K cma-reserved)
[    0.000000] SLUB: HWalign=64, Order=0-3, MinObjects=0, CPUs=1, Nodes=1
[    0.000000] Hierarchical RCU implementation.
[    0.000000] 	Build-time adjustment of leaf fanout to 64.
[    0.000000] 	RCU restricting CPUs from NR_CPUS=512 to nr_cpu_ids=1.
[    0.000000] RCU: Adjusting geometry for rcu_fanout_leaf=64, nr_cpu_ids=1
[    0.000000] NR_IRQS:33024 nr_irqs:256 16
[    0.000000] Console: colour VGA+ 80x25
[    0.000000] console [tty0] enabled
[    0.000000] tsc: Detected 3591.704 MHz processor
[    4.541018] Calibrating delay loop (skipped) preset value.. 7183.40 BogoMIPS (lpj=14366816)
[    4.541020] pid_max: default: 32768 minimum: 301
[    4.541024] ACPI: Core revision 20150818
[    4.541732] ACPI: 2 ACPI AML tables successfully acquired and loaded
[    4.541743] Security Framework initialized
[    4.541745] Yama: becoming mindful.
[    4.541750] AppArmor: AppArmor initialized
[    4.543181] Dentry cache hash table entries: 1048576 (order: 11, 8388608 bytes)
[    4.548656] Inode-cache hash table entries: 524288 (order: 10, 4194304 bytes)
[    4.550501] Mount-cache hash table entries: 16384 (order: 5, 131072 bytes)
[    4.550508] Mountpoint-cache hash table entries: 16384 (order: 5, 131072 bytes)
[    4.550666] Initializing cgroup subsys io
[    4.550669] Initializing cgroup subsys memory
[    4.550674] Initializing cgroup subsys devices
[    4.550676] Initializing cgroup subsys freezer
[    4.550677] Initializing cgroup subsys net_cls
[    4.550679] Initializing cgroup subsys perf_event
[    4.550680] Initializing cgroup subsys net_prio
[    4.550682] Initializing cgroup subsys hugetlb
[    4.550684] Initializing cgroup subsys pids
[    4.550741] CPU: Physical Processor ID: 0
[    4.551499] mce: CPU supports 0 MCE banks
[    4.551519] process: using mwait in idle threads
[    4.551523] Last level iTLB entries: 4KB 1024, 2MB 1024, 4MB 1024
[    4.551524] Last level dTLB entries: 4KB 1024, 2MB 1024, 4MB 1024, 1GB 4
[    4.561924] Freeing SMP alternatives memory: 28K (ffffffff81ea6000 - ffffffff81ead000)
[    4.567947] ftrace: allocating 31208 entries in 122 pages
[    4.598527] x2apic enabled
[    4.598687] Switched APIC routing to physical x2apic.
[    4.599534] ..TIMER: vector=0x30 apic1=0 pin1=2 apic2=-1 pin2=-1
[    4.705531] smpboot: CPU0: Intel(R) Core(TM) i7-4790 CPU @ 3.60GHz (family: 0x6, model: 0x3c, stepping: 0x3)
[    4.705559] Performance Events: unsupported p6 CPU model 60 no PMU driver, software events only.
[    4.705566] KVM setup paravirtual spinlock
[    4.706006] x86: Booted up 1 node, 1 CPUs
[    4.706008] smpboot: Total of 1 processors activated (7183.40 BogoMIPS)
[    4.707067] devtmpfs: initialized
[    4.708245] evm: security.selinux
[    4.708246] evm: security.SMACK64
[    4.708246] evm: security.SMACK64EXEC
[    4.708247] evm: security.SMACK64TRANSMUTE
[    4.708247] evm: security.SMACK64MMAP
[    4.708248] evm: security.ima
[    4.708249] evm: security.capability
[    4.708323] clocksource: jiffies: mask: 0xffffffff max_cycles: 0xffffffff, max_idle_ns: 7645041785100000 ns
[    4.708367] pinctrl core: initialized pinctrl subsystem
[    4.708441] RTC time: 15:38:56, date: 12/13/17
[    4.708523] NET: Registered protocol family 16
[    4.708628] cpuidle: using governor ladder
[    4.708629] cpuidle: using governor menu
[    4.708631] PCCT header not found.
[    4.708671] ACPI: bus type PCI registered
[    4.708672] acpiphp: ACPI Hot Plug PCI Controller Driver version: 0.5
[    4.708740] PCI: Using configuration type 1 for base access
[    4.709542] ACPI: Added _OSI(Module Device)
[    4.709544] ACPI: Added _OSI(Processor Device)
[    4.709544] ACPI: Added _OSI(3.0 _SCP Extensions)
[    4.709545] ACPI: Added _OSI(Processor Aggregator Device)
[    4.709932] ACPI: Executed 1 blocks of module-level executable AML code
[    4.711302] ACPI: Interpreter enabled
[    4.711305] ACPI Exception: AE_NOT_FOUND, While evaluating Sleep State [\_S1_] (20150818/hwxface-580)
[    4.711317] ACPI Exception: AE_NOT_FOUND, While evaluating Sleep State [\_S2_] (20150818/hwxface-580)
[    4.711318] ACPI Exception: AE_NOT_FOUND, While evaluating Sleep State [\_S3_] (20150818/hwxface-580)
[    4.711320] ACPI Exception: AE_NOT_FOUND, While evaluating Sleep State [\_S4_] (20150818/hwxface-580)
[    4.711323] ACPI: (supports S0 S5)
[    4.711324] ACPI: Using IOAPIC for interrupt routing
[    4.711475] PCI: Using host bridge windows from ACPI; if necessary, use "pci=nocrs" and report a bug
[    4.713921] ACPI: PCI Root Bridge [PCI0] (domain 0000 [bus 00-ff])
[    4.713924] acpi PNP0A03:00: _OSC: OS supports [ASPM ClockPM Segments MSI]
[    4.713927] acpi PNP0A03:00: _OSC failed (AE_NOT_FOUND); disabling ASPM
[    4.713957] acpi PNP0A03:00: fail to add MMCONFIG information, can't access extended PCI configuration space under this bridge.
[    4.714105] PCI host bridge to bus 0000:00
[    4.714107] pci_bus 0000:00: root bus resource [bus 00-ff]
[    4.714108] pci_bus 0000:00: root bus resource [io  0x0000-0x0cf7 window]
[    4.714109] pci_bus 0000:00: root bus resource [io  0x0d00-0xffff window]
[    4.714110] pci_bus 0000:00: root bus resource [mem 0x000a0000-0x000bffff window]
[    4.714111] pci_bus 0000:00: root bus resource [mem 0xe0000000-0xffdfffff window]
[    4.714137] pci 0000:00:00.0: [8086:1237] type 00 class 0x060000
[    4.714455] pci 0000:00:01.0: [8086:7000] type 00 class 0x060100
[    4.714874] pci 0000:00:01.1: [8086:7111] type 00 class 0x01018a
[    4.715123] pci 0000:00:01.1: reg 0x20: [io  0xd000-0xd00f]
[    4.715224] pci 0000:00:01.1: legacy IDE quirk: reg 0x10: [io  0x01f0-0x01f7]
[    4.715225] pci 0000:00:01.1: legacy IDE quirk: reg 0x14: [io  0x03f6]
[    4.715226] pci 0000:00:01.1: legacy IDE quirk: reg 0x18: [io  0x0170-0x0177]
[    4.715227] pci 0000:00:01.1: legacy IDE quirk: reg 0x1c: [io  0x0376]
[    4.715346] pci 0000:00:02.0: [80ee:beef] type 00 class 0x030000
[    4.719603] pci 0000:00:02.0: reg 0x10: [mem 0xe0000000-0xe0ffffff pref]
[    4.746583] pci 0000:00:03.0: [8086:100e] type 00 class 0x020000
[    4.751365] pci 0000:00:03.0: reg 0x10: [mem 0xf0000000-0xf001ffff]
[    4.760060] pci 0000:00:03.0: reg 0x18: [io  0xd010-0xd017]
[    4.779330] pci 0000:00:04.0: [80ee:cafe] type 00 class 0x088000
[    4.783585] pci 0000:00:04.0: reg 0x10: [io  0xd020-0xd03f]
[    4.787750] pci 0000:00:04.0: reg 0x14: [mem 0xf0400000-0xf07fffff]
[    4.791986] pci 0000:00:04.0: reg 0x18: [mem 0xf0800000-0xf0803fff pref]
[    4.810349] pci 0000:00:05.0: [8086:2415] type 00 class 0x040100
[    4.810426] pci 0000:00:05.0: reg 0x10: [io  0xd100-0xd1ff]
[    4.810476] pci 0000:00:05.0: reg 0x14: [io  0xd200-0xd23f]
[    4.810881] pci 0000:00:06.0: [106b:003f] type 00 class 0x0c0310
[    4.815873] pci 0000:00:06.0: reg 0x10: [mem 0xf0804000-0xf0804fff]
[    4.842803] pci 0000:00:07.0: [8086:7113] type 00 class 0x068000
[    4.843132] pci 0000:00:07.0: quirk: [io  0x4000-0x403f] claimed by PIIX4 ACPI
[    4.843139] pci 0000:00:07.0: quirk: [io  0x4100-0x410f] claimed by PIIX4 SMB
[    4.843312] pci 0000:00:0b.0: [8086:265c] type 00 class 0x0c0320
[    4.847836] pci 0000:00:0b.0: reg 0x10: [mem 0xf0805000-0xf0805fff]
[    4.874244] pci 0000:00:0d.0: [8086:2829] type 00 class 0x010601
[    4.879033] pci 0000:00:0d.0: reg 0x10: [io  0xd240-0xd247]
[    4.888240] pci 0000:00:0d.0: reg 0x18: [io  0xd250-0xd257]
[    4.896535] pci 0000:00:0d.0: reg 0x20: [io  0xd260-0xd26f]
[    4.900587] pci 0000:00:0d.0: reg 0x24: [mem 0xf0806000-0xf0807fff]
[    4.905476] ACPI: PCI Interrupt Link [LNKA] (IRQs 5 9 10 *11)
[    4.905613] ACPI: PCI Interrupt Link [LNKB] (IRQs 5 9 10 *11)
[    4.905682] ACPI: PCI Interrupt Link [LNKC] (IRQs 5 9 *10 11)
[    4.905740] ACPI: PCI Interrupt Link [LNKD] (IRQs 5 *9 10 11)
[    4.905825] ACPI: Enabled 2 GPEs in block 00 to 07
[    4.905922] vgaarb: setting as boot device: PCI:0000:00:02.0
[    4.905923] vgaarb: device added: PCI:0000:00:02.0,decodes=io+mem,owns=io+mem,locks=none
[    4.905925] vgaarb: loaded
[    4.905926] vgaarb: bridge control possible 0000:00:02.0
[    4.906082] SCSI subsystem initialized
[    4.906111] libata version 3.00 loaded.
[    4.906138] ACPI: bus type USB registered
[    4.906148] usbcore: registered new interface driver usbfs
[    4.906153] usbcore: registered new interface driver hub
[    4.906160] usbcore: registered new device driver usb
[    4.906233] PCI: Using ACPI for IRQ routing
[    4.906234] PCI: pci_cache_line_size set to 64 bytes
[    4.906366] Expanded resource Persistent Memory (legacy) due to conflict with PCI Bus 0000:00
[    4.906367] e820: reserve RAM buffer [mem 0x0009fc00-0x0009ffff]
[    4.906446] NetLabel: Initializing
[    4.906447] NetLabel:  domain hash size = 128
[    4.906448] NetLabel:  protocols = UNLABELED CIPSOv4
[    4.906455] NetLabel:  unlabeled traffic allowed by default
[    4.906510] clocksource: Switched to clocksource kvm-clock
[    4.912876] AppArmor: AppArmor Filesystem Enabled
[    4.912935] pnp: PnP ACPI init
[    4.912996] pnp 00:00: Plug and Play ACPI device, IDs PNP0303 (active)
[    4.913061] pnp 00:01: Plug and Play ACPI device, IDs PNP0f03 (active)
[    4.913731] pnp: PnP ACPI: found 2 devices
[    4.919579] clocksource: acpi_pm: mask: 0xffffff max_cycles: 0xffffff, max_idle_ns: 2085701024 ns
[    4.919593] pci_bus 0000:00: resource 4 [io  0x0000-0x0cf7 window]
[    4.919595] pci_bus 0000:00: resource 5 [io  0x0d00-0xffff window]
[    4.919597] pci_bus 0000:00: resource 6 [mem 0x000a0000-0x000bffff window]
[    4.919599] pci_bus 0000:00: resource 7 [mem 0xe0000000-0xffdfffff window]
[    4.919646] NET: Registered protocol family 2
[    4.919807] TCP established hash table entries: 65536 (order: 7, 524288 bytes)
[    4.921217] TCP bind hash table entries: 65536 (order: 8, 1048576 bytes)
[    4.921371] TCP: Hash tables configured (established 65536 bind 65536)
[    4.921393] UDP hash table entries: 4096 (order: 5, 131072 bytes)
[    4.921422] UDP-Lite hash table entries: 4096 (order: 5, 131072 bytes)
[    4.921471] NET: Registered protocol family 1
[    4.921482] pci 0000:00:00.0: Limiting direct PCI/PCI transfers
[    4.921510] pci 0000:00:01.0: Activating ISA DMA hang workarounds
[    4.921538] pci 0000:00:02.0: Video device with shadowed ROM
[    4.921890] PCI: CLS 0 bytes, default 64
[    4.921932] Trying to unpack rootfs image as initramfs...
[    5.383063] Freeing initrd memory: 34072K (ffff880033d64000 - ffff880035eaa000)
[    5.383093] PCI-DMA: Using software bounce buffering for IO (SWIOTLB)
[    5.383095] software IO TLB [mem 0x7c000000-0x80000000] (64MB) mapped at [ffff88007c000000-ffff88007fffffff]
[    5.383187] platform rtc_cmos: registered platform RTC device (no PNP device found)
[    5.383202] RAPL PMU detected, API unit is 2^-32 Joules, 4 fixed counters 10737418240 ms ovfl timer
[    5.383204] hw unit of domain pp0-core 2^-0 Joules
[    5.383205] hw unit of domain package 2^-0 Joules
[    5.383206] hw unit of domain dram 2^-0 Joules
[    5.383207] hw unit of domain pp1-gpu 2^-0 Joules
[    5.383241] microcode: CPU0 sig=0x306c3, pf=0x40, revision=0x0
[    5.383278] microcode: Microcode Update Driver: v2.00 <tigran@aivazian.fsnet.co.uk>, Peter Oruba
[    5.383312] Scanning for low memory corruption every 60 seconds
[    5.383560] futex hash table entries: 256 (order: 2, 16384 bytes)
[    5.383578] audit: initializing netlink subsys (disabled)
[    5.383590] audit: type=2000 audit(1513179543.462:1): initialized
[    5.383798] Initialise system trusted keyring
[    5.383866] HugeTLB registered 2 MB page size, pre-allocated 0 pages
[    5.385384] zbud: loaded
[    5.385565] VFS: Disk quotas dquot_6.6.0
[    5.385596] VFS: Dquot-cache hash table entries: 512 (order 0, 4096 bytes)
[    5.385844] squashfs: version 4.0 (2009/01/31) Phillip Lougher
[    5.386045] fuse init (API version 7.23)
[    5.386170] Key type big_key registered
[    5.386696] Key type asymmetric registered
[    5.386699] Asymmetric key parser 'x509' registered
[    5.386709] Block layer SCSI generic (bsg) driver version 0.4 loaded (major 249)
[    5.388009] io scheduler noop registered
[    5.388011] io scheduler deadline registered (default)
[    5.388034] io scheduler cfq registered
[    5.388089] pci_hotplug: PCI Hot Plug PCI Core version: 0.5
[    5.388093] pciehp: PCI Express Hot Plug Controller Driver version: 0.4
[    5.388186] ACPI: AC Adapter [AC] (on-line)
[    5.388222] input: Power Button as /devices/LNXSYSTM:00/LNXPWRBN:00/input/input0
[    5.388225] ACPI: Power Button [PWRF]
[    5.388270] input: Sleep Button as /devices/LNXSYSTM:00/LNXSLPBN:00/input/input1
[    5.388272] ACPI: Sleep Button [SLPF]
[    5.388361] GHES: HEST is not enabled!
[    5.388419] Serial: 8250/16550 driver, 32 ports, IRQ sharing enabled
[    5.389089] Linux agpgart interface v0.103
[    5.391430] brd: module loaded
[    5.391899] loop: module loaded
[    5.392034] ata_piix 0000:00:01.1: version 2.13
[    5.392352] nd_pmem namespace0.0: unable to guarantee persistence of writes
[    5.393695] pmem0: detected capacity change from 0 to 1610547200
[    5.393742] nd_pmem namespace2.0: unable to guarantee persistence of writes
[    5.393744] nd_pmem namespace2.0: could not reserve region [0x0x00000000e0000000:0x1ffc0000]
[    5.393745] nd_pmem: probe of namespace2.0 failed with error -16
[    5.393782] nd_pmem namespace4.0: unable to guarantee persistence of writes
[    5.395168] pmem4: detected capacity change from 0 to 2147483648
[    5.395176] scsi host0: ata_piix
[    5.395218] scsi host1: ata_piix
[    5.395237] ata1: PATA max UDMA/33 cmd 0x1f0 ctl 0x3f6 bmdma 0xd000 irq 14
[    5.395238] ata2: PATA max UDMA/33 cmd 0x170 ctl 0x376 bmdma 0xd008 irq 15
[    5.395291] libphy: Fixed MDIO Bus: probed
[    5.395294] tun: Universal TUN/TAP device driver, 1.6
[    5.395294] tun: (C) 1999-2004 Max Krasnyansky <maxk@qualcomm.com>
[    5.395555] PPP generic driver version 2.4.2
[    5.395599] ehci_hcd: USB 2.0 'Enhanced' Host Controller (EHCI) Driver
[    5.395602] ehci-pci: EHCI PCI platform driver
[    5.395942] ehci-pci 0000:00:0b.0: EHCI Host Controller
[    5.395947] ehci-pci 0000:00:0b.0: new USB bus registered, assigned bus number 1
[    5.396091] ehci-pci 0000:00:0b.0: irq 19, io mem 0xf0805000
[    5.406535] ehci-pci 0000:00:0b.0: USB 2.0 started, EHCI 1.00
[    5.406565] usb usb1: New USB device found, idVendor=1d6b, idProduct=0002
[    5.406566] usb usb1: New USB device strings: Mfr=3, Product=2, SerialNumber=1
[    5.406567] usb usb1: Product: EHCI Host Controller
[    5.406568] usb usb1: Manufacturer: Linux 4.3.0 ehci_hcd
[    5.406569] usb usb1: SerialNumber: 0000:00:0b.0
[    5.406638] hub 1-0:1.0: USB hub found
[    5.406641] hub 1-0:1.0: 12 ports detected
[    5.406780] ehci-platform: EHCI generic platform driver
[    5.406788] ohci_hcd: USB 1.1 'Open' Host Controller (OHCI) Driver
[    5.406792] ohci-pci: OHCI PCI platform driver
[    5.407133] ohci-pci 0000:00:06.0: OHCI PCI host controller
[    5.407137] ohci-pci 0000:00:06.0: new USB bus registered, assigned bus number 2
[    5.407181] ohci-pci 0000:00:06.0: irq 22, io mem 0xf0804000
[    5.463008] usb usb2: New USB device found, idVendor=1d6b, idProduct=0001
[    5.463010] usb usb2: New USB device strings: Mfr=3, Product=2, SerialNumber=1
[    5.463011] usb usb2: Product: OHCI PCI host controller
[    5.463012] usb usb2: Manufacturer: Linux 4.3.0 ohci_hcd
[    5.463013] usb usb2: SerialNumber: 0000:00:06.0
[    5.463110] hub 2-0:1.0: USB hub found
[    5.463119] hub 2-0:1.0: 12 ports detected
[    5.463346] ohci-platform: OHCI generic platform driver
[    5.463356] uhci_hcd: USB Universal Host Controller Interface driver
[    5.463388] i8042: PNP: PS/2 Controller [PNP0303:PS2K,PNP0f03:PS2M] at 0x60,0x64 irq 1,12
[    5.463749] serio: i8042 KBD port at 0x60,0x64 irq 1
[    5.463752] serio: i8042 AUX port at 0x60,0x64 irq 12
[    5.463820] mousedev: PS/2 mouse device common for all mice
[    5.464003] input: AT Translated Set 2 keyboard as /devices/platform/i8042/serio0/input/input2
[    5.464255] rtc_cmos rtc_cmos: rtc core: registered rtc_cmos as rtc0
[    5.464291] rtc_cmos rtc_cmos: alarms up to one day, 114 bytes nvram
[    5.464295] i2c /dev entries driver
[    5.464330] device-mapper: uevent: version 1.0.3
[    5.464365] device-mapper: ioctl: 4.33.0-ioctl (2015-8-18) initialised: dm-devel@redhat.com
[    5.464377] ledtrig-cpu: registered to indicate activity on CPUs
[    5.464562] NET: Registered protocol family 10
[    5.464667] NET: Registered protocol family 17
[    5.464675] Key type dns_resolver registered
[    5.464804] registered taskstats version 1
[    5.464819] Loading compiled-in X.509 certificates
[    5.465298] Loaded X.509 cert 'Build time autogenerated kernel key: 0759ca4de3f7631372cabbbeea3b24c381c013ce'
[    5.465311] zswap: loaded using pool lzo/zbud
[    5.466349] Key type trusted registered
[    5.467979] Key type encrypted registered
[    5.467985] AppArmor: AppArmor sha1 policy hashing enabled
[    5.467987] ima: No TPM chip found, activating TPM-bypass!
[    5.467998] evm: HMAC attrs: 0x1
[    5.468248]   Magic number: 13:186:639
[    5.468302] rtc_cmos rtc_cmos: setting system clock to 2017-12-13 15:38:57 UTC (1513179537)
[    5.468336] BIOS EDD facility v0.16 2004-Jun-25, 0 devices found
[    5.468336] EDD information not available.
[    5.468365] PM: Hibernation image not present or could not be loaded.
[    5.550920] ata2.00: ATAPI: VBOX CD-ROM, 1.0, max UDMA/133
[    5.551199] ata2.00: configured for UDMA/33
[    5.551606] scsi 1:0:0:0: CD-ROM            VBOX     CD-ROM           1.0  PQ: 0 ANSI: 5
[    5.558917] sr 1:0:0:0: [sr0] scsi3-mmc drive: 32x/32x xa/form2 tray
[    5.558919] cdrom: Uniform CD-ROM driver Revision: 3.20
[    5.558988] sr 1:0:0:0: Attached scsi CD-ROM sr0
[    5.559104] sr 1:0:0:0: Attached scsi generic sg0 type 5
[    5.559343] Freeing unused kernel memory: 1456K (ffffffff81d3a000 - ffffffff81ea6000)
[    5.559344] Write protecting the kernel read-only data: 12288k
[    5.559416] Freeing unused kernel memory: 20K (ffff8800017fb000 - ffff880001800000)
[    5.559462] Freeing unused kernel memory: 216K (ffff880001bca000 - ffff880001c00000)
[    5.565486] random: udevadm urandom read with 1 bits of entropy available
[    5.590365] e1000: Intel(R) PRO/1000 Network Driver - version 7.3.21-k8-NAPI
[    5.590368] e1000: Copyright (c) 1999-2006 Intel Corporation.
[    5.597950] ACPI: Video Device [GFX0] (multi-head: yes  rom: no  post: no)
[    5.598014] input: Video Bus as /devices/LNXSYSTM:00/LNXSYBUS:00/PNP0A03:00/LNXVIDEO:00/input/input4
[    5.600459] FUJITSU Extended Socket Network Device Driver - version 1.0 - Copyright (c) 2015 FUJITSU LIMITED
[    5.904224] input: ImExPS/2 Generic Explorer Mouse as /devices/platform/i8042/serio1/input/input5
[    5.953985] e1000 0000:00:03.0 eth0: (PCI:33MHz:32-bit) 08:00:27:7d:c1:92
[    5.953991] e1000 0000:00:03.0 eth0: Intel(R) PRO/1000 Network Connection
[    5.954354] ahci 0000:00:0d.0: version 3.0
[    5.954426] ahci 0000:00:0d.0: SSS flag set, parallel bus scan disabled
[    5.954509] ahci 0000:00:0d.0: AHCI 0001.0100 32 slots 1 ports 3 Gbps 0x1 impl SATA mode
[    5.954511] ahci 0000:00:0d.0: flags: 64bit ncq stag only ccc 
[    5.955261] e1000 0000:00:03.0 enp0s3: renamed from eth0
[    5.955846] scsi host2: ahci
[    5.955902] ata3: SATA max UDMA/133 abar m8192@0xf0806000 port 0xf0806100 irq 21
[    6.110553] usb 2-1: new full-speed USB device number 2 using ohci-pci
[    6.274797] ata3: SATA link up 3.0 Gbps (SStatus 123 SControl 300)
[    6.274934] ata3.00: ATA-6: VBOX HARDDISK, 1.0, max UDMA/133
[    6.274936] ata3.00: 268435456 sectors, multi 128: LBA48 NCQ (depth 31/32)
[    6.275081] ata3.00: configured for UDMA/133
[    6.275154] scsi 2:0:0:0: Direct-Access     ATA      VBOX HARDDISK    1.0  PQ: 0 ANSI: 5
[    6.275441] sd 2:0:0:0: [sda] 268435456 512-byte logical blocks: (137 GB/128 GiB)
[    6.275454] sd 2:0:0:0: [sda] Write Protect is off
[    6.275455] sd 2:0:0:0: [sda] Mode Sense: 00 3a 00 00
[    6.275461] sd 2:0:0:0: [sda] Write cache: enabled, read cache: enabled, doesn't support DPO or FUA
[    6.275734] sd 2:0:0:0: Attached scsi generic sg1 type 0
[    6.303410]  sda: sda1 sda2 < sda5 >
[    6.304033] sd 2:0:0:0: [sda] Attached SCSI disk
[    6.376920] usb 2-1: New USB device found, idVendor=80ee, idProduct=0021
[    6.376932] usb 2-1: New USB device strings: Mfr=1, Product=3, SerialNumber=0
[    6.376933] usb 2-1: Product: USB Tablet
[    6.376934] usb 2-1: Manufacturer: VirtualBox
[    6.382826] tsc: Refined TSC clocksource calibration: 3588.164 MHz
[    6.382829] clocksource: tsc: mask: 0xffffffffffffffff max_cycles: 0x33b8a6678d8, max_idle_ns: 440795221211 ns
[    6.383685] hidraw: raw HID events driver (C) Jiri Kosina
[    6.397136] usbcore: registered new interface driver usbhid
[    6.397138] usbhid: USB HID core driver
[    6.404824] input: VirtualBox USB Tablet as /devices/pci0000:00/0000:00:06.0/usb2/2-1/2-1:1.0/0003:80EE:0021.0001/input/input6
[    6.405041] hid-generic 0003:80EE:0021.0001: input,hidraw0: USB HID v1.10 Mouse [VirtualBox USB Tablet] on usb-0000:00:06.0-1/input0
[    8.922664] floppy0: no floppy controllers found
[    8.922701] work still pending
[    9.176626] EXT4-fs (sda1): mounted filesystem with ordered data mode. Opts: (null)
[   10.365120] systemd[1]: systemd 229 running in system mode. (+PAM +AUDIT +SELINUX +IMA +APPARMOR +SMACK +SYSVINIT +UTMP +LIBCRYPTSETUP +GCRYPT +GNUTLS +ACL +XZ -LZ4 +SECCOMP +BLKID +ELFUTILS +KMOD -IDN)
[   10.365144] systemd[1]: Detected virtualization oracle.
[   10.365146] systemd[1]: Detected architecture x86-64.
[   10.372076] systemd[1]: Set hostname to <cxdir-VirtualBox>.
[   10.567870] random: nonblocking pool is initialized
[   10.864626] systemd[1]: Listening on udev Control Socket.
[   10.864681] systemd[1]: Listening on Journal Socket.
[   10.864696] systemd[1]: Listening on fsck to fsckd communication Socket.
[   10.864718] systemd[1]: Listening on udev Kernel Socket.
[   10.864729] systemd[1]: Listening on Syslog Socket.
[   10.864734] systemd[1]: Reached target Remote File Systems (Pre).
[   10.864738] systemd[1]: Reached target User and Group Name Lookups.
[   10.864774] systemd[1]: Listening on Journal Audit Socket.
[   10.864780] systemd[1]: Reached target Remote File Systems.
[   10.864847] systemd[1]: Set up automount Arbitrary Executable File Formats File System Automount Point.
[   10.864899] systemd[1]: Created slice System Slice.
[   10.873249] systemd[1]: Starting Load Kernel Modules...
[   10.873446] systemd[1]: Started Braille Device Support.
[   10.874488] systemd[1]: Mounting Huge Pages File System...
[   10.874763] systemd[1]: Starting Create list of required static device nodes for the current kernel...
[   10.888532] systemd[1]: Created slice User and Session Slice.
[   10.888846] systemd[1]: Starting Uncomplicated firewall...
[   10.888863] systemd[1]: Reached target Slices.
[   10.889063] systemd[1]: Mounting Debug File System...
[   10.889072] systemd[1]: Reached target Encrypted Volumes.
[   10.946725] systemd[1]: Listening on /dev/initctl Compatibility Named Pipe.
[   10.946814] systemd[1]: Started Forward Password Requests to Wall Directory Watch.
[   10.947106] systemd[1]: Mounting POSIX Message Queue File System...
[   10.947390] systemd[1]: Starting Set console keymap...
[   10.947486] systemd[1]: Listening on Journal Socket (/dev/log).
[   10.947796] systemd[1]: Starting Journal Service...
[   10.959891] systemd[1]: Started Create list of required static device nodes for the current kernel.
[   10.960183] systemd[1]: Starting Create Static Device Nodes in /dev...
[   11.015279] systemd[1]: Started Uncomplicated firewall.
[   11.349864] systemd[1]: Mounted POSIX Message Queue File System.
[   11.349888] systemd[1]: Mounted Huge Pages File System.
[   11.349896] systemd[1]: Mounted Debug File System.
[   11.435299] systemd[1]: Started Journal Service.
[   11.479209] lp: driver loaded but no devices found
[   11.490535] ppdev: user-space parallel port driver
[   12.093196] EXT4-fs (sda1): re-mounted. Opts: errors=remount-ro
[   12.199714] systemd-journald[234]: Received request to flush runtime journal from PID 1
[   12.584477] piix4_smbus 0000:00:07.0: SMBus Host Controller at 0x4100, revision 0
[   12.674119] vboxguest: module verification failed: signature and/or required key missing - tainting kernel
[   12.676899] vgdrvHeartbeatInit: Setting up heartbeat to trigger every 2000 milliseconds
[   12.676969] input: Unspecified device as /devices/pci0000:00/0000:00:04.0/input/input7
[   12.678744] vboxguest: misc device minor 56, IRQ 20, I/O port d020, MMIO at 00000000f0400000 (size 0x400000)
[   12.678769] vboxguest: Successfully loaded version 5.1.14 (interface 0x00010004)
[   13.077601] [drm] Initialized drm 1.1.0 20060810
[   13.149783] AVX version of gcm_enc/dec engaged.
[   13.149784] AES CTR mode by8 optimization enabled
[   13.218556] [drm] VRAM 01000000
[   13.220408] [TTM] Zone  kernel: Available graphics memory: 2281612 kiB
[   13.220410] [TTM] Zone   dma32: Available graphics memory: 2097152 kiB
[   13.220412] [TTM] Initializing pool allocator
[   13.220417] [TTM] Initializing DMA pool allocator
[   13.221855] fbcon: vboxdrmfb (fb0) is primary device
[   13.236936] Console: switching to colour frame buffer device 100x37
[   13.237937] vboxvideo 0000:00:02.0: fb0: vboxdrmfb frame buffer device
[   13.244144] [drm] Initialized vboxvideo 1.0.0 20130823 for 0000:00:02.0 on minor 0
[   13.472028] intel_rapl: no valid rapl domains found in package 0
[   13.617584] snd_intel8x0 0000:00:05.0: disable (unknown or VT-d) VM optimization
[   13.885226] snd_intel8x0 0000:00:05.0: white list rate for 1028:0177 is 48000
[   14.224396] audit: type=1400 audit(1513179546.252:2): apparmor="STATUS" operation="profile_load" name="/usr/lib/lightdm/lightdm-guest-session" pid=505 comm="apparmor_parser"
[   14.224401] audit: type=1400 audit(1513179546.252:3): apparmor="STATUS" operation="profile_load" name="chromium" pid=505 comm="apparmor_parser"
[   14.236874] audit: type=1400 audit(1513179546.264:4): apparmor="STATUS" operation="profile_load" name="/sbin/dhclient" pid=553 comm="apparmor_parser"
[   14.236878] audit: type=1400 audit(1513179546.264:5): apparmor="STATUS" operation="profile_load" name="/usr/lib/NetworkManager/nm-dhcp-client.action" pid=553 comm="apparmor_parser"
[   14.236880] audit: type=1400 audit(1513179546.264:6): apparmor="STATUS" operation="profile_load" name="/usr/lib/NetworkManager/nm-dhcp-helper" pid=553 comm="apparmor_parser"
[   14.236882] audit: type=1400 audit(1513179546.264:7): apparmor="STATUS" operation="profile_load" name="/usr/lib/connman/scripts/dhclient-script" pid=553 comm="apparmor_parser"
[   14.324639] audit: type=1400 audit(1513179546.352:8): apparmor="STATUS" operation="profile_load" name="/usr/bin/evince" pid=566 comm="apparmor_parser"
[   14.324643] audit: type=1400 audit(1513179546.352:9): apparmor="STATUS" operation="profile_load" name="sanitized_helper" pid=566 comm="apparmor_parser"
[   14.324645] audit: type=1400 audit(1513179546.352:10): apparmor="STATUS" operation="profile_load" name="/usr/bin/evince-previewer" pid=566 comm="apparmor_parser"
[   14.324647] audit: type=1400 audit(1513179546.352:11): apparmor="STATUS" operation="profile_load" name="sanitized_helper" pid=566 comm="apparmor_parser"
[   14.553647] Adding 8386556k swap on /dev/sda5.  Priority:-1 extents:1 across:8386556k FS
[   15.562543] floppy0: no floppy controllers found
[   15.562572] work still pending
[   15.733558] vboxsf: Successfully loaded version 5.1.14 (interface 0x00010004)
[   19.816612] VBoxService 5.1.14 r112924 (verbosity: 0) linux.amd64 (Jan 16 2017 17:38:46) release log
               00:00:00.000059 main     Log opened 2017-12-13T15:39:11.847982000Z
[   19.817030] 00:00:00.000775 main     OS Product: Linux
[   19.817049] 00:00:00.000806 main     OS Release: 4.3.0
[   19.817065] 00:00:00.000823 main     OS Version: #2 SMP Fri Sep 8 20:52:18 CST 2017
[   19.817086] 00:00:00.000838 main     Executable: /opt/VBoxGuestAdditions-5.1.14/sbin/VBoxService
               00:00:00.000839 main     Process ID: 982
               00:00:00.000840 main     Package type: LINUX_64BITS_GENERIC
[   19.817515] 00:00:00.001268 main     5.1.14 r112924 started. Verbose level = 0
[   20.543758] IPv6: ADDRCONF(NETDEV_UP): enp0s3: link is not ready
[   20.545005] IPv6: ADDRCONF(NETDEV_UP): enp0s3: link is not ready
[   20.547014] e1000: enp0s3 NIC Link is Up 1000 Mbps Full Duplex, Flow Control: RX
[   20.547261] IPv6: ADDRCONF(NETDEV_CHANGE): enp0s3: link becomes ready
[   92.629336] nova: dafs init nova_fs
[   92.629338] nova: init_nova_fs: 1 cpus online
[   92.629340] nova: Arch new instructions support: PCOMMIT NO, CLWB NO
[   92.630683] nova: dafs register file sytem nova
[   92.630688] nova: dafs end init_fs
[   92.707507] nova: dafs start to mount
[   92.707520] nova: nova_get_block_info: dev pmem0, phys_addr 0x80000000, virt_addr ffffc90040000000, size 1610547200
[   92.707527] nova: start init radix tree
[   92.707527] nova: finish init radix tree
[   92.707528] nova: start nova init
[   92.707528] nova: creating an empty nova of size 1610547200
[   92.707529] nova: nova: Default block size set to 4K
[   92.707532] nova: dafs init dzt block
[   92.707532] nova: dafs_get dzt blk
[   92.707534] nova: dzt alloc 1 dzt blocks from 4 to 4
[   92.707535] nova: dafs_init_dzt_block: allocate log @ 0x4
[   92.707535] nova: dafs start get journal blk
[   92.707536] nova: dafs_get journal blk
[   92.707536] nova: dafs get hard journal
[   92.707537] nova: nova_lite_journal_hard_init: allocate log @ 0x5
[   92.707538] nova: dafs get soft journal
[   92.707539] nova: dafs start get journal blk
[   92.707539] nova: dafs_get journal blk
[   92.707540] nova: dafs get inode table
[   92.710490] nova: nova_init_inode_table: allocate log @ 0x6
[   92.710491] nova: nova_init_inode_table:inode table log head is 24576
[   92.710494] nova: Allocate root inode
[   92.710495] nova: dafs_get dzt blk
[   92.710496] nova: dafs allocate hash table
[   94.264205] nova: dafs allocate zone blocks
[   94.264253] nova: Zone 0, alloc 1 zone blocks from 262662 to 262662
[   94.264256] nova: dafs_alloc_dir_zone: allocate zone @ 0x40206
[   94.322679] nova: dafs make dzt pointer
[   94.322681] nova: dafs_get dzt blk
[   94.322682] nova: dafs finish make dzt bitmap pointer
[   94.322683] nova: dafs start build dzt
[   94.322685] nova: dafs finish build dzt_e
[   94.322685] nova: dafs start init dir zones
[   94.322686] nova: root ze addr is 1075863552
[   94.322687] nova: the root dir hashname is 47
[   94.322687] nova: test root hash name is 47
[   94.322688] nova: dafs finish creat root directory
[   94.322688] nova: dafs record pos in hash table address is 2121728
[   94.322689] nova: dafs finish recording pos in hash table
[   94.322690] nova: dafs add dir info in radix tree
[   94.322690] nova: dir hash name is 47
[   94.322691] nova: make_zone_ptr start
[   94.322692] nova: dafs start adding init part in dir
[   94.322692] nova: par ze addr is 1075863552
[   94.322693] nova: make_zone_ptr start
[   94.322694] nova: dafs_append_dir_init_entries:fname is /., name is .
[   94.322694] nova: dafs record pos in hash table address is 2121728
[   94.322695] nova: dafs finish recording pos in hash table
[   94.322695] nova: par pos is 0, cur pos is 1
[   94.322696] nova: parent hashname is 47
[   94.322697] nova: dafs record pos in hash table address is 2121728
[   94.322697] nova: dafs finish recording pos in hash table
[   94.322698] nova: dafs finish add initial part in dir
[   94.322698] nova: dafs finish init dir zones
[   94.322698] nova: dafs init dir info tree
[   94.322699] nova: make_zone_ptr start
[   94.322720] nova: dafs finish initial dir info tree
[   94.322721] nova: dafs finish nova_init
[   94.322721] nova: dafs start setting sb
[   94.322722] nova: dafs end setting sb
[   94.322722] nova: nova_iget:dafs start iget
[   94.322728] nova: nova_iget: inode 1
[   94.322729] nova: nova_iget: pi_addr is 0x1024
[   94.322729] nova: nova_rebuild_inode:dafs start to rebuild inode
[   94.322730] nova: Rebuild dir 1 tree
[   94.322731] nova: Log head 0x0, tail 0x0
[   94.322732] nova: dafs_rebuild_dir_inode_tree: it is dir type
[   94.322732] nova: dafs_rebuild_dir_inode_tree:dafs finish rebuild dir inode
[   94.322733] nova: sucessfully get inode
[   94.322735] nova: root_dentry name is /
[   94.322735] nova: dafs end fill super
[   94.322736] nova: dafs finish mount
[   94.323234] nova: dafs_lookup:dafs start lookup .Trash 
[   94.323235] nova: dafs_lookup: .Trash
[   94.323236] nova: dafs_inode_by_name:dafs start to inode by name
[   94.323237] nova: dafs_find_direntry:dafs start to find direntry
[   94.323237] nova: dentry name is .Trash
[   94.323238] nova: get_dentry_path:dafs get dentry path
[   94.323239] nova: fs path is: /
[   94.323239] nova: fs path is: /
[   94.323240] nova: mount point is:/
[   94.323240] nova: dentry name is .Trash
[   94.323241] nova: get_dentry_path:dafs append file name:.Trash
[   94.323241] nova: buf is 
[   94.323242] nova: ph is /.Trash
[   94.323242] nova: dafs finish get dentry path
[   94.323243] nova: strictly full name is /.Trash
[   94.323243] nova: strictly full name length is 7
[   94.323244] nova: dafs start to find dzt
[   94.323244] nova: test path len is 0
[   94.323245] nova: dafs finish finding dzt:0, zone addr 0x1075863552
[   94.323246] nova: path name is /
[   94.323246] nova: the ze addr is 1075863552
[   94.323246] nova: full name is /.Trash
[   94.323247] nova: the ze addr is 1075863552, the ze number is 0,  the hash table head is 2121728
[   94.323248] nova: dafs start to lookup in hashtable
[   94.323249] nova: lookup_in_hashtable:not find pos
[   94.323249] nova: dafs finish lookup in hash table
[   94.323250] nova: not found dentry in nvm
[   94.323250] nova: dafs_find_direntry:dafs finish find direntry
[   94.323251] nova: dafs_lookup: look up get ino 0
[   94.323251] nova: dafs_lookup:dafs finish lookup 0
[   94.323261] nova: dafs_lookup:dafs start lookup .Trash-1000 
[   94.323262] nova: dafs_lookup: .Trash-1000
[   94.323263] nova: dafs_inode_by_name:dafs start to inode by name
[   94.323263] nova: dafs_find_direntry:dafs start to find direntry
[   94.323264] nova: dentry name is .Trash-1000
[   94.323264] nova: get_dentry_path:dafs get dentry path
[   94.323265] nova: fs path is: /
[   94.323265] nova: fs path is: /
[   94.323265] nova: mount point is:/
[   94.323266] nova: dentry name is .Trash-1000
[   94.323266] nova: get_dentry_path:dafs append file name:.Trash-1000
[   94.323267] nova: buf is 
[   94.323267] nova: ph is /.Trash-1000
[   94.323268] nova: dafs finish get dentry path
[   94.323268] nova: strictly full name is /.Trash-1000
[   94.323268] nova: strictly full name length is 12
[   94.323269] nova: dafs start to find dzt
[   94.323269] nova: test path len is 0
[   94.323270] nova: dafs finish finding dzt:0, zone addr 0x1075863552
[   94.323270] nova: path name is /
[   94.323281] nova: the ze addr is 1075863552
[   94.323281] nova: full name is /.Trash-1000
[   94.323282] nova: the ze addr is 1075863552, the ze number is 0,  the hash table head is 2121728
[   94.323282] nova: dafs start to lookup in hashtable
[   94.323283] nova: lookup_in_hashtable:not find pos
[   94.323283] nova: dafs finish lookup in hash table
[   94.323284] nova: not found dentry in nvm
[   94.323284] nova: dafs_find_direntry:dafs finish find direntry
[   94.323298] nova: dafs_lookup: look up get ino 0
[   94.323298] nova: dafs_lookup:dafs finish lookup 0
[  101.665564] nova: dafs_lookup:dafs start lookup kj 
[  101.665567] nova: dafs_lookup: kj
[  101.665569] nova: dafs_inode_by_name:dafs start to inode by name
[  101.665570] nova: dafs_find_direntry:dafs start to find direntry
[  101.665571] nova: dentry name is kj
[  101.665572] nova: get_dentry_path:dafs get dentry path
[  101.665573] nova: fs path is: /
[  101.665574] nova: fs path is: /
[  101.665574] nova: mount point is:/
[  101.665575] nova: dentry name is kj
[  101.665577] nova: par dir not root, ph is /mnt/ramdisk
[  101.665578] nova: get_dentry_path:dafs append file name:kj
[  101.665579] nova: buf is 
[  101.665579] nova: ph is /kj
[  101.665580] nova: dafs finish get dentry path
[  101.665581] nova: strictly full name is /kj
[  101.665582] nova: strictly full name length is 3
[  101.665583] nova: dafs start to find dzt
[  101.665584] nova: test path len is 0
[  101.665585] nova: dafs finish finding dzt:0, zone addr 0x1075863552
[  101.665586] nova: path name is /
[  101.665587] nova: the ze addr is 1075863552
[  101.665588] nova: full name is /kj
[  101.665589] nova: the ze addr is 1075863552, the ze number is 0,  the hash table head is 2121728
[  101.665590] nova: dafs start to lookup in hashtable
[  101.665591] nova: lookup_in_hashtable:not find pos
[  101.665592] nova: dafs finish lookup in hash table
[  101.665593] nova: not found dentry in nvm
[  101.665594] nova: dafs_find_direntry:dafs finish find direntry
[  101.665595] nova: dafs_lookup: look up get ino 0
[  101.665596] nova: dafs_lookup:dafs finish lookup 0
[  101.665598] nova: dafs_mkdir:dafs start to mkdir
[  101.665599] nova: dafs start make ino
[  101.665600] nova: nova_get_inode_address:dafs get inode addr
[  101.665602] nova: nova_get_inode_address:dbg blk_type is 6, dafs_bits is 0
[  101.665602] nova: nova_get_inode_address:dbg ino is16,internal_ino is 16, num cpus is 1
[  101.665604] nova: dafs get inode table
[  101.665604] nova: nova_get_inode_address:inode_table log head is 24576
[  101.665606] nova: nova_get_inode_address:index is 16, supercount is 0
[  101.665606] nova: nova_get_inode_address:inode table addr is 24576
[  101.665608] nova: nova_get_inode_address:dafs finish find inode at 26624
[  101.665608] nova: ino is 16
[  101.665609] nova: dafs_mkdir: name kj
[  101.665611] nova: dafs_mkdir: inode 16, dir 1, link 2
[  101.665612] nova: dafs_add_dentry:dafs start to add dentry
[  101.665613] nova: get_dentry_path:dafs get dentry path
[  101.665614] nova: fs path is: /
[  101.665615] nova: fs path is: /
[  101.665615] nova: mount point is:/
[  101.665616] nova: dentry name is kj
[  101.665617] nova: par dir not root, ph is /mnt/ramdisk
[  101.665618] nova: get_dentry_path:dafs append file name:kj
[  101.665619] nova: buf is 
[  101.665619] nova: ph is /kj
[  101.665620] nova: dafs finish get dentry path
[  101.665621] nova: dafs start to find dzt
[  101.665622] nova: test path len is 0
[  101.665623] nova: dafs finish finding dzt:0, zone addr 0x1075863552
[  101.665624] nova: make_zone_ptr start
[  101.665625] nova: full name is /kj, name len is 3
[  101.665626] nova: inode addr is 1024
[  101.665627] nova: dafs_add_dentry: dir i_blocks is 1
[  101.665628] nova: dentry pos is 3, zone num is 0
[  101.665629] nova: dafs_add_dentry dir links is 2
[  101.665630] nova: dentry not need extension
[  101.665630] nova: dentry name is kj
[  101.665631] nova: dentry is root subfile
[  101.665632] nova: set pos in hash table for each zone
[  101.665633] nova: dentry /kj hashname is 820690
[  101.665633] nova: dafs record pos in hash table address is 2121728
[  101.665634] nova: dafs finish recording pos in hash table
[  101.665635] nova: set pos in par_dir info
[  101.665636] nova: dafs_add_dentry:temlen is 1, zone num is 0
[  101.665637] nova: dafs_add_dentry:par is root hash 47
[  101.665638] nova: dafs_add_dentry:dafs add pos in par
[  101.665639] nova: dafs_add_dentry:sub num is 3
[  101.665640] nova: dafs add dir info in radix tree
[  101.665640] nova: dir hash name is 820690
[  101.665642] nova: dafs start adding init part in dir
[  101.665643] nova: par ze addr is 1075863552
[  101.665644] nova: make_zone_ptr start
[  101.665645] nova: dafs_append_dir_init_entries:fname is /., name is .
[  101.665646] nova: dafs record pos in hash table address is 2121728
[  101.665647] nova: dafs finish recording pos in hash table
[  101.665648] nova: par pos is 3, cur pos is 4
[  101.665649] nova: parent hashname is 820690
[  101.665650] nova: dafs record pos in hash table address is 2121728
[  101.665651] nova: dafs finish recording pos in hash table
[  101.665652] nova: dafs finish add initial part in dir
[  101.665653] nova: dafs_add_dentry:dafs finish add dentry, ino 16, parent name /
[  101.665654] nova: dafs start make new vfs inode
[  101.665656] nova: inode addr is 1024
[  101.665657] nova: nova_new_vfs_inode: allocating inode 16 @ 0x6800
[  101.665658] nova: dafs make TYPE_MKDIR
[  101.665660] nova: dafs end making inode
[  101.665661] nova: inode addr is 26624
[  101.665662] nova: Rebuild dir 16 tree
[  101.665663] nova: Log head 0x0, tail 0x0
[  101.665664] nova: dafs_rebuild_dir_inode_tree: it is dir type
[  101.665665] nova: dafs_rebuild_dir_inode_tree:dafs finish rebuild dir inode
[  101.665666] nova: inode addr is 1024
[  101.665667] nova: dafs_lite_transaction_for_new_inode: start
[  101.665668] nova: dafs start get journal blk
[  101.665669] nova: dafs_get journal blk
[  101.665670] nova: dafs start get journal blk
[  101.665671] nova: dafs_get journal blk
[  101.665672] nova: dafs_mkdir: dafs end mkdir
[  105.908608] nova: inode addr is 26624
[  105.908611] nova: dafs_rmdir:dafs start to rmdir
[  105.908611] nova: inode addr is 1024
[  105.908612] nova: dafs_rmdir:dafs start to rmdir
[  105.908612] nova: dafs_inode_by_name:dafs start to inode by name
[  105.908613] nova: dafs_find_direntry:dafs start to find direntry
[  105.908614] nova: dentry name is kj
[  105.908614] nova: get_dentry_path:dafs get dentry path
[  105.908615] nova: fs path is: /
[  105.908615] nova: fs path is: /
[  105.908616] nova: mount point is:/
[  105.908616] nova: dentry name is kj
[  105.908617] nova: par dir not root, ph is /mnt/ramdisk
[  105.908618] nova: get_dentry_path:dafs append file name:kj
[  105.908618] nova: buf is 
[  105.908619] nova: ph is /kj
[  105.908619] nova: dafs finish get dentry path
[  105.908620] nova: strictly full name is /kj
[  105.908620] nova: strictly full name length is 3
[  105.908621] nova: dafs start to find dzt
[  105.908621] nova: test path len is 0
[  105.908622] nova: dafs finish finding dzt:0, zone addr 0x1075863552
[  105.908623] nova: path name is /
[  105.908623] nova: the ze addr is 1075863552
[  105.908624] nova: full name is /kj
[  105.908624] nova: the ze addr is 1075863552, the ze number is 0,  the hash table head is 2121728
[  105.908625] nova: dafs start to lookup in hashtable
[  105.908626] nova: dafs finish lookup in hash table
[  105.908626] nova: dir entry pos is 3
[  105.908627] nova: dafs_find_direntry:dafs finish find direntry
[  105.908628] nova: dafs_inode_by_name:dafs finish inode by name, ino is 16
[  105.908628] nova: dafs_empty_dir dafs start test empty dir
[  105.908629] nova: get_dentry_path:dafs get dentry path
[  105.908629] nova: fs path is: /
[  105.908630] nova: fs path is: /
[  105.908630] nova: mount point is:/
[  105.908630] nova: dentry name is kj
[  105.908631] nova: par dir not root, ph is /mnt/ramdisk
[  105.908632] nova: get_dentry_path:dafs append file name:kj
[  105.908632] nova: buf is 
[  105.908632] nova: ph is /kj
[  105.908633] nova: dafs finish get dentry path
[  105.908633] nova: dafs start to find dzt
[  105.908634] nova: test path len is 0
[  105.908634] nova: dafs finish finding dzt:0, zone addr 0x1075863552
[  105.908635] nova: dafs start to lookup in hashtable
[  105.908635] nova: dafs finish lookup in hash table
[  105.908636] nova: dafs_empty_dir dafs find par dir, num is 2
[  105.908636] nova: dafs_empty_dir dir is empty
[  105.908637] nova: record dir log
[  105.908637] nova: get_dentry_path:dafs get dentry path
[  105.908638] nova: fs path is: /
[  105.908638] nova: fs path is: /
[  105.908639] nova: mount point is:/
[  105.908639] nova: dentry name is kj
[  105.908640] nova: par dir not root, ph is /mnt/ramdisk
[  105.908640] nova: get_dentry_path:dafs append file name:kj
[  105.908641] nova: buf is 
[  105.908641] nova: ph is /kj
[  105.908641] nova: dafs finish get dentry path
[  105.908642] nova: dafs start to find dzt
[  105.908642] nova: test path len is 0
[  105.908643] nova: dafs finish finding dzt:0, zone addr 0x1075863552
[  105.908644] nova: dafs_get dzt blk
[  105.908644] nova: dafs make dzt pointer
[  105.908644] nova: dafs_get dzt blk
[  105.908645] nova: dafs finish make dzt bitmap pointer
[  105.908645] nova: record_dir_log end record log
[  105.908646] nova: dafs start rm dir
[  105.908646] nova: get_dentry_path:dafs get dentry path
[  105.908647] nova: fs path is: /
[  105.908647] nova: fs path is: /
[  105.908648] nova: mount point is:/
[  105.908648] nova: dentry name is kj
[  105.908649] nova: par dir not root, ph is /mnt/ramdisk
[  105.908650] nova: get_dentry_path:dafs append file name:kj
[  105.908650] nova: buf is 
[  105.908650] nova: ph is /kj
[  105.908651] nova: dafs finish get dentry path
[  105.908651] nova: dafs start to find dzt
[  105.908652] nova: test path len is 0
[  105.908652] nova: dafs finish finding dzt:0, zone addr 0x1075863552
[  105.908653] nova: dafs start to lookup in hashtable
[  105.908653] nova: dafs finish lookup in hash table
[  105.908654] nova: dafs_rm_dir get rm pos 3
[  105.908654] nova: make_zone_ptr start
[  105.908655] nova: make_invalid_htable start
[  105.908655] nova: delete_ext start
[  105.908656] nova: delete_dir_info start
[  105.908657] nova: dir sub num is 2
[  105.908657] nova: list pos 4
[  105.908658] nova: list pos 0
[  105.908667] BUG: unable to handle kernel 
[  105.908681] NULL pointer dereference at           (null)
[  105.908690] IP: [<ffffffffc032482a>] delete_dir_info+0x9a/0xd0 [nova]
[  105.908707] PGD 218edb067 PUD 217df1067 PMD 0 
[  105.908719] Oops: 0002 [#1] SMP 
[  105.908727] Modules linked in: nova(OE) vboxsf(OE) snd_intel8x0 snd_ac97_codec ac97_bus snd_pcm snd_seq_midi snd_seq_midi_event snd_rawmidi snd_seq snd_seq_device crct10dif_pclmul crc32_pclmul snd_timer vboxvideo(OE) ttm snd aesni_intel aes_x86_64 lrw drm_kms_helper drm soundcore joydev glue_helper ablk_helper cryptd fb_sys_fops syscopyarea sysfillrect sysimgblt input_leds serio_raw vboxguest(OE) i2c_piix4 mac_hid parport_pc ppdev lp parport autofs4 hid_generic usbhid hid psmouse ahci libahci fjes video e1000 pata_acpi
[  105.908885] CPU: 0 PID: 3192 Comm: rmdir Tainted: G           OE   4.3.0 #2
[  105.908898] Hardware name: innotek GmbH VirtualBox/VirtualBox, BIOS VirtualBox 12/01/2006
[  105.908914] task: ffff880079549c80 ti: ffff880215600000 task.ti: ffff880215600000
[  105.908928] RIP: 0010:[<ffffffffc032482a>]  [<ffffffffc032482a>] delete_dir_info+0x9a/0xd0 [nova]
[  105.908949] RSP: 0018:ffff880215603d70  EFLAGS: 00010282
[  105.908959] RAX: 0000000000000000 RBX: ffff8802166d4180 RCX: 0000000000000010
[  105.908973] RDX: ffff8802166d40e0 RSI: 0000000000000246 RDI: ffff8802166d4180
[  105.908987] RBP: ffff880215603d80 R08: ffffffff81efc0c2 R09: 0000000000000383
[  105.909000] R10: ffffffffc032484d R11: 0000000000000383 R12: ffff8802166d4350
[  105.909014] R13: 00000000ffffffff R14: ffff8800799e1600 R15: ffff880056538078
[  105.909028] FS:  00007f933d1b4700(0000) GS:ffff88021fc00000(0000) knlGS:0000000000000000
[  105.909043] CS:  0010 DS: 0000 ES: 0000 CR0: 0000000080050033
[  105.909054] CR2: 0000000000000000 CR3: 000000021556b000 CR4: 00000000000406f0
[  105.909070] Stack:
[  105.909074]  ffff880217ad6800 00000000000c85d2 ffff880215603e28 ffffffffc0327831
[  105.909091]  0000000000000003 ffffc90080206585 ffff8800799e1600 ffff880064e47d20
[  105.909107]  ffffc90080206000 ffff880064e47e08 ffff88021554e680 00000003c032911a
[  105.909124] Call Trace:
[  105.909132]  [<ffffffffc0327831>] dafs_rm_dir+0x321/0x3e0 [nova]
[  105.909146]  [<ffffffffc032d2a6>] dafs_rmdir+0x1a6/0x300 [nova]
[  105.909160]  [<ffffffff81216e61>] ? shrink_dcache_parent+0x61/0x90
[  105.909173]  [<ffffffff8120b9c4>] vfs_rmdir+0xb4/0x130
[  105.909184]  [<ffffffff8120f7cf>] do_rmdir+0x1df/0x200
[  105.909195]  [<ffffffff81068144>] ? __do_page_fault+0x1b4/0x400
[  105.909208]  [<ffffffff812104b6>] SyS_rmdir+0x16/0x20
[  105.909220]  [<ffffffff817f2a32>] entry_SYSCALL_64_fastpath+0x16/0x71
[  105.909624] Code: 48 c7 c7 90 62 33 c0 e8 35 f4 e5 c0 eb d8 8b 73 10 48 c7 c7 c5 62 33 c0 e8 24 f4 e5 c0 48 8b 43 08 48 8b 13 48 89 df 48 89 42 08 <48> 89 10 48 b8 00 01 00 00 00 00 ad de 48 89 03 48 b8 00 02 00 
[  105.910945] RIP  [<ffffffffc032482a>] delete_dir_info+0x9a/0xd0 [nova]
[  105.911360]  RSP <ffff880215603d70>
[  105.911734] CR2: 0000000000000000
[  105.912127] fbcon_switch: detected unhandled fb_set_par error, error code -16
[  105.913106] fbcon_switch: detected unhandled fb_set_par error, error code -16
[  105.914091] ---[ end trace 6cdf6d3fdb3741b9 ]---
