[    0.000000] Initializing cgroup subsys cpuset
[    0.000000] Initializing cgroup subsys cpu
[    0.000000] Initializing cgroup subsys cpuacct
[    0.000000] Linux version 4.3.0 (root@cxdir-VirtualBox) (gcc version 5.4.0 20160609 (Ubuntu 5.4.0-6ubuntu1~16.04.4) ) #2 SMP Fri Sep 8 20:52:18 CST 2017
[    0.000000] Command line: BOOT_IMAGE=/boot/vmlinuz-4.3.0 memmap=4G!2G root=UUID=8918101d-1281-40c7-aa75-72b85c4a0441 ro quiet splash
[    0.000000] KERNEL supported cpus:
[    0.000000]   Intel GenuineIntel
[    0.000000]   AMD AuthenticAMD
[    0.000000]   Centaur CentaurHauls
[    0.000000] x86/fpu: xstate_offset[2]: 0240, xstate_sizes[2]: 0100
[    0.000000] x86/fpu: Supporting XSAVE feature 0x01: 'x87 floating point registers'
[    0.000000] x86/fpu: Supporting XSAVE feature 0x02: 'SSE registers'
[    0.000000] x86/fpu: Supporting XSAVE feature 0x04: 'AVX registers'
[    0.000000] x86/fpu: Enabled xstate features 0x7, context size is 0x340 bytes, using 'standard' format.
[    0.000000] x86/fpu: Using 'lazy' FPU context switches.
[    0.000000] e820: BIOS-provided physical RAM map:
[    0.000000] BIOS-e820: [mem 0x0000000000000000-0x000000000009fbff] usable
[    0.000000] BIOS-e820: [mem 0x000000000009fc00-0x000000000009ffff] reserved
[    0.000000] BIOS-e820: [mem 0x00000000000f0000-0x00000000000fffff] reserved
[    0.000000] BIOS-e820: [mem 0x0000000000100000-0x00000000dffeffff] usable
[    0.000000] BIOS-e820: [mem 0x00000000dfff0000-0x00000000dfffffff] ACPI data
[    0.000000] BIOS-e820: [mem 0x00000000fec00000-0x00000000fec00fff] reserved
[    0.000000] BIOS-e820: [mem 0x00000000fee00000-0x00000000fee00fff] reserved
[    0.000000] BIOS-e820: [mem 0x00000000fffc0000-0x00000000ffffffff] reserved
[    0.000000] BIOS-e820: [mem 0x0000000100000000-0x000000021fffffff] usable
[    0.000000] NX (Execute Disable) protection: active
[    0.000000] e820: user-defined physical RAM map:
[    0.000000] user: [mem 0x0000000000000000-0x000000000009fbff] usable
[    0.000000] user: [mem 0x000000000009fc00-0x000000000009ffff] reserved
[    0.000000] user: [mem 0x00000000000f0000-0x00000000000fffff] reserved
[    0.000000] user: [mem 0x0000000000100000-0x000000007fffffff] usable
[    0.000000] user: [mem 0x0000000080000000-0x00000000dffeffff] persistent (type 12)
[    0.000000] user: [mem 0x00000000dfff0000-0x00000000dfffffff] persistent (type 12)
[    0.000000] user: [mem 0x00000000e0000000-0x00000000febfffff] persistent (type 12)
[    0.000000] user: [mem 0x00000000fec00000-0x00000000fec00fff] persistent (type 12)
[    0.000000] user: [mem 0x00000000fec01000-0x00000000fedfffff] persistent (type 12)
[    0.000000] user: [mem 0x00000000fee00000-0x00000000fee00fff] persistent (type 12)
[    0.000000] user: [mem 0x00000000fee01000-0x00000000fffbffff] persistent (type 12)
[    0.000000] user: [mem 0x00000000fffc0000-0x00000000ffffffff] persistent (type 12)
[    0.000000] user: [mem 0x0000000100000000-0x000000017fffffff] persistent (type 12)
[    0.000000] user: [mem 0x0000000180000000-0x000000021fffffff] usable
[    0.000000] SMBIOS 2.5 present.
[    0.000000] DMI: innotek GmbH VirtualBox/VirtualBox, BIOS VirtualBox 12/01/2006
[    0.000000] Hypervisor detected: KVM
[    0.000000] e820: update [mem 0x00000000-0x00000fff] usable ==> reserved
[    0.000000] e820: remove [mem 0x000a0000-0x000fffff] usable
[    0.000000] e820: last_pfn = 0x220000 max_arch_pfn = 0x400000000
[    0.000000] MTRR default type: uncachable
[    0.000000] MTRR variable ranges disabled:
[    0.000000] x86/PAT: Configuration [0-7]: WB  WC  UC- UC  WB  WC  UC- WT  
[    0.000000] MTRR: Disabled
[    0.000000] CPU MTRRs all blank - virtualized system.
[    0.000000] e820: last_pfn = 0x100000 max_arch_pfn = 0x400000000
[    0.000000] found SMP MP-table at [mem 0x0009fff0-0x0009ffff] mapped at [ffff88000009fff0]
[    0.000000] Scanning 1 areas for low memory corruption
[    0.000000] Base memory trampoline at [ffff880000099000] 99000 size 24576
[    0.000000] init_memory_mapping: [mem 0x00000000-0x000fffff]
[    0.000000]  [mem 0x00000000-0x000fffff] page 4k
[    0.000000] BRK [0x01ffc000, 0x01ffcfff] PGTABLE
[    0.000000] BRK [0x01ffd000, 0x01ffdfff] PGTABLE
[    0.000000] BRK [0x01ffe000, 0x01ffefff] PGTABLE
[    0.000000] init_memory_mapping: [mem 0x21fe00000-0x21fffffff]
[    0.000000]  [mem 0x21fe00000-0x21fffffff] page 2M
[    0.000000] BRK [0x01fff000, 0x01ffffff] PGTABLE
[    0.000000] init_memory_mapping: [mem 0x200000000-0x21fdfffff]
[    0.000000]  [mem 0x200000000-0x21fdfffff] page 2M
[    0.000000] init_memory_mapping: [mem 0x00100000-0x7fffffff]
[    0.000000]  [mem 0x00100000-0x001fffff] page 4k
[    0.000000]  [mem 0x00200000-0x7fffffff] page 2M
[    0.000000] init_memory_mapping: [mem 0x180000000-0x1ffffffff]
[    0.000000]  [mem 0x180000000-0x1ffffffff] page 2M
[    0.000000] BRK [0x02000000, 0x02000fff] PGTABLE
[    0.000000] BRK [0x02001000, 0x02001fff] PGTABLE
[    0.000000] RAMDISK: [mem 0x33d64000-0x35ea9fff]
[    0.000000] ACPI: Early table checksum verification disabled
[    0.000000] ACPI: RSDP 0x00000000000E0000 000024 (v02 VBOX  )
[    0.000000] ACPI: XSDT 0x00000000DFFF0030 00003C (v01 VBOX   VBOXXSDT 00000001 ASL  00000061)
[    0.000000] ACPI: FACP 0x00000000DFFF00F0 0000F4 (v04 VBOX   VBOXFACP 00000001 ASL  00000061)
[    0.000000] ACPI: DSDT 0x00000000DFFF0470 00210F (v01 VBOX   VBOXBIOS 00000002 INTL 20100528)
[    0.000000] ACPI: FACS 0x00000000DFFF0200 000040
[    0.000000] ACPI: FACS 0x00000000DFFF0200 000040
[    0.000000] ACPI: APIC 0x00000000DFFF0240 000054 (v02 VBOX   VBOXAPIC 00000001 ASL  00000061)
[    0.000000] ACPI: SSDT 0x00000000DFFF02A0 0001CC (v01 VBOX   VBOXCPUT 00000002 INTL 20100528)
[    0.000000] ACPI: Local APIC address 0xfee00000
[    0.000000] No NUMA configuration found
[    0.000000] Faking a node at [mem 0x0000000000000000-0x000000021fffffff]
[    0.000000] NODE_DATA(0) allocated [mem 0x21fffa000-0x21fffefff]
[    0.000000] kvm-clock: Using msrs 4b564d01 and 4b564d00
[    0.000000] kvm-clock: cpu 0, msr 2:1fff2001, primary cpu clock
[    0.000000] clocksource: kvm-clock: mask: 0xffffffffffffffff max_cycles: 0x1cd42e4dffb, max_idle_ns: 881590591483 ns
[    0.000000]  [ffffea0000000000-ffffea00087fffff] PMD -> [ffff88021ae00000-ffff88021f5fffff] on node 0
[    0.000000] Zone ranges:
[    0.000000]   DMA      [mem 0x0000000000001000-0x0000000000ffffff]
[    0.000000]   DMA32    [mem 0x0000000001000000-0x00000000ffffffff]
[    0.000000]   Normal   [mem 0x0000000100000000-0x000000021fffffff]
[    0.000000] Movable zone start for each node
[    0.000000] Early memory node ranges
[    0.000000]   node   0: [mem 0x0000000000001000-0x000000000009efff]
[    0.000000]   node   0: [mem 0x0000000000100000-0x000000007fffffff]
[    0.000000]   node   0: [mem 0x0000000180000000-0x000000021fffffff]
[    0.000000] Initmem setup node 0 [mem 0x0000000000001000-0x000000021fffffff]
[    0.000000] On node 0 totalpages: 1179550
[    0.000000]   DMA zone: 64 pages used for memmap
[    0.000000]   DMA zone: 21 pages reserved
[    0.000000]   DMA zone: 3998 pages, LIFO batch:0
[    0.000000]   DMA32 zone: 8128 pages used for memmap
[    0.000000]   DMA32 zone: 520192 pages, LIFO batch:31
[    0.000000]   Normal zone: 10240 pages used for memmap
[    0.000000]   Normal zone: 655360 pages, LIFO batch:31
[    0.000000] ACPI: PM-Timer IO Port: 0x4008
[    0.000000] ACPI: Local APIC address 0xfee00000
[    0.000000] IOAPIC[0]: apic_id 1, version 32, address 0xfec00000, GSI 0-23
[    0.000000] ACPI: INT_SRC_OVR (bus 0 bus_irq 0 global_irq 2 dfl dfl)
[    0.000000] ACPI: INT_SRC_OVR (bus 0 bus_irq 9 global_irq 9 high level)
[    0.000000] ACPI: IRQ0 used by override.
[    0.000000] ACPI: IRQ9 used by override.
[    0.000000] Using ACPI (MADT) for SMP configuration information
[    0.000000] smpboot: Allowing 1 CPUs, 0 hotplug CPUs
[    0.000000] PM: Registered nosave memory: [mem 0x00000000-0x00000fff]
[    0.000000] PM: Registered nosave memory: [mem 0x0009f000-0x0009ffff]
[    0.000000] PM: Registered nosave memory: [mem 0x000a0000-0x000effff]
[    0.000000] PM: Registered nosave memory: [mem 0x000f0000-0x000fffff]
[    0.000000] PM: Registered nosave memory: [mem 0x80000000-0xdffeffff]
[    0.000000] PM: Registered nosave memory: [mem 0xdfff0000-0xdfffffff]
[    0.000000] PM: Registered nosave memory: [mem 0xe0000000-0xfebfffff]
[    0.000000] PM: Registered nosave memory: [mem 0xfec00000-0xfec00fff]
[    0.000000] PM: Registered nosave memory: [mem 0xfec01000-0xfedfffff]
[    0.000000] PM: Registered nosave memory: [mem 0xfee00000-0xfee00fff]
[    0.000000] PM: Registered nosave memory: [mem 0xfee01000-0xfffbffff]
[    0.000000] PM: Registered nosave memory: [mem 0xfffc0000-0xffffffff]
[    0.000000] PM: Registered nosave memory: [mem 0x100000000-0x17fffffff]
[    0.000000] e820: cannot find a gap in the 32bit address range
               e820: PCI devices with unassigned 32bit BARs may break!
[    0.000000] e820: [mem 0x220100000-0x2204fffff] available for PCI devices
[    0.000000] Booting paravirtualized kernel on KVM
[    0.000000] clocksource: refined-jiffies: mask: 0xffffffff max_cycles: 0xffffffff, max_idle_ns: 7645519600211568 ns
[    0.000000] setup_percpu: NR_CPUS:512 nr_cpumask_bits:512 nr_cpu_ids:1 nr_node_ids:1
[    0.000000] PERCPU: Embedded 33 pages/cpu @ffff88021fc00000 s97496 r8192 d29480 u2097152
[    0.000000] pcpu-alloc: s97496 r8192 d29480 u2097152 alloc=1*2097152
[    0.000000] pcpu-alloc: [0] 0 
[    0.000000] PV qspinlock hash table entries: 256 (order: 0, 4096 bytes)
[    0.000000] Built 1 zonelists in Node order, mobility grouping on.  Total pages: 1161097
[    0.000000] Policy zone: Normal
[    0.000000] Kernel command line: BOOT_IMAGE=/boot/vmlinuz-4.3.0 memmap=4G!2G root=UUID=8918101d-1281-40c7-aa75-72b85c4a0441 ro quiet splash
[    0.000000] PID hash table entries: 4096 (order: 3, 32768 bytes)
[    0.000000] Calgary: detecting Calgary via BIOS EBDA area
[    0.000000] Calgary: Unable to locate Rio Grande table in EBDA - bailing!
[    0.000000] Memory: 4527432K/4718200K available (8158K kernel code, 1248K rwdata, 3880K rodata, 1456K init, 1332K bss, 190768K reserved, 0K cma-reserved)
[    0.000000] SLUB: HWalign=64, Order=0-3, MinObjects=0, CPUs=1, Nodes=1
[    0.000000] Hierarchical RCU implementation.
[    0.000000] 	Build-time adjustment of leaf fanout to 64.
[    0.000000] 	RCU restricting CPUs from NR_CPUS=512 to nr_cpu_ids=1.
[    0.000000] RCU: Adjusting geometry for rcu_fanout_leaf=64, nr_cpu_ids=1
[    0.000000] NR_IRQS:33024 nr_irqs:256 16
[    0.000000] Console: colour VGA+ 80x25
[    0.000000] console [tty0] enabled
[    0.000000] tsc: Detected 3591.704 MHz processor
[    5.232282] Calibrating delay loop (skipped) preset value.. 7183.40 BogoMIPS (lpj=14366816)
[    5.232285] pid_max: default: 32768 minimum: 301
[    5.232289] ACPI: Core revision 20150818
[    5.232992] ACPI: 2 ACPI AML tables successfully acquired and loaded
[    5.233004] Security Framework initialized
[    5.233005] Yama: becoming mindful.
[    5.233011] AppArmor: AppArmor initialized
[    5.234328] Dentry cache hash table entries: 1048576 (order: 11, 8388608 bytes)
[    5.238873] Inode-cache hash table entries: 524288 (order: 10, 4194304 bytes)
[    5.240373] Mount-cache hash table entries: 16384 (order: 5, 131072 bytes)
[    5.240380] Mountpoint-cache hash table entries: 16384 (order: 5, 131072 bytes)
[    5.240525] Initializing cgroup subsys io
[    5.240529] Initializing cgroup subsys memory
[    5.240533] Initializing cgroup subsys devices
[    5.240534] Initializing cgroup subsys freezer
[    5.240536] Initializing cgroup subsys net_cls
[    5.240537] Initializing cgroup subsys perf_event
[    5.240538] Initializing cgroup subsys net_prio
[    5.240540] Initializing cgroup subsys hugetlb
[    5.240542] Initializing cgroup subsys pids
[    5.240600] CPU: Physical Processor ID: 0
[    5.241355] mce: CPU supports 0 MCE banks
[    5.241372] process: using mwait in idle threads
[    5.241376] Last level iTLB entries: 4KB 1024, 2MB 1024, 4MB 1024
[    5.241376] Last level dTLB entries: 4KB 1024, 2MB 1024, 4MB 1024, 1GB 4
[    5.251427] Freeing SMP alternatives memory: 28K (ffffffff81ea6000 - ffffffff81ead000)
[    5.257382] ftrace: allocating 31208 entries in 122 pages
[    5.288792] x2apic enabled
[    5.288966] Switched APIC routing to physical x2apic.
[    5.289792] ..TIMER: vector=0x30 apic1=0 pin1=2 apic2=-1 pin2=-1
[    5.397380] smpboot: CPU0: Intel(R) Core(TM) i7-4790 CPU @ 3.60GHz (family: 0x6, model: 0x3c, stepping: 0x3)
[    5.397416] Performance Events: unsupported p6 CPU model 60 no PMU driver, software events only.
[    5.397426] KVM setup paravirtual spinlock
[    5.398047] x86: Booted up 1 node, 1 CPUs
[    5.398050] smpboot: Total of 1 processors activated (7183.40 BogoMIPS)
[    5.399374] devtmpfs: initialized
[    5.401492] evm: security.selinux
[    5.401494] evm: security.SMACK64
[    5.401495] evm: security.SMACK64EXEC
[    5.401496] evm: security.SMACK64TRANSMUTE
[    5.401496] evm: security.SMACK64MMAP
[    5.401497] evm: security.ima
[    5.401498] evm: security.capability
[    5.401612] clocksource: jiffies: mask: 0xffffffff max_cycles: 0xffffffff, max_idle_ns: 7645041785100000 ns
[    5.401692] pinctrl core: initialized pinctrl subsystem
[    5.401811] RTC time:  3:46:41, date: 12/09/17
[    5.401932] NET: Registered protocol family 16
[    5.402069] cpuidle: using governor ladder
[    5.402071] cpuidle: using governor menu
[    5.402074] PCCT header not found.
[    5.402130] ACPI: bus type PCI registered
[    5.402132] acpiphp: ACPI Hot Plug PCI Controller Driver version: 0.5
[    5.402236] PCI: Using configuration type 1 for base access
[    5.403442] ACPI: Added _OSI(Module Device)
[    5.403444] ACPI: Added _OSI(Processor Device)
[    5.403445] ACPI: Added _OSI(3.0 _SCP Extensions)
[    5.403445] ACPI: Added _OSI(Processor Aggregator Device)
[    5.403935] ACPI: Executed 1 blocks of module-level executable AML code
[    5.405592] ACPI: Interpreter enabled
[    5.405596] ACPI Exception: AE_NOT_FOUND, While evaluating Sleep State [\_S1_] (20150818/hwxface-580)
[    5.405598] ACPI Exception: AE_NOT_FOUND, While evaluating Sleep State [\_S2_] (20150818/hwxface-580)
[    5.405600] ACPI Exception: AE_NOT_FOUND, While evaluating Sleep State [\_S3_] (20150818/hwxface-580)
[    5.405602] ACPI Exception: AE_NOT_FOUND, While evaluating Sleep State [\_S4_] (20150818/hwxface-580)
[    5.405605] ACPI: (supports S0 S5)
[    5.405606] ACPI: Using IOAPIC for interrupt routing
[    5.405704] PCI: Using host bridge windows from ACPI; if necessary, use "pci=nocrs" and report a bug
[    5.408102] ACPI: PCI Root Bridge [PCI0] (domain 0000 [bus 00-ff])
[    5.408106] acpi PNP0A03:00: _OSC: OS supports [ASPM ClockPM Segments MSI]
[    5.408109] acpi PNP0A03:00: _OSC failed (AE_NOT_FOUND); disabling ASPM
[    5.408140] acpi PNP0A03:00: fail to add MMCONFIG information, can't access extended PCI configuration space under this bridge.
[    5.408298] PCI host bridge to bus 0000:00
[    5.408301] pci_bus 0000:00: root bus resource [bus 00-ff]
[    5.408303] pci_bus 0000:00: root bus resource [io  0x0000-0x0cf7 window]
[    5.408304] pci_bus 0000:00: root bus resource [io  0x0d00-0xffff window]
[    5.408306] pci_bus 0000:00: root bus resource [mem 0x000a0000-0x000bffff window]
[    5.408307] pci_bus 0000:00: root bus resource [mem 0xe0000000-0xffdfffff window]
[    5.408342] pci 0000:00:00.0: [8086:1237] type 00 class 0x060000
[    5.408712] pci 0000:00:01.0: [8086:7000] type 00 class 0x060100
[    5.409131] pci 0000:00:01.1: [8086:7111] type 00 class 0x01018a
[    5.409411] pci 0000:00:01.1: reg 0x20: [io  0xd000-0xd00f]
[    5.409519] pci 0000:00:01.1: legacy IDE quirk: reg 0x10: [io  0x01f0-0x01f7]
[    5.409520] pci 0000:00:01.1: legacy IDE quirk: reg 0x14: [io  0x03f6]
[    5.409521] pci 0000:00:01.1: legacy IDE quirk: reg 0x18: [io  0x0170-0x0177]
[    5.409522] pci 0000:00:01.1: legacy IDE quirk: reg 0x1c: [io  0x0376]
[    5.409655] pci 0000:00:02.0: [80ee:beef] type 00 class 0x030000
[    5.414256] pci 0000:00:02.0: reg 0x10: [mem 0xe0000000-0xe0ffffff pref]
[    5.441959] pci 0000:00:03.0: [8086:100e] type 00 class 0x020000
[    5.446277] pci 0000:00:03.0: reg 0x10: [mem 0xf0000000-0xf001ffff]
[    5.455269] pci 0000:00:03.0: reg 0x18: [io  0xd010-0xd017]
[    5.473903] pci 0000:00:04.0: [80ee:cafe] type 00 class 0x088000
[    5.477963] pci 0000:00:04.0: reg 0x10: [io  0xd020-0xd03f]
[    5.483060] pci 0000:00:04.0: reg 0x14: [mem 0xf0400000-0xf07fffff]
[    5.487314] pci 0000:00:04.0: reg 0x18: [mem 0xf0800000-0xf0803fff pref]
[    5.506385] pci 0000:00:05.0: [8086:2415] type 00 class 0x040100
[    5.506505] pci 0000:00:05.0: reg 0x10: [io  0xd100-0xd1ff]
[    5.506569] pci 0000:00:05.0: reg 0x14: [io  0xd200-0xd23f]
[    5.507082] pci 0000:00:06.0: [106b:003f] type 00 class 0x0c0310
[    5.511719] pci 0000:00:06.0: reg 0x10: [mem 0xf0804000-0xf0804fff]
[    5.538398] pci 0000:00:07.0: [8086:7113] type 00 class 0x068000
[    5.538739] pci 0000:00:07.0: quirk: [io  0x4000-0x403f] claimed by PIIX4 ACPI
[    5.538746] pci 0000:00:07.0: quirk: [io  0x4100-0x410f] claimed by PIIX4 SMB
[    5.538918] pci 0000:00:0b.0: [8086:265c] type 00 class 0x0c0320
[    5.543067] pci 0000:00:0b.0: reg 0x10: [mem 0xf0805000-0xf0805fff]
[    5.570068] pci 0000:00:0d.0: [8086:2829] type 00 class 0x010601
[    5.574200] pci 0000:00:0d.0: reg 0x10: [io  0xd240-0xd247]
[    5.583661] pci 0000:00:0d.0: reg 0x18: [io  0xd250-0xd257]
[    5.591748] pci 0000:00:0d.0: reg 0x20: [io  0xd260-0xd26f]
[    5.596197] pci 0000:00:0d.0: reg 0x24: [mem 0xf0806000-0xf0807fff]
[    5.602018] ACPI: PCI Interrupt Link [LNKA] (IRQs 5 9 10 *11)
[    5.602188] ACPI: PCI Interrupt Link [LNKB] (IRQs 5 9 10 *11)
[    5.602245] ACPI: PCI Interrupt Link [LNKC] (IRQs 5 9 *10 11)
[    5.602300] ACPI: PCI Interrupt Link [LNKD] (IRQs 5 *9 10 11)
[    5.602381] ACPI: Enabled 2 GPEs in block 00 to 07
[    5.602473] vgaarb: setting as boot device: PCI:0000:00:02.0
[    5.602475] vgaarb: device added: PCI:0000:00:02.0,decodes=io+mem,owns=io+mem,locks=none
[    5.602476] vgaarb: loaded
[    5.602477] vgaarb: bridge control possible 0000:00:02.0
[    5.602630] SCSI subsystem initialized
[    5.602660] libata version 3.00 loaded.
[    5.602675] ACPI: bus type USB registered
[    5.602685] usbcore: registered new interface driver usbfs
[    5.602690] usbcore: registered new interface driver hub
[    5.602695] usbcore: registered new device driver usb
[    5.602766] PCI: Using ACPI for IRQ routing
[    5.602767] PCI: pci_cache_line_size set to 64 bytes
[    5.602895] Expanded resource Persistent Memory (legacy) due to conflict with PCI Bus 0000:00
[    5.602897] e820: reserve RAM buffer [mem 0x0009fc00-0x0009ffff]
[    5.602972] NetLabel: Initializing
[    5.602973] NetLabel:  domain hash size = 128
[    5.602973] NetLabel:  protocols = UNLABELED CIPSOv4
[    5.602981] NetLabel:  unlabeled traffic allowed by default
[    5.603059] clocksource: Switched to clocksource kvm-clock
[    5.608299] AppArmor: AppArmor Filesystem Enabled
[    5.608337] pnp: PnP ACPI init
[    5.608376] pnp 00:00: Plug and Play ACPI device, IDs PNP0303 (active)
[    5.608419] pnp 00:01: Plug and Play ACPI device, IDs PNP0f03 (active)
[    5.608792] pnp: PnP ACPI: found 2 devices
[    5.614291] clocksource: acpi_pm: mask: 0xffffff max_cycles: 0xffffff, max_idle_ns: 2085701024 ns
[    5.614306] pci_bus 0000:00: resource 4 [io  0x0000-0x0cf7 window]
[    5.614307] pci_bus 0000:00: resource 5 [io  0x0d00-0xffff window]
[    5.614308] pci_bus 0000:00: resource 6 [mem 0x000a0000-0x000bffff window]
[    5.614309] pci_bus 0000:00: resource 7 [mem 0xe0000000-0xffdfffff window]
[    5.614339] NET: Registered protocol family 2
[    5.614486] TCP established hash table entries: 65536 (order: 7, 524288 bytes)
[    5.615583] TCP bind hash table entries: 65536 (order: 8, 1048576 bytes)
[    5.615825] TCP: Hash tables configured (established 65536 bind 65536)
[    5.615849] UDP hash table entries: 4096 (order: 5, 131072 bytes)
[    5.615879] UDP-Lite hash table entries: 4096 (order: 5, 131072 bytes)
[    5.615943] NET: Registered protocol family 1
[    5.615955] pci 0000:00:00.0: Limiting direct PCI/PCI transfers
[    5.615988] pci 0000:00:01.0: Activating ISA DMA hang workarounds
[    5.616015] pci 0000:00:02.0: Video device with shadowed ROM
[    5.616328] PCI: CLS 0 bytes, default 64
[    5.616382] Trying to unpack rootfs image as initramfs...
[    6.007582] Freeing initrd memory: 34072K (ffff880033d64000 - ffff880035eaa000)
[    6.007614] PCI-DMA: Using software bounce buffering for IO (SWIOTLB)
[    6.007616] software IO TLB [mem 0x7c000000-0x80000000] (64MB) mapped at [ffff88007c000000-ffff88007fffffff]
[    6.007682] platform rtc_cmos: registered platform RTC device (no PNP device found)
[    6.007692] RAPL PMU detected, API unit is 2^-32 Joules, 4 fixed counters 10737418240 ms ovfl timer
[    6.007693] hw unit of domain pp0-core 2^-0 Joules
[    6.007694] hw unit of domain package 2^-0 Joules
[    6.007694] hw unit of domain dram 2^-0 Joules
[    6.007695] hw unit of domain pp1-gpu 2^-0 Joules
[    6.007718] microcode: CPU0 sig=0x306c3, pf=0x40, revision=0x0
[    6.007748] microcode: Microcode Update Driver: v2.00 <tigran@aivazian.fsnet.co.uk>, Peter Oruba
[    6.007803] Scanning for low memory corruption every 60 seconds
[    6.008101] futex hash table entries: 256 (order: 2, 16384 bytes)
[    6.008124] audit: initializing netlink subsys (disabled)
[    6.008144] audit: type=2000 audit(1512791208.288:1): initialized
[    6.008315] Initialise system trusted keyring
[    6.008367] HugeTLB registered 2 MB page size, pre-allocated 0 pages
[    6.009428] zbud: loaded
[    6.009550] VFS: Disk quotas dquot_6.6.0
[    6.009568] VFS: Dquot-cache hash table entries: 512 (order 0, 4096 bytes)
[    6.009737] squashfs: version 4.0 (2009/01/31) Phillip Lougher
[    6.009852] fuse init (API version 7.23)
[    6.009923] Key type big_key registered
[    6.010293] Key type asymmetric registered
[    6.010295] Asymmetric key parser 'x509' registered
[    6.010305] Block layer SCSI generic (bsg) driver version 0.4 loaded (major 249)
[    6.010317] io scheduler noop registered
[    6.010318] io scheduler deadline registered (default)
[    6.010337] io scheduler cfq registered
[    6.010388] pci_hotplug: PCI Hot Plug PCI Core version: 0.5
[    6.010392] pciehp: PCI Express Hot Plug Controller Driver version: 0.4
[    6.011323] ACPI: AC Adapter [AC] (on-line)
[    6.011366] input: Power Button as /devices/LNXSYSTM:00/LNXPWRBN:00/input/input0
[    6.011369] ACPI: Power Button [PWRF]
[    6.011458] input: Sleep Button as /devices/LNXSYSTM:00/LNXSLPBN:00/input/input1
[    6.011460] ACPI: Sleep Button [SLPF]
[    6.011564] GHES: HEST is not enabled!
[    6.011635] Serial: 8250/16550 driver, 32 ports, IRQ sharing enabled
[    6.012398] Linux agpgart interface v0.103
[    6.014295] brd: module loaded
[    6.014843] loop: module loaded
[    6.015085] ata_piix 0000:00:01.1: version 2.13
[    6.015589] nd_pmem namespace0.0: unable to guarantee persistence of writes
[    6.016582] pmem0: detected capacity change from 0 to 1610547200
[    6.016630] nd_pmem namespace2.0: unable to guarantee persistence of writes
[    6.016632] nd_pmem namespace2.0: could not reserve region [0x0x00000000e0000000:0x1ffc0000]
[    6.016633] nd_pmem: probe of namespace2.0 failed with error -16
[    6.016678] nd_pmem namespace4.0: unable to guarantee persistence of writes
[    6.017590] pmem4: detected capacity change from 0 to 2147483648
[    6.017598] scsi host0: ata_piix
[    6.017640] scsi host1: ata_piix
[    6.017659] ata1: PATA max UDMA/33 cmd 0x1f0 ctl 0x3f6 bmdma 0xd000 irq 14
[    6.017660] ata2: PATA max UDMA/33 cmd 0x170 ctl 0x376 bmdma 0xd008 irq 15
[    6.017717] libphy: Fixed MDIO Bus: probed
[    6.017720] tun: Universal TUN/TAP device driver, 1.6
[    6.017720] tun: (C) 1999-2004 Max Krasnyansky <maxk@qualcomm.com>
[    6.017924] PPP generic driver version 2.4.2
[    6.017967] ehci_hcd: USB 2.0 'Enhanced' Host Controller (EHCI) Driver
[    6.017970] ehci-pci: EHCI PCI platform driver
[    6.018302] ehci-pci 0000:00:0b.0: EHCI Host Controller
[    6.018307] ehci-pci 0000:00:0b.0: new USB bus registered, assigned bus number 1
[    6.018441] ehci-pci 0000:00:0b.0: irq 19, io mem 0xf0805000
[    6.027074] ehci-pci 0000:00:0b.0: USB 2.0 started, EHCI 1.00
[    6.027112] usb usb1: New USB device found, idVendor=1d6b, idProduct=0002
[    6.027114] usb usb1: New USB device strings: Mfr=3, Product=2, SerialNumber=1
[    6.027116] usb usb1: Product: EHCI Host Controller
[    6.027118] usb usb1: Manufacturer: Linux 4.3.0 ehci_hcd
[    6.027119] usb usb1: SerialNumber: 0000:00:0b.0
[    6.027209] hub 1-0:1.0: USB hub found
[    6.027215] hub 1-0:1.0: 12 ports detected
[    6.027458] ehci-platform: EHCI generic platform driver
[    6.027468] ohci_hcd: USB 1.1 'Open' Host Controller (OHCI) Driver
[    6.027472] ohci-pci: OHCI PCI platform driver
[    6.027933] ohci-pci 0000:00:06.0: OHCI PCI host controller
[    6.027938] ohci-pci 0000:00:06.0: new USB bus registered, assigned bus number 2
[    6.027993] ohci-pci 0000:00:06.0: irq 22, io mem 0xf0804000
[    6.083469] usb usb2: New USB device found, idVendor=1d6b, idProduct=0001
[    6.083471] usb usb2: New USB device strings: Mfr=3, Product=2, SerialNumber=1
[    6.083473] usb usb2: Product: OHCI PCI host controller
[    6.083474] usb usb2: Manufacturer: Linux 4.3.0 ohci_hcd
[    6.083474] usb usb2: SerialNumber: 0000:00:06.0
[    6.083565] hub 2-0:1.0: USB hub found
[    6.083574] hub 2-0:1.0: 12 ports detected
[    6.083807] ohci-platform: OHCI generic platform driver
[    6.083817] uhci_hcd: USB Universal Host Controller Interface driver
[    6.083853] i8042: PNP: PS/2 Controller [PNP0303:PS2K,PNP0f03:PS2M] at 0x60,0x64 irq 1,12
[    6.084215] serio: i8042 KBD port at 0x60,0x64 irq 1
[    6.084218] serio: i8042 AUX port at 0x60,0x64 irq 12
[    6.084287] mousedev: PS/2 mouse device common for all mice
[    6.084452] input: AT Translated Set 2 keyboard as /devices/platform/i8042/serio0/input/input2
[    6.084693] rtc_cmos rtc_cmos: rtc core: registered rtc_cmos as rtc0
[    6.084730] rtc_cmos rtc_cmos: alarms up to one day, 114 bytes nvram
[    6.084734] i2c /dev entries driver
[    6.084768] device-mapper: uevent: version 1.0.3
[    6.084803] device-mapper: ioctl: 4.33.0-ioctl (2015-8-18) initialised: dm-devel@redhat.com
[    6.084815] ledtrig-cpu: registered to indicate activity on CPUs
[    6.084976] NET: Registered protocol family 10
[    6.085085] NET: Registered protocol family 17
[    6.085093] Key type dns_resolver registered
[    6.085226] registered taskstats version 1
[    6.085241] Loading compiled-in X.509 certificates
[    6.085717] Loaded X.509 cert 'Build time autogenerated kernel key: 0759ca4de3f7631372cabbbeea3b24c381c013ce'
[    6.085729] zswap: loaded using pool lzo/zbud
[    6.086706] Key type trusted registered
[    6.088329] Key type encrypted registered
[    6.088334] AppArmor: AppArmor sha1 policy hashing enabled
[    6.088337] ima: No TPM chip found, activating TPM-bypass!
[    6.088349] evm: HMAC attrs: 0x1
[    6.088566]   Magic number: 13:264:765
[    6.088621] rtc_cmos rtc_cmos: setting system clock to 2017-12-09 03:46:42 UTC (1512791202)
[    6.088657] BIOS EDD facility v0.16 2004-Jun-25, 0 devices found
[    6.088657] EDD information not available.
[    6.088687] PM: Hibernation image not present or could not be loaded.
[    6.172300] ata2.00: ATAPI: VBOX CD-ROM, 1.0, max UDMA/133
[    6.172561] ata2.00: configured for UDMA/33
[    6.172823] scsi 1:0:0:0: CD-ROM            VBOX     CD-ROM           1.0  PQ: 0 ANSI: 5
[    6.180113] sr 1:0:0:0: [sr0] scsi3-mmc drive: 32x/32x xa/form2 tray
[    6.180115] cdrom: Uniform CD-ROM driver Revision: 3.20
[    6.180183] sr 1:0:0:0: Attached scsi CD-ROM sr0
[    6.180328] sr 1:0:0:0: Attached scsi generic sg0 type 5
[    6.180505] Freeing unused kernel memory: 1456K (ffffffff81d3a000 - ffffffff81ea6000)
[    6.180506] Write protecting the kernel read-only data: 12288k
[    6.180578] Freeing unused kernel memory: 20K (ffff8800017fb000 - ffff880001800000)
[    6.180619] Freeing unused kernel memory: 216K (ffff880001bca000 - ffff880001c00000)
[    6.185980] random: udevadm urandom read with 1 bits of entropy available
[    6.206835] e1000: Intel(R) PRO/1000 Network Driver - version 7.3.21-k8-NAPI
[    6.206837] e1000: Copyright (c) 1999-2006 Intel Corporation.
[    6.214273] ACPI: Video Device [GFX0] (multi-head: yes  rom: no  post: no)
[    6.214316] input: Video Bus as /devices/LNXSYSTM:00/LNXSYBUS:00/PNP0A03:00/LNXVIDEO:00/input/input4
[    6.215645] FUJITSU Extended Socket Network Device Driver - version 1.0 - Copyright (c) 2015 FUJITSU LIMITED
[    6.512352] input: ImExPS/2 Generic Explorer Mouse as /devices/platform/i8042/serio1/input/input5
[    6.550726] e1000 0000:00:03.0 eth0: (PCI:33MHz:32-bit) 08:00:27:7d:c1:92
[    6.550730] e1000 0000:00:03.0 eth0: Intel(R) PRO/1000 Network Connection
[    6.551040] ahci 0000:00:0d.0: version 3.0
[    6.551123] ahci 0000:00:0d.0: SSS flag set, parallel bus scan disabled
[    6.551207] ahci 0000:00:0d.0: AHCI 0001.0100 32 slots 1 ports 3 Gbps 0x1 impl SATA mode
[    6.551209] ahci 0000:00:0d.0: flags: 64bit ncq stag only ccc 
[    6.551970] e1000 0000:00:03.0 enp0s3: renamed from eth0
[    6.552598] scsi host2: ahci
[    6.552641] ata3: SATA max UDMA/133 abar m8192@0xf0806000 port 0xf0806100 irq 21
[    6.724472] usb 2-1: new full-speed USB device number 2 using ohci-pci
[    6.872054] ata3: SATA link up 3.0 Gbps (SStatus 123 SControl 300)
[    6.872116] ata3.00: ATA-6: VBOX HARDDISK, 1.0, max UDMA/133
[    6.872118] ata3.00: 268435456 sectors, multi 128: LBA48 NCQ (depth 31/32)
[    6.872171] ata3.00: configured for UDMA/133
[    6.872241] scsi 2:0:0:0: Direct-Access     ATA      VBOX HARDDISK    1.0  PQ: 0 ANSI: 5
[    6.872489] sd 2:0:0:0: [sda] 268435456 512-byte logical blocks: (137 GB/128 GiB)
[    6.872502] sd 2:0:0:0: [sda] Write Protect is off
[    6.872504] sd 2:0:0:0: [sda] Mode Sense: 00 3a 00 00
[    6.872510] sd 2:0:0:0: [sda] Write cache: enabled, read cache: enabled, doesn't support DPO or FUA
[    6.872720] sd 2:0:0:0: Attached scsi generic sg1 type 0
[    6.976105]  sda: sda1 sda2 < sda5 >
[    6.976266] sd 2:0:0:0: [sda] Attached SCSI disk
[    7.001064] usb 2-1: New USB device found, idVendor=80ee, idProduct=0021
[    7.001067] usb 2-1: New USB device strings: Mfr=1, Product=3, SerialNumber=0
[    7.001068] usb 2-1: Product: USB Tablet
[    7.001069] usb 2-1: Manufacturer: VirtualBox
[    7.007488] tsc: Refined TSC clocksource calibration: 3591.042 MHz
[    7.007491] clocksource: tsc: mask: 0xffffffffffffffff max_cycles: 0x33c34579578, max_idle_ns: 440795379764 ns
[    7.010192] hidraw: raw HID events driver (C) Jiri Kosina
[    7.024386] usbcore: registered new interface driver usbhid
[    7.024388] usbhid: USB HID core driver
[    7.031505] input: VirtualBox USB Tablet as /devices/pci0000:00/0000:00:06.0/usb2/2-1/2-1:1.0/0003:80EE:0021.0001/input/input6
[    7.031661] hid-generic 0003:80EE:0021.0001: input,hidraw0: USB HID v1.10 Mouse [VirtualBox USB Tablet] on usb-0000:00:06.0-1/input0
[    9.532172] floppy0: no floppy controllers found
[    9.532207] work still pending
[    9.821342] EXT4-fs (sda1): mounted filesystem with ordered data mode. Opts: (null)
[   11.047716] systemd[1]: systemd 229 running in system mode. (+PAM +AUDIT +SELINUX +IMA +APPARMOR +SMACK +SYSVINIT +UTMP +LIBCRYPTSETUP +GCRYPT +GNUTLS +ACL +XZ -LZ4 +SECCOMP +BLKID +ELFUTILS +KMOD -IDN)
[   11.047740] systemd[1]: Detected virtualization oracle.
[   11.047742] systemd[1]: Detected architecture x86-64.
[   11.054112] systemd[1]: Set hostname to <cxdir-VirtualBox>.
[   11.227252] random: nonblocking pool is initialized
[   11.637527] systemd[1]: Created slice User and Session Slice.
[   11.637555] systemd[1]: Reached target Encrypted Volumes.
[   11.637574] systemd[1]: Listening on fsck to fsckd communication Socket.
[   11.637579] systemd[1]: Reached target Remote File Systems (Pre).
[   11.637583] systemd[1]: Reached target Remote File Systems.
[   11.637601] systemd[1]: Listening on /dev/initctl Compatibility Named Pipe.
[   11.637618] systemd[1]: Listening on Journal Socket (/dev/log).
[   11.637625] systemd[1]: Reached target User and Group Name Lookups.
[   11.637639] systemd[1]: Listening on udev Kernel Socket.
[   11.637657] systemd[1]: Listening on udev Control Socket.
[   11.637679] systemd[1]: Started Forward Password Requests to Wall Directory Watch.
[   11.637725] systemd[1]: Created slice System Slice.
[   11.637735] systemd[1]: Reached target Slices.
[   11.637819] systemd[1]: Set up automount Arbitrary Executable File Formats File System Automount Point.
[   11.637860] systemd[1]: Listening on Syslog Socket.
[   11.637890] systemd[1]: Listening on Journal Socket.
[   11.638125] systemd[1]: Mounting Huge Pages File System...
[   11.638332] systemd[1]: Mounting Debug File System...
[   11.638562] systemd[1]: Starting Uncomplicated firewall...
[   11.638792] systemd[1]: Starting Set console keymap...
[   11.682146] systemd[1]: Starting Load Kernel Modules...
[   11.682366] systemd[1]: Started Braille Device Support.
[   11.731949] systemd[1]: Mounting POSIX Message Queue File System...
[   11.732257] systemd[1]: Starting Create list of required static device nodes for the current kernel...
[   11.732317] systemd[1]: Listening on Journal Audit Socket.
[   11.732563] systemd[1]: Starting Journal Service...
[   11.806192] systemd[1]: Started Uncomplicated firewall.
[   11.867583] systemd[1]: Started Create list of required static device nodes for the current kernel.
[   11.867934] systemd[1]: Starting Create Static Device Nodes in /dev...
[   12.377285] systemd[1]: Started Journal Service.
[   12.527761] lp: driver loaded but no devices found
[   12.554780] ppdev: user-space parallel port driver
[   13.247940] EXT4-fs (sda1): re-mounted. Opts: errors=remount-ro
[   13.595481] systemd-journald[235]: Received request to flush runtime journal from PID 1
[   13.865155] vboxguest: module verification failed: signature and/or required key missing - tainting kernel
[   13.868625] vgdrvHeartbeatInit: Setting up heartbeat to trigger every 2000 milliseconds
[   13.868687] input: Unspecified device as /devices/pci0000:00/0000:00:04.0/input/input7
[   13.868768] vboxguest: misc device minor 56, IRQ 20, I/O port d020, MMIO at 00000000f0400000 (size 0x400000)
[   13.868769] vboxguest: Successfully loaded version 5.1.14 (interface 0x00010004)
[   13.939647] piix4_smbus 0000:00:07.0: SMBus Host Controller at 0x4100, revision 0
[   14.857580] [drm] Initialized drm 1.1.0 20060810
[   14.895880] AVX version of gcm_enc/dec engaged.
[   14.895882] AES CTR mode by8 optimization enabled
[   14.965541] [drm] VRAM 01000000
[   14.965632] [TTM] Zone  kernel: Available graphics memory: 2281612 kiB
[   14.965633] [TTM] Zone   dma32: Available graphics memory: 2097152 kiB
[   14.965634] [TTM] Initializing pool allocator
[   14.965637] [TTM] Initializing DMA pool allocator
[   14.966770] fbcon: vboxdrmfb (fb0) is primary device
[   14.973945] Console: switching to colour frame buffer device 100x37
[   14.974819] vboxvideo 0000:00:02.0: fb0: vboxdrmfb frame buffer device
[   14.974822] [drm] Initialized vboxvideo 1.0.0 20130823 for 0000:00:02.0 on minor 0
[   15.032664] snd_intel8x0 0000:00:05.0: disable (unknown or VT-d) VM optimization
[   15.253695] intel_rapl: no valid rapl domains found in package 0
[   15.300142] snd_intel8x0 0000:00:05.0: white list rate for 1028:0177 is 48000
[   15.984745] audit: type=1400 audit(1512791212.392:2): apparmor="STATUS" operation="profile_load" name="/usr/lib/lightdm/lightdm-guest-session" pid=542 comm="apparmor_parser"
[   15.984749] audit: type=1400 audit(1512791212.392:3): apparmor="STATUS" operation="profile_load" name="chromium" pid=542 comm="apparmor_parser"
[   16.008401] audit: type=1400 audit(1512791212.416:4): apparmor="STATUS" operation="profile_load" name="/sbin/dhclient" pid=618 comm="apparmor_parser"
[   16.008407] audit: type=1400 audit(1512791212.416:5): apparmor="STATUS" operation="profile_load" name="/usr/lib/NetworkManager/nm-dhcp-client.action" pid=618 comm="apparmor_parser"
[   16.008410] audit: type=1400 audit(1512791212.416:6): apparmor="STATUS" operation="profile_load" name="/usr/lib/NetworkManager/nm-dhcp-helper" pid=618 comm="apparmor_parser"
[   16.008413] audit: type=1400 audit(1512791212.416:7): apparmor="STATUS" operation="profile_load" name="/usr/lib/connman/scripts/dhclient-script" pid=618 comm="apparmor_parser"
[   16.222453] audit: type=1400 audit(1512791212.628:8): apparmor="STATUS" operation="profile_load" name="/usr/bin/evince" pid=636 comm="apparmor_parser"
[   16.222458] audit: type=1400 audit(1512791212.628:9): apparmor="STATUS" operation="profile_load" name="sanitized_helper" pid=636 comm="apparmor_parser"
[   16.222460] audit: type=1400 audit(1512791212.628:10): apparmor="STATUS" operation="profile_load" name="/usr/bin/evince-previewer" pid=636 comm="apparmor_parser"
[   16.222463] audit: type=1400 audit(1512791212.628:11): apparmor="STATUS" operation="profile_load" name="sanitized_helper" pid=636 comm="apparmor_parser"
[   16.270185] Adding 8386556k swap on /dev/sda5.  Priority:-1 extents:1 across:8386556k FS
[   17.343244] floppy0: no floppy controllers found
[   17.806767] vboxsf: Successfully loaded version 5.1.14 (interface 0x00010004)
[   21.433734] VBoxService 5.1.14 r112924 (verbosity: 0) linux.amd64 (Jan 16 2017 17:38:46) release log
               00:00:00.000195 main     Log opened 2017-12-09T03:46:57.845043000Z
[   21.433905] 00:00:00.000351 main     OS Product: Linux
[   21.434014] 00:00:00.000502 main     OS Release: 4.3.0
[   21.434093] 00:00:00.000584 main     OS Version: #2 SMP Fri Sep 8 20:52:18 CST 2017
[   21.434171] 00:00:00.000662 main     Executable: /opt/VBoxGuestAdditions-5.1.14/sbin/VBoxService
               00:00:00.000663 main     Process ID: 914
               00:00:00.000663 main     Package type: LINUX_64BITS_GENERIC
[   21.436486] 00:00:00.002980 main     5.1.14 r112924 started. Verbose level = 0
[   22.494161] IPv6: ADDRCONF(NETDEV_UP): enp0s3: link is not ready
[   22.495709] IPv6: ADDRCONF(NETDEV_UP): enp0s3: link is not ready
[   22.499563] e1000: enp0s3 NIC Link is Up 1000 Mbps Full Duplex, Flow Control: RX
[   22.499804] IPv6: ADDRCONF(NETDEV_CHANGE): enp0s3: link becomes ready
[  111.940751] nova: dafs init nova_fs
[  111.940753] nova: init_nova_fs: 1 cpus online
[  111.940754] nova: Arch new instructions support: PCOMMIT NO, CLWB NO
[  111.941666] nova: dafs register file sytem nova
[  111.941671] nova: dafs end init_fs
[  111.999868] nova: dafs start to mount
[  111.999879] nova: nova_get_block_info: dev pmem0, phys_addr 0x80000000, virt_addr ffffc90040000000, size 1610547200
[  111.999885] nova: start init radix tree
[  111.999886] nova: finish init radix tree
[  111.999886] nova: start nova init
[  111.999887] nova: creating an empty nova of size 1610547200
[  111.999887] nova: nova: Default block size set to 4K
[  111.999889] nova: dafs init dzt block
[  111.999890] nova: dafs_get dzt blk
[  111.999891] nova: dzt alloc 1 dzt blocks from 4 to 4
[  111.999892] nova: dafs_init_dzt_block: allocate log @ 0x4
[  111.999893] nova: dafs start get journal blk
[  111.999893] nova: dafs_get journal blk
[  111.999894] nova: dafs get hard journal
[  111.999895] nova: nova_lite_journal_hard_init: allocate log @ 0x5
[  111.999895] nova: dafs get soft journal
[  111.999896] nova: dafs start get journal blk
[  111.999896] nova: dafs_get journal blk
[  111.999897] nova: dafs get inode table
[  112.003256] nova: nova_init_inode_table: allocate log @ 0x6
[  112.003259] nova: Allocate root inode
[  112.003260] nova: dafs_get dzt blk
[  112.003261] nova: dafs allocate hash table
[  113.498894] nova: dafs allocate zone blocks
[  113.498938] nova: Zone 0, alloc 1 zone blocks from 262662 to 262662
[  113.498940] nova: dafs_alloc_dir_zone: allocate zone @ 0x40206
[  113.500469] nova: dafs make dzt pointer
[  113.500470] nova: dafs_get dzt blk
[  113.500471] nova: dafs finish make dzt bitmap pointer
[  113.500472] nova: dafs start build dzt
[  113.500473] nova: dafs finish build dzt_e
[  113.500473] nova: dafs start init dir zones
[  113.500474] nova: root ze addr is 1075863552
[  113.500474] nova: the root dir hashname is 47
[  113.500475] nova: test root hash name is 47
[  113.500475] nova: dafs finish creat root directory
[  113.500476] nova: dafs record pos in hash table address is 2121728
[  113.500477] nova: dafs finish recording pos in hash table
[  113.500477] nova: dafs add dir info in radix tree
[  113.500478] nova: dir hash name is 47
[  113.500479] nova: dafs start adding init part in dir
[  113.500479] nova: par ze addr is 1075863552
[  113.500480] nova: dafs record pos in hash table address is 2121728
[  113.500480] nova: dafs finish recording pos in hash table
[  113.500481] nova: par pos is 0
[  113.500481] nova: parent hashname is 47
[  113.500482] nova: dafs start to ext de name
[  113.500483] nova: dafs finish ext name
[  113.500483] nova: dafs record pos in hash table address is 2121728
[  113.500484] nova: dafs finish recording pos in hash table
[  113.500484] nova: dafs finish add initial part in dir
[  113.500485] nova: dafs finish init dir zones
[  113.500485] nova: dafs init dir info tree
[  113.500503] nova: dafs finish initial dir info tree
[  113.500504] nova: dafs finish nova_init
[  113.500504] nova: dafs start setting sb
[  113.500505] nova: dafs end setting sb
[  113.500510] nova: nova_iget: inode 1
[  113.500511] nova: nova_iget: pi_addr is 0x1024
[  113.500512] nova: nova_rebuild_inode:dafs start to rebuild inode
[  113.500513] nova: Rebuild dir 1 tree
[  113.500522] BUG: unable to handle kernel NULL pointer dereference at           (null)
[  113.500560] IP: [<ffffffffc0323157>] dafs_rebuild_dir_inode_tree+0x1f7/0x280 [nova]
[  113.500581] PGD 79e52067 PUD 79aa6067 PMD 0 
[  113.500592] Oops: 0000 [#1] SMP 
[  113.500601] Modules linked in: nova(OE) vboxsf(OE) snd_intel8x0 crct10dif_pclmul crc32_pclmul snd_ac97_codec vboxvideo(OE) ttm drm_kms_helper ac97_bus snd_pcm aesni_intel snd_seq_midi snd_seq_midi_event aes_x86_64 lrw drm snd_rawmidi snd_seq glue_helper snd_seq_device ablk_helper cryptd fb_sys_fops syscopyarea snd_timer joydev sysfillrect snd sysimgblt input_leds serio_raw soundcore mac_hid i2c_piix4 vboxguest(OE) parport_pc ppdev lp parport autofs4 hid_generic usbhid hid psmouse ahci libahci fjes video e1000 pata_acpi
[  113.500728] CPU: 0 PID: 2495 Comm: mount Tainted: G           OE   4.3.0 #2
[  113.500742] Hardware name: innotek GmbH VirtualBox/VirtualBox, BIOS VirtualBox 12/01/2006
[  113.500758] task: ffff880217120e40 ti: ffff88007ab20000 task.ti: ffff88007ab20000
[  113.500773] RIP: 0010:[<ffffffffc0323157>]  [<ffffffffc0323157>] dafs_rebuild_dir_inode_tree+0x1f7/0x280 [nova]
[  113.500796] RSP: 0018:ffff88007ab23bc8  EFLAGS: 00010246
[  113.500807] RAX: ffffc90040000000 RBX: ffffc90040000400 RCX: 0000000000000000
[  113.500820] RDX: 0000000000000000 RSI: 0000000000000246 RDI: ffff88021fc0dd50
[  113.500834] RBP: ffff88007ab23c18 R08: 000000000000000a R09: 0000000000000272
[  113.500848] R10: 0000000000000000 R11: 0000000000000272 R12: ffff8800575b0000
[  113.500862] R13: 0000000000000000 R14: ffff880217ac6000 R15: 0000000000000001
[  113.500876] FS:  00007f133b4e2840(0000) GS:ffff88021fc00000(0000) knlGS:0000000000000000
[  113.500892] CS:  0010 DS: 0000 ES: 0000 CR0: 000000008005003b
[  113.500903] CR2: 0000000000000000 CR3: 00000000792b1000 CR4: 00000000000406f0
[  113.500920] Stack:
[  113.500925]  ffff88007ab23c28 ffff88007ab23be0 00000000d479f3fe ffff88007ab23bf0
[  113.500942]  ffffffffc032b290 00000000d479f3fe ffff8800575b0000 ffffc90040000400
[  113.500958]  0000000000000400 ffff880217ac6000 ffff88007ab23c58 ffffffffc030ef4a
[  113.500975] Call Trace:
[  113.500983]  [<ffffffffc030ef4a>] nova_rebuild_inode+0x14a/0x1d0 [nova]
[  113.500998]  [<ffffffffc03148be>] nova_iget+0xce/0x2b0 [nova]
[  113.501011]  [<ffffffffc031a203>] nova_fill_super+0x9a3/0xc80 [nova]
[  113.501026]  [<ffffffff81202f46>] mount_bdev+0x1a6/0x1e0
[  113.501051]  [<ffffffffc0319860>] ? nova_check_integrity+0x460/0x460 [nova]
[  113.501066]  [<ffffffffc0318f70>] nova_mount+0x40/0x60 [nova]
[  113.501078]  [<ffffffff81203878>] mount_fs+0x38/0x160
[  113.501090]  [<ffffffff8121f1c7>] vfs_kern_mount+0x67/0x110
[  113.501471]  [<ffffffff812219af>] do_mount+0x23f/0xde0
[  113.501853]  [<ffffffff8122287f>] SyS_mount+0x9f/0x100
[  113.502228]  [<ffffffff817f2a32>] entry_SYSCALL_64_fastpath+0x16/0x71
[  113.502605] Code: 65 48 33 3c 25 28 00 00 00 75 73 48 83 c4 30 5b 41 5c 41 5d 41 5e 5d c3 89 d0 48 01 d8 0f ae 38 83 c2 40 39 d1 77 f1 eb 8b 31 c9 <80> 3c 25 00 00 00 00 05 0f 85 f9 fe ff ff 49 c7 44 24 28 02 00 
[  113.503770] RIP  [<ffffffffc0323157>] dafs_rebuild_dir_inode_tree+0x1f7/0x280 [nova]
[  113.504148]  RSP <ffff88007ab23bc8>
[  113.504502] CR2: 0000000000000000
[  113.504858] fbcon_switch: detected unhandled fb_set_par error, error code -16
[  113.505800] fbcon_switch: detected unhandled fb_set_par error, error code -16
[  113.506754] ---[ end trace 5bb7a1ff0f91ac0b ]---
