[    0.000000] Initializing cgroup subsys cpuset
[    0.000000] Initializing cgroup subsys cpu
[    0.000000] Initializing cgroup subsys cpuacct
[    0.000000] Linux version 4.3.0 (root@cxdir-VirtualBox) (gcc version 5.4.0 20160609 (Ubuntu 5.4.0-6ubuntu1~16.04.4) ) #2 SMP Fri Sep 8 20:52:18 CST 2017
[    0.000000] Command line: BOOT_IMAGE=/boot/vmlinuz-4.3.0 memmap=4G!2G root=UUID=8918101d-1281-40c7-aa75-72b85c4a0441 ro quiet splash
[    0.000000] KERNEL supported cpus:
[    0.000000]   Intel GenuineIntel
[    0.000000]   AMD AuthenticAMD
[    0.000000]   Centaur CentaurHauls
[    0.000000] x86/fpu: xstate_offset[2]: 0240, xstate_sizes[2]: 0100
[    0.000000] x86/fpu: Supporting XSAVE feature 0x01: 'x87 floating point registers'
[    0.000000] x86/fpu: Supporting XSAVE feature 0x02: 'SSE registers'
[    0.000000] x86/fpu: Supporting XSAVE feature 0x04: 'AVX registers'
[    0.000000] x86/fpu: Enabled xstate features 0x7, context size is 0x340 bytes, using 'standard' format.
[    0.000000] x86/fpu: Using 'lazy' FPU context switches.
[    0.000000] e820: BIOS-provided physical RAM map:
[    0.000000] BIOS-e820: [mem 0x0000000000000000-0x000000000009fbff] usable
[    0.000000] BIOS-e820: [mem 0x000000000009fc00-0x000000000009ffff] reserved
[    0.000000] BIOS-e820: [mem 0x00000000000f0000-0x00000000000fffff] reserved
[    0.000000] BIOS-e820: [mem 0x0000000000100000-0x00000000dffeffff] usable
[    0.000000] BIOS-e820: [mem 0x00000000dfff0000-0x00000000dfffffff] ACPI data
[    0.000000] BIOS-e820: [mem 0x00000000fec00000-0x00000000fec00fff] reserved
[    0.000000] BIOS-e820: [mem 0x00000000fee00000-0x00000000fee00fff] reserved
[    0.000000] BIOS-e820: [mem 0x00000000fffc0000-0x00000000ffffffff] reserved
[    0.000000] BIOS-e820: [mem 0x0000000100000000-0x000000021fffffff] usable
[    0.000000] NX (Execute Disable) protection: active
[    0.000000] e820: user-defined physical RAM map:
[    0.000000] user: [mem 0x0000000000000000-0x000000000009fbff] usable
[    0.000000] user: [mem 0x000000000009fc00-0x000000000009ffff] reserved
[    0.000000] user: [mem 0x00000000000f0000-0x00000000000fffff] reserved
[    0.000000] user: [mem 0x0000000000100000-0x000000007fffffff] usable
[    0.000000] user: [mem 0x0000000080000000-0x00000000dffeffff] persistent (type 12)
[    0.000000] user: [mem 0x00000000dfff0000-0x00000000dfffffff] persistent (type 12)
[    0.000000] user: [mem 0x00000000e0000000-0x00000000febfffff] persistent (type 12)
[    0.000000] user: [mem 0x00000000fec00000-0x00000000fec00fff] persistent (type 12)
[    0.000000] user: [mem 0x00000000fec01000-0x00000000fedfffff] persistent (type 12)
[    0.000000] user: [mem 0x00000000fee00000-0x00000000fee00fff] persistent (type 12)
[    0.000000] user: [mem 0x00000000fee01000-0x00000000fffbffff] persistent (type 12)
[    0.000000] user: [mem 0x00000000fffc0000-0x00000000ffffffff] persistent (type 12)
[    0.000000] user: [mem 0x0000000100000000-0x000000017fffffff] persistent (type 12)
[    0.000000] user: [mem 0x0000000180000000-0x000000021fffffff] usable
[    0.000000] SMBIOS 2.5 present.
[    0.000000] DMI: innotek GmbH VirtualBox/VirtualBox, BIOS VirtualBox 12/01/2006
[    0.000000] Hypervisor detected: KVM
[    0.000000] e820: update [mem 0x00000000-0x00000fff] usable ==> reserved
[    0.000000] e820: remove [mem 0x000a0000-0x000fffff] usable
[    0.000000] e820: last_pfn = 0x220000 max_arch_pfn = 0x400000000
[    0.000000] MTRR default type: uncachable
[    0.000000] MTRR variable ranges disabled:
[    0.000000] x86/PAT: Configuration [0-7]: WB  WC  UC- UC  WB  WC  UC- WT  
[    0.000000] MTRR: Disabled
[    0.000000] CPU MTRRs all blank - virtualized system.
[    0.000000] e820: last_pfn = 0x100000 max_arch_pfn = 0x400000000
[    0.000000] found SMP MP-table at [mem 0x0009fff0-0x0009ffff] mapped at [ffff88000009fff0]
[    0.000000] Scanning 1 areas for low memory corruption
[    0.000000] Base memory trampoline at [ffff880000099000] 99000 size 24576
[    0.000000] init_memory_mapping: [mem 0x00000000-0x000fffff]
[    0.000000]  [mem 0x00000000-0x000fffff] page 4k
[    0.000000] BRK [0x01ffc000, 0x01ffcfff] PGTABLE
[    0.000000] BRK [0x01ffd000, 0x01ffdfff] PGTABLE
[    0.000000] BRK [0x01ffe000, 0x01ffefff] PGTABLE
[    0.000000] init_memory_mapping: [mem 0x21fe00000-0x21fffffff]
[    0.000000]  [mem 0x21fe00000-0x21fffffff] page 2M
[    0.000000] BRK [0x01fff000, 0x01ffffff] PGTABLE
[    0.000000] init_memory_mapping: [mem 0x200000000-0x21fdfffff]
[    0.000000]  [mem 0x200000000-0x21fdfffff] page 2M
[    0.000000] init_memory_mapping: [mem 0x00100000-0x7fffffff]
[    0.000000]  [mem 0x00100000-0x001fffff] page 4k
[    0.000000]  [mem 0x00200000-0x7fffffff] page 2M
[    0.000000] init_memory_mapping: [mem 0x180000000-0x1ffffffff]
[    0.000000]  [mem 0x180000000-0x1ffffffff] page 2M
[    0.000000] BRK [0x02000000, 0x02000fff] PGTABLE
[    0.000000] BRK [0x02001000, 0x02001fff] PGTABLE
[    0.000000] RAMDISK: [mem 0x33d64000-0x35ea9fff]
[    0.000000] ACPI: Early table checksum verification disabled
[    0.000000] ACPI: RSDP 0x00000000000E0000 000024 (v02 VBOX  )
[    0.000000] ACPI: XSDT 0x00000000DFFF0030 00003C (v01 VBOX   VBOXXSDT 00000001 ASL  00000061)
[    0.000000] ACPI: FACP 0x00000000DFFF00F0 0000F4 (v04 VBOX   VBOXFACP 00000001 ASL  00000061)
[    0.000000] ACPI: DSDT 0x00000000DFFF0470 00210F (v01 VBOX   VBOXBIOS 00000002 INTL 20100528)
[    0.000000] ACPI: FACS 0x00000000DFFF0200 000040
[    0.000000] ACPI: FACS 0x00000000DFFF0200 000040
[    0.000000] ACPI: APIC 0x00000000DFFF0240 000054 (v02 VBOX   VBOXAPIC 00000001 ASL  00000061)
[    0.000000] ACPI: SSDT 0x00000000DFFF02A0 0001CC (v01 VBOX   VBOXCPUT 00000002 INTL 20100528)
[    0.000000] ACPI: Local APIC address 0xfee00000
[    0.000000] No NUMA configuration found
[    0.000000] Faking a node at [mem 0x0000000000000000-0x000000021fffffff]
[    0.000000] NODE_DATA(0) allocated [mem 0x21fffa000-0x21fffefff]
[    0.000000] kvm-clock: Using msrs 4b564d01 and 4b564d00
[    0.000000] kvm-clock: cpu 0, msr 2:1fff2001, primary cpu clock
[    0.000000] clocksource: kvm-clock: mask: 0xffffffffffffffff max_cycles: 0x1cd42e4dffb, max_idle_ns: 881590591483 ns
[    0.000000]  [ffffea0000000000-ffffea00087fffff] PMD -> [ffff88021ae00000-ffff88021f5fffff] on node 0
[    0.000000] Zone ranges:
[    0.000000]   DMA      [mem 0x0000000000001000-0x0000000000ffffff]
[    0.000000]   DMA32    [mem 0x0000000001000000-0x00000000ffffffff]
[    0.000000]   Normal   [mem 0x0000000100000000-0x000000021fffffff]
[    0.000000] Movable zone start for each node
[    0.000000] Early memory node ranges
[    0.000000]   node   0: [mem 0x0000000000001000-0x000000000009efff]
[    0.000000]   node   0: [mem 0x0000000000100000-0x000000007fffffff]
[    0.000000]   node   0: [mem 0x0000000180000000-0x000000021fffffff]
[    0.000000] Initmem setup node 0 [mem 0x0000000000001000-0x000000021fffffff]
[    0.000000] On node 0 totalpages: 1179550
[    0.000000]   DMA zone: 64 pages used for memmap
[    0.000000]   DMA zone: 21 pages reserved
[    0.000000]   DMA zone: 3998 pages, LIFO batch:0
[    0.000000]   DMA32 zone: 8128 pages used for memmap
[    0.000000]   DMA32 zone: 520192 pages, LIFO batch:31
[    0.000000]   Normal zone: 10240 pages used for memmap
[    0.000000]   Normal zone: 655360 pages, LIFO batch:31
[    0.000000] ACPI: PM-Timer IO Port: 0x4008
[    0.000000] ACPI: Local APIC address 0xfee00000
[    0.000000] IOAPIC[0]: apic_id 1, version 32, address 0xfec00000, GSI 0-23
[    0.000000] ACPI: INT_SRC_OVR (bus 0 bus_irq 0 global_irq 2 dfl dfl)
[    0.000000] ACPI: INT_SRC_OVR (bus 0 bus_irq 9 global_irq 9 high level)
[    0.000000] ACPI: IRQ0 used by override.
[    0.000000] ACPI: IRQ9 used by override.
[    0.000000] Using ACPI (MADT) for SMP configuration information
[    0.000000] smpboot: Allowing 1 CPUs, 0 hotplug CPUs
[    0.000000] PM: Registered nosave memory: [mem 0x00000000-0x00000fff]
[    0.000000] PM: Registered nosave memory: [mem 0x0009f000-0x0009ffff]
[    0.000000] PM: Registered nosave memory: [mem 0x000a0000-0x000effff]
[    0.000000] PM: Registered nosave memory: [mem 0x000f0000-0x000fffff]
[    0.000000] PM: Registered nosave memory: [mem 0x80000000-0xdffeffff]
[    0.000000] PM: Registered nosave memory: [mem 0xdfff0000-0xdfffffff]
[    0.000000] PM: Registered nosave memory: [mem 0xe0000000-0xfebfffff]
[    0.000000] PM: Registered nosave memory: [mem 0xfec00000-0xfec00fff]
[    0.000000] PM: Registered nosave memory: [mem 0xfec01000-0xfedfffff]
[    0.000000] PM: Registered nosave memory: [mem 0xfee00000-0xfee00fff]
[    0.000000] PM: Registered nosave memory: [mem 0xfee01000-0xfffbffff]
[    0.000000] PM: Registered nosave memory: [mem 0xfffc0000-0xffffffff]
[    0.000000] PM: Registered nosave memory: [mem 0x100000000-0x17fffffff]
[    0.000000] e820: cannot find a gap in the 32bit address range
               e820: PCI devices with unassigned 32bit BARs may break!
[    0.000000] e820: [mem 0x220100000-0x2204fffff] available for PCI devices
[    0.000000] Booting paravirtualized kernel on KVM
[    0.000000] clocksource: refined-jiffies: mask: 0xffffffff max_cycles: 0xffffffff, max_idle_ns: 7645519600211568 ns
[    0.000000] setup_percpu: NR_CPUS:512 nr_cpumask_bits:512 nr_cpu_ids:1 nr_node_ids:1
[    0.000000] PERCPU: Embedded 33 pages/cpu @ffff88021fc00000 s97496 r8192 d29480 u2097152
[    0.000000] pcpu-alloc: s97496 r8192 d29480 u2097152 alloc=1*2097152
[    0.000000] pcpu-alloc: [0] 0 
[    0.000000] PV qspinlock hash table entries: 256 (order: 0, 4096 bytes)
[    0.000000] Built 1 zonelists in Node order, mobility grouping on.  Total pages: 1161097
[    0.000000] Policy zone: Normal
[    0.000000] Kernel command line: BOOT_IMAGE=/boot/vmlinuz-4.3.0 memmap=4G!2G root=UUID=8918101d-1281-40c7-aa75-72b85c4a0441 ro quiet splash
[    0.000000] PID hash table entries: 4096 (order: 3, 32768 bytes)
[    0.000000] Calgary: detecting Calgary via BIOS EBDA area
[    0.000000] Calgary: Unable to locate Rio Grande table in EBDA - bailing!
[    0.000000] Memory: 4527432K/4718200K available (8158K kernel code, 1248K rwdata, 3880K rodata, 1456K init, 1332K bss, 190768K reserved, 0K cma-reserved)
[    0.000000] SLUB: HWalign=64, Order=0-3, MinObjects=0, CPUs=1, Nodes=1
[    0.000000] Hierarchical RCU implementation.
[    0.000000] 	Build-time adjustment of leaf fanout to 64.
[    0.000000] 	RCU restricting CPUs from NR_CPUS=512 to nr_cpu_ids=1.
[    0.000000] RCU: Adjusting geometry for rcu_fanout_leaf=64, nr_cpu_ids=1
[    0.000000] NR_IRQS:33024 nr_irqs:256 16
[    0.000000] Console: colour VGA+ 80x25
[    0.000000] console [tty0] enabled
[    0.000000] tsc: Detected 3591.704 MHz processor
[ 6849.994451] Calibrating delay loop (skipped) preset value.. 7183.40 BogoMIPS (lpj=14366816)
[ 6849.994453] pid_max: default: 32768 minimum: 301
[ 6849.994456] ACPI: Core revision 20150818
[ 6849.995159] ACPI: 2 ACPI AML tables successfully acquired and loaded
[ 6849.995170] Security Framework initialized
[ 6849.995172] Yama: becoming mindful.
[ 6849.995177] AppArmor: AppArmor initialized
[ 6849.995494] Dentry cache hash table entries: 1048576 (order: 11, 8388608 bytes)
[ 6849.996957] Inode-cache hash table entries: 524288 (order: 10, 4194304 bytes)
[ 6849.997698] Mount-cache hash table entries: 16384 (order: 5, 131072 bytes)
[ 6849.997704] Mountpoint-cache hash table entries: 16384 (order: 5, 131072 bytes)
[ 6849.997862] Initializing cgroup subsys io
[ 6849.997866] Initializing cgroup subsys memory
[ 6849.997870] Initializing cgroup subsys devices
[ 6849.997872] Initializing cgroup subsys freezer
[ 6849.997873] Initializing cgroup subsys net_cls
[ 6849.997875] Initializing cgroup subsys perf_event
[ 6849.997876] Initializing cgroup subsys net_prio
[ 6849.997878] Initializing cgroup subsys hugetlb
[ 6849.997880] Initializing cgroup subsys pids
[ 6849.997938] CPU: Physical Processor ID: 0
[ 6849.998722] mce: CPU supports 0 MCE banks
[ 6849.998739] process: using mwait in idle threads
[ 6849.998743] Last level iTLB entries: 4KB 1024, 2MB 1024, 4MB 1024
[ 6849.998743] Last level dTLB entries: 4KB 1024, 2MB 1024, 4MB 1024, 1GB 4
[ 6850.008801] Freeing SMP alternatives memory: 28K (ffffffff81ea6000 - ffffffff81ead000)
[ 6850.015198] ftrace: allocating 31208 entries in 122 pages
[ 6850.045512] x2apic enabled
[ 6850.045674] Switched APIC routing to physical x2apic.
[ 6850.046479] ..TIMER: vector=0x30 apic1=0 pin1=2 apic2=-1 pin2=-1
[ 6850.149719] smpboot: CPU0: Intel(R) Core(TM) i7-4790 CPU @ 3.60GHz (family: 0x6, model: 0x3c, stepping: 0x3)
[ 6850.149757] Performance Events: unsupported p6 CPU model 60 no PMU driver, software events only.
[ 6850.149765] KVM setup paravirtual spinlock
[ 6850.150203] x86: Booted up 1 node, 1 CPUs
[ 6850.150205] smpboot: Total of 1 processors activated (7183.40 BogoMIPS)
[ 6850.150375] devtmpfs: initialized
[ 6850.151627] evm: security.selinux
[ 6850.151627] evm: security.SMACK64
[ 6850.151628] evm: security.SMACK64EXEC
[ 6850.151628] evm: security.SMACK64TRANSMUTE
[ 6850.151629] evm: security.SMACK64MMAP
[ 6850.151630] evm: security.ima
[ 6850.151630] evm: security.capability
[ 6850.151719] clocksource: jiffies: mask: 0xffffffff max_cycles: 0xffffffff, max_idle_ns: 7645041785100000 ns
[ 6850.151760] pinctrl core: initialized pinctrl subsystem
[ 6850.151832] RTC time:  9:27:26, date: 12/11/17
[ 6850.151909] NET: Registered protocol family 16
[ 6850.152007] cpuidle: using governor ladder
[ 6850.152009] cpuidle: using governor menu
[ 6850.152011] PCCT header not found.
[ 6850.152049] ACPI: bus type PCI registered
[ 6850.152050] acpiphp: ACPI Hot Plug PCI Controller Driver version: 0.5
[ 6850.152118] PCI: Using configuration type 1 for base access
[ 6850.152915] ACPI: Added _OSI(Module Device)
[ 6850.152916] ACPI: Added _OSI(Processor Device)
[ 6850.152917] ACPI: Added _OSI(3.0 _SCP Extensions)
[ 6850.152917] ACPI: Added _OSI(Processor Aggregator Device)
[ 6850.153363] ACPI: Executed 1 blocks of module-level executable AML code
[ 6850.154610] ACPI: Interpreter enabled
[ 6850.154614] ACPI Exception: AE_NOT_FOUND, While evaluating Sleep State [\_S1_] (20150818/hwxface-580)
[ 6850.154616] ACPI Exception: AE_NOT_FOUND, While evaluating Sleep State [\_S2_] (20150818/hwxface-580)
[ 6850.154618] ACPI Exception: AE_NOT_FOUND, While evaluating Sleep State [\_S3_] (20150818/hwxface-580)
[ 6850.154620] ACPI Exception: AE_NOT_FOUND, While evaluating Sleep State [\_S4_] (20150818/hwxface-580)
[ 6850.154623] ACPI: (supports S0 S5)
[ 6850.154624] ACPI: Using IOAPIC for interrupt routing
[ 6850.154744] PCI: Using host bridge windows from ACPI; if necessary, use "pci=nocrs" and report a bug
[ 6850.157089] ACPI: PCI Root Bridge [PCI0] (domain 0000 [bus 00-ff])
[ 6850.157092] acpi PNP0A03:00: _OSC: OS supports [ASPM ClockPM Segments MSI]
[ 6850.157095] acpi PNP0A03:00: _OSC failed (AE_NOT_FOUND); disabling ASPM
[ 6850.157125] acpi PNP0A03:00: fail to add MMCONFIG information, can't access extended PCI configuration space under this bridge.
[ 6850.157299] PCI host bridge to bus 0000:00
[ 6850.157301] pci_bus 0000:00: root bus resource [bus 00-ff]
[ 6850.157302] pci_bus 0000:00: root bus resource [io  0x0000-0x0cf7 window]
[ 6850.157303] pci_bus 0000:00: root bus resource [io  0x0d00-0xffff window]
[ 6850.157304] pci_bus 0000:00: root bus resource [mem 0x000a0000-0x000bffff window]
[ 6850.157305] pci_bus 0000:00: root bus resource [mem 0xe0000000-0xffdfffff window]
[ 6850.157331] pci 0000:00:00.0: [8086:1237] type 00 class 0x060000
[ 6850.157762] pci 0000:00:01.0: [8086:7000] type 00 class 0x060100
[ 6850.158210] pci 0000:00:01.1: [8086:7111] type 00 class 0x01018a
[ 6850.158463] pci 0000:00:01.1: reg 0x20: [io  0xd000-0xd00f]
[ 6850.158567] pci 0000:00:01.1: legacy IDE quirk: reg 0x10: [io  0x01f0-0x01f7]
[ 6850.158568] pci 0000:00:01.1: legacy IDE quirk: reg 0x14: [io  0x03f6]
[ 6850.158569] pci 0000:00:01.1: legacy IDE quirk: reg 0x18: [io  0x0170-0x0177]
[ 6850.158570] pci 0000:00:01.1: legacy IDE quirk: reg 0x1c: [io  0x0376]
[ 6850.158746] pci 0000:00:02.0: [80ee:beef] type 00 class 0x030000
[ 6850.163170] pci 0000:00:02.0: reg 0x10: [mem 0xe0000000-0xe0ffffff pref]
[ 6850.190464] pci 0000:00:03.0: [8086:100e] type 00 class 0x020000
[ 6850.194925] pci 0000:00:03.0: reg 0x10: [mem 0xf0000000-0xf001ffff]
[ 6850.204050] pci 0000:00:03.0: reg 0x18: [io  0xd010-0xd017]
[ 6850.222095] pci 0000:00:04.0: [80ee:cafe] type 00 class 0x088000
[ 6850.226368] pci 0000:00:04.0: reg 0x10: [io  0xd020-0xd03f]
[ 6850.230546] pci 0000:00:04.0: reg 0x14: [mem 0xf0400000-0xf07fffff]
[ 6850.235082] pci 0000:00:04.0: reg 0x18: [mem 0xf0800000-0xf0803fff pref]
[ 6850.252196] pci 0000:00:05.0: [8086:2415] type 00 class 0x040100
[ 6850.252276] pci 0000:00:05.0: reg 0x10: [io  0xd100-0xd1ff]
[ 6850.252322] pci 0000:00:05.0: reg 0x14: [io  0xd200-0xd23f]
[ 6850.252673] pci 0000:00:06.0: [106b:003f] type 00 class 0x0c0310
[ 6850.256907] pci 0000:00:06.0: reg 0x10: [mem 0xf0804000-0xf0804fff]
[ 6850.286636] pci 0000:00:07.0: [8086:7113] type 00 class 0x068000
[ 6850.287130] pci 0000:00:07.0: quirk: [io  0x4000-0x403f] claimed by PIIX4 ACPI
[ 6850.287140] pci 0000:00:07.0: quirk: [io  0x4100-0x410f] claimed by PIIX4 SMB
[ 6850.287417] pci 0000:00:0b.0: [8086:265c] type 00 class 0x0c0320
[ 6850.291888] pci 0000:00:0b.0: reg 0x10: [mem 0xf0805000-0xf0805fff]
[ 6850.320621] pci 0000:00:0d.0: [8086:2829] type 00 class 0x010601
[ 6850.325133] pci 0000:00:0d.0: reg 0x10: [io  0xd240-0xd247]
[ 6850.333826] pci 0000:00:0d.0: reg 0x18: [io  0xd250-0xd257]
[ 6850.343320] pci 0000:00:0d.0: reg 0x20: [io  0xd260-0xd26f]
[ 6850.347398] pci 0000:00:0d.0: reg 0x24: [mem 0xf0806000-0xf0807fff]
[ 6850.352668] ACPI: PCI Interrupt Link [LNKA] (IRQs 5 9 10 *11)
[ 6850.352802] ACPI: PCI Interrupt Link [LNKB] (IRQs 5 9 10 *11)
[ 6850.352858] ACPI: PCI Interrupt Link [LNKC] (IRQs 5 9 *10 11)
[ 6850.352914] ACPI: PCI Interrupt Link [LNKD] (IRQs 5 *9 10 11)
[ 6850.353000] ACPI: Enabled 2 GPEs in block 00 to 07
[ 6850.353092] vgaarb: setting as boot device: PCI:0000:00:02.0
[ 6850.353094] vgaarb: device added: PCI:0000:00:02.0,decodes=io+mem,owns=io+mem,locks=none
[ 6850.353096] vgaarb: loaded
[ 6850.353097] vgaarb: bridge control possible 0000:00:02.0
[ 6850.353251] SCSI subsystem initialized
[ 6850.353280] libata version 3.00 loaded.
[ 6850.353296] ACPI: bus type USB registered
[ 6850.353305] usbcore: registered new interface driver usbfs
[ 6850.353310] usbcore: registered new interface driver hub
[ 6850.353316] usbcore: registered new device driver usb
[ 6850.353386] PCI: Using ACPI for IRQ routing
[ 6850.353387] PCI: pci_cache_line_size set to 64 bytes
[ 6850.353515] Expanded resource Persistent Memory (legacy) due to conflict with PCI Bus 0000:00
[ 6850.353517] e820: reserve RAM buffer [mem 0x0009fc00-0x0009ffff]
[ 6850.353592] NetLabel: Initializing
[ 6850.353593] NetLabel:  domain hash size = 128
[ 6850.353594] NetLabel:  protocols = UNLABELED CIPSOv4
[ 6850.353601] NetLabel:  unlabeled traffic allowed by default
[ 6850.353655] clocksource: Switched to clocksource kvm-clock
[ 6850.357427] AppArmor: AppArmor Filesystem Enabled
[ 6850.357460] pnp: PnP ACPI init
[ 6850.357494] pnp 00:00: Plug and Play ACPI device, IDs PNP0303 (active)
[ 6850.357540] pnp 00:01: Plug and Play ACPI device, IDs PNP0f03 (active)
[ 6850.357933] pnp: PnP ACPI: found 2 devices
[ 6850.363061] clocksource: acpi_pm: mask: 0xffffff max_cycles: 0xffffff, max_idle_ns: 2085701024 ns
[ 6850.363070] pci_bus 0000:00: resource 4 [io  0x0000-0x0cf7 window]
[ 6850.363072] pci_bus 0000:00: resource 5 [io  0x0d00-0xffff window]
[ 6850.363073] pci_bus 0000:00: resource 6 [mem 0x000a0000-0x000bffff window]
[ 6850.363074] pci_bus 0000:00: resource 7 [mem 0xe0000000-0xffdfffff window]
[ 6850.363094] NET: Registered protocol family 2
[ 6850.363194] TCP established hash table entries: 65536 (order: 7, 524288 bytes)
[ 6850.363297] TCP bind hash table entries: 65536 (order: 8, 1048576 bytes)
[ 6850.363462] TCP: Hash tables configured (established 65536 bind 65536)
[ 6850.363481] UDP hash table entries: 4096 (order: 5, 131072 bytes)
[ 6850.363506] UDP-Lite hash table entries: 4096 (order: 5, 131072 bytes)
[ 6850.363549] NET: Registered protocol family 1
[ 6850.363557] pci 0000:00:00.0: Limiting direct PCI/PCI transfers
[ 6850.363576] pci 0000:00:01.0: Activating ISA DMA hang workarounds
[ 6850.363597] pci 0000:00:02.0: Video device with shadowed ROM
[ 6850.363831] PCI: CLS 64 bytes, default 64
[ 6850.363862] Trying to unpack rootfs image as initramfs...
[ 6850.706853] Freeing initrd memory: 34072K (ffff880033d64000 - ffff880035eaa000)
[ 6850.706880] PCI-DMA: Using software bounce buffering for IO (SWIOTLB)
[ 6850.706881] software IO TLB [mem 0x7c000000-0x80000000] (64MB) mapped at [ffff88007c000000-ffff88007fffffff]
[ 6850.706948] platform rtc_cmos: registered platform RTC device (no PNP device found)
[ 6850.706959] RAPL PMU detected, API unit is 2^-32 Joules, 4 fixed counters 10737418240 ms ovfl timer
[ 6850.706960] hw unit of domain pp0-core 2^-0 Joules
[ 6850.706961] hw unit of domain package 2^-0 Joules
[ 6850.706962] hw unit of domain dram 2^-0 Joules
[ 6850.706962] hw unit of domain pp1-gpu 2^-0 Joules
[ 6850.706989] microcode: CPU0 sig=0x306c3, pf=0x40, revision=0x0
[ 6850.707019] microcode: Microcode Update Driver: v2.00 <tigran@aivazian.fsnet.co.uk>, Peter Oruba
[ 6850.707044] Scanning for low memory corruption every 60 seconds
[ 6850.707247] futex hash table entries: 256 (order: 2, 16384 bytes)
[ 6850.707261] audit: initializing netlink subsys (disabled)
[ 6850.707270] audit: type=2000 audit(1512991298.505:1): initialized
[ 6850.707414] Initialise system trusted keyring
[ 6850.707464] HugeTLB registered 2 MB page size, pre-allocated 0 pages
[ 6850.708449] zbud: loaded
[ 6850.708567] VFS: Disk quotas dquot_6.6.0
[ 6850.708585] VFS: Dquot-cache hash table entries: 512 (order 0, 4096 bytes)
[ 6850.708793] squashfs: version 4.0 (2009/01/31) Phillip Lougher
[ 6850.708902] fuse init (API version 7.23)
[ 6850.708971] Key type big_key registered
[ 6850.709359] Key type asymmetric registered
[ 6850.709361] Asymmetric key parser 'x509' registered
[ 6850.709371] Block layer SCSI generic (bsg) driver version 0.4 loaded (major 249)
[ 6850.709382] io scheduler noop registered
[ 6850.709383] io scheduler deadline registered (default)
[ 6850.709401] io scheduler cfq registered
[ 6850.709459] pci_hotplug: PCI Hot Plug PCI Core version: 0.5
[ 6850.709462] pciehp: PCI Express Hot Plug Controller Driver version: 0.4
[ 6850.709550] ACPI: AC Adapter [AC] (on-line)
[ 6850.709584] input: Power Button as /devices/LNXSYSTM:00/LNXPWRBN:00/input/input0
[ 6850.709586] ACPI: Power Button [PWRF]
[ 6850.709634] input: Sleep Button as /devices/LNXSYSTM:00/LNXSLPBN:00/input/input1
[ 6850.709635] ACPI: Sleep Button [SLPF]
[ 6850.709721] GHES: HEST is not enabled!
[ 6850.709775] Serial: 8250/16550 driver, 32 ports, IRQ sharing enabled
[ 6850.710480] Linux agpgart interface v0.103
[ 6850.711528] brd: module loaded
[ 6850.711990] loop: module loaded
[ 6850.712123] ata_piix 0000:00:01.1: version 2.13
[ 6850.712423] nd_pmem namespace0.0: unable to guarantee persistence of writes
[ 6850.712525] pmem0: detected capacity change from 0 to 1610547200
[ 6850.712565] nd_pmem namespace2.0: unable to guarantee persistence of writes
[ 6850.712567] nd_pmem namespace2.0: could not reserve region [0x0x00000000e0000000:0x1ffc0000]
[ 6850.712568] nd_pmem: probe of namespace2.0 failed with error -16
[ 6850.712631] nd_pmem namespace4.0: unable to guarantee persistence of writes
[ 6850.712744] pmem4: detected capacity change from 0 to 2147483648
[ 6850.712750] scsi host0: ata_piix
[ 6850.712798] scsi host1: ata_piix
[ 6850.712818] ata1: PATA max UDMA/33 cmd 0x1f0 ctl 0x3f6 bmdma 0xd000 irq 14
[ 6850.712819] ata2: PATA max UDMA/33 cmd 0x170 ctl 0x376 bmdma 0xd008 irq 15
[ 6850.712889] libphy: Fixed MDIO Bus: probed
[ 6850.712892] tun: Universal TUN/TAP device driver, 1.6
[ 6850.712893] tun: (C) 1999-2004 Max Krasnyansky <maxk@qualcomm.com>
[ 6850.713113] PPP generic driver version 2.4.2
[ 6850.713159] ehci_hcd: USB 2.0 'Enhanced' Host Controller (EHCI) Driver
[ 6850.713162] ehci-pci: EHCI PCI platform driver
[ 6850.713483] ehci-pci 0000:00:0b.0: EHCI Host Controller
[ 6850.713488] ehci-pci 0000:00:0b.0: new USB bus registered, assigned bus number 1
[ 6850.713618] ehci-pci 0000:00:0b.0: irq 19, io mem 0xf0805000
[ 6850.721669] ehci-pci 0000:00:0b.0: USB 2.0 started, EHCI 1.00
[ 6850.721699] usb usb1: New USB device found, idVendor=1d6b, idProduct=0002
[ 6850.721700] usb usb1: New USB device strings: Mfr=3, Product=2, SerialNumber=1
[ 6850.721701] usb usb1: Product: EHCI Host Controller
[ 6850.721702] usb usb1: Manufacturer: Linux 4.3.0 ehci_hcd
[ 6850.721703] usb usb1: SerialNumber: 0000:00:0b.0
[ 6850.721765] hub 1-0:1.0: USB hub found
[ 6850.721768] hub 1-0:1.0: 12 ports detected
[ 6850.721901] ehci-platform: EHCI generic platform driver
[ 6850.721908] ohci_hcd: USB 1.1 'Open' Host Controller (OHCI) Driver
[ 6850.721912] ohci-pci: OHCI PCI platform driver
[ 6850.722215] ohci-pci 0000:00:06.0: OHCI PCI host controller
[ 6850.722219] ohci-pci 0000:00:06.0: new USB bus registered, assigned bus number 2
[ 6850.722260] ohci-pci 0000:00:06.0: irq 22, io mem 0xf0804000
[ 6850.778117] usb usb2: New USB device found, idVendor=1d6b, idProduct=0001
[ 6850.778119] usb usb2: New USB device strings: Mfr=3, Product=2, SerialNumber=1
[ 6850.778121] usb usb2: Product: OHCI PCI host controller
[ 6850.778122] usb usb2: Manufacturer: Linux 4.3.0 ohci_hcd
[ 6850.778123] usb usb2: SerialNumber: 0000:00:06.0
[ 6850.778213] hub 2-0:1.0: USB hub found
[ 6850.778222] hub 2-0:1.0: 12 ports detected
[ 6850.778461] ohci-platform: OHCI generic platform driver
[ 6850.778471] uhci_hcd: USB Universal Host Controller Interface driver
[ 6850.778505] i8042: PNP: PS/2 Controller [PNP0303:PS2K,PNP0f03:PS2M] at 0x60,0x64 irq 1,12
[ 6850.778863] serio: i8042 KBD port at 0x60,0x64 irq 1
[ 6850.778866] serio: i8042 AUX port at 0x60,0x64 irq 12
[ 6850.778934] mousedev: PS/2 mouse device common for all mice
[ 6850.779109] input: AT Translated Set 2 keyboard as /devices/platform/i8042/serio0/input/input2
[ 6850.779350] rtc_cmos rtc_cmos: rtc core: registered rtc_cmos as rtc0
[ 6850.779386] rtc_cmos rtc_cmos: alarms up to one day, 114 bytes nvram
[ 6850.779391] i2c /dev entries driver
[ 6850.779425] device-mapper: uevent: version 1.0.3
[ 6850.779461] device-mapper: ioctl: 4.33.0-ioctl (2015-8-18) initialised: dm-devel@redhat.com
[ 6850.779473] ledtrig-cpu: registered to indicate activity on CPUs
[ 6850.779635] NET: Registered protocol family 10
[ 6850.779726] NET: Registered protocol family 17
[ 6850.779734] Key type dns_resolver registered
[ 6850.779889] registered taskstats version 1
[ 6850.779904] Loading compiled-in X.509 certificates
[ 6850.780412] Loaded X.509 cert 'Build time autogenerated kernel key: 0759ca4de3f7631372cabbbeea3b24c381c013ce'
[ 6850.780426] zswap: loaded using pool lzo/zbud
[ 6850.781427] Key type trusted registered
[ 6850.783036] Key type encrypted registered
[ 6850.783041] AppArmor: AppArmor sha1 policy hashing enabled
[ 6850.783044] ima: No TPM chip found, activating TPM-bypass!
[ 6850.783057] evm: HMAC attrs: 0x1
[ 6850.783266]   Magic number: 13:741:474
[ 6850.783322] rtc_cmos rtc_cmos: setting system clock to 2017-12-11 09:27:26 UTC (1512984446)
[ 6850.783359] BIOS EDD facility v0.16 2004-Jun-25, 0 devices found
[ 6850.783360] EDD information not available.
[ 6850.783389] PM: Hibernation image not present or could not be loaded.
[ 6850.869913] ata2.00: ATAPI: VBOX CD-ROM, 1.0, max UDMA/133
[ 6850.870199] ata2.00: configured for UDMA/33
[ 6850.870679] scsi 1:0:0:0: CD-ROM            VBOX     CD-ROM           1.0  PQ: 0 ANSI: 5
[ 6850.878441] sr 1:0:0:0: [sr0] scsi3-mmc drive: 32x/32x xa/form2 tray
[ 6850.878443] cdrom: Uniform CD-ROM driver Revision: 3.20
[ 6850.878519] sr 1:0:0:0: Attached scsi CD-ROM sr0
[ 6850.878622] sr 1:0:0:0: Attached scsi generic sg0 type 5
[ 6850.878830] Freeing unused kernel memory: 1456K (ffffffff81d3a000 - ffffffff81ea6000)
[ 6850.878831] Write protecting the kernel read-only data: 12288k
[ 6850.878902] Freeing unused kernel memory: 20K (ffff8800017fb000 - ffff880001800000)
[ 6850.878944] Freeing unused kernel memory: 216K (ffff880001bca000 - ffff880001c00000)
[ 6850.884215] random: udevadm urandom read with 1 bits of entropy available
[ 6850.914963] e1000: Intel(R) PRO/1000 Network Driver - version 7.3.21-k8-NAPI
[ 6850.914965] e1000: Copyright (c) 1999-2006 Intel Corporation.
[ 6850.918130] ACPI: Video Device [GFX0] (multi-head: yes  rom: no  post: no)
[ 6850.918185] input: Video Bus as /devices/LNXSYSTM:00/LNXSYBUS:00/PNP0A03:00/LNXVIDEO:00/input/input4
[ 6850.919845] FUJITSU Extended Socket Network Device Driver - version 1.0 - Copyright (c) 2015 FUJITSU LIMITED
[ 6851.210549] input: ImExPS/2 Generic Explorer Mouse as /devices/platform/i8042/serio1/input/input5
[ 6851.245491] e1000 0000:00:03.0 eth0: (PCI:33MHz:32-bit) 08:00:27:7d:c1:92
[ 6851.245494] e1000 0000:00:03.0 eth0: Intel(R) PRO/1000 Network Connection
[ 6851.245841] ahci 0000:00:0d.0: version 3.0
[ 6851.245918] ahci 0000:00:0d.0: SSS flag set, parallel bus scan disabled
[ 6851.246035] ahci 0000:00:0d.0: AHCI 0001.0100 32 slots 1 ports 3 Gbps 0x1 impl SATA mode
[ 6851.246038] ahci 0000:00:0d.0: flags: 64bit ncq stag only ccc 
[ 6851.246801] e1000 0000:00:03.0 enp0s3: renamed from eth0
[ 6851.247366] scsi host2: ahci
[ 6851.247409] ata3: SATA max UDMA/133 abar m8192@0xf0806000 port 0xf0806100 irq 21
[ 6851.418348] usb 2-1: new full-speed USB device number 2 using ohci-pci
[ 6851.565709] ata3: SATA link up 3.0 Gbps (SStatus 123 SControl 300)
[ 6851.565793] ata3.00: ATA-6: VBOX HARDDISK, 1.0, max UDMA/133
[ 6851.565794] ata3.00: 268435456 sectors, multi 128: LBA48 NCQ (depth 31/32)
[ 6851.565910] ata3.00: configured for UDMA/133
[ 6851.565980] scsi 2:0:0:0: Direct-Access     ATA      VBOX HARDDISK    1.0  PQ: 0 ANSI: 5
[ 6851.566264] sd 2:0:0:0: [sda] 268435456 512-byte logical blocks: (137 GB/128 GiB)
[ 6851.566277] sd 2:0:0:0: [sda] Write Protect is off
[ 6851.566278] sd 2:0:0:0: [sda] Mode Sense: 00 3a 00 00
[ 6851.566284] sd 2:0:0:0: [sda] Write cache: enabled, read cache: enabled, doesn't support DPO or FUA
[ 6851.566384] sd 2:0:0:0: Attached scsi generic sg1 type 0
[ 6851.567975]  sda: sda1 sda2 < sda5 >
[ 6851.568085] sd 2:0:0:0: [sda] Attached SCSI disk
[ 6851.677550] usb 2-1: New USB device found, idVendor=80ee, idProduct=0021
[ 6851.677552] usb 2-1: New USB device strings: Mfr=1, Product=3, SerialNumber=0
[ 6851.677553] usb 2-1: Product: USB Tablet
[ 6851.677554] usb 2-1: Manufacturer: VirtualBox
[ 6851.685870] hidraw: raw HID events driver (C) Jiri Kosina
[ 6851.701311] usbcore: registered new interface driver usbhid
[ 6851.701313] usbhid: USB HID core driver
[ 6851.705891] tsc: Refined TSC clocksource calibration: 3589.711 MHz
[ 6851.705893] clocksource: tsc: mask: 0xffffffffffffffff max_cycles: 0x33be5c0417d, max_idle_ns: 440795288048 ns
[ 6851.708980] input: VirtualBox USB Tablet as /devices/pci0000:00/0000:00:06.0/usb2/2-1/2-1:1.0/0003:80EE:0021.0001/input/input6
[ 6851.709122] hid-generic 0003:80EE:0021.0001: input,hidraw0: USB HID v1.10 Mouse [VirtualBox USB Tablet] on usb-0000:00:06.0-1/input0
[ 6854.229693] floppy0: no floppy controllers found
[ 6854.229728] work still pending
[ 6854.311038] EXT4-fs (sda1): mounted filesystem with ordered data mode. Opts: (null)
[ 6854.929987] systemd[1]: systemd 229 running in system mode. (+PAM +AUDIT +SELINUX +IMA +APPARMOR +SMACK +SYSVINIT +UTMP +LIBCRYPTSETUP +GCRYPT +GNUTLS +ACL +XZ -LZ4 +SECCOMP +BLKID +ELFUTILS +KMOD -IDN)
[ 6854.930013] systemd[1]: Detected virtualization oracle.
[ 6854.930015] systemd[1]: Detected architecture x86-64.
[ 6854.937006] systemd[1]: Set hostname to <cxdir-VirtualBox>.
[ 6855.504574] random: nonblocking pool is initialized
[ 6855.611596] systemd[1]: Listening on fsck to fsckd communication Socket.
[ 6855.611645] systemd[1]: Listening on udev Control Socket.
[ 6855.611689] systemd[1]: Listening on Journal Audit Socket.
[ 6855.611745] systemd[1]: Created slice System Slice.
[ 6855.611770] systemd[1]: Started Forward Password Requests to Wall Directory Watch.
[ 6855.611777] systemd[1]: Reached target Remote File Systems (Pre).
[ 6855.611781] systemd[1]: Reached target Remote File Systems.
[ 6855.611823] systemd[1]: Listening on udev Kernel Socket.
[ 6855.611852] systemd[1]: Listening on Journal Socket (/dev/log).
[ 6855.611870] systemd[1]: Listening on /dev/initctl Compatibility Named Pipe.
[ 6855.611903] systemd[1]: Created slice User and Session Slice.
[ 6855.611908] systemd[1]: Reached target Slices.
[ 6855.611919] systemd[1]: Listening on Syslog Socket.
[ 6855.611990] systemd[1]: Set up automount Arbitrary Executable File Formats File System Automount Point.
[ 6855.612010] systemd[1]: Listening on Journal Socket.
[ 6855.629560] systemd[1]: Starting Load Kernel Modules...
[ 6855.629835] systemd[1]: Mounting POSIX Message Queue File System...
[ 6855.630142] systemd[1]: Started Braille Device Support.
[ 6855.631631] systemd[1]: Starting Journal Service...
[ 6855.631901] systemd[1]: Starting Create list of required static device nodes for the current kernel...
[ 6855.632146] systemd[1]: Starting Uncomplicated firewall...
[ 6855.632445] systemd[1]: Starting Set console keymap...
[ 6855.632462] systemd[1]: Reached target Encrypted Volumes.
[ 6855.632700] systemd[1]: Mounting Huge Pages File System...
[ 6855.632945] systemd[1]: Mounting Debug File System...
[ 6855.632963] systemd[1]: Reached target User and Group Name Lookups.
[ 6855.730179] systemd[1]: Started Uncomplicated firewall.
[ 6855.800156] systemd[1]: Started Create list of required static device nodes for the current kernel.
[ 6855.800524] systemd[1]: Starting Create Static Device Nodes in /dev...
[ 6856.127697] lp: driver loaded but no devices found
[ 6856.162106] systemd[1]: Mounted POSIX Message Queue File System.
[ 6856.162127] systemd[1]: Mounted Huge Pages File System.
[ 6856.162134] systemd[1]: Mounted Debug File System.
[ 6856.167592] ppdev: user-space parallel port driver
[ 6856.189111] systemd[1]: Started Load Kernel Modules.
[ 6856.189427] systemd[1]: Mounting FUSE Control File System...
[ 6856.189647] systemd[1]: Starting Apply Kernel Variables...
[ 6856.191086] systemd[1]: Mounted FUSE Control File System.
[ 6856.202898] systemd[1]: Started Journal Service.
[ 6856.739600] EXT4-fs (sda1): re-mounted. Opts: errors=remount-ro
[ 6856.839063] systemd-journald[228]: Received request to flush runtime journal from PID 1
[ 6857.130915] vboxguest: module verification failed: signature and/or required key missing - tainting kernel
[ 6857.135095] vgdrvHeartbeatInit: Setting up heartbeat to trigger every 2000 milliseconds
[ 6857.135158] input: Unspecified device as /devices/pci0000:00/0000:00:04.0/input/input7
[ 6857.135279] vboxguest: misc device minor 56, IRQ 20, I/O port d020, MMIO at 00000000f0400000 (size 0x400000)
[ 6857.135281] vboxguest: Successfully loaded version 5.1.14 (interface 0x00010004)
[ 6857.146469] piix4_smbus 0000:00:07.0: SMBus Host Controller at 0x4100, revision 0
[ 6857.422604] [drm] Initialized drm 1.1.0 20060810
[ 6857.767642] AVX version of gcm_enc/dec engaged.
[ 6857.767643] AES CTR mode by8 optimization enabled
[ 6857.771690] [drm] VRAM 01000000
[ 6857.772580] [TTM] Zone  kernel: Available graphics memory: 2281612 kiB
[ 6857.772580] [TTM] Zone   dma32: Available graphics memory: 2097152 kiB
[ 6857.772581] [TTM] Initializing pool allocator
[ 6857.772583] [TTM] Initializing DMA pool allocator
[ 6857.787916] fbcon: vboxdrmfb (fb0) is primary device
[ 6857.794413] Console: switching to colour frame buffer device 100x37
[ 6857.795332] vboxvideo 0000:00:02.0: fb0: vboxdrmfb frame buffer device
[ 6857.799041] [drm] Initialized vboxvideo 1.0.0 20130823 for 0000:00:02.0 on minor 0
[ 6858.026976] intel_rapl: no valid rapl domains found in package 0
[ 6858.222064] snd_intel8x0 0000:00:05.0: disable (unknown or VT-d) VM optimization
[ 6858.496178] snd_intel8x0 0000:00:05.0: white list rate for 1028:0177 is 48000
[ 6858.844378] audit: type=1400 audit(1512984454.556:2): apparmor="STATUS" operation="profile_load" name="/usr/lib/lightdm/lightdm-guest-session" pid=505 comm="apparmor_parser"
[ 6858.844382] audit: type=1400 audit(1512984454.556:3): apparmor="STATUS" operation="profile_load" name="chromium" pid=505 comm="apparmor_parser"
[ 6858.885805] audit: type=1400 audit(1512984454.596:4): apparmor="STATUS" operation="profile_load" name="/sbin/dhclient" pid=573 comm="apparmor_parser"
[ 6858.885809] audit: type=1400 audit(1512984454.596:5): apparmor="STATUS" operation="profile_load" name="/usr/lib/NetworkManager/nm-dhcp-client.action" pid=573 comm="apparmor_parser"
[ 6858.885811] audit: type=1400 audit(1512984454.596:6): apparmor="STATUS" operation="profile_load" name="/usr/lib/NetworkManager/nm-dhcp-helper" pid=573 comm="apparmor_parser"
[ 6858.885813] audit: type=1400 audit(1512984454.596:7): apparmor="STATUS" operation="profile_load" name="/usr/lib/connman/scripts/dhclient-script" pid=573 comm="apparmor_parser"
[ 6858.973711] audit: type=1400 audit(1512984454.684:8): apparmor="STATUS" operation="profile_load" name="/usr/bin/evince" pid=606 comm="apparmor_parser"
[ 6858.973759] audit: type=1400 audit(1512984454.688:9): apparmor="STATUS" operation="profile_load" name="sanitized_helper" pid=606 comm="apparmor_parser"
[ 6858.973762] audit: type=1400 audit(1512984454.688:10): apparmor="STATUS" operation="profile_load" name="/usr/bin/evince-previewer" pid=606 comm="apparmor_parser"
[ 6858.973764] audit: type=1400 audit(1512984454.688:11): apparmor="STATUS" operation="profile_load" name="sanitized_helper" pid=606 comm="apparmor_parser"
[ 6859.032666] Adding 8386556k swap on /dev/sda5.  Priority:-1 extents:1 across:8386556k FS
[ 6860.385895] floppy0: no floppy controllers found
[ 6862.305964] vboxsf: Successfully loaded version 5.1.14 (interface 0x00010004)
[ 6864.483879] IPv6: ADDRCONF(NETDEV_UP): enp0s3: link is not ready
[ 6864.485327] IPv6: ADDRCONF(NETDEV_UP): enp0s3: link is not ready
[ 6864.486483] e1000: enp0s3 NIC Link is Up 1000 Mbps Full Duplex, Flow Control: RX
[ 6864.486732] IPv6: ADDRCONF(NETDEV_CHANGE): enp0s3: link becomes ready
[ 6864.977206] VBoxService 5.1.14 r112924 (verbosity: 0) linux.amd64 (Jan 16 2017 17:38:46) release log
               00:00:00.000056 main     Log opened 2017-12-11T09:27:40.693816000Z
[ 6864.977238] 00:00:00.000136 main     OS Product: Linux
[ 6864.977252] 00:00:00.000155 main     OS Release: 4.3.0
[ 6864.977266] 00:00:00.000169 main     OS Version: #2 SMP Fri Sep 8 20:52:18 CST 2017
[ 6864.977285] 00:00:00.000183 main     Executable: /opt/VBoxGuestAdditions-5.1.14/sbin/VBoxService
               00:00:00.000183 main     Process ID: 945
               00:00:00.000184 main     Package type: LINUX_64BITS_GENERIC
[ 6864.978123] 00:00:00.001017 main     5.1.14 r112924 started. Verbose level = 0
[ 6930.327540] nova: dafs init nova_fs
[ 6930.327542] nova: init_nova_fs: 1 cpus online
[ 6930.327544] nova: Arch new instructions support: PCOMMIT NO, CLWB NO
[ 6930.328573] nova: dafs register file sytem nova
[ 6930.328577] nova: dafs end init_fs
[ 6930.377884] nova: dafs start to mount
[ 6930.377897] nova: nova_get_block_info: dev pmem0, phys_addr 0x80000000, virt_addr ffffc90040000000, size 1610547200
[ 6930.377904] nova: start init radix tree
[ 6930.377905] nova: finish init radix tree
[ 6930.377905] nova: start nova init
[ 6930.377906] nova: creating an empty nova of size 1610547200
[ 6930.377906] nova: nova: Default block size set to 4K
[ 6930.377909] nova: dafs init dzt block
[ 6930.377909] nova: dafs_get dzt blk
[ 6930.377911] nova: dzt alloc 1 dzt blocks from 4 to 4
[ 6930.377912] nova: dafs_init_dzt_block: allocate log @ 0x4
[ 6930.377912] nova: dafs start get journal blk
[ 6930.377913] nova: dafs_get journal blk
[ 6930.377913] nova: dafs get hard journal
[ 6930.377914] nova: nova_lite_journal_hard_init: allocate log @ 0x5
[ 6930.377915] nova: dafs get soft journal
[ 6930.377915] nova: dafs start get journal blk
[ 6930.377916] nova: dafs_get journal blk
[ 6930.377917] nova: dafs get inode table
[ 6930.378254] nova: nova_init_inode_table: allocate log @ 0x6
[ 6930.378255] nova: nova_init_inode_table:inode table log head is 24576
[ 6930.378256] nova: Allocate root inode
[ 6930.378257] nova: dafs_get dzt blk
[ 6930.378258] nova: dafs allocate hash table
[ 6930.542354] nova: dafs allocate zone blocks
[ 6930.542388] nova: Zone 0, alloc 1 zone blocks from 262662 to 262662
[ 6930.542390] nova: dafs_alloc_dir_zone: allocate zone @ 0x40206
[ 6930.551112] nova: dafs make dzt pointer
[ 6930.551114] nova: dafs_get dzt blk
[ 6930.551116] nova: dafs finish make dzt bitmap pointer
[ 6930.551116] nova: dafs start build dzt
[ 6930.551118] nova: dafs finish build dzt_e
[ 6930.551119] nova: dafs start init dir zones
[ 6930.551119] nova: root ze addr is 1075863552
[ 6930.551120] nova: the root dir hashname is 47
[ 6930.551120] nova: test root hash name is 47
[ 6930.551121] nova: dafs finish creat root directory
[ 6930.551121] nova: dafs record pos in hash table address is 2121728
[ 6930.551122] nova: dafs finish recording pos in hash table
[ 6930.551123] nova: dafs add dir info in radix tree
[ 6930.551123] nova: dir hash name is 47
[ 6930.551124] nova: dafs start adding init part in dir
[ 6930.551125] nova: par ze addr is 1075863552
[ 6930.551125] nova: dafs record pos in hash table address is 2121728
[ 6930.551126] nova: dafs finish recording pos in hash table
[ 6930.551127] nova: par pos is 0
[ 6930.551127] nova: parent hashname is 47
[ 6930.551128] nova: dafs start to ext de name
[ 6930.551129] nova: dafs finish ext name
[ 6930.551129] nova: dafs record pos in hash table address is 2121728
[ 6930.551130] nova: dafs finish recording pos in hash table
[ 6930.551131] nova: dafs finish add initial part in dir
[ 6930.551131] nova: dafs finish init dir zones
[ 6930.551131] nova: dafs init dir info tree
[ 6930.551151] nova: dafs finish initial dir info tree
[ 6930.551152] nova: dafs finish nova_init
[ 6930.551153] nova: dafs start setting sb
[ 6930.551153] nova: dafs end setting sb
[ 6930.551173] nova: nova_iget: inode 1
[ 6930.551174] nova: nova_iget: pi_addr is 0x1024
[ 6930.551175] nova: nova_rebuild_inode:dafs start to rebuild inode
[ 6930.551176] nova: Rebuild dir 1 tree
[ 6930.551177] nova: Log head 0x0, tail 0x0
[ 6930.551178] nova: dafs_rebuild_dir_inode_tree: it is dir type
[ 6930.551178] nova: dafs_rebuild_dir_inode_tree:dafs finish rebuild dir inode
[ 6930.551180] nova: sucessfully get inode
[ 6930.551181] nova: root_dentry name is /
[ 6930.551182] nova: dafs end fill super
[ 6930.551183] nova: dafs finish mount
[ 6930.551687] nova: dafs_lookup,dafs start looup
[ 6930.551688] nova: dafs_inode_by_name:dafs start to inode by name
[ 6930.551689] nova: dafs_find_direntry:dafs start to find direntry
[ 6930.551690] nova: dentry name is .Trash
[ 6930.551690] nova: get_dentry_path:dafs get dentry path
[ 6930.551691] nova: fs path is: /
[ 6930.551692] nova: fs path is: /
[ 6930.551692] nova: mount point is:/
[ 6930.551692] nova: dentry name is .Trash
[ 6930.551693] nova: buf is 
[ 6930.551694] nova: ph is /.Trash
[ 6930.551694] nova: dafs finish get dentry path
[ 6930.551695] nova: strictly full name is /.Trash
[ 6930.551695] nova: strictly full name length is 7
[ 6930.551696] nova: dafs start to find dzt
[ 6930.551696] nova: test path len is 0
[ 6930.551697] nova: dafs finish finding dzt
[ 6930.551697] nova: path name is /
[ 6930.551698] nova: the ze addr is 1075863552
[ 6930.551699] nova: full name is /.Trash
[ 6930.551699] nova: the ze addr is 1075863552, the ze number is 0,  the hash table head is 2121728
[ 6930.551700] nova: dafs start to lookup in hashtable
[ 6930.551701] nova: dafs finish lookup in hash table
[ 6930.551701] nova: not found dentry in nvm
[ 6930.551701] nova: dafs_find_direntry:dafs finish find direntry
[ 6930.551702] nova: dafs_lookup:dafs finish lookup
[ 6930.551714] nova: dafs_lookup,dafs start looup
[ 6930.551714] nova: dafs_inode_by_name:dafs start to inode by name
[ 6930.551715] nova: dafs_find_direntry:dafs start to find direntry
[ 6930.551715] nova: dentry name is .Trash-1000
[ 6930.551716] nova: get_dentry_path:dafs get dentry path
[ 6930.551716] nova: fs path is: /
[ 6930.551717] nova: fs path is: /
[ 6930.551717] nova: mount point is:/
[ 6930.551718] nova: dentry name is .Trash-1000
[ 6930.551718] nova: buf is 
[ 6930.551719] nova: ph is /.Trash-1000
[ 6930.551719] nova: dafs finish get dentry path
[ 6930.551719] nova: strictly full name is /.Trash-1000
[ 6930.551720] nova: strictly full name length is 12
[ 6930.551720] nova: dafs start to find dzt
[ 6930.551721] nova: test path len is 0
[ 6930.551721] nova: dafs finish finding dzt
[ 6930.551722] nova: path name is /
[ 6930.551722] nova: the ze addr is 1075863552
[ 6930.551722] nova: full name is /.Trash-1000
[ 6930.551723] nova: the ze addr is 1075863552, the ze number is 0,  the hash table head is 2121728
[ 6930.551723] nova: dafs start to lookup in hashtable
[ 6930.551724] nova: dafs finish lookup in hash table
[ 6930.551724] nova: not found dentry in nvm
[ 6930.551725] nova: dafs_find_direntry:dafs finish find direntry
[ 6930.551725] nova: dafs_lookup:dafs finish lookup
[ 6943.385577] nova: dafs_readdir:dafs readdir
[ 6943.385578] nova: si addr is 1024
[ 6943.385580] nova: dafs_readdir: ino 1, size 4096, pos 0x0
[ 6943.385581] nova: get_dentry_path:dafs get dentry path
[ 6943.385582] nova: fs path is: /
[ 6943.385582] nova: fs path is: /
[ 6943.385583] nova: mount point is:/
[ 6943.385583] nova: dentry name is /
[ 6943.385584] nova: buf is 
[ 6943.385584] nova: ph is /
[ 6943.385585] nova: dafs finish get dentry path
[ 6943.385586] nova: dafs start to find dzt
[ 6943.385586] nova: test path len is 0
[ 6943.385587] nova: dafs finish finding dzt
[ 6943.385588] nova: dafs_find_direntry:dafs start to find direntry
[ 6943.385588] nova: dentry name is /
[ 6943.385589] nova: get_dentry_path:dafs get dentry path
[ 6943.385589] nova: fs path is: /
[ 6943.385589] nova: fs path is: /
[ 6943.385590] nova: mount point is:/
[ 6943.385590] nova: dentry name is /
[ 6943.385591] nova: buf is 
[ 6943.385591] nova: ph is /
[ 6943.385591] nova: dafs finish get dentry path
[ 6943.385592] nova: strictly full name is /
[ 6943.385592] nova: strictly full name length is 1
[ 6943.385593] nova: dafs start to find dzt
[ 6943.385593] nova: test path len is 0
[ 6943.385593] nova: dafs finish finding dzt
[ 6943.385594] nova: path name is /
[ 6943.385594] nova: the ze addr is 1075863552
[ 6943.385595] nova: full name is /
[ 6943.385596] nova: the ze addr is 1075863552, the ze number is 0,  the hash table head is 2121728
[ 6943.385596] nova: dafs start to lookup in hashtable
[ 6943.385597] nova: dafs finish lookup in hash table
[ 6943.385597] nova: dir entry pos is 0
[ 6943.385598] nova: dafs_find_direntry:dafs finish find direntry
[ 6943.385599] nova: dafs_readdir:find dir name is /
[ 6943.385599] nova: dafs_readdir:dir_subfile num is2
[ 6943.385600] nova: dafs_readdir:list subfile
[ 6943.385601] nova: pos 1, type 6, ino 1, name ., namelen 1, rec len 128
[ 6943.385602] nova: nova_get_inode_address:dafs get inode addr
[ 6943.385603] nova: nova_get_inode_address:dbg blk_type is 6, dafs_bits is 0
[ 6943.385603] nova: nova_get_inode_address:dbg ino is1,internal_ino is 1, num cpus is 1
[ 6943.385604] nova: dafs get inode table
[ 6943.385604] nova: nova_get_inode_address:inode_table log head is 24576
[ 6943.385605] nova: nova_get_inode_address:index is 1, supercount is 0
[ 6943.385606] nova: nova_get_inode_address:inode table addr is 24576
[ 6943.385606] nova: nova_get_inode_address:dafs finish find inode at 24704
[ 6943.385607] nova: ctx: ino 1, name ., name_len 1, de_len 128
[ 6943.385615] BUG: unable to handle kernel NULL pointer dereference at 0000000000000001
[ 6943.385636] IP: [<ffffffffc0319e42>] dafs_readdir+0x432/0x730 [nova]
[ 6943.385655] PGD 215c71067 PUD 218ea8067 PMD 0 
[ 6943.385665] Oops: 0000 [#1] SMP 
[ 6943.385674] Modules linked in: nova(OE) vboxsf(OE) snd_intel8x0 snd_ac97_codec ac97_bus snd_pcm snd_seq_midi snd_seq_midi_event snd_rawmidi snd_seq snd_seq_device snd_timer crct10dif_pclmul crc32_pclmul joydev vboxvideo(OE) aesni_intel aes_x86_64 snd lrw ttm glue_helper ablk_helper cryptd soundcore drm_kms_helper drm input_leds serio_raw fb_sys_fops syscopyarea sysfillrect sysimgblt mac_hid i2c_piix4 vboxguest(OE) parport_pc ppdev lp parport autofs4 hid_generic usbhid hid psmouse ahci libahci fjes video e1000 pata_acpi
[ 6943.385794] CPU: 0 PID: 3214 Comm: ls Tainted: G           OE   4.3.0 #2
[ 6943.385807] Hardware name: innotek GmbH VirtualBox/VirtualBox, BIOS VirtualBox 12/01/2006
[ 6943.385822] task: ffff880079403900 ti: ffff88007a324000 task.ti: ffff88007a324000
[ 6943.385836] RIP: 0010:[<ffffffffc0319e42>]  [<ffffffffc0319e42>] dafs_readdir+0x432/0x730 [nova]
[ 6943.385855] RSP: 0018:ffff88007a327e10  EFLAGS: 00010282
[ 6943.385865] RAX: 0000000000000000 RBX: 0000000000000001 RCX: 0000000000000006
[ 6943.385879] RDX: 0000000000000000 RSI: 0000000000000246 RDI: ffff88021fc0dd50
[ 6943.385892] RBP: ffff88007a327ea0 R08: 000000000000000a R09: 00000000000002e7
[ 6943.385905] R10: 0000000000000000 R11: 00000000000002e7 R12: ffff880217242aa0
[ 6943.385918] R13: ffffc90080206000 R14: ffffc90080206080 R15: 0000000000000001
[ 6943.385932] FS:  00007f2529cb0800(0000) GS:ffff88021fc00000(0000) knlGS:0000000000000000
[ 6943.385947] CS:  0010 DS: 0000 ES: 0000 CR0: 0000000080050033
[ 6943.385958] CR2: 0000000000000001 CR3: 000000021787f000 CR4: 00000000000406f0
[ 6943.385973] Stack:
[ 6943.385978]  0000000000000080 ffffc90040006080 0000000000000000 ffff880217eed800
[ 6943.385994]  ffff8802172421b0 ffffc900802064b5 ffff88007a327ef0 0000000000006080
[ 6943.386010]  ffff88007baa5700 ffff88007baa5710 ffff8802159b61a0 ffff8801ebe35d80
[ 6943.386026] Call Trace:
[ 6943.386034]  [<ffffffff81213222>] iterate_dir+0x92/0x120
[ 6943.386045]  [<ffffffff812136c6>] SyS_getdents+0x96/0x110
[ 6943.386056]  [<ffffffff81213380>] ? fillonedir+0xd0/0xd0
[ 6943.386068]  [<ffffffff817f2a32>] entry_SYSCALL_64_fastpath+0x16/0x71
[ 6943.386080] Code: 48 03 7a 18 48 8b 55 98 48 85 c0 b8 00 00 00 00 48 0f 45 c7 48 c7 c7 58 62 32 c0 48 89 85 78 ff ff ff e8 02 9e e6 c0 48 8b 45 80 <0f> b6 14 25 01 00 00 00 4d 89 f8 be 30 00 00 00 44 0f b7 48 1c 
[ 6943.386152] RIP  [<ffffffffc0319e42>] dafs_readdir+0x432/0x730 [nova]
[ 6943.386166]  RSP <ffff88007a327e10>
[ 6943.386610] CR2: 0000000000000001
[ 6943.386989] fbcon_switch: detected unhandled fb_set_par error, error code -16
[ 6943.388007] fbcon_switch: detected unhandled fb_set_par error, error code -16
[ 6943.388972] ---[ end trace c5bc2e6e5bc329bd ]---
[ 7063.697751] BUG: Dentry ffff8801ebe35d80{i=1,n=/}  still in use (3) [unmount of NOVA pmem0]
[ 7063.697754] ------------[ cut here ]------------
[ 7063.697759] WARNING: CPU: 0 PID: 3357 at fs/dcache.c:1436 umount_check+0x73/0x80()
[ 7063.697760] Modules linked in: nova(OE) vboxsf(OE) snd_intel8x0 snd_ac97_codec ac97_bus snd_pcm snd_seq_midi snd_seq_midi_event snd_rawmidi snd_seq snd_seq_device snd_timer crct10dif_pclmul crc32_pclmul joydev vboxvideo(OE) aesni_intel aes_x86_64 snd lrw ttm glue_helper ablk_helper cryptd soundcore drm_kms_helper drm input_leds serio_raw fb_sys_fops syscopyarea sysfillrect sysimgblt mac_hid i2c_piix4 vboxguest(OE) parport_pc ppdev lp parport autofs4 hid_generic usbhid hid psmouse ahci libahci fjes video e1000 pata_acpi
[ 7063.697782] CPU: 0 PID: 3357 Comm: umount Tainted: G      D    OE   4.3.0 #2
[ 7063.697783] Hardware name: innotek GmbH VirtualBox/VirtualBox, BIOS VirtualBox 12/01/2006
[ 7063.697784]  0000000000000000 00000000f30c359b ffff88021653bcf8 ffffffff813cddc4
[ 7063.697785]  0000000000000000 ffff88021653bd30 ffffffff8107d442 ffff8801ebe35d80
[ 7063.697787]  ffff880217eed800 ffff88007ac45580 0000000000000000 ffff88007ac45580
[ 7063.697788] Call Trace:
[ 7063.697792]  [<ffffffff813cddc4>] dump_stack+0x44/0x60
[ 7063.697794]  [<ffffffff8107d442>] warn_slowpath_common+0x82/0xc0
[ 7063.697795]  [<ffffffff8107d58a>] warn_slowpath_null+0x1a/0x20
[ 7063.697796]  [<ffffffff81216243>] umount_check+0x73/0x80
[ 7063.697797]  [<ffffffff81215d42>] d_walk+0x62/0x280
[ 7063.697798]  [<ffffffff812161d0>] ? dentry_free+0x90/0x90
[ 7063.697799]  [<ffffffff81216eb6>] do_one_tree+0x26/0x40
[ 7063.697801]  [<ffffffff8121850f>] shrink_dcache_for_umount+0x2f/0x90
[ 7063.697804]  [<ffffffff81201c2f>] generic_shutdown_super+0x1f/0xf0
[ 7063.697806]  [<ffffffff81201ff7>] kill_block_super+0x27/0x70
[ 7063.697807]  [<ffffffff81202123>] deactivate_locked_super+0x43/0x70
[ 7063.697809]  [<ffffffff812025fc>] deactivate_super+0x5c/0x60
[ 7063.697810]  [<ffffffff8121f6cf>] cleanup_mnt+0x3f/0x90
[ 7063.697811]  [<ffffffff8121f762>] __cleanup_mnt+0x12/0x20
[ 7063.697813]  [<ffffffff8109b073>] task_work_run+0x73/0x90
[ 7063.697816]  [<ffffffff81003b46>] prepare_exit_to_usermode+0xd6/0x100
[ 7063.697817]  [<ffffffff81003bbc>] syscall_return_slowpath+0x4c/0x120
[ 7063.697820]  [<ffffffff817f2b90>] int_ret_from_sys_call+0x25/0x8f
[ 7063.697821] ---[ end trace c5bc2e6e5bc329be ]---
[ 7063.697829] nova: nova_save_inode_list_to_log: 1 inode nodes, pi head 0x40286000, tail 0x40286010
[ 7063.697831] nova: nova_save_blocknode_mappings_to_log: 1 blocknodes, 1 log pages, pi head 0x40287000, tail 0x40287010
[ 7063.697844] VFS: Busy inodes after unmount of pmem0. Self-destruct in 5 seconds.  Have a nice day...
[ 7063.719390] =============================================================================
[ 7063.719394] BUG nova_inode_cache (Tainted: G      D W  OE  ): Objects remaining in nova_inode_cache on kmem_cache_close()
[ 7063.719395] -----------------------------------------------------------------------------

[ 7063.719397] INFO: Slab 0xffffea0001e43300 objects=23 used=1 fp=0xffff8800790cfb20 flags=0x1ffff8000004080
[ 7063.719399] CPU: 0 PID: 3359 Comm: rmmod Tainted: G    B D W  OE   4.3.0 #2
[ 7063.719400] Hardware name: innotek GmbH VirtualBox/VirtualBox, BIOS VirtualBox 12/01/2006
[ 7063.719402]  0000000000000000 00000000ae11c8fe ffff88021653bd60 ffffffff813cddc4
[ 7063.719404]  ffffea0001e43300 ffff88021653be38 ffffffff811dca00 ffff880200000020
[ 7063.719405]  ffff88021653be48 ffff88021653bdf8 656a624f78dda800 616d657220737463
[ 7063.719407] Call Trace:
[ 7063.719411]  [<ffffffff813cddc4>] dump_stack+0x44/0x60
[ 7063.719414]  [<ffffffff811dca00>] slab_err+0xb0/0xe0
[ 7063.719416]  [<ffffffff811e05c9>] ? __kmalloc+0x159/0x190
[ 7063.719418]  [<ffffffff811e269e>] ? __kmem_cache_shutdown+0x10e/0x2b0
[ 7063.719419]  [<ffffffff811e26bc>] __kmem_cache_shutdown+0x12c/0x2b0
[ 7063.719421]  [<ffffffff811a9e4a>] kmem_cache_destroy+0xba/0x140
[ 7063.719427]  [<ffffffffc0321757>] exit_nova_fs+0x2f/0x8d8 [nova]
[ 7063.719430]  [<ffffffff81102245>] SyS_delete_module+0x1b5/0x210
[ 7063.719432]  [<ffffffff81003bbc>] ? syscall_return_slowpath+0x4c/0x120
[ 7063.719436]  [<ffffffff817f2a32>] entry_SYSCALL_64_fastpath+0x16/0x71
[ 7063.719437] INFO: Object 0xffff8800790cc000 @offset=0
[ 7063.719438] kmem_cache_destroy nova_inode_cache: Slab cache still has objects
[ 7063.719440] CPU: 0 PID: 3359 Comm: rmmod Tainted: G    B D W  OE   4.3.0 #2
[ 7063.719440] Hardware name: innotek GmbH VirtualBox/VirtualBox, BIOS VirtualBox 12/01/2006
[ 7063.719441]  0000000000000000 00000000ae11c8fe ffff88021653be98 ffffffff813cddc4
[ 7063.719442]  ffff880078dda800 ffff88021653bed8 ffffffff811a9ebe ffff88021653bea8
[ 7063.719444]  ffff88021653bea8 00000000ae11c8fe ffffffffc0329340 00007ffe18efff50
[ 7063.719445] Call Trace:
[ 7063.719446]  [<ffffffff813cddc4>] dump_stack+0x44/0x60
[ 7063.719447]  [<ffffffff811a9ebe>] kmem_cache_destroy+0x12e/0x140
[ 7063.719450]  [<ffffffffc0321757>] exit_nova_fs+0x2f/0x8d8 [nova]
[ 7063.719451]  [<ffffffff81102245>] SyS_delete_module+0x1b5/0x210
[ 7063.719453]  [<ffffffff81003bbc>] ? syscall_return_slowpath+0x4c/0x120
[ 7063.719454]  [<ffffffff817f2a32>] entry_SYSCALL_64_fastpath+0x16/0x71
[ 7071.836328] nova: dafs init nova_fs
[ 7071.836332] nova: init_nova_fs: 1 cpus online
[ 7071.836334] nova: Arch new instructions support: PCOMMIT NO, CLWB NO
[ 7071.837994] nova: dafs register file sytem nova
[ 7071.837999] nova: dafs end init_fs
[ 7071.849155] nova: dafs start to mount
[ 7071.849178] nova: nova_get_block_info: dev pmem0, phys_addr 0x80000000, virt_addr ffffc90040000000, size 1610547200
[ 7071.849198] nova: start init radix tree
[ 7071.849199] nova: finish init radix tree
[ 7071.849200] nova: start nova init
[ 7071.849201] nova: creating an empty nova of size 1610547200
[ 7071.849202] nova: nova: Default block size set to 4K
[ 7071.849205] nova: dafs init dzt block
[ 7071.849206] nova: dafs_get dzt blk
[ 7071.849208] nova: dzt alloc 1 dzt blocks from 4 to 4
[ 7071.849209] nova: dafs_init_dzt_block: allocate log @ 0x4
[ 7071.849210] nova: dafs start get journal blk
[ 7071.849211] nova: dafs_get journal blk
[ 7071.849220] nova: dafs get hard journal
[ 7071.849222] nova: nova_lite_journal_hard_init: allocate log @ 0x5
[ 7071.849223] nova: dafs get soft journal
[ 7071.849224] nova: dafs start get journal blk
[ 7071.849224] nova: dafs_get journal blk
[ 7071.849225] nova: dafs get inode table
[ 7071.849420] nova: nova_init_inode_table: allocate log @ 0x6
[ 7071.849421] nova: nova_init_inode_table:inode table log head is 24576
[ 7071.849423] nova: Allocate root inode
[ 7071.849424] nova: dafs_get dzt blk
[ 7071.849425] nova: dafs allocate hash table
[ 7071.913658] nova: dafs allocate zone blocks
[ 7071.913715] nova: Zone 0, alloc 1 zone blocks from 262662 to 262662
[ 7071.913718] nova: dafs_alloc_dir_zone: allocate zone @ 0x40206
[ 7071.955508] nova: dafs make dzt pointer
[ 7071.955510] nova: dafs_get dzt blk
[ 7071.955512] nova: dafs finish make dzt bitmap pointer
[ 7071.955513] nova: dafs start build dzt
[ 7071.955515] nova: dafs finish build dzt_e
[ 7071.955515] nova: dafs start init dir zones
[ 7071.955516] nova: root ze addr is 1075863552
[ 7071.955516] nova: the root dir hashname is 47
[ 7071.955517] nova: test root hash name is 47
[ 7071.955517] nova: dafs finish creat root directory
[ 7071.955518] nova: dafs record pos in hash table address is 2121728
[ 7071.955518] nova: dafs finish recording pos in hash table
[ 7071.955519] nova: dafs add dir info in radix tree
[ 7071.955520] nova: dir hash name is 47
[ 7071.955520] nova: dafs start adding init part in dir
[ 7071.955521] nova: par ze addr is 1075863552
[ 7071.955522] nova: dafs record pos in hash table address is 2121728
[ 7071.955522] nova: dafs finish recording pos in hash table
[ 7071.955523] nova: par pos is 0
[ 7071.955523] nova: parent hashname is 47
[ 7071.955524] nova: dafs start to ext de name
[ 7071.955525] nova: dafs finish ext name
[ 7071.955525] nova: dafs record pos in hash table address is 2121728
[ 7071.955526] nova: dafs finish recording pos in hash table
[ 7071.955526] nova: dafs finish add initial part in dir
[ 7071.955527] nova: dafs finish init dir zones
[ 7071.955527] nova: dafs init dir info tree
[ 7071.955547] nova: dafs finish initial dir info tree
[ 7071.955548] nova: dafs finish nova_init
[ 7071.955548] nova: dafs start setting sb
[ 7071.955548] nova: dafs end setting sb
[ 7071.955554] nova: nova_iget: inode 1
[ 7071.955555] nova: nova_iget: pi_addr is 0x1024
[ 7071.955556] nova: nova_rebuild_inode:dafs start to rebuild inode
[ 7071.955557] nova: Rebuild dir 1 tree
[ 7071.955558] nova: Log head 0x0, tail 0x0
[ 7071.955558] nova: dafs_rebuild_dir_inode_tree: it is dir type
[ 7071.955559] nova: dafs_rebuild_dir_inode_tree:dafs finish rebuild dir inode
[ 7071.955560] nova: sucessfully get inode
[ 7071.955561] nova: root_dentry name is /
[ 7071.955562] nova: dafs end fill super
[ 7071.955563] nova: dafs finish mount
[ 7071.956261] nova: dafs_lookup,dafs start looup
[ 7071.956262] nova: dafs_inode_by_name:dafs start to inode by name
[ 7071.956263] nova: dafs_find_direntry:dafs start to find direntry
[ 7071.956263] nova: dentry name is .Trash
[ 7071.956264] nova: get_dentry_path:dafs get dentry path
[ 7071.956265] nova: fs path is: /
[ 7071.956265] nova: fs path is: /
[ 7071.956266] nova: mount point is:/
[ 7071.956266] nova: dentry name is .Trash
[ 7071.956267] nova: buf is 
[ 7071.956267] nova: ph is /.Trash
[ 7071.956268] nova: dafs finish get dentry path
[ 7071.956268] nova: strictly full name is /.Trash
[ 7071.956268] nova: strictly full name length is 7
[ 7071.956269] nova: dafs start to find dzt
[ 7071.956270] nova: test path len is 0
[ 7071.956270] nova: dafs finish finding dzt
[ 7071.956271] nova: path name is /
[ 7071.956271] nova: the ze addr is 1075863552
[ 7071.956272] nova: full name is /.Trash
[ 7071.956272] nova: the ze addr is 1075863552, the ze number is 0,  the hash table head is 2121728
[ 7071.956273] nova: dafs start to lookup in hashtable
[ 7071.956274] nova: dafs finish lookup in hash table
[ 7071.956274] nova: not found dentry in nvm
[ 7071.956275] nova: dafs_find_direntry:dafs finish find direntry
[ 7071.956275] nova: dafs_lookup:dafs finish lookup
[ 7071.956284] nova: dafs_lookup,dafs start looup
[ 7071.956284] nova: dafs_inode_by_name:dafs start to inode by name
[ 7071.956285] nova: dafs_find_direntry:dafs start to find direntry
[ 7071.956285] nova: dentry name is .Trash-1000
[ 7071.956286] nova: get_dentry_path:dafs get dentry path
[ 7071.956286] nova: fs path is: /
[ 7071.956286] nova: fs path is: /
[ 7071.956287] nova: mount point is:/
[ 7071.956287] nova: dentry name is .Trash-1000
[ 7071.956288] nova: buf is 
[ 7071.956288] nova: ph is /.Trash-1000
[ 7071.956289] nova: dafs finish get dentry path
[ 7071.956289] nova: strictly full name is /.Trash-1000
[ 7071.956290] nova: strictly full name length is 12
[ 7071.956290] nova: dafs start to find dzt
[ 7071.956291] nova: test path len is 0
[ 7071.956291] nova: dafs finish finding dzt
[ 7071.956291] nova: path name is /
[ 7071.956292] nova: the ze addr is 1075863552
[ 7071.956292] nova: full name is /.Trash-1000
[ 7071.956293] nova: the ze addr is 1075863552, the ze number is 0,  the hash table head is 2121728
[ 7071.956293] nova: dafs start to lookup in hashtable
[ 7071.956294] nova: dafs finish lookup in hash table
[ 7071.956294] nova: not found dentry in nvm
[ 7071.956295] nova: dafs_find_direntry:dafs finish find direntry
[ 7071.956295] nova: dafs_lookup:dafs finish lookup
[ 7077.015414] nova: dafs_readdir:dafs readdir
[ 7077.015416] nova: si addr is 1024
[ 7077.015418] nova: dafs_readdir: ino 1, size 4096, pos 0x0
[ 7077.015419] nova: get_dentry_path:dafs get dentry path
[ 7077.015420] nova: fs path is: /
[ 7077.015421] nova: fs path is: /
[ 7077.015421] nova: mount point is:/
[ 7077.015421] nova: dentry name is /
[ 7077.015422] nova: buf is 
[ 7077.015423] nova: ph is /
[ 7077.015423] nova: dafs finish get dentry path
[ 7077.015424] nova: dafs start to find dzt
[ 7077.015424] nova: test path len is 0
[ 7077.015425] nova: dafs finish finding dzt
[ 7077.015426] nova: dafs_find_direntry:dafs start to find direntry
[ 7077.015426] nova: dentry name is /
[ 7077.015427] nova: get_dentry_path:dafs get dentry path
[ 7077.015427] nova: fs path is: /
[ 7077.015428] nova: fs path is: /
[ 7077.015428] nova: mount point is:/
[ 7077.015428] nova: dentry name is /
[ 7077.015429] nova: buf is 
[ 7077.015429] nova: ph is /
[ 7077.015430] nova: dafs finish get dentry path
[ 7077.015430] nova: strictly full name is /
[ 7077.015431] nova: strictly full name length is 1
[ 7077.015431] nova: dafs start to find dzt
[ 7077.015431] nova: test path len is 0
[ 7077.015432] nova: dafs finish finding dzt
[ 7077.015432] nova: path name is /
[ 7077.015433] nova: the ze addr is 1075863552
[ 7077.015433] nova: full name is /
[ 7077.015434] nova: the ze addr is 1075863552, the ze number is 0,  the hash table head is 2121728
[ 7077.015435] nova: dafs start to lookup in hashtable
[ 7077.015435] nova: dafs finish lookup in hash table
[ 7077.015436] nova: dir entry pos is 0
[ 7077.015436] nova: dafs_find_direntry:dafs finish find direntry
[ 7077.015437] nova: dafs_readdir:find dir name is /
[ 7077.015437] nova: dafs_readdir:dir_subfile num is2
[ 7077.015438] nova: dafs_readdir:list subfile
[ 7077.015439] nova: pos 1, type 6, ino 1, name ., namelen 1, rec len 128
[ 7077.015440] nova: nova_get_inode_address:dafs get inode addr
[ 7077.015441] nova: nova_get_inode_address:dbg blk_type is 6, dafs_bits is 0
[ 7077.015442] nova: nova_get_inode_address:dbg ino is1,internal_ino is 1, num cpus is 1
[ 7077.015442] nova: dafs get inode table
[ 7077.015443] nova: nova_get_inode_address:inode_table log head is 24576
[ 7077.015443] nova: nova_get_inode_address:index is 1, supercount is 0
[ 7077.015444] nova: nova_get_inode_address:inode table addr is 24576
[ 7077.015444] nova: nova_get_inode_address:dafs finish find inode at 24704
[ 7077.015445] nova: ctx: ino 1, name ., name_len 1, de_len 128
[ 7077.015446] nova: dafs_readdir:list subfile
[ 7077.015446] nova: pos 2, type 6, ino 1, name .., namelen 2, rec len 128
[ 7077.015447] nova: nova_get_inode_address:dafs get inode addr
[ 7077.015448] nova: nova_get_inode_address:dbg blk_type is 6, dafs_bits is 0
[ 7077.015448] nova: nova_get_inode_address:dbg ino is1,internal_ino is 1, num cpus is 1
[ 7077.015449] nova: dafs get inode table
[ 7077.015449] nova: nova_get_inode_address:inode_table log head is 24576
[ 7077.015450] nova: nova_get_inode_address:index is 1, supercount is 0
[ 7077.015450] nova: nova_get_inode_address:inode table addr is 24576
[ 7077.015451] nova: nova_get_inode_address:dafs finish find inode at 24704
[ 7077.015451] nova: ctx: ino 1, name .., name_len 2, de_len 128
[ 7077.015452] nova: dafs ctx pos is ffffffffffffffff
[ 7077.015452] nova: dafs_readdir readir return
