[    0.000000] Initializing cgroup subsys cpuset
[    0.000000] Initializing cgroup subsys cpu
[    0.000000] Initializing cgroup subsys cpuacct
[    0.000000] Linux version 4.3.0 (root@cxdir-VirtualBox) (gcc version 5.4.0 20160609 (Ubuntu 5.4.0-6ubuntu1~16.04.4) ) #2 SMP Fri Sep 8 20:52:18 CST 2017
[    0.000000] Command line: BOOT_IMAGE=/boot/vmlinuz-4.3.0 memmap=4G!2G root=UUID=8918101d-1281-40c7-aa75-72b85c4a0441 ro quiet splash
[    0.000000] KERNEL supported cpus:
[    0.000000]   Intel GenuineIntel
[    0.000000]   AMD AuthenticAMD
[    0.000000]   Centaur CentaurHauls
[    0.000000] x86/fpu: xstate_offset[2]: 0240, xstate_sizes[2]: 0100
[    0.000000] x86/fpu: Supporting XSAVE feature 0x01: 'x87 floating point registers'
[    0.000000] x86/fpu: Supporting XSAVE feature 0x02: 'SSE registers'
[    0.000000] x86/fpu: Supporting XSAVE feature 0x04: 'AVX registers'
[    0.000000] x86/fpu: Enabled xstate features 0x7, context size is 0x340 bytes, using 'standard' format.
[    0.000000] x86/fpu: Using 'lazy' FPU context switches.
[    0.000000] e820: BIOS-provided physical RAM map:
[    0.000000] BIOS-e820: [mem 0x0000000000000000-0x000000000009fbff] usable
[    0.000000] BIOS-e820: [mem 0x000000000009fc00-0x000000000009ffff] reserved
[    0.000000] BIOS-e820: [mem 0x00000000000f0000-0x00000000000fffff] reserved
[    0.000000] BIOS-e820: [mem 0x0000000000100000-0x00000000dffeffff] usable
[    0.000000] BIOS-e820: [mem 0x00000000dfff0000-0x00000000dfffffff] ACPI data
[    0.000000] BIOS-e820: [mem 0x00000000fec00000-0x00000000fec00fff] reserved
[    0.000000] BIOS-e820: [mem 0x00000000fee00000-0x00000000fee00fff] reserved
[    0.000000] BIOS-e820: [mem 0x00000000fffc0000-0x00000000ffffffff] reserved
[    0.000000] BIOS-e820: [mem 0x0000000100000000-0x000000021fffffff] usable
[    0.000000] NX (Execute Disable) protection: active
[    0.000000] e820: user-defined physical RAM map:
[    0.000000] user: [mem 0x0000000000000000-0x000000000009fbff] usable
[    0.000000] user: [mem 0x000000000009fc00-0x000000000009ffff] reserved
[    0.000000] user: [mem 0x00000000000f0000-0x00000000000fffff] reserved
[    0.000000] user: [mem 0x0000000000100000-0x000000007fffffff] usable
[    0.000000] user: [mem 0x0000000080000000-0x00000000dffeffff] persistent (type 12)
[    0.000000] user: [mem 0x00000000dfff0000-0x00000000dfffffff] persistent (type 12)
[    0.000000] user: [mem 0x00000000e0000000-0x00000000febfffff] persistent (type 12)
[    0.000000] user: [mem 0x00000000fec00000-0x00000000fec00fff] persistent (type 12)
[    0.000000] user: [mem 0x00000000fec01000-0x00000000fedfffff] persistent (type 12)
[    0.000000] user: [mem 0x00000000fee00000-0x00000000fee00fff] persistent (type 12)
[    0.000000] user: [mem 0x00000000fee01000-0x00000000fffbffff] persistent (type 12)
[    0.000000] user: [mem 0x00000000fffc0000-0x00000000ffffffff] persistent (type 12)
[    0.000000] user: [mem 0x0000000100000000-0x000000017fffffff] persistent (type 12)
[    0.000000] user: [mem 0x0000000180000000-0x000000021fffffff] usable
[    0.000000] SMBIOS 2.5 present.
[    0.000000] DMI: innotek GmbH VirtualBox/VirtualBox, BIOS VirtualBox 12/01/2006
[    0.000000] Hypervisor detected: KVM
[    0.000000] e820: update [mem 0x00000000-0x00000fff] usable ==> reserved
[    0.000000] e820: remove [mem 0x000a0000-0x000fffff] usable
[    0.000000] e820: last_pfn = 0x220000 max_arch_pfn = 0x400000000
[    0.000000] MTRR default type: uncachable
[    0.000000] MTRR variable ranges disabled:
[    0.000000] x86/PAT: Configuration [0-7]: WB  WC  UC- UC  WB  WC  UC- WT  
[    0.000000] MTRR: Disabled
[    0.000000] CPU MTRRs all blank - virtualized system.
[    0.000000] e820: last_pfn = 0x100000 max_arch_pfn = 0x400000000
[    0.000000] found SMP MP-table at [mem 0x0009fff0-0x0009ffff] mapped at [ffff88000009fff0]
[    0.000000] Scanning 1 areas for low memory corruption
[    0.000000] Base memory trampoline at [ffff880000099000] 99000 size 24576
[    0.000000] init_memory_mapping: [mem 0x00000000-0x000fffff]
[    0.000000]  [mem 0x00000000-0x000fffff] page 4k
[    0.000000] BRK [0x01ffc000, 0x01ffcfff] PGTABLE
[    0.000000] BRK [0x01ffd000, 0x01ffdfff] PGTABLE
[    0.000000] BRK [0x01ffe000, 0x01ffefff] PGTABLE
[    0.000000] init_memory_mapping: [mem 0x21fe00000-0x21fffffff]
[    0.000000]  [mem 0x21fe00000-0x21fffffff] page 2M
[    0.000000] BRK [0x01fff000, 0x01ffffff] PGTABLE
[    0.000000] init_memory_mapping: [mem 0x200000000-0x21fdfffff]
[    0.000000]  [mem 0x200000000-0x21fdfffff] page 2M
[    0.000000] init_memory_mapping: [mem 0x00100000-0x7fffffff]
[    0.000000]  [mem 0x00100000-0x001fffff] page 4k
[    0.000000]  [mem 0x00200000-0x7fffffff] page 2M
[    0.000000] init_memory_mapping: [mem 0x180000000-0x1ffffffff]
[    0.000000]  [mem 0x180000000-0x1ffffffff] page 2M
[    0.000000] BRK [0x02000000, 0x02000fff] PGTABLE
[    0.000000] BRK [0x02001000, 0x02001fff] PGTABLE
[    0.000000] RAMDISK: [mem 0x33d64000-0x35ea9fff]
[    0.000000] ACPI: Early table checksum verification disabled
[    0.000000] ACPI: RSDP 0x00000000000E0000 000024 (v02 VBOX  )
[    0.000000] ACPI: XSDT 0x00000000DFFF0030 00003C (v01 VBOX   VBOXXSDT 00000001 ASL  00000061)
[    0.000000] ACPI: FACP 0x00000000DFFF00F0 0000F4 (v04 VBOX   VBOXFACP 00000001 ASL  00000061)
[    0.000000] ACPI: DSDT 0x00000000DFFF0470 00210F (v01 VBOX   VBOXBIOS 00000002 INTL 20100528)
[    0.000000] ACPI: FACS 0x00000000DFFF0200 000040
[    0.000000] ACPI: FACS 0x00000000DFFF0200 000040
[    0.000000] ACPI: APIC 0x00000000DFFF0240 000054 (v02 VBOX   VBOXAPIC 00000001 ASL  00000061)
[    0.000000] ACPI: SSDT 0x00000000DFFF02A0 0001CC (v01 VBOX   VBOXCPUT 00000002 INTL 20100528)
[    0.000000] ACPI: Local APIC address 0xfee00000
[    0.000000] No NUMA configuration found
[    0.000000] Faking a node at [mem 0x0000000000000000-0x000000021fffffff]
[    0.000000] NODE_DATA(0) allocated [mem 0x21fffa000-0x21fffefff]
[    0.000000] kvm-clock: Using msrs 4b564d01 and 4b564d00
[    0.000000] kvm-clock: cpu 0, msr 2:1fff2001, primary cpu clock
[    0.000000] clocksource: kvm-clock: mask: 0xffffffffffffffff max_cycles: 0x1cd42e4dffb, max_idle_ns: 881590591483 ns
[    0.000000]  [ffffea0000000000-ffffea00087fffff] PMD -> [ffff88021ae00000-ffff88021f5fffff] on node 0
[    0.000000] Zone ranges:
[    0.000000]   DMA      [mem 0x0000000000001000-0x0000000000ffffff]
[    0.000000]   DMA32    [mem 0x0000000001000000-0x00000000ffffffff]
[    0.000000]   Normal   [mem 0x0000000100000000-0x000000021fffffff]
[    0.000000] Movable zone start for each node
[    0.000000] Early memory node ranges
[    0.000000]   node   0: [mem 0x0000000000001000-0x000000000009efff]
[    0.000000]   node   0: [mem 0x0000000000100000-0x000000007fffffff]
[    0.000000]   node   0: [mem 0x0000000180000000-0x000000021fffffff]
[    0.000000] Initmem setup node 0 [mem 0x0000000000001000-0x000000021fffffff]
[    0.000000] On node 0 totalpages: 1179550
[    0.000000]   DMA zone: 64 pages used for memmap
[    0.000000]   DMA zone: 21 pages reserved
[    0.000000]   DMA zone: 3998 pages, LIFO batch:0
[    0.000000]   DMA32 zone: 8128 pages used for memmap
[    0.000000]   DMA32 zone: 520192 pages, LIFO batch:31
[    0.000000]   Normal zone: 10240 pages used for memmap
[    0.000000]   Normal zone: 655360 pages, LIFO batch:31
[    0.000000] ACPI: PM-Timer IO Port: 0x4008
[    0.000000] ACPI: Local APIC address 0xfee00000
[    0.000000] IOAPIC[0]: apic_id 1, version 32, address 0xfec00000, GSI 0-23
[    0.000000] ACPI: INT_SRC_OVR (bus 0 bus_irq 0 global_irq 2 dfl dfl)
[    0.000000] ACPI: INT_SRC_OVR (bus 0 bus_irq 9 global_irq 9 high level)
[    0.000000] ACPI: IRQ0 used by override.
[    0.000000] ACPI: IRQ9 used by override.
[    0.000000] Using ACPI (MADT) for SMP configuration information
[    0.000000] smpboot: Allowing 1 CPUs, 0 hotplug CPUs
[    0.000000] PM: Registered nosave memory: [mem 0x00000000-0x00000fff]
[    0.000000] PM: Registered nosave memory: [mem 0x0009f000-0x0009ffff]
[    0.000000] PM: Registered nosave memory: [mem 0x000a0000-0x000effff]
[    0.000000] PM: Registered nosave memory: [mem 0x000f0000-0x000fffff]
[    0.000000] PM: Registered nosave memory: [mem 0x80000000-0xdffeffff]
[    0.000000] PM: Registered nosave memory: [mem 0xdfff0000-0xdfffffff]
[    0.000000] PM: Registered nosave memory: [mem 0xe0000000-0xfebfffff]
[    0.000000] PM: Registered nosave memory: [mem 0xfec00000-0xfec00fff]
[    0.000000] PM: Registered nosave memory: [mem 0xfec01000-0xfedfffff]
[    0.000000] PM: Registered nosave memory: [mem 0xfee00000-0xfee00fff]
[    0.000000] PM: Registered nosave memory: [mem 0xfee01000-0xfffbffff]
[    0.000000] PM: Registered nosave memory: [mem 0xfffc0000-0xffffffff]
[    0.000000] PM: Registered nosave memory: [mem 0x100000000-0x17fffffff]
[    0.000000] e820: cannot find a gap in the 32bit address range
               e820: PCI devices with unassigned 32bit BARs may break!
[    0.000000] e820: [mem 0x220100000-0x2204fffff] available for PCI devices
[    0.000000] Booting paravirtualized kernel on KVM
[    0.000000] clocksource: refined-jiffies: mask: 0xffffffff max_cycles: 0xffffffff, max_idle_ns: 7645519600211568 ns
[    0.000000] setup_percpu: NR_CPUS:512 nr_cpumask_bits:512 nr_cpu_ids:1 nr_node_ids:1
[    0.000000] PERCPU: Embedded 33 pages/cpu @ffff88021fc00000 s97496 r8192 d29480 u2097152
[    0.000000] pcpu-alloc: s97496 r8192 d29480 u2097152 alloc=1*2097152
[    0.000000] pcpu-alloc: [0] 0 
[    0.000000] PV qspinlock hash table entries: 256 (order: 0, 4096 bytes)
[    0.000000] Built 1 zonelists in Node order, mobility grouping on.  Total pages: 1161097
[    0.000000] Policy zone: Normal
[    0.000000] Kernel command line: BOOT_IMAGE=/boot/vmlinuz-4.3.0 memmap=4G!2G root=UUID=8918101d-1281-40c7-aa75-72b85c4a0441 ro quiet splash
[    0.000000] PID hash table entries: 4096 (order: 3, 32768 bytes)
[    0.000000] Calgary: detecting Calgary via BIOS EBDA area
[    0.000000] Calgary: Unable to locate Rio Grande table in EBDA - bailing!
[    0.000000] Memory: 4527432K/4718200K available (8158K kernel code, 1248K rwdata, 3880K rodata, 1456K init, 1332K bss, 190768K reserved, 0K cma-reserved)
[    0.000000] SLUB: HWalign=64, Order=0-3, MinObjects=0, CPUs=1, Nodes=1
[    0.000000] Hierarchical RCU implementation.
[    0.000000] 	Build-time adjustment of leaf fanout to 64.
[    0.000000] 	RCU restricting CPUs from NR_CPUS=512 to nr_cpu_ids=1.
[    0.000000] RCU: Adjusting geometry for rcu_fanout_leaf=64, nr_cpu_ids=1
[    0.000000] NR_IRQS:33024 nr_irqs:256 16
[    0.000000] Console: colour VGA+ 80x25
[    0.000000] console [tty0] enabled
[    0.000000] tsc: Detected 3591.704 MHz processor
[ 5423.329299] Calibrating delay loop (skipped) preset value.. 7183.40 BogoMIPS (lpj=14366816)
[ 5423.329302] pid_max: default: 32768 minimum: 301
[ 5423.329306] ACPI: Core revision 20150818
[ 5423.330036] ACPI: 2 ACPI AML tables successfully acquired and loaded
[ 5423.330049] Security Framework initialized
[ 5423.330051] Yama: becoming mindful.
[ 5423.330057] AppArmor: AppArmor initialized
[ 5423.330556] Dentry cache hash table entries: 1048576 (order: 11, 8388608 bytes)
[ 5423.332553] Inode-cache hash table entries: 524288 (order: 10, 4194304 bytes)
[ 5423.333694] Mount-cache hash table entries: 16384 (order: 5, 131072 bytes)
[ 5423.333706] Mountpoint-cache hash table entries: 16384 (order: 5, 131072 bytes)
[ 5423.333966] Initializing cgroup subsys io
[ 5423.333970] Initializing cgroup subsys memory
[ 5423.333979] Initializing cgroup subsys devices
[ 5423.333982] Initializing cgroup subsys freezer
[ 5423.333985] Initializing cgroup subsys net_cls
[ 5423.333987] Initializing cgroup subsys perf_event
[ 5423.333989] Initializing cgroup subsys net_prio
[ 5423.333991] Initializing cgroup subsys hugetlb
[ 5423.333995] Initializing cgroup subsys pids
[ 5423.334072] CPU: Physical Processor ID: 0
[ 5423.334839] mce: CPU supports 0 MCE banks
[ 5423.334865] process: using mwait in idle threads
[ 5423.334870] Last level iTLB entries: 4KB 1024, 2MB 1024, 4MB 1024
[ 5423.334871] Last level dTLB entries: 4KB 1024, 2MB 1024, 4MB 1024, 1GB 4
[ 5423.348373] Freeing SMP alternatives memory: 28K (ffffffff81ea6000 - ffffffff81ead000)
[ 5423.356546] ftrace: allocating 31208 entries in 122 pages
[ 5423.387944] x2apic enabled
[ 5423.388113] Switched APIC routing to physical x2apic.
[ 5423.388934] ..TIMER: vector=0x30 apic1=0 pin1=2 apic2=-1 pin2=-1
[ 5423.494160] smpboot: CPU0: Intel(R) Core(TM) i7-4790 CPU @ 3.60GHz (family: 0x6, model: 0x3c, stepping: 0x3)
[ 5423.494195] Performance Events: unsupported p6 CPU model 60 no PMU driver, software events only.
[ 5423.494205] KVM setup paravirtual spinlock
[ 5423.494827] x86: Booted up 1 node, 1 CPUs
[ 5423.494829] smpboot: Total of 1 processors activated (7183.40 BogoMIPS)
[ 5423.495096] devtmpfs: initialized
[ 5423.497149] evm: security.selinux
[ 5423.497151] evm: security.SMACK64
[ 5423.497152] evm: security.SMACK64EXEC
[ 5423.497153] evm: security.SMACK64TRANSMUTE
[ 5423.497154] evm: security.SMACK64MMAP
[ 5423.497155] evm: security.ima
[ 5423.497156] evm: security.capability
[ 5423.497280] clocksource: jiffies: mask: 0xffffffff max_cycles: 0xffffffff, max_idle_ns: 7645041785100000 ns
[ 5423.497339] pinctrl core: initialized pinctrl subsystem
[ 5423.497446] RTC time:  8:16:31, date: 12/12/17
[ 5423.497596] NET: Registered protocol family 16
[ 5423.497737] cpuidle: using governor ladder
[ 5423.497740] cpuidle: using governor menu
[ 5423.497742] PCCT header not found.
[ 5423.497796] ACPI: bus type PCI registered
[ 5423.497798] acpiphp: ACPI Hot Plug PCI Controller Driver version: 0.5
[ 5423.497913] PCI: Using configuration type 1 for base access
[ 5423.499102] ACPI: Added _OSI(Module Device)
[ 5423.499104] ACPI: Added _OSI(Processor Device)
[ 5423.499105] ACPI: Added _OSI(3.0 _SCP Extensions)
[ 5423.499106] ACPI: Added _OSI(Processor Aggregator Device)
[ 5423.499729] ACPI: Executed 1 blocks of module-level executable AML code
[ 5423.501817] ACPI: Interpreter enabled
[ 5423.501822] ACPI Exception: AE_NOT_FOUND, While evaluating Sleep State [\_S1_] (20150818/hwxface-580)
[ 5423.501826] ACPI Exception: AE_NOT_FOUND, While evaluating Sleep State [\_S2_] (20150818/hwxface-580)
[ 5423.501829] ACPI Exception: AE_NOT_FOUND, While evaluating Sleep State [\_S3_] (20150818/hwxface-580)
[ 5423.501832] ACPI Exception: AE_NOT_FOUND, While evaluating Sleep State [\_S4_] (20150818/hwxface-580)
[ 5423.501837] ACPI: (supports S0 S5)
[ 5423.501839] ACPI: Using IOAPIC for interrupt routing
[ 5423.502001] PCI: Using host bridge windows from ACPI; if necessary, use "pci=nocrs" and report a bug
[ 5423.505783] ACPI: PCI Root Bridge [PCI0] (domain 0000 [bus 00-ff])
[ 5423.505789] acpi PNP0A03:00: _OSC: OS supports [ASPM ClockPM Segments MSI]
[ 5423.505793] acpi PNP0A03:00: _OSC failed (AE_NOT_FOUND); disabling ASPM
[ 5423.505838] acpi PNP0A03:00: fail to add MMCONFIG information, can't access extended PCI configuration space under this bridge.
[ 5423.506079] PCI host bridge to bus 0000:00
[ 5423.506082] pci_bus 0000:00: root bus resource [bus 00-ff]
[ 5423.506084] pci_bus 0000:00: root bus resource [io  0x0000-0x0cf7 window]
[ 5423.506086] pci_bus 0000:00: root bus resource [io  0x0d00-0xffff window]
[ 5423.506088] pci_bus 0000:00: root bus resource [mem 0x000a0000-0x000bffff window]
[ 5423.506090] pci_bus 0000:00: root bus resource [mem 0xe0000000-0xffdfffff window]
[ 5423.506126] pci 0000:00:00.0: [8086:1237] type 00 class 0x060000
[ 5423.506594] pci 0000:00:01.0: [8086:7000] type 00 class 0x060100
[ 5423.507166] pci 0000:00:01.1: [8086:7111] type 00 class 0x01018a
[ 5423.507512] pci 0000:00:01.1: reg 0x20: [io  0xd000-0xd00f]
[ 5423.507656] pci 0000:00:01.1: legacy IDE quirk: reg 0x10: [io  0x01f0-0x01f7]
[ 5423.507658] pci 0000:00:01.1: legacy IDE quirk: reg 0x14: [io  0x03f6]
[ 5423.507659] pci 0000:00:01.1: legacy IDE quirk: reg 0x18: [io  0x0170-0x0177]
[ 5423.507661] pci 0000:00:01.1: legacy IDE quirk: reg 0x1c: [io  0x0376]
[ 5423.507837] pci 0000:00:02.0: [80ee:beef] type 00 class 0x030000
[ 5423.513907] pci 0000:00:02.0: reg 0x10: [mem 0xe0000000-0xe0ffffff pref]
[ 5423.553191] pci 0000:00:03.0: [8086:100e] type 00 class 0x020000
[ 5423.559914] pci 0000:00:03.0: reg 0x10: [mem 0xf0000000-0xf001ffff]
[ 5423.573391] pci 0000:00:03.0: reg 0x18: [io  0xd010-0xd017]
[ 5423.599214] pci 0000:00:04.0: [80ee:cafe] type 00 class 0x088000
[ 5423.605608] pci 0000:00:04.0: reg 0x10: [io  0xd020-0xd03f]
[ 5423.611053] pci 0000:00:04.0: reg 0x14: [mem 0xf0400000-0xf07fffff]
[ 5423.616197] pci 0000:00:04.0: reg 0x18: [mem 0xf0800000-0xf0803fff pref]
[ 5423.637130] pci 0000:00:05.0: [8086:2415] type 00 class 0x040100
[ 5423.637231] pci 0000:00:05.0: reg 0x10: [io  0xd100-0xd1ff]
[ 5423.637291] pci 0000:00:05.0: reg 0x14: [io  0xd200-0xd23f]
[ 5423.637759] pci 0000:00:06.0: [106b:003f] type 00 class 0x0c0310
[ 5423.643207] pci 0000:00:06.0: reg 0x10: [mem 0xf0804000-0xf0804fff]
[ 5423.678477] pci 0000:00:07.0: [8086:7113] type 00 class 0x068000
[ 5423.678817] pci 0000:00:07.0: quirk: [io  0x4000-0x403f] claimed by PIIX4 ACPI
[ 5423.678825] pci 0000:00:07.0: quirk: [io  0x4100-0x410f] claimed by PIIX4 SMB
[ 5423.679003] pci 0000:00:0b.0: [8086:265c] type 00 class 0x0c0320
[ 5423.684912] pci 0000:00:0b.0: reg 0x10: [mem 0xf0805000-0xf0805fff]
[ 5423.718775] pci 0000:00:0d.0: [8086:2829] type 00 class 0x010601
[ 5423.724841] pci 0000:00:0d.0: reg 0x10: [io  0xd240-0xd247]
[ 5423.736787] pci 0000:00:0d.0: reg 0x18: [io  0xd250-0xd257]
[ 5423.749340] pci 0000:00:0d.0: reg 0x20: [io  0xd260-0xd26f]
[ 5423.755213] pci 0000:00:0d.0: reg 0x24: [mem 0xf0806000-0xf0807fff]
[ 5423.762435] ACPI: PCI Interrupt Link [LNKA] (IRQs 5 9 10 *11)
[ 5423.762658] ACPI: PCI Interrupt Link [LNKB] (IRQs 5 9 10 *11)
[ 5423.762753] ACPI: PCI Interrupt Link [LNKC] (IRQs 5 9 *10 11)
[ 5423.762838] ACPI: PCI Interrupt Link [LNKD] (IRQs 5 *9 10 11)
[ 5423.762965] ACPI: Enabled 2 GPEs in block 00 to 07
[ 5423.763102] vgaarb: setting as boot device: PCI:0000:00:02.0
[ 5423.763105] vgaarb: device added: PCI:0000:00:02.0,decodes=io+mem,owns=io+mem,locks=none
[ 5423.763108] vgaarb: loaded
[ 5423.763109] vgaarb: bridge control possible 0000:00:02.0
[ 5423.763356] SCSI subsystem initialized
[ 5423.763398] libata version 3.00 loaded.
[ 5423.763423] ACPI: bus type USB registered
[ 5423.763439] usbcore: registered new interface driver usbfs
[ 5423.763447] usbcore: registered new interface driver hub
[ 5423.763457] usbcore: registered new device driver usb
[ 5423.763566] PCI: Using ACPI for IRQ routing
[ 5423.763568] PCI: pci_cache_line_size set to 64 bytes
[ 5423.763819] Expanded resource Persistent Memory (legacy) due to conflict with PCI Bus 0000:00
[ 5423.763821] e820: reserve RAM buffer [mem 0x0009fc00-0x0009ffff]
[ 5423.763936] NetLabel: Initializing
[ 5423.763937] NetLabel:  domain hash size = 128
[ 5423.763938] NetLabel:  protocols = UNLABELED CIPSOv4
[ 5423.763950] NetLabel:  unlabeled traffic allowed by default
[ 5423.764030] clocksource: Switched to clocksource kvm-clock
[ 5423.770416] AppArmor: AppArmor Filesystem Enabled
[ 5423.770484] pnp: PnP ACPI init
[ 5423.770557] pnp 00:00: Plug and Play ACPI device, IDs PNP0303 (active)
[ 5423.770632] pnp 00:01: Plug and Play ACPI device, IDs PNP0f03 (active)
[ 5423.771211] pnp: PnP ACPI: found 2 devices
[ 5423.776971] clocksource: acpi_pm: mask: 0xffffff max_cycles: 0xffffff, max_idle_ns: 2085701024 ns
[ 5423.776992] pci_bus 0000:00: resource 4 [io  0x0000-0x0cf7 window]
[ 5423.776994] pci_bus 0000:00: resource 5 [io  0x0d00-0xffff window]
[ 5423.776996] pci_bus 0000:00: resource 6 [mem 0x000a0000-0x000bffff window]
[ 5423.776998] pci_bus 0000:00: resource 7 [mem 0xe0000000-0xffdfffff window]
[ 5423.777034] NET: Registered protocol family 2
[ 5423.777201] TCP established hash table entries: 65536 (order: 7, 524288 bytes)
[ 5423.777362] TCP bind hash table entries: 65536 (order: 8, 1048576 bytes)
[ 5423.777536] TCP: Hash tables configured (established 65536 bind 65536)
[ 5423.777565] UDP hash table entries: 4096 (order: 5, 131072 bytes)
[ 5423.777598] UDP-Lite hash table entries: 4096 (order: 5, 131072 bytes)
[ 5423.777654] NET: Registered protocol family 1
[ 5423.777666] pci 0000:00:00.0: Limiting direct PCI/PCI transfers
[ 5423.777698] pci 0000:00:01.0: Activating ISA DMA hang workarounds
[ 5423.777727] pci 0000:00:02.0: Video device with shadowed ROM
[ 5423.778014] PCI: CLS 64 bytes, default 64
[ 5423.778062] Trying to unpack rootfs image as initramfs...
[ 5424.127907] Freeing initrd memory: 34072K (ffff880033d64000 - ffff880035eaa000)
[ 5424.127933] PCI-DMA: Using software bounce buffering for IO (SWIOTLB)
[ 5424.127935] software IO TLB [mem 0x7c000000-0x80000000] (64MB) mapped at [ffff88007c000000-ffff88007fffffff]
[ 5424.127992] platform rtc_cmos: registered platform RTC device (no PNP device found)
[ 5424.128003] RAPL PMU detected, API unit is 2^-32 Joules, 4 fixed counters 10737418240 ms ovfl timer
[ 5424.128004] hw unit of domain pp0-core 2^-0 Joules
[ 5424.128005] hw unit of domain package 2^-0 Joules
[ 5424.128005] hw unit of domain dram 2^-0 Joules
[ 5424.128006] hw unit of domain pp1-gpu 2^-0 Joules
[ 5424.128030] microcode: CPU0 sig=0x306c3, pf=0x40, revision=0x0
[ 5424.128057] microcode: Microcode Update Driver: v2.00 <tigran@aivazian.fsnet.co.uk>, Peter Oruba
[ 5424.128079] Scanning for low memory corruption every 60 seconds
[ 5424.128311] futex hash table entries: 256 (order: 2, 16384 bytes)
[ 5424.128326] audit: initializing netlink subsys (disabled)
[ 5424.128336] audit: type=2000 audit(1513072016.539:1): initialized
[ 5424.128480] Initialise system trusted keyring
[ 5424.128529] HugeTLB registered 2 MB page size, pre-allocated 0 pages
[ 5424.129416] zbud: loaded
[ 5424.129536] VFS: Disk quotas dquot_6.6.0
[ 5424.129553] VFS: Dquot-cache hash table entries: 512 (order 0, 4096 bytes)
[ 5424.129728] squashfs: version 4.0 (2009/01/31) Phillip Lougher
[ 5424.129840] fuse init (API version 7.23)
[ 5424.129911] Key type big_key registered
[ 5424.130310] Key type asymmetric registered
[ 5424.130313] Asymmetric key parser 'x509' registered
[ 5424.130322] Block layer SCSI generic (bsg) driver version 0.4 loaded (major 249)
[ 5424.130334] io scheduler noop registered
[ 5424.130335] io scheduler deadline registered (default)
[ 5424.130359] io scheduler cfq registered
[ 5424.130413] pci_hotplug: PCI Hot Plug PCI Core version: 0.5
[ 5424.130416] pciehp: PCI Express Hot Plug Controller Driver version: 0.4
[ 5424.130505] ACPI: AC Adapter [AC] (on-line)
[ 5424.130541] input: Power Button as /devices/LNXSYSTM:00/LNXPWRBN:00/input/input0
[ 5424.130544] ACPI: Power Button [PWRF]
[ 5424.130588] input: Sleep Button as /devices/LNXSYSTM:00/LNXSLPBN:00/input/input1
[ 5424.130589] ACPI: Sleep Button [SLPF]
[ 5424.130701] GHES: HEST is not enabled!
[ 5424.130756] Serial: 8250/16550 driver, 32 ports, IRQ sharing enabled
[ 5424.131395] Linux agpgart interface v0.103
[ 5424.132782] brd: module loaded
[ 5424.133256] loop: module loaded
[ 5424.133370] ata_piix 0000:00:01.1: version 2.13
[ 5424.133705] nd_pmem namespace0.0: unable to guarantee persistence of writes
[ 5424.133810] pmem0: detected capacity change from 0 to 1610547200
[ 5424.133851] nd_pmem namespace2.0: unable to guarantee persistence of writes
[ 5424.133853] nd_pmem namespace2.0: could not reserve region [0x0x00000000e0000000:0x1ffc0000]
[ 5424.133854] nd_pmem: probe of namespace2.0 failed with error -16
[ 5424.133889] nd_pmem namespace4.0: unable to guarantee persistence of writes
[ 5424.134001] pmem4: detected capacity change from 0 to 2147483648
[ 5424.134007] scsi host0: ata_piix
[ 5424.134044] scsi host1: ata_piix
[ 5424.134063] ata1: PATA max UDMA/33 cmd 0x1f0 ctl 0x3f6 bmdma 0xd000 irq 14
[ 5424.134064] ata2: PATA max UDMA/33 cmd 0x170 ctl 0x376 bmdma 0xd008 irq 15
[ 5424.134110] libphy: Fixed MDIO Bus: probed
[ 5424.134112] tun: Universal TUN/TAP device driver, 1.6
[ 5424.134113] tun: (C) 1999-2004 Max Krasnyansky <maxk@qualcomm.com>
[ 5424.134342] PPP generic driver version 2.4.2
[ 5424.134388] ehci_hcd: USB 2.0 'Enhanced' Host Controller (EHCI) Driver
[ 5424.134391] ehci-pci: EHCI PCI platform driver
[ 5424.134731] ehci-pci 0000:00:0b.0: EHCI Host Controller
[ 5424.134736] ehci-pci 0000:00:0b.0: new USB bus registered, assigned bus number 1
[ 5424.134850] ehci-pci 0000:00:0b.0: irq 19, io mem 0xf0805000
[ 5424.144215] ehci-pci 0000:00:0b.0: USB 2.0 started, EHCI 1.00
[ 5424.144284] usb usb1: New USB device found, idVendor=1d6b, idProduct=0002
[ 5424.144286] usb usb1: New USB device strings: Mfr=3, Product=2, SerialNumber=1
[ 5424.144288] usb usb1: Product: EHCI Host Controller
[ 5424.144289] usb usb1: Manufacturer: Linux 4.3.0 ehci_hcd
[ 5424.144291] usb usb1: SerialNumber: 0000:00:0b.0
[ 5424.144439] hub 1-0:1.0: USB hub found
[ 5424.144445] hub 1-0:1.0: 12 ports detected
[ 5424.144716] ehci-platform: EHCI generic platform driver
[ 5424.144733] ohci_hcd: USB 1.1 'Open' Host Controller (OHCI) Driver
[ 5424.144739] ohci-pci: OHCI PCI platform driver
[ 5424.145200] ohci-pci 0000:00:06.0: OHCI PCI host controller
[ 5424.145208] ohci-pci 0000:00:06.0: new USB bus registered, assigned bus number 2
[ 5424.145283] ohci-pci 0000:00:06.0: irq 22, io mem 0xf0804000
[ 5424.200583] usb usb2: New USB device found, idVendor=1d6b, idProduct=0001
[ 5424.200586] usb usb2: New USB device strings: Mfr=3, Product=2, SerialNumber=1
[ 5424.200587] usb usb2: Product: OHCI PCI host controller
[ 5424.200588] usb usb2: Manufacturer: Linux 4.3.0 ohci_hcd
[ 5424.200589] usb usb2: SerialNumber: 0000:00:06.0
[ 5424.200780] hub 2-0:1.0: USB hub found
[ 5424.200790] hub 2-0:1.0: 12 ports detected
[ 5424.201241] ohci-platform: OHCI generic platform driver
[ 5424.201251] uhci_hcd: USB Universal Host Controller Interface driver
[ 5424.201286] i8042: PNP: PS/2 Controller [PNP0303:PS2K,PNP0f03:PS2M] at 0x60,0x64 irq 1,12
[ 5424.201730] serio: i8042 KBD port at 0x60,0x64 irq 1
[ 5424.201735] serio: i8042 AUX port at 0x60,0x64 irq 12
[ 5424.201851] mousedev: PS/2 mouse device common for all mice
[ 5424.202102] input: AT Translated Set 2 keyboard as /devices/platform/i8042/serio0/input/input2
[ 5424.202398] rtc_cmos rtc_cmos: rtc core: registered rtc_cmos as rtc0
[ 5424.202437] rtc_cmos rtc_cmos: alarms up to one day, 114 bytes nvram
[ 5424.202443] i2c /dev entries driver
[ 5424.202481] device-mapper: uevent: version 1.0.3
[ 5424.202519] device-mapper: ioctl: 4.33.0-ioctl (2015-8-18) initialised: dm-devel@redhat.com
[ 5424.202532] ledtrig-cpu: registered to indicate activity on CPUs
[ 5424.202714] NET: Registered protocol family 10
[ 5424.202812] NET: Registered protocol family 17
[ 5424.202819] Key type dns_resolver registered
[ 5424.202953] registered taskstats version 1
[ 5424.202968] Loading compiled-in X.509 certificates
[ 5424.203458] Loaded X.509 cert 'Build time autogenerated kernel key: 0759ca4de3f7631372cabbbeea3b24c381c013ce'
[ 5424.203471] zswap: loaded using pool lzo/zbud
[ 5424.204509] Key type trusted registered
[ 5424.206130] Key type encrypted registered
[ 5424.206136] AppArmor: AppArmor sha1 policy hashing enabled
[ 5424.206139] ima: No TPM chip found, activating TPM-bypass!
[ 5424.206152] evm: HMAC attrs: 0x1
[ 5424.206370]   Magic number: 13:504:270
[ 5424.206430] rtc_cmos rtc_cmos: setting system clock to 2017-12-12 08:16:32 UTC (1513066592)
[ 5424.206473] BIOS EDD facility v0.16 2004-Jun-25, 0 devices found
[ 5424.206473] EDD information not available.
[ 5424.206504] PM: Hibernation image not present or could not be loaded.
[ 5424.288467] ata2.00: ATAPI: VBOX CD-ROM, 1.0, max UDMA/133
[ 5424.288737] ata2.00: configured for UDMA/33
[ 5424.289189] scsi 1:0:0:0: CD-ROM            VBOX     CD-ROM           1.0  PQ: 0 ANSI: 5
[ 5424.296582] sr 1:0:0:0: [sr0] scsi3-mmc drive: 32x/32x xa/form2 tray
[ 5424.296584] cdrom: Uniform CD-ROM driver Revision: 3.20
[ 5424.296654] sr 1:0:0:0: Attached scsi CD-ROM sr0
[ 5424.296815] sr 1:0:0:0: Attached scsi generic sg0 type 5
[ 5424.297027] Freeing unused kernel memory: 1456K (ffffffff81d3a000 - ffffffff81ea6000)
[ 5424.297028] Write protecting the kernel read-only data: 12288k
[ 5424.297101] Freeing unused kernel memory: 20K (ffff8800017fb000 - ffff880001800000)
[ 5424.297149] Freeing unused kernel memory: 216K (ffff880001bca000 - ffff880001c00000)
[ 5424.302745] random: udevadm urandom read with 1 bits of entropy available
[ 5424.327019] e1000: Intel(R) PRO/1000 Network Driver - version 7.3.21-k8-NAPI
[ 5424.327021] e1000: Copyright (c) 1999-2006 Intel Corporation.
[ 5424.333614] ACPI: Video Device [GFX0] (multi-head: yes  rom: no  post: no)
[ 5424.333658] input: Video Bus as /devices/LNXSYSTM:00/LNXSYBUS:00/PNP0A03:00/LNXVIDEO:00/input/input4
[ 5424.335555] FUJITSU Extended Socket Network Device Driver - version 1.0 - Copyright (c) 2015 FUJITSU LIMITED
[ 5424.626688] input: ImExPS/2 Generic Explorer Mouse as /devices/platform/i8042/serio1/input/input5
[ 5424.675563] e1000 0000:00:03.0 eth0: (PCI:33MHz:32-bit) 08:00:27:7d:c1:92
[ 5424.675567] e1000 0000:00:03.0 eth0: Intel(R) PRO/1000 Network Connection
[ 5424.675888] ahci 0000:00:0d.0: version 3.0
[ 5424.675952] ahci 0000:00:0d.0: SSS flag set, parallel bus scan disabled
[ 5424.676032] ahci 0000:00:0d.0: AHCI 0001.0100 32 slots 1 ports 3 Gbps 0x1 impl SATA mode
[ 5424.676034] ahci 0000:00:0d.0: flags: 64bit ncq stag only ccc 
[ 5424.676768] e1000 0000:00:03.0 enp0s3: renamed from eth0
[ 5424.677360] scsi host2: ahci
[ 5424.677402] ata3: SATA max UDMA/133 abar m8192@0xf0806000 port 0xf0806100 irq 21
[ 5424.800713] usb 2-1: new full-speed USB device number 2 using ohci-pci
[ 5424.996381] ata3: SATA link up 3.0 Gbps (SStatus 123 SControl 300)
[ 5424.996451] ata3.00: ATA-6: VBOX HARDDISK, 1.0, max UDMA/133
[ 5424.996453] ata3.00: 268435456 sectors, multi 128: LBA48 NCQ (depth 31/32)
[ 5424.996518] ata3.00: configured for UDMA/133
[ 5424.996592] scsi 2:0:0:0: Direct-Access     ATA      VBOX HARDDISK    1.0  PQ: 0 ANSI: 5
[ 5424.996880] sd 2:0:0:0: [sda] 268435456 512-byte logical blocks: (137 GB/128 GiB)
[ 5424.996893] sd 2:0:0:0: [sda] Write Protect is off
[ 5424.996895] sd 2:0:0:0: [sda] Mode Sense: 00 3a 00 00
[ 5424.996901] sd 2:0:0:0: [sda] Write cache: enabled, read cache: enabled, doesn't support DPO or FUA
[ 5424.997005] sd 2:0:0:0: Attached scsi generic sg1 type 0
[ 5424.998483]  sda: sda1 sda2 < sda5 >
[ 5424.998687] sd 2:0:0:0: [sda] Attached SCSI disk
[ 5425.052877] usb 2-1: New USB device found, idVendor=80ee, idProduct=0021
[ 5425.052879] usb 2-1: New USB device strings: Mfr=1, Product=3, SerialNumber=0
[ 5425.052880] usb 2-1: Product: USB Tablet
[ 5425.052882] usb 2-1: Manufacturer: VirtualBox
[ 5425.059801] hidraw: raw HID events driver (C) Jiri Kosina
[ 5425.069121] usbcore: registered new interface driver usbhid
[ 5425.069123] usbhid: USB HID core driver
[ 5425.073014] input: VirtualBox USB Tablet as /devices/pci0000:00/0000:00:06.0/usb2/2-1/2-1:1.0/0003:80EE:0021.0001/input/input6
[ 5425.073181] hid-generic 0003:80EE:0021.0001: input,hidraw0: USB HID v1.10 Mouse [VirtualBox USB Tablet] on usb-0000:00:06.0-1/input0
[ 5425.124428] tsc: Refined TSC clocksource calibration: 3591.629 MHz
[ 5425.124432] clocksource: tsc: mask: 0xffffffffffffffff max_cycles: 0x33c56ef8f43, max_idle_ns: 440795202126 ns
[ 5427.652732] floppy0: no floppy controllers found
[ 5427.652767] work still pending
[ 5427.730947] EXT4-fs (sda1): mounted filesystem with ordered data mode. Opts: (null)
[ 5428.456449] systemd[1]: systemd 229 running in system mode. (+PAM +AUDIT +SELINUX +IMA +APPARMOR +SMACK +SYSVINIT +UTMP +LIBCRYPTSETUP +GCRYPT +GNUTLS +ACL +XZ -LZ4 +SECCOMP +BLKID +ELFUTILS +KMOD -IDN)
[ 5428.456471] systemd[1]: Detected virtualization oracle.
[ 5428.456474] systemd[1]: Detected architecture x86-64.
[ 5428.463460] systemd[1]: Set hostname to <cxdir-VirtualBox>.
[ 5428.833972] random: nonblocking pool is initialized
[ 5429.022093] systemd[1]: Reached target User and Group Name Lookups.
[ 5429.022154] systemd[1]: Listening on Syslog Socket.
[ 5429.022212] systemd[1]: Created slice System Slice.
[ 5429.022237] systemd[1]: Listening on udev Kernel Socket.
[ 5429.022258] systemd[1]: Started Forward Password Requests to Wall Directory Watch.
[ 5429.022265] systemd[1]: Reached target Remote File Systems (Pre).
[ 5429.022336] systemd[1]: Set up automount Arbitrary Executable File Formats File System Automount Point.
[ 5429.022356] systemd[1]: Listening on udev Control Socket.
[ 5429.022393] systemd[1]: Created slice User and Session Slice.
[ 5429.022398] systemd[1]: Reached target Slices.
[ 5429.022423] systemd[1]: Listening on fsck to fsckd communication Socket.
[ 5429.022429] systemd[1]: Reached target Encrypted Volumes.
[ 5429.022448] systemd[1]: Listening on /dev/initctl Compatibility Named Pipe.
[ 5429.022460] systemd[1]: Listening on Journal Socket (/dev/log).
[ 5429.022497] systemd[1]: Listening on Journal Audit Socket.
[ 5429.022504] systemd[1]: Reached target Remote File Systems.
[ 5429.022522] systemd[1]: Listening on Journal Socket.
[ 5429.022735] systemd[1]: Mounting POSIX Message Queue File System...
[ 5429.022973] systemd[1]: Mounting Huge Pages File System...
[ 5429.023254] systemd[1]: Starting Create list of required static device nodes for the current kernel...
[ 5429.023502] systemd[1]: Starting Set console keymap...
[ 5429.023735] systemd[1]: Started Braille Device Support.
[ 5429.025461] systemd[1]: Starting Uncomplicated firewall...
[ 5429.025680] systemd[1]: Mounting Debug File System...
[ 5429.048354] systemd[1]: Starting Load Kernel Modules...
[ 5429.048760] systemd[1]: Starting Journal Service...
[ 5429.168049] systemd[1]: Started Create list of required static device nodes for the current kernel.
[ 5429.168420] systemd[1]: Starting Create Static Device Nodes in /dev...
[ 5429.290133] systemd[1]: Started Uncomplicated firewall.
[ 5429.454301] systemd[1]: Started Journal Service.
[ 5429.462335] lp: driver loaded but no devices found
[ 5429.512637] ppdev: user-space parallel port driver
[ 5430.192936] EXT4-fs (sda1): re-mounted. Opts: errors=remount-ro
[ 5430.325207] systemd-journald[234]: Received request to flush runtime journal from PID 1
[ 5430.707195] vboxguest: module verification failed: signature and/or required key missing - tainting kernel
[ 5430.709532] vgdrvHeartbeatInit: Setting up heartbeat to trigger every 2000 milliseconds
[ 5430.709616] input: Unspecified device as /devices/pci0000:00/0000:00:04.0/input/input7
[ 5430.710698] vboxguest: misc device minor 56, IRQ 20, I/O port d020, MMIO at 00000000f0400000 (size 0x400000)
[ 5430.710699] vboxguest: Successfully loaded version 5.1.14 (interface 0x00010004)
[ 5430.741590] piix4_smbus 0000:00:07.0: SMBus Host Controller at 0x4100, revision 0
[ 5431.195296] AVX version of gcm_enc/dec engaged.
[ 5431.195298] AES CTR mode by8 optimization enabled
[ 5431.268220] [drm] Initialized drm 1.1.0 20060810
[ 5431.414171] intel_rapl: no valid rapl domains found in package 0
[ 5431.475633] [drm] VRAM 01000000
[ 5431.475948] [TTM] Zone  kernel: Available graphics memory: 2281612 kiB
[ 5431.475949] [TTM] Zone   dma32: Available graphics memory: 2097152 kiB
[ 5431.475950] [TTM] Initializing pool allocator
[ 5431.475953] [TTM] Initializing DMA pool allocator
[ 5431.476945] fbcon: vboxdrmfb (fb0) is primary device
[ 5431.483610] Console: switching to colour frame buffer device 100x37
[ 5431.484668] vboxvideo 0000:00:02.0: fb0: vboxdrmfb frame buffer device
[ 5431.484671] [drm] Initialized vboxvideo 1.0.0 20130823 for 0000:00:02.0 on minor 0
[ 5431.858470] snd_intel8x0 0000:00:05.0: disable (unknown or VT-d) VM optimization
[ 5432.127789] snd_intel8x0 0000:00:05.0: white list rate for 1028:0177 is 48000
[ 5432.392614] audit: type=1400 audit(1513066600.684:2): apparmor="STATUS" operation="profile_load" name="/usr/lib/lightdm/lightdm-guest-session" pid=492 comm="apparmor_parser"
[ 5432.392619] audit: type=1400 audit(1513066600.684:3): apparmor="STATUS" operation="profile_load" name="chromium" pid=492 comm="apparmor_parser"
[ 5432.402734] audit: type=1400 audit(1513066600.692:4): apparmor="STATUS" operation="profile_load" name="/sbin/dhclient" pid=545 comm="apparmor_parser"
[ 5432.402738] audit: type=1400 audit(1513066600.692:5): apparmor="STATUS" operation="profile_load" name="/usr/lib/NetworkManager/nm-dhcp-client.action" pid=545 comm="apparmor_parser"
[ 5432.402740] audit: type=1400 audit(1513066600.692:6): apparmor="STATUS" operation="profile_load" name="/usr/lib/NetworkManager/nm-dhcp-helper" pid=545 comm="apparmor_parser"
[ 5432.402742] audit: type=1400 audit(1513066600.692:7): apparmor="STATUS" operation="profile_load" name="/usr/lib/connman/scripts/dhclient-script" pid=545 comm="apparmor_parser"
[ 5432.424909] audit: type=1400 audit(1513066600.716:8): apparmor="STATUS" operation="profile_load" name="/usr/bin/evince" pid=553 comm="apparmor_parser"
[ 5432.424913] audit: type=1400 audit(1513066600.716:9): apparmor="STATUS" operation="profile_load" name="sanitized_helper" pid=553 comm="apparmor_parser"
[ 5432.424915] audit: type=1400 audit(1513066600.716:10): apparmor="STATUS" operation="profile_load" name="/usr/bin/evince-previewer" pid=553 comm="apparmor_parser"
[ 5432.424917] audit: type=1400 audit(1513066600.716:11): apparmor="STATUS" operation="profile_load" name="sanitized_helper" pid=553 comm="apparmor_parser"
[ 5432.780144] Adding 8386556k swap on /dev/sda5.  Priority:-1 extents:1 across:8386556k FS
[ 5433.664186] floppy0: no floppy controllers found
[ 5433.664215] work still pending
[ 5435.242502] vboxsf: Successfully loaded version 5.1.14 (interface 0x00010004)
[ 5438.171731] IPv6: ADDRCONF(NETDEV_UP): enp0s3: link is not ready
[ 5438.173736] IPv6: ADDRCONF(NETDEV_UP): enp0s3: link is not ready
[ 5438.176485] e1000: enp0s3 NIC Link is Up 1000 Mbps Full Duplex, Flow Control: RX
[ 5438.176723] IPv6: ADDRCONF(NETDEV_CHANGE): enp0s3: link becomes ready
[ 5438.272676] VBoxService 5.1.14 r112924 (verbosity: 0) linux.amd64 (Jan 16 2017 17:38:46) release log
               00:00:00.000065 main     Log opened 2017-12-12T08:16:46.566198000Z
[ 5438.273066] 00:00:00.000460 main     OS Product: Linux
[ 5438.273085] 00:00:00.000504 main     OS Release: 4.3.0
[ 5438.273100] 00:00:00.000521 main     OS Version: #2 SMP Fri Sep 8 20:52:18 CST 2017
[ 5438.273120] 00:00:00.000536 main     Executable: /opt/VBoxGuestAdditions-5.1.14/sbin/VBoxService
               00:00:00.000537 main     Process ID: 962
               00:00:00.000537 main     Package type: LINUX_64BITS_GENERIC
[ 5438.273623] 00:00:00.001034 main     5.1.14 r112924 started. Verbose level = 0
[ 5603.116149] nova: dafs init nova_fs
[ 5603.116151] nova: init_nova_fs: 1 cpus online
[ 5603.116152] nova: Arch new instructions support: PCOMMIT NO, CLWB NO
[ 5603.117228] nova: dafs register file sytem nova
[ 5603.117232] nova: dafs end init_fs
[ 5603.171638] nova: dafs start to mount
[ 5603.171649] nova: nova_get_block_info: dev pmem0, phys_addr 0x80000000, virt_addr ffffc90040000000, size 1610547200
[ 5603.171655] nova: start init radix tree
[ 5603.171656] nova: finish init radix tree
[ 5603.171656] nova: start nova init
[ 5603.171657] nova: creating an empty nova of size 1610547200
[ 5603.171657] nova: nova: Default block size set to 4K
[ 5603.171659] nova: dafs init dzt block
[ 5603.171660] nova: dafs_get dzt blk
[ 5603.171662] nova: dzt alloc 1 dzt blocks from 4 to 4
[ 5603.171662] nova: dafs_init_dzt_block: allocate log @ 0x4
[ 5603.171663] nova: dafs start get journal blk
[ 5603.171664] nova: dafs_get journal blk
[ 5603.171664] nova: dafs get hard journal
[ 5603.171665] nova: nova_lite_journal_hard_init: allocate log @ 0x5
[ 5603.171666] nova: dafs get soft journal
[ 5603.171666] nova: dafs start get journal blk
[ 5603.171667] nova: dafs_get journal blk
[ 5603.171667] nova: dafs get inode table
[ 5603.172011] nova: nova_init_inode_table: allocate log @ 0x6
[ 5603.172012] nova: nova_init_inode_table:inode table log head is 24576
[ 5603.172013] nova: Allocate root inode
[ 5603.172014] nova: dafs_get dzt blk
[ 5603.172014] nova: dafs allocate hash table
[ 5603.346249] nova: dafs allocate zone blocks
[ 5603.346287] nova: Zone 0, alloc 1 zone blocks from 262662 to 262662
[ 5603.346289] nova: dafs_alloc_dir_zone: allocate zone @ 0x40206
[ 5603.351328] nova: dafs make dzt pointer
[ 5603.351331] nova: dafs_get dzt blk
[ 5603.351332] nova: dafs finish make dzt bitmap pointer
[ 5603.351333] nova: dafs start build dzt
[ 5603.351335] nova: dafs finish build dzt_e
[ 5603.351335] nova: dafs start init dir zones
[ 5603.351336] nova: root ze addr is 1075863552
[ 5603.351337] nova: the root dir hashname is 47
[ 5603.351337] nova: test root hash name is 47
[ 5603.351338] nova: dafs finish creat root directory
[ 5603.351339] nova: dafs record pos in hash table address is 2121728
[ 5603.351339] nova: dafs finish recording pos in hash table
[ 5603.351340] nova: dafs add dir info in radix tree
[ 5603.351340] nova: dir hash name is 47
[ 5603.351341] nova: dafs start adding init part in dir
[ 5603.351342] nova: par ze addr is 1075863552
[ 5603.351343] nova: dafs_append_dir_init_entries:fname is /., name is .
[ 5603.351344] nova: dafs record pos in hash table address is 2121728
[ 5603.351344] nova: dafs finish recording pos in hash table
[ 5603.351345] nova: par pos is 0, cur pos is 1
[ 5603.351346] nova: parent hashname is 47
[ 5603.351346] nova: dafs record pos in hash table address is 2121728
[ 5603.351347] nova: dafs finish recording pos in hash table
[ 5603.351348] nova: dafs finish add initial part in dir
[ 5603.351348] nova: dafs finish init dir zones
[ 5603.351348] nova: dafs init dir info tree
[ 5603.351369] nova: dafs finish initial dir info tree
[ 5603.351370] nova: dafs finish nova_init
[ 5603.351370] nova: dafs start setting sb
[ 5603.351371] nova: dafs end setting sb
[ 5603.351376] nova: nova_iget: inode 1
[ 5603.351377] nova: nova_iget: pi_addr is 0x1024
[ 5603.351378] nova: nova_rebuild_inode:dafs start to rebuild inode
[ 5603.351379] nova: Rebuild dir 1 tree
[ 5603.351380] nova: Log head 0x0, tail 0x0
[ 5603.351380] nova: dafs_rebuild_dir_inode_tree: it is dir type
[ 5603.351381] nova: dafs_rebuild_dir_inode_tree:dafs finish rebuild dir inode
[ 5603.351382] nova: sucessfully get inode
[ 5603.351383] nova: root_dentry name is /
[ 5603.351384] nova: dafs end fill super
[ 5603.351385] nova: dafs finish mount
[ 5603.352316] nova: dafs_lookup,dafs start looup
[ 5603.352317] nova: dafs_inode_by_name:dafs start to inode by name
[ 5603.352318] nova: dafs_find_direntry:dafs start to find direntry
[ 5603.352319] nova: dentry name is .Trash
[ 5603.352319] nova: get_dentry_path:dafs get dentry path
[ 5603.352320] nova: fs path is: /
[ 5603.352321] nova: fs path is: /
[ 5603.352321] nova: mount point is:/
[ 5603.352322] nova: dentry name is .Trash
[ 5603.352322] nova: buf is 
[ 5603.352323] nova: ph is /.Trash
[ 5603.352323] nova: dafs finish get dentry path
[ 5603.352324] nova: strictly full name is /.Trash
[ 5603.352324] nova: strictly full name length is 7
[ 5603.352325] nova: dafs start to find dzt
[ 5603.352325] nova: test path len is 0
[ 5603.352326] nova: dafs finish finding dzt
[ 5603.352326] nova: path name is /
[ 5603.352327] nova: the ze addr is 1075863552
[ 5603.352327] nova: full name is /.Trash
[ 5603.352328] nova: the ze addr is 1075863552, the ze number is 0,  the hash table head is 2121728
[ 5603.352329] nova: dafs start to lookup in hashtable
[ 5603.352330] nova: dafs finish lookup in hash table
[ 5603.352330] nova: not found dentry in nvm
[ 5603.352330] nova: dafs_find_direntry:dafs finish find direntry
[ 5603.352331] nova: dafs_lookup:dafs finish lookup
[ 5603.352341] nova: dafs_lookup,dafs start looup
[ 5603.352342] nova: dafs_inode_by_name:dafs start to inode by name
[ 5603.352342] nova: dafs_find_direntry:dafs start to find direntry
[ 5603.352343] nova: dentry name is .Trash-1000
[ 5603.352343] nova: get_dentry_path:dafs get dentry path
[ 5603.352344] nova: fs path is: /
[ 5603.352344] nova: fs path is: /
[ 5603.352344] nova: mount point is:/
[ 5603.352345] nova: dentry name is .Trash-1000
[ 5603.352345] nova: buf is 
[ 5603.352346] nova: ph is /.Trash-1000
[ 5603.352346] nova: dafs finish get dentry path
[ 5603.352347] nova: strictly full name is /.Trash-1000
[ 5603.352347] nova: strictly full name length is 12
[ 5603.352348] nova: dafs start to find dzt
[ 5603.352348] nova: test path len is 0
[ 5603.352349] nova: dafs finish finding dzt
[ 5603.352349] nova: path name is /
[ 5603.352350] nova: the ze addr is 1075863552
[ 5603.352350] nova: full name is /.Trash-1000
[ 5603.352351] nova: the ze addr is 1075863552, the ze number is 0,  the hash table head is 2121728
[ 5603.352351] nova: dafs start to lookup in hashtable
[ 5603.352352] nova: dafs finish lookup in hash table
[ 5603.352352] nova: not found dentry in nvm
[ 5603.352352] nova: dafs_find_direntry:dafs finish find direntry
[ 5603.352353] nova: dafs_lookup:dafs finish lookup
[ 5617.828662] nova: dafs_lookup,dafs start looup
[ 5617.828664] nova: dafs_inode_by_name:dafs start to inode by name
[ 5617.828666] nova: dafs_find_direntry:dafs start to find direntry
[ 5617.828666] nova: dentry name is sp
[ 5617.828667] nova: get_dentry_path:dafs get dentry path
[ 5617.828668] nova: fs path is: /
[ 5617.828668] nova: fs path is: /
[ 5617.828669] nova: mount point is:/
[ 5617.828669] nova: dentry name is sp
[ 5617.828670] nova: par dir not root
[ 5617.828671] nova: buf is 
[ 5617.828671] nova: ph is /sp
[ 5617.828672] nova: dafs finish get dentry path
[ 5617.828672] nova: strictly full name is /sp
[ 5617.828673] nova: strictly full name length is 3
[ 5617.828673] nova: dafs start to find dzt
[ 5617.828674] nova: test path len is 0
[ 5617.828675] nova: dafs finish finding dzt
[ 5617.828675] nova: path name is /
[ 5617.828676] nova: the ze addr is 1075863552
[ 5617.828676] nova: full name is /sp
[ 5617.828677] nova: the ze addr is 1075863552, the ze number is 0,  the hash table head is 2121728
[ 5617.828678] nova: dafs start to lookup in hashtable
[ 5617.828679] nova: dafs finish lookup in hash table
[ 5617.828679] nova: not found dentry in nvm
[ 5617.828680] nova: dafs_find_direntry:dafs finish find direntry
[ 5617.828680] nova: dafs_lookup:dafs finish lookup
[ 5617.828682] nova: dafs_mkdir:dafs start to mkdir
[ 5617.828683] nova: dafs start make ino
[ 5617.828684] nova: nova_get_inode_address:dafs get inode addr
[ 5617.828684] nova: nova_get_inode_address:dbg blk_type is 6, dafs_bits is 0
[ 5617.828685] nova: nova_get_inode_address:dbg ino is16,internal_ino is 16, num cpus is 1
[ 5617.828686] nova: dafs get inode table
[ 5617.828686] nova: nova_get_inode_address:inode_table log head is 24576
[ 5617.828687] nova: nova_get_inode_address:index is 16, supercount is 0
[ 5617.828687] nova: nova_get_inode_address:inode table addr is 24576
[ 5617.828688] nova: nova_get_inode_address:dafs finish find inode at 26624
[ 5617.828688] nova: ino is 16
[ 5617.828689] nova: dafs_mkdir: name sp
[ 5617.828690] nova: dafs_mkdir: inode 16, dir 1, link 2
[ 5617.828691] nova: dafs_add_dentry:dafs start to add dentry
[ 5617.828691] nova: get_dentry_path:dafs get dentry path
[ 5617.828692] nova: fs path is: /
[ 5617.828692] nova: fs path is: /
[ 5617.828693] nova: mount point is:/
[ 5617.828693] nova: dentry name is sp
[ 5617.828694] nova: par dir not root
[ 5617.828694] nova: buf is 
[ 5617.828695] nova: ph is /sp
[ 5617.828695] nova: dafs finish get dentry path
[ 5617.828696] nova: dafs start to find dzt
[ 5617.828696] nova: test path len is 0
[ 5617.828697] nova: dafs finish finding dzt
[ 5617.828698] nova: full name is /sp, name len is 3
[ 5617.828699] nova: inode addr is 1024
[ 5617.828699] nova: dentry pos is 3, zone num is 0
[ 5617.828700] nova: dentry not need extension
[ 5617.828700] nova: dentry name is sp
[ 5617.828701] nova: dentry is root subfile
[ 5617.828701] nova: set pos in hash table for each zone
[ 5617.828702] nova: dentry /sp hashname is 821744
[ 5617.828702] nova: dafs record pos in hash table address is 2121728
[ 5617.828703] nova: dafs finish recording pos in hash table
[ 5617.828703] nova: set pos in par_dir info
[ 5617.828704] nova: dafs_add_dentry:temlen is 1, zone num is 0
[ 5617.828713] BUG: unable to handle kernel 
[ 5617.828727] paging request at ffffc980802063ad
[ 5617.828735] IP: [<ffffffffc0318bb4>] dafs_add_dentry+0x894/0xac0 [nova]
[ 5617.828755] PGD 0 
[ 5617.828761] Oops: 0000 [#1] SMP 
[ 5617.828770] Modules linked in: nova(OE) vboxsf(OE) snd_intel8x0 snd_ac97_codec ac97_bus snd_pcm vboxvideo(OE) snd_seq_midi ttm snd_seq_midi_event drm_kms_helper snd_rawmidi crct10dif_pclmul crc32_pclmul drm aesni_intel aes_x86_64 snd_seq lrw joydev snd_seq_device snd_timer fb_sys_fops syscopyarea sysfillrect sysimgblt snd glue_helper ablk_helper cryptd soundcore input_leds serio_raw i2c_piix4 vboxguest(OE) mac_hid parport_pc ppdev lp parport autofs4 hid_generic usbhid hid psmouse ahci libahci fjes video e1000 pata_acpi
[ 5617.828905] CPU: 0 PID: 4054 Comm: mkdir Tainted: G           OE   4.3.0 #2
[ 5617.828919] Hardware name: innotek GmbH VirtualBox/VirtualBox, BIOS VirtualBox 12/01/2006
[ 5617.828944] task: ffff880079e163c0 ti: ffff8802171f0000 task.ti: ffff8802171f0000
[ 5617.828958] RIP: 0010:[<ffffffffc0318bb4>]  [<ffffffffc0318bb4>] dafs_add_dentry+0x894/0xac0 [nova]
[ 5617.828979] RSP: 0018:ffff8802171f3d60  EFLAGS: 00010202
[ 5617.829008] RAX: 0000007fffffff80 RBX: 0000000000000001 RCX: ffffc90080206000
[ 5617.829032] RDX: 0000000000000000 RSI: ffffffffc031ff90 RDI: ffffffffc0323710
[ 5617.829045] RBP: ffff8802171f3e38 R08: ffffffff81efc0c2 R09: 00000000000c89f0
[ 5617.829058] R10: 0000000000000000 R11: 00000000000002ee R12: ffff8801e8fac078
[ 5617.829072] R13: ffff880078c56000 R14: 0000000000000010 R15: 0000000000000001
[ 5617.829085] FS:  00007fe5de1b3800(0000) GS:ffff88021fc00000(0000) knlGS:0000000000000000
[ 5617.829100] CS:  0010 DS: 0000 ES: 0000 CR0: 0000000080050033
[ 5617.829111] CR2: ffffc980802063ad CR3: 0000000216f59000 CR4: 00000000000406f0
[ 5617.829126] Stack:
[ 5617.829131]  ffffffff81efc0c2 ffff880200000029 0000000000000000 ffff8802169016d0
[ 5617.829147]  0000000000000180 00000000000c89f0 ffffc90080206585 0000000000000003
[ 5617.829163]  ffff8802169e6280 0000000300000007 ffff880215a03300 ffffc90080206180
[ 5617.829179] Call Trace:
[ 5617.829187]  [<ffffffff81183c97>] ? printk+0x57/0x73
[ 5617.829200]  [<ffffffffc031b8a8>] dafs_mkdir+0x188/0x2b0 [nova]
[ 5617.829213]  [<ffffffff812093fd>] ? lookup_real+0x1d/0x60
[ 5617.829224]  [<ffffffff8120b3b9>] vfs_mkdir+0xb9/0x150
[ 5617.829235]  [<ffffffff81210470>] SyS_mkdir+0xd0/0x100
[ 5617.829247]  [<ffffffff817f2a32>] entry_SYSCALL_64_fastpath+0x16/0x71
[ 5617.829259] Code: c7 60 37 32 c0 e8 ad b0 e6 c0 e9 8a fd ff ff 48 8b 4c 24 70 48 c1 e0 07 48 c7 c6 90 ff 31 c0 48 c7 c7 10 37 32 c0 4c 89 4c 24 28 <48> 8b 9c 01 2d 04 00 00 48 8d 94 01 35 04 00 00 48 89 d9 e8 74 
[ 5617.830668] RIP  [<ffffffffc0318bb4>] dafs_add_dentry+0x894/0xac0 [nova]
[ 5617.831085]  RSP <ffff8802171f3d60>
[ 5617.831501] CR2: ffffc980802063ad
[ 5617.831868] fbcon_switch: detected unhandled fb_set_par error, error code -16
[ 5617.832839] fbcon_switch: detected unhandled fb_set_par error, error code -16
[ 5617.833844] ---[ end trace 3867dfc5c4a5fce0 ]---
