[    0.000000] Initializing cgroup subsys cpuset
[    0.000000] Initializing cgroup subsys cpu
[    0.000000] Initializing cgroup subsys cpuacct
[    0.000000] Linux version 4.3.0 (root@cxdir-VirtualBox) (gcc version 5.4.0 20160609 (Ubuntu 5.4.0-6ubuntu1~16.04.4) ) #2 SMP Fri Sep 8 20:52:18 CST 2017
[    0.000000] Command line: BOOT_IMAGE=/boot/vmlinuz-4.3.0 memmap=2G!1G root=UUID=8918101d-1281-40c7-aa75-72b85c4a0441 ro quiet splash
[    0.000000] KERNEL supported cpus:
[    0.000000]   Intel GenuineIntel
[    0.000000]   AMD AuthenticAMD
[    0.000000]   Centaur CentaurHauls
[    0.000000] x86/fpu: xstate_offset[2]: 0240, xstate_sizes[2]: 0100
[    0.000000] x86/fpu: Supporting XSAVE feature 0x01: 'x87 floating point registers'
[    0.000000] x86/fpu: Supporting XSAVE feature 0x02: 'SSE registers'
[    0.000000] x86/fpu: Supporting XSAVE feature 0x04: 'AVX registers'
[    0.000000] x86/fpu: Enabled xstate features 0x7, context size is 0x340 bytes, using 'standard' format.
[    0.000000] x86/fpu: Using 'lazy' FPU context switches.
[    0.000000] e820: BIOS-provided physical RAM map:
[    0.000000] BIOS-e820: [mem 0x0000000000000000-0x000000000009fbff] usable
[    0.000000] BIOS-e820: [mem 0x000000000009fc00-0x000000000009ffff] reserved
[    0.000000] BIOS-e820: [mem 0x00000000000f0000-0x00000000000fffff] reserved
[    0.000000] BIOS-e820: [mem 0x0000000000100000-0x00000000dffeffff] usable
[    0.000000] BIOS-e820: [mem 0x00000000dfff0000-0x00000000dfffffff] ACPI data
[    0.000000] BIOS-e820: [mem 0x00000000fec00000-0x00000000fec00fff] reserved
[    0.000000] BIOS-e820: [mem 0x00000000fee00000-0x00000000fee00fff] reserved
[    0.000000] BIOS-e820: [mem 0x00000000fffc0000-0x00000000ffffffff] reserved
[    0.000000] BIOS-e820: [mem 0x0000000100000000-0x000000021fffffff] usable
[    0.000000] NX (Execute Disable) protection: active
[    0.000000] e820: user-defined physical RAM map:
[    0.000000] user: [mem 0x0000000000000000-0x000000000009fbff] usable
[    0.000000] user: [mem 0x000000000009fc00-0x000000000009ffff] reserved
[    0.000000] user: [mem 0x00000000000f0000-0x00000000000fffff] reserved
[    0.000000] user: [mem 0x0000000000100000-0x000000003fffffff] usable
[    0.000000] user: [mem 0x0000000040000000-0x00000000bfffffff] persistent (type 12)
[    0.000000] user: [mem 0x00000000c0000000-0x00000000dffeffff] usable
[    0.000000] user: [mem 0x00000000dfff0000-0x00000000dfffffff] ACPI data
[    0.000000] user: [mem 0x00000000fec00000-0x00000000fec00fff] reserved
[    0.000000] user: [mem 0x00000000fee00000-0x00000000fee00fff] reserved
[    0.000000] user: [mem 0x00000000fffc0000-0x00000000ffffffff] reserved
[    0.000000] user: [mem 0x0000000100000000-0x000000021fffffff] usable
[    0.000000] SMBIOS 2.5 present.
[    0.000000] DMI: innotek GmbH VirtualBox/VirtualBox, BIOS VirtualBox 12/01/2006
[    0.000000] Hypervisor detected: KVM
[    0.000000] e820: update [mem 0x00000000-0x00000fff] usable ==> reserved
[    0.000000] e820: remove [mem 0x000a0000-0x000fffff] usable
[    0.000000] e820: last_pfn = 0x220000 max_arch_pfn = 0x400000000
[    0.000000] MTRR default type: uncachable
[    0.000000] MTRR variable ranges disabled:
[    0.000000] x86/PAT: Configuration [0-7]: WB  WC  UC- UC  WB  WC  UC- WT  
[    0.000000] MTRR: Disabled
[    0.000000] CPU MTRRs all blank - virtualized system.
[    0.000000] e820: last_pfn = 0xdfff0 max_arch_pfn = 0x400000000
[    0.000000] found SMP MP-table at [mem 0x0009fff0-0x0009ffff] mapped at [ffff88000009fff0]
[    0.000000] Scanning 1 areas for low memory corruption
[    0.000000] Base memory trampoline at [ffff880000099000] 99000 size 24576
[    0.000000] init_memory_mapping: [mem 0x00000000-0x000fffff]
[    0.000000]  [mem 0x00000000-0x000fffff] page 4k
[    0.000000] BRK [0x01ffc000, 0x01ffcfff] PGTABLE
[    0.000000] BRK [0x01ffd000, 0x01ffdfff] PGTABLE
[    0.000000] BRK [0x01ffe000, 0x01ffefff] PGTABLE
[    0.000000] init_memory_mapping: [mem 0x21fe00000-0x21fffffff]
[    0.000000]  [mem 0x21fe00000-0x21fffffff] page 2M
[    0.000000] BRK [0x01fff000, 0x01ffffff] PGTABLE
[    0.000000] init_memory_mapping: [mem 0x200000000-0x21fdfffff]
[    0.000000]  [mem 0x200000000-0x21fdfffff] page 2M
[    0.000000] init_memory_mapping: [mem 0x00100000-0x3fffffff]
[    0.000000]  [mem 0x00100000-0x001fffff] page 4k
[    0.000000]  [mem 0x00200000-0x3fffffff] page 2M
[    0.000000] init_memory_mapping: [mem 0xc0000000-0xdffeffff]
[    0.000000]  [mem 0xc0000000-0xdfdfffff] page 2M
[    0.000000]  [mem 0xdfe00000-0xdffeffff] page 4k
[    0.000000] BRK [0x02000000, 0x02000fff] PGTABLE
[    0.000000] BRK [0x02001000, 0x02001fff] PGTABLE
[    0.000000] init_memory_mapping: [mem 0x100000000-0x1ffffffff]
[    0.000000]  [mem 0x100000000-0x1ffffffff] page 2M
[    0.000000] RAMDISK: [mem 0x33d64000-0x35ea9fff]
[    0.000000] ACPI: Early table checksum verification disabled
[    0.000000] ACPI: RSDP 0x00000000000E0000 000024 (v02 VBOX  )
[    0.000000] ACPI: XSDT 0x00000000DFFF0030 00003C (v01 VBOX   VBOXXSDT 00000001 ASL  00000061)
[    0.000000] ACPI: FACP 0x00000000DFFF00F0 0000F4 (v04 VBOX   VBOXFACP 00000001 ASL  00000061)
[    0.000000] ACPI: DSDT 0x00000000DFFF0470 00210F (v01 VBOX   VBOXBIOS 00000002 INTL 20100528)
[    0.000000] ACPI: FACS 0x00000000DFFF0200 000040
[    0.000000] ACPI: FACS 0x00000000DFFF0200 000040
[    0.000000] ACPI: APIC 0x00000000DFFF0240 000054 (v02 VBOX   VBOXAPIC 00000001 ASL  00000061)
[    0.000000] ACPI: SSDT 0x00000000DFFF02A0 0001CC (v01 VBOX   VBOXCPUT 00000002 INTL 20100528)
[    0.000000] ACPI: Local APIC address 0xfee00000
[    0.000000] No NUMA configuration found
[    0.000000] Faking a node at [mem 0x0000000000000000-0x000000021fffffff]
[    0.000000] NODE_DATA(0) allocated [mem 0x21fff7000-0x21fffbfff]
[    0.000000] kvm-clock: Using msrs 4b564d01 and 4b564d00
[    0.000000] kvm-clock: cpu 0, msr 2:1ffef001, primary cpu clock
[    0.000000] clocksource: kvm-clock: mask: 0xffffffffffffffff max_cycles: 0x1cd42e4dffb, max_idle_ns: 881590591483 ns
[    0.000000]  [ffffea0000000000-ffffea00087fffff] PMD -> [ffff880219600000-ffff88021f5fffff] on node 0
[    0.000000] Zone ranges:
[    0.000000]   DMA      [mem 0x0000000000001000-0x0000000000ffffff]
[    0.000000]   DMA32    [mem 0x0000000001000000-0x00000000ffffffff]
[    0.000000]   Normal   [mem 0x0000000100000000-0x000000021fffffff]
[    0.000000] Movable zone start for each node
[    0.000000] Early memory node ranges
[    0.000000]   node   0: [mem 0x0000000000001000-0x000000000009efff]
[    0.000000]   node   0: [mem 0x0000000000100000-0x000000003fffffff]
[    0.000000]   node   0: [mem 0x00000000c0000000-0x00000000dffeffff]
[    0.000000]   node   0: [mem 0x0000000100000000-0x000000021fffffff]
[    0.000000] Initmem setup node 0 [mem 0x0000000000001000-0x000000021fffffff]
[    0.000000] On node 0 totalpages: 1572750
[    0.000000]   DMA zone: 64 pages used for memmap
[    0.000000]   DMA zone: 21 pages reserved
[    0.000000]   DMA zone: 3998 pages, LIFO batch:0
[    0.000000]   DMA32 zone: 6080 pages used for memmap
[    0.000000]   DMA32 zone: 389104 pages, LIFO batch:31
[    0.000000]   Normal zone: 18432 pages used for memmap
[    0.000000]   Normal zone: 1179648 pages, LIFO batch:31
[    0.000000] ACPI: PM-Timer IO Port: 0x4008
[    0.000000] ACPI: Local APIC address 0xfee00000
[    0.000000] IOAPIC[0]: apic_id 1, version 32, address 0xfec00000, GSI 0-23
[    0.000000] ACPI: INT_SRC_OVR (bus 0 bus_irq 0 global_irq 2 dfl dfl)
[    0.000000] ACPI: INT_SRC_OVR (bus 0 bus_irq 9 global_irq 9 high level)
[    0.000000] ACPI: IRQ0 used by override.
[    0.000000] ACPI: IRQ9 used by override.
[    0.000000] Using ACPI (MADT) for SMP configuration information
[    0.000000] smpboot: Allowing 1 CPUs, 0 hotplug CPUs
[    0.000000] PM: Registered nosave memory: [mem 0x00000000-0x00000fff]
[    0.000000] PM: Registered nosave memory: [mem 0x0009f000-0x0009ffff]
[    0.000000] PM: Registered nosave memory: [mem 0x000a0000-0x000effff]
[    0.000000] PM: Registered nosave memory: [mem 0x000f0000-0x000fffff]
[    0.000000] PM: Registered nosave memory: [mem 0x40000000-0xbfffffff]
[    0.000000] PM: Registered nosave memory: [mem 0xdfff0000-0xdfffffff]
[    0.000000] PM: Registered nosave memory: [mem 0xe0000000-0xfebfffff]
[    0.000000] PM: Registered nosave memory: [mem 0xfec00000-0xfec00fff]
[    0.000000] PM: Registered nosave memory: [mem 0xfec01000-0xfedfffff]
[    0.000000] PM: Registered nosave memory: [mem 0xfee00000-0xfee00fff]
[    0.000000] PM: Registered nosave memory: [mem 0xfee01000-0xfffbffff]
[    0.000000] PM: Registered nosave memory: [mem 0xfffc0000-0xffffffff]
[    0.000000] e820: [mem 0xe0000000-0xfebfffff] available for PCI devices
[    0.000000] Booting paravirtualized kernel on KVM
[    0.000000] clocksource: refined-jiffies: mask: 0xffffffff max_cycles: 0xffffffff, max_idle_ns: 7645519600211568 ns
[    0.000000] setup_percpu: NR_CPUS:512 nr_cpumask_bits:512 nr_cpu_ids:1 nr_node_ids:1
[    0.000000] PERCPU: Embedded 33 pages/cpu @ffff88021fc00000 s97496 r8192 d29480 u2097152
[    0.000000] pcpu-alloc: s97496 r8192 d29480 u2097152 alloc=1*2097152
[    0.000000] pcpu-alloc: [0] 0 
[    0.000000] PV qspinlock hash table entries: 256 (order: 0, 4096 bytes)
[    0.000000] Built 1 zonelists in Node order, mobility grouping on.  Total pages: 1548153
[    0.000000] Policy zone: Normal
[    0.000000] Kernel command line: BOOT_IMAGE=/boot/vmlinuz-4.3.0 memmap=2G!1G root=UUID=8918101d-1281-40c7-aa75-72b85c4a0441 ro quiet splash
[    0.000000] PID hash table entries: 4096 (order: 3, 32768 bytes)
[    0.000000] Calgary: detecting Calgary via BIOS EBDA area
[    0.000000] Calgary: Unable to locate Rio Grande table in EBDA - bailing!
[    0.000000] Memory: 6075644K/6291000K available (8158K kernel code, 1248K rwdata, 3880K rodata, 1456K init, 1332K bss, 215356K reserved, 0K cma-reserved)
[    0.000000] SLUB: HWalign=64, Order=0-3, MinObjects=0, CPUs=1, Nodes=1
[    0.000000] Hierarchical RCU implementation.
[    0.000000] 	Build-time adjustment of leaf fanout to 64.
[    0.000000] 	RCU restricting CPUs from NR_CPUS=512 to nr_cpu_ids=1.
[    0.000000] RCU: Adjusting geometry for rcu_fanout_leaf=64, nr_cpu_ids=1
[    0.000000] NR_IRQS:33024 nr_irqs:256 16
[    0.000000] Console: colour VGA+ 80x25
[    0.000000] console [tty0] enabled
[    0.000000] tsc: Detected 3591.704 MHz processor
[ 1238.292896] Calibrating delay loop (skipped) preset value.. 7183.40 BogoMIPS (lpj=14366816)
[ 1238.292898] pid_max: default: 32768 minimum: 301
[ 1238.292902] ACPI: Core revision 20150818
[ 1238.293589] ACPI: 2 ACPI AML tables successfully acquired and loaded
[ 1238.293601] Security Framework initialized
[ 1238.293602] Yama: becoming mindful.
[ 1238.293608] AppArmor: AppArmor initialized
[ 1238.293929] Dentry cache hash table entries: 1048576 (order: 11, 8388608 bytes)
[ 1238.295469] Inode-cache hash table entries: 524288 (order: 10, 4194304 bytes)
[ 1238.296154] Mount-cache hash table entries: 16384 (order: 5, 131072 bytes)
[ 1238.296160] Mountpoint-cache hash table entries: 16384 (order: 5, 131072 bytes)
[ 1238.296310] Initializing cgroup subsys io
[ 1238.296314] Initializing cgroup subsys memory
[ 1238.296318] Initializing cgroup subsys devices
[ 1238.296320] Initializing cgroup subsys freezer
[ 1238.296321] Initializing cgroup subsys net_cls
[ 1238.296322] Initializing cgroup subsys perf_event
[ 1238.296324] Initializing cgroup subsys net_prio
[ 1238.296325] Initializing cgroup subsys hugetlb
[ 1238.296327] Initializing cgroup subsys pids
[ 1238.296384] CPU: Physical Processor ID: 0
[ 1238.297154] mce: CPU supports 0 MCE banks
[ 1238.297170] process: using mwait in idle threads
[ 1238.297174] Last level iTLB entries: 4KB 1024, 2MB 1024, 4MB 1024
[ 1238.297174] Last level dTLB entries: 4KB 1024, 2MB 1024, 4MB 1024, 1GB 4
[ 1238.307978] Freeing SMP alternatives memory: 28K (ffffffff81ea6000 - ffffffff81ead000)
[ 1238.315677] ftrace: allocating 31208 entries in 122 pages
[ 1238.351059] x2apic enabled
[ 1238.351294] Switched APIC routing to physical x2apic.
[ 1238.352438] ..TIMER: vector=0x30 apic1=0 pin1=2 apic2=-1 pin2=-1
[ 1238.457153] smpboot: CPU0: Intel(R) Core(TM) i7-4790 CPU @ 3.60GHz (family: 0x6, model: 0x3c, stepping: 0x3)
[ 1238.457181] Performance Events: unsupported p6 CPU model 60 no PMU driver, software events only.
[ 1238.457189] KVM setup paravirtual spinlock
[ 1238.457640] x86: Booted up 1 node, 1 CPUs
[ 1238.457642] smpboot: Total of 1 processors activated (7183.40 BogoMIPS)
[ 1238.457827] devtmpfs: initialized
[ 1238.459136] evm: security.selinux
[ 1238.459137] evm: security.SMACK64
[ 1238.459137] evm: security.SMACK64EXEC
[ 1238.459138] evm: security.SMACK64TRANSMUTE
[ 1238.459138] evm: security.SMACK64MMAP
[ 1238.459139] evm: security.ima
[ 1238.459139] evm: security.capability
[ 1238.459211] clocksource: jiffies: mask: 0xffffffff max_cycles: 0xffffffff, max_idle_ns: 7645041785100000 ns
[ 1238.459254] pinctrl core: initialized pinctrl subsystem
[ 1238.459327] RTC time: 12:42:50, date: 12/07/17
[ 1238.459406] NET: Registered protocol family 16
[ 1238.459505] cpuidle: using governor ladder
[ 1238.459506] cpuidle: using governor menu
[ 1238.459508] PCCT header not found.
[ 1238.459547] ACPI: bus type PCI registered
[ 1238.459548] acpiphp: ACPI Hot Plug PCI Controller Driver version: 0.5
[ 1238.459618] PCI: Using configuration type 1 for base access
[ 1238.460389] ACPI: Added _OSI(Module Device)
[ 1238.460390] ACPI: Added _OSI(Processor Device)
[ 1238.460391] ACPI: Added _OSI(3.0 _SCP Extensions)
[ 1238.460391] ACPI: Added _OSI(Processor Aggregator Device)
[ 1238.460786] ACPI: Executed 1 blocks of module-level executable AML code
[ 1238.462032] ACPI: Interpreter enabled
[ 1238.462036] ACPI Exception: AE_NOT_FOUND, While evaluating Sleep State [\_S1_] (20150818/hwxface-580)
[ 1238.462038] ACPI Exception: AE_NOT_FOUND, While evaluating Sleep State [\_S2_] (20150818/hwxface-580)
[ 1238.462040] ACPI Exception: AE_NOT_FOUND, While evaluating Sleep State [\_S3_] (20150818/hwxface-580)
[ 1238.462041] ACPI Exception: AE_NOT_FOUND, While evaluating Sleep State [\_S4_] (20150818/hwxface-580)
[ 1238.462045] ACPI: (supports S0 S5)
[ 1238.462046] ACPI: Using IOAPIC for interrupt routing
[ 1238.462138] PCI: Using host bridge windows from ACPI; if necessary, use "pci=nocrs" and report a bug
[ 1238.464380] ACPI: PCI Root Bridge [PCI0] (domain 0000 [bus 00-ff])
[ 1238.464384] acpi PNP0A03:00: _OSC: OS supports [ASPM ClockPM Segments MSI]
[ 1238.464386] acpi PNP0A03:00: _OSC failed (AE_NOT_FOUND); disabling ASPM
[ 1238.464416] acpi PNP0A03:00: fail to add MMCONFIG information, can't access extended PCI configuration space under this bridge.
[ 1238.464562] PCI host bridge to bus 0000:00
[ 1238.464564] pci_bus 0000:00: root bus resource [bus 00-ff]
[ 1238.464565] pci_bus 0000:00: root bus resource [io  0x0000-0x0cf7 window]
[ 1238.464566] pci_bus 0000:00: root bus resource [io  0x0d00-0xffff window]
[ 1238.464567] pci_bus 0000:00: root bus resource [mem 0x000a0000-0x000bffff window]
[ 1238.464568] pci_bus 0000:00: root bus resource [mem 0xe0000000-0xffdfffff window]
[ 1238.464594] pci 0000:00:00.0: [8086:1237] type 00 class 0x060000
[ 1238.464932] pci 0000:00:01.0: [8086:7000] type 00 class 0x060100
[ 1238.465578] pci 0000:00:01.1: [8086:7111] type 00 class 0x01018a
[ 1238.465971] pci 0000:00:01.1: reg 0x20: [io  0xd000-0xd00f]
[ 1238.466125] pci 0000:00:01.1: legacy IDE quirk: reg 0x10: [io  0x01f0-0x01f7]
[ 1238.466127] pci 0000:00:01.1: legacy IDE quirk: reg 0x14: [io  0x03f6]
[ 1238.466129] pci 0000:00:01.1: legacy IDE quirk: reg 0x18: [io  0x0170-0x0177]
[ 1238.466130] pci 0000:00:01.1: legacy IDE quirk: reg 0x1c: [io  0x0376]
[ 1238.466274] pci 0000:00:02.0: [80ee:beef] type 00 class 0x030000
[ 1238.470531] pci 0000:00:02.0: reg 0x10: [mem 0xe0000000-0xe0ffffff pref]
[ 1238.500650] pci 0000:00:03.0: [8086:100e] type 00 class 0x020000
[ 1238.505288] pci 0000:00:03.0: reg 0x10: [mem 0xf0000000-0xf001ffff]
[ 1238.514028] pci 0000:00:03.0: reg 0x18: [io  0xd010-0xd017]
[ 1238.533154] pci 0000:00:04.0: [80ee:cafe] type 00 class 0x088000
[ 1238.537634] pci 0000:00:04.0: reg 0x10: [io  0xd020-0xd03f]
[ 1238.542143] pci 0000:00:04.0: reg 0x14: [mem 0xf0400000-0xf07fffff]
[ 1238.546492] pci 0000:00:04.0: reg 0x18: [mem 0xf0800000-0xf0803fff pref]
[ 1238.564478] pci 0000:00:05.0: [8086:2415] type 00 class 0x040100
[ 1238.564555] pci 0000:00:05.0: reg 0x10: [io  0xd100-0xd1ff]
[ 1238.564599] pci 0000:00:05.0: reg 0x14: [io  0xd200-0xd23f]
[ 1238.564948] pci 0000:00:06.0: [106b:003f] type 00 class 0x0c0310
[ 1238.569865] pci 0000:00:06.0: reg 0x10: [mem 0xf0804000-0xf0804fff]
[ 1238.596511] pci 0000:00:07.0: [8086:7113] type 00 class 0x068000
[ 1238.596850] pci 0000:00:07.0: quirk: [io  0x4000-0x403f] claimed by PIIX4 ACPI
[ 1238.596857] pci 0000:00:07.0: quirk: [io  0x4100-0x410f] claimed by PIIX4 SMB
[ 1238.597030] pci 0000:00:0b.0: [8086:265c] type 00 class 0x0c0320
[ 1238.602925] pci 0000:00:0b.0: reg 0x10: [mem 0xf0805000-0xf0805fff]
[ 1238.631221] pci 0000:00:0d.0: [8086:2829] type 00 class 0x010601
[ 1238.635895] pci 0000:00:0d.0: reg 0x10: [io  0xd240-0xd247]
[ 1238.645005] pci 0000:00:0d.0: reg 0x18: [io  0xd250-0xd257]
[ 1238.653436] pci 0000:00:0d.0: reg 0x20: [io  0xd260-0xd26f]
[ 1238.657806] pci 0000:00:0d.0: reg 0x24: [mem 0xf0806000-0xf0807fff]
[ 1238.664163] ACPI: PCI Interrupt Link [LNKA] (IRQs 5 9 10 *11)
[ 1238.664354] ACPI: PCI Interrupt Link [LNKB] (IRQs 5 9 10 *11)
[ 1238.664418] ACPI: PCI Interrupt Link [LNKC] (IRQs 5 9 *10 11)
[ 1238.664488] ACPI: PCI Interrupt Link [LNKD] (IRQs 5 *9 10 11)
[ 1238.664598] ACPI: Enabled 2 GPEs in block 00 to 07
[ 1238.664724] vgaarb: setting as boot device: PCI:0000:00:02.0
[ 1238.664727] vgaarb: device added: PCI:0000:00:02.0,decodes=io+mem,owns=io+mem,locks=none
[ 1238.664730] vgaarb: loaded
[ 1238.664732] vgaarb: bridge control possible 0000:00:02.0
[ 1238.665015] SCSI subsystem initialized
[ 1238.665058] libata version 3.00 loaded.
[ 1238.665098] ACPI: bus type USB registered
[ 1238.665132] usbcore: registered new interface driver usbfs
[ 1238.665141] usbcore: registered new interface driver hub
[ 1238.665150] usbcore: registered new device driver usb
[ 1238.665273] PCI: Using ACPI for IRQ routing
[ 1238.665275] PCI: pci_cache_line_size set to 64 bytes
[ 1238.665467] e820: reserve RAM buffer [mem 0x0009fc00-0x0009ffff]
[ 1238.665470] e820: reserve RAM buffer [mem 0xdfff0000-0xdfffffff]
[ 1238.665584] NetLabel: Initializing
[ 1238.665586] NetLabel:  domain hash size = 128
[ 1238.665587] NetLabel:  protocols = UNLABELED CIPSOv4
[ 1238.665599] NetLabel:  unlabeled traffic allowed by default
[ 1238.665673] clocksource: Switched to clocksource kvm-clock
[ 1238.672189] AppArmor: AppArmor Filesystem Enabled
[ 1238.672254] pnp: PnP ACPI init
[ 1238.672320] pnp 00:00: Plug and Play ACPI device, IDs PNP0303 (active)
[ 1238.672388] pnp 00:01: Plug and Play ACPI device, IDs PNP0f03 (active)
[ 1238.673048] pnp: PnP ACPI: found 2 devices
[ 1238.678820] clocksource: acpi_pm: mask: 0xffffff max_cycles: 0xffffff, max_idle_ns: 2085701024 ns
[ 1238.678831] pci_bus 0000:00: resource 4 [io  0x0000-0x0cf7 window]
[ 1238.678842] pci_bus 0000:00: resource 5 [io  0x0d00-0xffff window]
[ 1238.678843] pci_bus 0000:00: resource 6 [mem 0x000a0000-0x000bffff window]
[ 1238.678844] pci_bus 0000:00: resource 7 [mem 0xe0000000-0xffdfffff window]
[ 1238.678866] NET: Registered protocol family 2
[ 1238.678971] TCP established hash table entries: 65536 (order: 7, 524288 bytes)
[ 1238.679061] TCP bind hash table entries: 65536 (order: 8, 1048576 bytes)
[ 1238.679201] TCP: Hash tables configured (established 65536 bind 65536)
[ 1238.679217] UDP hash table entries: 4096 (order: 5, 131072 bytes)
[ 1238.679243] UDP-Lite hash table entries: 4096 (order: 5, 131072 bytes)
[ 1238.679282] NET: Registered protocol family 1
[ 1238.679290] pci 0000:00:00.0: Limiting direct PCI/PCI transfers
[ 1238.679311] pci 0000:00:01.0: Activating ISA DMA hang workarounds
[ 1238.679330] pci 0000:00:02.0: Video device with shadowed ROM
[ 1238.679585] PCI: CLS 64 bytes, default 64
[ 1238.679618] Trying to unpack rootfs image as initramfs...
[ 1239.020644] Freeing initrd memory: 34072K (ffff880033d64000 - ffff880035eaa000)
[ 1239.020702] PCI-DMA: Using software bounce buffering for IO (SWIOTLB)
[ 1239.020704] software IO TLB [mem 0xdbff0000-0xdfff0000] (64MB) mapped at [ffff8800dbff0000-ffff8800dffeffff]
[ 1239.020787] platform rtc_cmos: registered platform RTC device (no PNP device found)
[ 1239.020803] RAPL PMU detected, API unit is 2^-32 Joules, 4 fixed counters 10737418240 ms ovfl timer
[ 1239.020804] hw unit of domain pp0-core 2^-0 Joules
[ 1239.020805] hw unit of domain package 2^-0 Joules
[ 1239.020806] hw unit of domain dram 2^-0 Joules
[ 1239.020807] hw unit of domain pp1-gpu 2^-0 Joules
[ 1239.020845] microcode: CPU0 sig=0x306c3, pf=0x40, revision=0x0
[ 1239.020898] microcode: Microcode Update Driver: v2.00 <tigran@aivazian.fsnet.co.uk>, Peter Oruba
[ 1239.020933] Scanning for low memory corruption every 60 seconds
[ 1239.021192] futex hash table entries: 256 (order: 2, 16384 bytes)
[ 1239.021214] audit: initializing netlink subsys (disabled)
[ 1239.021228] audit: type=2000 audit(1512651810.691:1): initialized
[ 1239.021449] Initialise system trusted keyring
[ 1239.021517] HugeTLB registered 2 MB page size, pre-allocated 0 pages
[ 1239.023190] zbud: loaded
[ 1239.023364] VFS: Disk quotas dquot_6.6.0
[ 1239.023394] VFS: Dquot-cache hash table entries: 512 (order 0, 4096 bytes)
[ 1239.023645] squashfs: version 4.0 (2009/01/31) Phillip Lougher
[ 1239.023837] fuse init (API version 7.23)
[ 1239.023952] Key type big_key registered
[ 1239.024553] Key type asymmetric registered
[ 1239.024557] Asymmetric key parser 'x509' registered
[ 1239.024571] Block layer SCSI generic (bsg) driver version 0.4 loaded (major 249)
[ 1239.024588] io scheduler noop registered
[ 1239.024591] io scheduler deadline registered (default)
[ 1239.024643] io scheduler cfq registered
[ 1239.024728] pci_hotplug: PCI Hot Plug PCI Core version: 0.5
[ 1239.024734] pciehp: PCI Express Hot Plug Controller Driver version: 0.4
[ 1239.024858] ACPI: AC Adapter [AC] (on-line)
[ 1239.024908] input: Power Button as /devices/LNXSYSTM:00/LNXPWRBN:00/input/input0
[ 1239.024912] ACPI: Power Button [PWRF]
[ 1239.024984] input: Sleep Button as /devices/LNXSYSTM:00/LNXSLPBN:00/input/input1
[ 1239.024986] ACPI: Sleep Button [SLPF]
[ 1239.025136] GHES: HEST is not enabled!
[ 1239.025217] Serial: 8250/16550 driver, 32 ports, IRQ sharing enabled
[ 1239.026368] Linux agpgart interface v0.103
[ 1239.028232] brd: module loaded
[ 1239.029018] loop: module loaded
[ 1239.029196] ata_piix 0000:00:01.1: version 2.13
[ 1239.029611] nd_pmem namespace0.0: unable to guarantee persistence of writes
[ 1239.029804] pmem0: detected capacity change from 0 to 2147483648
[ 1239.029847] scsi host0: ata_piix
[ 1239.029903] scsi host1: ata_piix
[ 1239.029937] ata1: PATA max UDMA/33 cmd 0x1f0 ctl 0x3f6 bmdma 0xd000 irq 14
[ 1239.029938] ata2: PATA max UDMA/33 cmd 0x170 ctl 0x376 bmdma 0xd008 irq 15
[ 1239.030012] libphy: Fixed MDIO Bus: probed
[ 1239.030015] tun: Universal TUN/TAP device driver, 1.6
[ 1239.030016] tun: (C) 1999-2004 Max Krasnyansky <maxk@qualcomm.com>
[ 1239.030325] PPP generic driver version 2.4.2
[ 1239.030389] ehci_hcd: USB 2.0 'Enhanced' Host Controller (EHCI) Driver
[ 1239.030394] ehci-pci: EHCI PCI platform driver
[ 1239.030922] ehci-pci 0000:00:0b.0: EHCI Host Controller
[ 1239.030928] ehci-pci 0000:00:0b.0: new USB bus registered, assigned bus number 1
[ 1239.031080] ehci-pci 0000:00:0b.0: irq 19, io mem 0xf0805000
[ 1239.041708] ehci-pci 0000:00:0b.0: USB 2.0 started, EHCI 1.00
[ 1239.041748] usb usb1: New USB device found, idVendor=1d6b, idProduct=0002
[ 1239.041749] usb usb1: New USB device strings: Mfr=3, Product=2, SerialNumber=1
[ 1239.041750] usb usb1: Product: EHCI Host Controller
[ 1239.041751] usb usb1: Manufacturer: Linux 4.3.0 ehci_hcd
[ 1239.041752] usb usb1: SerialNumber: 0000:00:0b.0
[ 1239.041833] hub 1-0:1.0: USB hub found
[ 1239.041836] hub 1-0:1.0: 12 ports detected
[ 1239.041979] ehci-platform: EHCI generic platform driver
[ 1239.041989] ohci_hcd: USB 1.1 'Open' Host Controller (OHCI) Driver
[ 1239.041993] ohci-pci: OHCI PCI platform driver
[ 1239.042356] ohci-pci 0000:00:06.0: OHCI PCI host controller
[ 1239.042360] ohci-pci 0000:00:06.0: new USB bus registered, assigned bus number 2
[ 1239.042404] ohci-pci 0000:00:06.0: irq 22, io mem 0xf0804000
[ 1239.097934] usb usb2: New USB device found, idVendor=1d6b, idProduct=0001
[ 1239.097936] usb usb2: New USB device strings: Mfr=3, Product=2, SerialNumber=1
[ 1239.097937] usb usb2: Product: OHCI PCI host controller
[ 1239.097938] usb usb2: Manufacturer: Linux 4.3.0 ohci_hcd
[ 1239.097939] usb usb2: SerialNumber: 0000:00:06.0
[ 1239.098033] hub 2-0:1.0: USB hub found
[ 1239.098042] hub 2-0:1.0: 12 ports detected
[ 1239.098284] ohci-platform: OHCI generic platform driver
[ 1239.098294] uhci_hcd: USB Universal Host Controller Interface driver
[ 1239.098328] i8042: PNP: PS/2 Controller [PNP0303:PS2K,PNP0f03:PS2M] at 0x60,0x64 irq 1,12
[ 1239.098680] serio: i8042 KBD port at 0x60,0x64 irq 1
[ 1239.098683] serio: i8042 AUX port at 0x60,0x64 irq 12
[ 1239.098750] mousedev: PS/2 mouse device common for all mice
[ 1239.098912] input: AT Translated Set 2 keyboard as /devices/platform/i8042/serio0/input/input2
[ 1239.099154] rtc_cmos rtc_cmos: rtc core: registered rtc_cmos as rtc0
[ 1239.099189] rtc_cmos rtc_cmos: alarms up to one day, 114 bytes nvram
[ 1239.099193] i2c /dev entries driver
[ 1239.099226] device-mapper: uevent: version 1.0.3
[ 1239.099261] device-mapper: ioctl: 4.33.0-ioctl (2015-8-18) initialised: dm-devel@redhat.com
[ 1239.099273] ledtrig-cpu: registered to indicate activity on CPUs
[ 1239.099431] NET: Registered protocol family 10
[ 1239.099554] NET: Registered protocol family 17
[ 1239.099562] Key type dns_resolver registered
[ 1239.099689] registered taskstats version 1
[ 1239.099705] Loading compiled-in X.509 certificates
[ 1239.100219] Loaded X.509 cert 'Build time autogenerated kernel key: 0759ca4de3f7631372cabbbeea3b24c381c013ce'
[ 1239.100231] zswap: loaded using pool lzo/zbud
[ 1239.101234] Key type trusted registered
[ 1239.102792] Key type encrypted registered
[ 1239.102796] AppArmor: AppArmor sha1 policy hashing enabled
[ 1239.102799] ima: No TPM chip found, activating TPM-bypass!
[ 1239.102811] evm: HMAC attrs: 0x1
[ 1239.103023]   Magic number: 13:518:733
[ 1239.103079] rtc_cmos rtc_cmos: setting system clock to 2017-12-07 12:42:51 UTC (1512650571)
[ 1239.103120] BIOS EDD facility v0.16 2004-Jun-25, 0 devices found
[ 1239.103120] EDD information not available.
[ 1239.103152] PM: Hibernation image not present or could not be loaded.
[ 1239.186078] ata2.00: ATAPI: VBOX CD-ROM, 1.0, max UDMA/133
[ 1239.186358] ata2.00: configured for UDMA/33
[ 1239.186616] scsi 1:0:0:0: CD-ROM            VBOX     CD-ROM           1.0  PQ: 0 ANSI: 5
[ 1239.194156] sr 1:0:0:0: [sr0] scsi3-mmc drive: 32x/32x xa/form2 tray
[ 1239.194172] cdrom: Uniform CD-ROM driver Revision: 3.20
[ 1239.194300] sr 1:0:0:0: Attached scsi CD-ROM sr0
[ 1239.194465] sr 1:0:0:0: Attached scsi generic sg0 type 5
[ 1239.194736] Freeing unused kernel memory: 1456K (ffffffff81d3a000 - ffffffff81ea6000)
[ 1239.194737] Write protecting the kernel read-only data: 12288k
[ 1239.194826] Freeing unused kernel memory: 20K (ffff8800017fb000 - ffff880001800000)
[ 1239.194868] Freeing unused kernel memory: 216K (ffff880001bca000 - ffff880001c00000)
[ 1239.200296] random: udevadm urandom read with 1 bits of entropy available
[ 1239.224888] ACPI: Video Device [GFX0] (multi-head: yes  rom: no  post: no)
[ 1239.224932] input: Video Bus as /devices/LNXSYSTM:00/LNXSYBUS:00/PNP0A03:00/LNXVIDEO:00/input/input4
[ 1239.227308] FUJITSU Extended Socket Network Device Driver - version 1.0 - Copyright (c) 2015 FUJITSU LIMITED
[ 1239.228982] e1000: Intel(R) PRO/1000 Network Driver - version 7.3.21-k8-NAPI
[ 1239.228983] e1000: Copyright (c) 1999-2006 Intel Corporation.
[ 1239.532145] input: ImExPS/2 Generic Explorer Mouse as /devices/platform/i8042/serio1/input/input5
[ 1239.570443] e1000 0000:00:03.0 eth0: (PCI:33MHz:32-bit) 08:00:27:7d:c1:92
[ 1239.570447] e1000 0000:00:03.0 eth0: Intel(R) PRO/1000 Network Connection
[ 1239.570761] ahci 0000:00:0d.0: version 3.0
[ 1239.570826] ahci 0000:00:0d.0: SSS flag set, parallel bus scan disabled
[ 1239.570909] ahci 0000:00:0d.0: AHCI 0001.0100 32 slots 1 ports 3 Gbps 0x1 impl SATA mode
[ 1239.570911] ahci 0000:00:0d.0: flags: 64bit ncq stag only ccc 
[ 1239.571640] e1000 0000:00:03.0 enp0s3: renamed from eth0
[ 1239.572223] scsi host2: ahci
[ 1239.572280] ata3: SATA max UDMA/133 abar m8192@0xf0806000 port 0xf0806100 irq 21
[ 1239.730502] usb 2-1: new full-speed USB device number 2 using ohci-pci
[ 1239.890056] ata3: SATA link up 3.0 Gbps (SStatus 123 SControl 300)
[ 1239.890153] ata3.00: ATA-6: VBOX HARDDISK, 1.0, max UDMA/133
[ 1239.890155] ata3.00: 268435456 sectors, multi 128: LBA48 NCQ (depth 31/32)
[ 1239.890281] ata3.00: configured for UDMA/133
[ 1239.890353] scsi 2:0:0:0: Direct-Access     ATA      VBOX HARDDISK    1.0  PQ: 0 ANSI: 5
[ 1239.890615] sd 2:0:0:0: [sda] 268435456 512-byte logical blocks: (137 GB/128 GiB)
[ 1239.890628] sd 2:0:0:0: [sda] Write Protect is off
[ 1239.890630] sd 2:0:0:0: [sda] Mode Sense: 00 3a 00 00
[ 1239.890635] sd 2:0:0:0: [sda] Write cache: enabled, read cache: enabled, doesn't support DPO or FUA
[ 1239.890726] sd 2:0:0:0: Attached scsi generic sg1 type 0
[ 1239.892252]  sda: sda1 sda2 < sda5 >
[ 1239.892369] sd 2:0:0:0: [sda] Attached SCSI disk
[ 1239.988662] usb 2-1: New USB device found, idVendor=80ee, idProduct=0021
[ 1239.988664] usb 2-1: New USB device strings: Mfr=1, Product=3, SerialNumber=0
[ 1239.988665] usb 2-1: Product: USB Tablet
[ 1239.988666] usb 2-1: Manufacturer: VirtualBox
[ 1239.994506] hidraw: raw HID events driver (C) Jiri Kosina
[ 1240.008604] usbcore: registered new interface driver usbhid
[ 1240.008606] usbhid: USB HID core driver
[ 1240.016255] input: VirtualBox USB Tablet as /devices/pci0000:00/0000:00:06.0/usb2/2-1/2-1:1.0/0003:80EE:0021.0001/input/input6
[ 1240.016402] hid-generic 0003:80EE:0021.0001: input,hidraw0: USB HID v1.10 Mouse [VirtualBox USB Tablet] on usb-0000:00:06.0-1/input0
[ 1240.017692] tsc: Refined TSC clocksource calibration: 3591.132 MHz
[ 1240.017694] clocksource: tsc: mask: 0xffffffffffffffff max_cycles: 0x33c399dc6c5, max_idle_ns: 440795213587 ns
[ 1242.549753] floppy0: no floppy controllers found
[ 1242.549802] work still pending
[ 1242.644387] EXT4-fs (sda1): mounted filesystem with ordered data mode. Opts: (null)
[ 1243.515683] systemd[1]: systemd 229 running in system mode. (+PAM +AUDIT +SELINUX +IMA +APPARMOR +SMACK +SYSVINIT +UTMP +LIBCRYPTSETUP +GCRYPT +GNUTLS +ACL +XZ -LZ4 +SECCOMP +BLKID +ELFUTILS +KMOD -IDN)
[ 1243.515706] systemd[1]: Detected virtualization oracle.
[ 1243.515709] systemd[1]: Detected architecture x86-64.
[ 1243.531796] systemd[1]: Set hostname to <cxdir-VirtualBox>.
[ 1243.746394] random: nonblocking pool is initialized
[ 1244.044506] systemd[1]: Set up automount Arbitrary Executable File Formats File System Automount Point.
[ 1244.044539] systemd[1]: Listening on Syslog Socket.
[ 1244.044554] systemd[1]: Listening on /dev/initctl Compatibility Named Pipe.
[ 1244.044559] systemd[1]: Reached target User and Group Name Lookups.
[ 1244.044594] systemd[1]: Listening on Journal Audit Socket.
[ 1244.044604] systemd[1]: Listening on udev Kernel Socket.
[ 1244.044618] systemd[1]: Listening on udev Control Socket.
[ 1244.044623] systemd[1]: Reached target Encrypted Volumes.
[ 1244.044635] systemd[1]: Listening on Journal Socket (/dev/log).
[ 1244.044654] systemd[1]: Started Forward Password Requests to Wall Directory Watch.
[ 1244.044703] systemd[1]: Created slice System Slice.
[ 1244.044725] systemd[1]: Listening on Journal Socket.
[ 1244.044934] systemd[1]: Starting Uncomplicated firewall...
[ 1244.045117] systemd[1]: Starting Set console keymap...
[ 1244.062916] systemd[1]: Starting Load Kernel Modules...
[ 1244.063177] systemd[1]: Starting Create list of required static device nodes for the current kernel...
[ 1244.063370] systemd[1]: Mounting Debug File System...
[ 1244.063570] systemd[1]: Starting Journal Service...
[ 1244.063758] systemd[1]: Mounting POSIX Message Queue File System...
[ 1244.063787] systemd[1]: Listening on fsck to fsckd communication Socket.
[ 1244.063994] systemd[1]: Mounting Huge Pages File System...
[ 1244.064052] systemd[1]: Created slice User and Session Slice.
[ 1244.064060] systemd[1]: Reached target Slices.
[ 1244.064070] systemd[1]: Reached target Remote File Systems (Pre).
[ 1244.064258] systemd[1]: Started Braille Device Support.
[ 1244.069944] systemd[1]: Reached target Remote File Systems.
[ 1244.192484] systemd[1]: Started Create list of required static device nodes for the current kernel.
[ 1244.192815] systemd[1]: Starting Create Static Device Nodes in /dev...
[ 1244.249163] systemd[1]: Started Uncomplicated firewall.
[ 1244.485128] lp: driver loaded but no devices found
[ 1244.495599] systemd[1]: Mounted POSIX Message Queue File System.
[ 1244.495618] systemd[1]: Mounted Huge Pages File System.
[ 1244.495625] systemd[1]: Mounted Debug File System.
[ 1244.509298] ppdev: user-space parallel port driver
[ 1244.583591] systemd[1]: Started Load Kernel Modules.
[ 1244.583905] systemd[1]: Mounting FUSE Control File System...
[ 1244.584127] systemd[1]: Starting Apply Kernel Variables...
[ 1244.585520] systemd[1]: Mounted FUSE Control File System.
[ 1244.787101] systemd[1]: Started Apply Kernel Variables.
[ 1244.801591] systemd[1]: Started Journal Service.
[ 1245.222200] EXT4-fs (sda1): re-mounted. Opts: errors=remount-ro
[ 1245.368457] systemd-journald[228]: Received request to flush runtime journal from PID 1
[ 1245.644596] vboxguest: module verification failed: signature and/or required key missing - tainting kernel
[ 1245.647734] vgdrvHeartbeatInit: Setting up heartbeat to trigger every 2000 milliseconds
[ 1245.648429] input: Unspecified device as /devices/pci0000:00/0000:00:04.0/input/input7
[ 1245.649754] vboxguest: misc device minor 56, IRQ 20, I/O port d020, MMIO at 00000000f0400000 (size 0x400000)
[ 1245.649778] vboxguest: Successfully loaded version 5.1.14 (interface 0x00010004)
[ 1245.713267] piix4_smbus 0000:00:07.0: SMBus Host Controller at 0x4100, revision 0
[ 1246.080948] [drm] Initialized drm 1.1.0 20060810
[ 1246.205710] [drm] VRAM 01000000
[ 1246.206127] [TTM] Zone  kernel: Available graphics memory: 3055718 kiB
[ 1246.206128] [TTM] Zone   dma32: Available graphics memory: 2097152 kiB
[ 1246.206129] [TTM] Initializing pool allocator
[ 1246.206132] [TTM] Initializing DMA pool allocator
[ 1246.206315] fbcon: vboxdrmfb (fb0) is primary device
[ 1246.214726] Console: switching to colour frame buffer device 100x37
[ 1246.215815] vboxvideo 0000:00:02.0: fb0: vboxdrmfb frame buffer device
[ 1246.215819] [drm] Initialized vboxvideo 1.0.0 20130823 for 0000:00:02.0 on minor 0
[ 1246.425541] AVX version of gcm_enc/dec engaged.
[ 1246.425543] AES CTR mode by8 optimization enabled
[ 1246.504990] snd_intel8x0 0000:00:05.0: disable (unknown or VT-d) VM optimization
[ 1246.543878] intel_rapl: no valid rapl domains found in package 0
[ 1246.772466] snd_intel8x0 0000:00:05.0: white list rate for 1028:0177 is 48000
[ 1247.647548] audit: type=1400 audit(1512650580.040:2): apparmor="STATUS" operation="profile_load" name="/usr/lib/lightdm/lightdm-guest-session" pid=491 comm="apparmor_parser"
[ 1247.647552] audit: type=1400 audit(1512650580.040:3): apparmor="STATUS" operation="profile_load" name="chromium" pid=491 comm="apparmor_parser"
[ 1247.666075] audit: type=1400 audit(1512650580.060:4): apparmor="STATUS" operation="profile_load" name="/sbin/dhclient" pid=501 comm="apparmor_parser"
[ 1247.666079] audit: type=1400 audit(1512650580.060:5): apparmor="STATUS" operation="profile_load" name="/usr/lib/NetworkManager/nm-dhcp-client.action" pid=501 comm="apparmor_parser"
[ 1247.666081] audit: type=1400 audit(1512650580.060:6): apparmor="STATUS" operation="profile_load" name="/usr/lib/NetworkManager/nm-dhcp-helper" pid=501 comm="apparmor_parser"
[ 1247.666083] audit: type=1400 audit(1512650580.060:7): apparmor="STATUS" operation="profile_load" name="/usr/lib/connman/scripts/dhclient-script" pid=501 comm="apparmor_parser"
[ 1247.712517] audit: type=1400 audit(1512650580.104:8): apparmor="STATUS" operation="profile_load" name="/usr/bin/evince" pid=514 comm="apparmor_parser"
[ 1247.712523] audit: type=1400 audit(1512650580.104:9): apparmor="STATUS" operation="profile_load" name="sanitized_helper" pid=514 comm="apparmor_parser"
[ 1247.712526] audit: type=1400 audit(1512650580.104:10): apparmor="STATUS" operation="profile_load" name="/usr/bin/evince-previewer" pid=514 comm="apparmor_parser"
[ 1247.712529] audit: type=1400 audit(1512650580.104:11): apparmor="STATUS" operation="profile_load" name="sanitized_helper" pid=514 comm="apparmor_parser"
[ 1248.163243] Adding 8386556k swap on /dev/sda5.  Priority:-1 extents:1 across:8386556k FS
[ 1248.894025] floppy0: no floppy controllers found
[ 1248.894053] work still pending
[ 1251.605841] vboxsf: Successfully loaded version 5.1.14 (interface 0x00010004)
[ 1254.418251] IPv6: ADDRCONF(NETDEV_UP): enp0s3: link is not ready
[ 1254.419525] IPv6: ADDRCONF(NETDEV_UP): enp0s3: link is not ready
[ 1254.422110] e1000: enp0s3 NIC Link is Up 1000 Mbps Full Duplex, Flow Control: RX
[ 1254.422347] IPv6: ADDRCONF(NETDEV_CHANGE): enp0s3: link becomes ready
[ 1254.613616] VBoxService 5.1.14 r112924 (verbosity: 0) linux.amd64 (Jan 16 2017 17:38:46) release log
               00:00:00.000059 main     Log opened 2017-12-07T12:43:07.010491000Z
[ 1254.613650] 00:00:00.000113 main     OS Product: Linux
[ 1254.613683] 00:00:00.000152 main     OS Release: 4.3.0
[ 1254.613709] 00:00:00.000170 main     OS Version: #2 SMP Fri Sep 8 20:52:18 CST 2017
[ 1254.613765] 00:00:00.000195 main     Executable: /opt/VBoxGuestAdditions-5.1.14/sbin/VBoxService
               00:00:00.000196 main     Process ID: 957
               00:00:00.000197 main     Package type: LINUX_64BITS_GENERIC
[ 1254.614670] 00:00:00.001130 main     5.1.14 r112924 started. Verbose level = 0
[ 1365.219525] nova: dafs init nova_fs
[ 1365.219527] nova: init_nova_fs: 1 cpus online
[ 1365.219528] nova: Arch new instructions support: PCOMMIT NO, CLWB NO
[ 1365.220663] nova: dafs register file sytem nova
[ 1365.220676] nova: dafs end init_fs
[ 1365.285395] nova: dafs start to mount
[ 1365.285425] nova: nova_get_block_info: dev pmem0, phys_addr 0x40000000, virt_addr ffffc90040000000, size 2147483648
[ 1365.285432] nova: start init radix tree
[ 1365.285433] nova: finish init radix tree
[ 1365.285442] nova: start nova init
[ 1365.285443] nova: creating an empty nova of size 2147483648
[ 1365.285443] nova: nova: Default block size set to 4K
[ 1365.285445] nova: dafs init dzt block
[ 1365.285446] nova: dafs_get dzt blk
[ 1365.285447] nova: dzt alloc 1 dzt blocks from 4 to 4
[ 1365.285448] nova: dafs_init_dzt_block: allocate log @ 0x4
[ 1365.285449] nova: dafs start get journal blk
[ 1365.285450] nova: dafs_get journal blk
[ 1365.285450] nova: dafs get hard journal
[ 1365.285451] nova: nova_lite_journal_hard_init: allocate log @ 0x5
[ 1365.285462] nova: dafs get soft journal
[ 1365.285462] nova: dafs start get journal blk
[ 1365.285463] nova: dafs_get journal blk
[ 1365.285464] nova: dafs get inode table
[ 1365.285910] nova: nova_init_inode_table: allocate log @ 0x6
[ 1365.285912] nova: Allocate root inode
[ 1365.285913] nova: dafs_get dzt blk
[ 1365.285914] nova: dafs allocate hash table
[ 1365.457483] nova: dafs allocate zone blocks
[ 1365.457527] nova: Zone 0, alloc 1 zone blocks from 262662 to 262662
[ 1365.457529] nova: dafs_alloc_dir_zone: allocate zone @ 0x40206
[ 1365.460129] nova: dafs make dzt pointer
[ 1365.460131] nova: dafs_get dzt blk
[ 1365.460133] nova: dafs finish make dzt bitmap pointer
[ 1365.460133] nova: dafs start build dzt
[ 1365.460135] nova: dafs finish build dzt_e
[ 1365.460135] nova: dafs start init dir zones
[ 1365.460136] nova: root ze addr is 1075863552
[ 1365.460136] nova: the root dir hashname is 47
[ 1365.460137] nova: test root hash name is 47
[ 1365.460137] nova: dafs finish creat root directory
[ 1365.460138] nova: dafs record pos in hash table
[ 1365.460138] nova: dafs finish recording pos in hash table
[ 1365.460139] nova: dafs add dir info in radix tree
[ 1365.460139] nova: dir hash name is 47
[ 1365.460140] nova: dafs start adding init part in dir
[ 1365.460141] nova: par ze addr is 1075863552
[ 1365.460142] nova: dafs record pos in hash table
[ 1365.460142] nova: dafs finish recording pos in hash table
[ 1365.460143] nova: par pos is 0
[ 1365.460143] nova: parent hashname is 47
[ 1365.460144] nova: dafs record pos in hash table
[ 1365.460145] nova: dafs finish recording pos in hash table
[ 1365.460145] nova: dafs finish add initial part in dir
[ 1365.460145] nova: dafs finish init dir zones
[ 1365.460146] nova: dafs init dir info tree
[ 1365.460165] nova: dafs finish initial dir info tree
[ 1365.460166] nova: dafs finish nova_init
[ 1365.460167] nova: dafs start setting sb
[ 1365.460167] nova: dafs end setting sb
[ 1365.460172] nova: nova_iget: inode 1
[ 1365.460173] nova: sucessfully get inode
[ 1365.460175] nova: dafs end fill super
[ 1365.460175] nova: dafs finish mount
[ 1365.460610] BUG: unable to handle kernel 
[ 1365.460624] NULL pointer dereference at           (null)
[ 1365.460633] IP: [<ffffffff813d64c0>] strlen+0x0/0x20
[ 1365.460646] PGD 214c79067 PUD 214c78067 PMD 0 
[ 1365.460657] Oops: 0000 [#1] SMP 
[ 1365.460666] Modules linked in: nova(OE) vboxsf(OE) snd_intel8x0 snd_ac97_codec crct10dif_pclmul crc32_pclmul ac97_bus snd_pcm aesni_intel snd_seq_midi aes_x86_64 snd_seq_midi_event snd_rawmidi lrw glue_helper ablk_helper joydev cryptd snd_seq vboxvideo(OE) input_leds ttm snd_seq_device drm_kms_helper snd_timer snd drm soundcore serio_raw fb_sys_fops syscopyarea sysfillrect sysimgblt i2c_piix4 vboxguest(OE) mac_hid parport_pc ppdev lp parport autofs4 hid_generic usbhid hid psmouse ahci libahci fjes video e1000 pata_acpi
[ 1365.460804] CPU: 0 PID: 2202 Comm: gvfsd-trash Tainted: G           OE   4.3.0 #2
[ 1365.460819] Hardware name: innotek GmbH VirtualBox/VirtualBox, BIOS VirtualBox 12/01/2006
[ 1365.460835] task: ffff880035aa4740 ti: ffff880214cb0000 task.ti: ffff880214cb0000
[ 1365.460849] RIP: 0010:[<ffffffff813d64c0>]  [<ffffffff813d64c0>] strlen+0x0/0x20
[ 1365.460865] RSP: 0018:ffff880214cb3b88  EFLAGS: 00010246
[ 1365.460876] RAX: 0000000000000000 RBX: ffff88021458d030 RCX: 0000000000000000
[ 1365.460889] RDX: 0000000000000000 RSI: 000000000000002f RDI: 0000000000000000
[ 1365.460903] RBP: ffff880214cb3bf0 R08: ffff88021fc19d40 R09: ffff88021458d030
[ 1365.460916] R10: ffffffffc0322ad7 R11: 0000000000000000 R12: 0000000000000000
[ 1365.460930] R13: ffff88021458d020 R14: 0000000000000000 R15: ffff8802174a31f0
[ 1365.460944] FS:  00007fbc0f52d800(0000) GS:ffff88021fc00000(0000) knlGS:0000000000000000
[ 1365.460959] CS:  0010 DS: 0000 ES: 0000 CR0: 0000000080050033
[ 1365.460970] CR2: 0000000000000000 CR3: 0000000214c74000 CR4: 00000000000406f0
[ 1365.460986] Stack:
[ 1365.460990]  ffffffffc0322b53 ffff8802171ceae4 0000000113991cf8 ffff880214cb3bb0
[ 1365.461007]  ffff88021545d800 ffff880212d91620 ffff880213940cc0 00000000cab141f1
[ 1365.461023]  ffff880213940cc0 ffff880213948d80 ffff8802139ac078 ffff880213948d80
[ 1365.461040] Call Trace:
[ 1365.461050]  [<ffffffffc0322b53>] ? dafs_find_direntry+0x133/0x330 [nova]
[ 1365.461065]  [<ffffffffc0327164>] dafs_lookup+0x64/0x1b0 [nova]
[ 1365.461078]  [<ffffffff81218762>] ? d_alloc+0x72/0x80
[ 1365.461089]  [<ffffffff812093fd>] lookup_real+0x1d/0x60
[ 1365.461100]  [<ffffffff8120acc2>] __lookup_hash+0x42/0x60
[ 1365.461111]  [<ffffffff8120c410>] walk_component+0x1e0/0x2a0
[ 1365.461123]  [<ffffffff8120c05c>] ? path_init+0x1ec/0x3c0
[ 1365.461134]  [<ffffffff8120d54d>] path_lookupat+0x5d/0x110
[ 1365.461486]  [<ffffffff8120f0d1>] filename_lookup+0xb1/0x180
[ 1365.461839]  [<ffffffff8120ec74>] ? putname+0x54/0x60
[ 1365.462179]  [<ffffffff8120f111>] ? filename_lookup+0xf1/0x180
[ 1365.462518]  [<ffffffff811dff01>] ? kmem_cache_alloc+0x31/0x140
[ 1365.462895]  [<ffffffff8120ecd6>] ? getname_flags+0x56/0x1f0
[ 1365.463227]  [<ffffffff8120f276>] user_path_at_empty+0x36/0x40
[ 1365.463550]  [<ffffffff81204736>] vfs_fstatat+0x66/0xc0
[ 1365.463897]  [<ffffffff81204cf1>] SYSC_newlstat+0x31/0x60
[ 1365.464200]  [<ffffffff8120945e>] ? path_put+0x1e/0x30
[ 1365.464493]  [<ffffffff81244869>] ? SyS_inotify_add_watch+0x1c9/0x340
[ 1365.464816]  [<ffffffff81204e2e>] SyS_newlstat+0xe/0x10
[ 1365.465099]  [<ffffffff817f2a32>] entry_SYSCALL_64_fastpath+0x16/0x71
[ 1365.465376] Code: 89 f8 48 89 e5 f6 82 40 d4 84 81 20 74 10 48 83 c0 01 0f b6 10 f6 82 40 d4 84 81 20 75 f0 5d c3 90 66 2e 0f 1f 84 00 00 00 00 00 <80> 3f 00 55 48 89 e5 74 11 48 89 f8 48 83 c0 01 80 38 00 75 f7 
[ 1365.466368] RIP  [<ffffffff813d64c0>] strlen+0x0/0x20
[ 1365.466681]  RSP <ffff880214cb3b88>
[ 1365.467037] CR2: 0000000000000000
[ 1365.467325] fbcon_switch: detected unhandled fb_set_par error, error code -16
[ 1365.468215] fbcon_switch: detected unhandled fb_set_par error, error code -16
[ 1365.469079] ---[ end trace 3301e39f25a9171b ]---
