[    0.000000] Initializing cgroup subsys cpuset
[    0.000000] Initializing cgroup subsys cpu
[    0.000000] Initializing cgroup subsys cpuacct
[    0.000000] Linux version 4.3.0 (root@cxdir-VirtualBox) (gcc version 5.4.0 20160609 (Ubuntu 5.4.0-6ubuntu1~16.04.4) ) #2 SMP Fri Sep 8 20:52:18 CST 2017
[    0.000000] Command line: BOOT_IMAGE=/boot/vmlinuz-4.3.0 memmap=4G!2G root=UUID=8918101d-1281-40c7-aa75-72b85c4a0441 ro quiet splash
[    0.000000] KERNEL supported cpus:
[    0.000000]   Intel GenuineIntel
[    0.000000]   AMD AuthenticAMD
[    0.000000]   Centaur CentaurHauls
[    0.000000] x86/fpu: xstate_offset[2]: 0240, xstate_sizes[2]: 0100
[    0.000000] x86/fpu: Supporting XSAVE feature 0x01: 'x87 floating point registers'
[    0.000000] x86/fpu: Supporting XSAVE feature 0x02: 'SSE registers'
[    0.000000] x86/fpu: Supporting XSAVE feature 0x04: 'AVX registers'
[    0.000000] x86/fpu: Enabled xstate features 0x7, context size is 0x340 bytes, using 'standard' format.
[    0.000000] x86/fpu: Using 'lazy' FPU context switches.
[    0.000000] e820: BIOS-provided physical RAM map:
[    0.000000] BIOS-e820: [mem 0x0000000000000000-0x000000000009fbff] usable
[    0.000000] BIOS-e820: [mem 0x000000000009fc00-0x000000000009ffff] reserved
[    0.000000] BIOS-e820: [mem 0x00000000000f0000-0x00000000000fffff] reserved
[    0.000000] BIOS-e820: [mem 0x0000000000100000-0x00000000dffeffff] usable
[    0.000000] BIOS-e820: [mem 0x00000000dfff0000-0x00000000dfffffff] ACPI data
[    0.000000] BIOS-e820: [mem 0x00000000fec00000-0x00000000fec00fff] reserved
[    0.000000] BIOS-e820: [mem 0x00000000fee00000-0x00000000fee00fff] reserved
[    0.000000] BIOS-e820: [mem 0x00000000fffc0000-0x00000000ffffffff] reserved
[    0.000000] BIOS-e820: [mem 0x0000000100000000-0x000000021fffffff] usable
[    0.000000] NX (Execute Disable) protection: active
[    0.000000] e820: user-defined physical RAM map:
[    0.000000] user: [mem 0x0000000000000000-0x000000000009fbff] usable
[    0.000000] user: [mem 0x000000000009fc00-0x000000000009ffff] reserved
[    0.000000] user: [mem 0x00000000000f0000-0x00000000000fffff] reserved
[    0.000000] user: [mem 0x0000000000100000-0x000000007fffffff] usable
[    0.000000] user: [mem 0x0000000080000000-0x00000000dffeffff] persistent (type 12)
[    0.000000] user: [mem 0x00000000dfff0000-0x00000000dfffffff] persistent (type 12)
[    0.000000] user: [mem 0x00000000e0000000-0x00000000febfffff] persistent (type 12)
[    0.000000] user: [mem 0x00000000fec00000-0x00000000fec00fff] persistent (type 12)
[    0.000000] user: [mem 0x00000000fec01000-0x00000000fedfffff] persistent (type 12)
[    0.000000] user: [mem 0x00000000fee00000-0x00000000fee00fff] persistent (type 12)
[    0.000000] user: [mem 0x00000000fee01000-0x00000000fffbffff] persistent (type 12)
[    0.000000] user: [mem 0x00000000fffc0000-0x00000000ffffffff] persistent (type 12)
[    0.000000] user: [mem 0x0000000100000000-0x000000017fffffff] persistent (type 12)
[    0.000000] user: [mem 0x0000000180000000-0x000000021fffffff] usable
[    0.000000] SMBIOS 2.5 present.
[    0.000000] DMI: innotek GmbH VirtualBox/VirtualBox, BIOS VirtualBox 12/01/2006
[    0.000000] Hypervisor detected: KVM
[    0.000000] e820: update [mem 0x00000000-0x00000fff] usable ==> reserved
[    0.000000] e820: remove [mem 0x000a0000-0x000fffff] usable
[    0.000000] e820: last_pfn = 0x220000 max_arch_pfn = 0x400000000
[    0.000000] MTRR default type: uncachable
[    0.000000] MTRR variable ranges disabled:
[    0.000000] x86/PAT: Configuration [0-7]: WB  WC  UC- UC  WB  WC  UC- WT  
[    0.000000] MTRR: Disabled
[    0.000000] CPU MTRRs all blank - virtualized system.
[    0.000000] e820: last_pfn = 0x100000 max_arch_pfn = 0x400000000
[    0.000000] found SMP MP-table at [mem 0x0009fff0-0x0009ffff] mapped at [ffff88000009fff0]
[    0.000000] Scanning 1 areas for low memory corruption
[    0.000000] Base memory trampoline at [ffff880000099000] 99000 size 24576
[    0.000000] init_memory_mapping: [mem 0x00000000-0x000fffff]
[    0.000000]  [mem 0x00000000-0x000fffff] page 4k
[    0.000000] BRK [0x01ffc000, 0x01ffcfff] PGTABLE
[    0.000000] BRK [0x01ffd000, 0x01ffdfff] PGTABLE
[    0.000000] BRK [0x01ffe000, 0x01ffefff] PGTABLE
[    0.000000] init_memory_mapping: [mem 0x21fe00000-0x21fffffff]
[    0.000000]  [mem 0x21fe00000-0x21fffffff] page 2M
[    0.000000] BRK [0x01fff000, 0x01ffffff] PGTABLE
[    0.000000] init_memory_mapping: [mem 0x200000000-0x21fdfffff]
[    0.000000]  [mem 0x200000000-0x21fdfffff] page 2M
[    0.000000] init_memory_mapping: [mem 0x00100000-0x7fffffff]
[    0.000000]  [mem 0x00100000-0x001fffff] page 4k
[    0.000000]  [mem 0x00200000-0x7fffffff] page 2M
[    0.000000] init_memory_mapping: [mem 0x180000000-0x1ffffffff]
[    0.000000]  [mem 0x180000000-0x1ffffffff] page 2M
[    0.000000] BRK [0x02000000, 0x02000fff] PGTABLE
[    0.000000] BRK [0x02001000, 0x02001fff] PGTABLE
[    0.000000] RAMDISK: [mem 0x33d64000-0x35ea9fff]
[    0.000000] ACPI: Early table checksum verification disabled
[    0.000000] ACPI: RSDP 0x00000000000E0000 000024 (v02 VBOX  )
[    0.000000] ACPI: XSDT 0x00000000DFFF0030 00003C (v01 VBOX   VBOXXSDT 00000001 ASL  00000061)
[    0.000000] ACPI: FACP 0x00000000DFFF00F0 0000F4 (v04 VBOX   VBOXFACP 00000001 ASL  00000061)
[    0.000000] ACPI: DSDT 0x00000000DFFF0470 00210F (v01 VBOX   VBOXBIOS 00000002 INTL 20100528)
[    0.000000] ACPI: FACS 0x00000000DFFF0200 000040
[    0.000000] ACPI: FACS 0x00000000DFFF0200 000040
[    0.000000] ACPI: APIC 0x00000000DFFF0240 000054 (v02 VBOX   VBOXAPIC 00000001 ASL  00000061)
[    0.000000] ACPI: SSDT 0x00000000DFFF02A0 0001CC (v01 VBOX   VBOXCPUT 00000002 INTL 20100528)
[    0.000000] ACPI: Local APIC address 0xfee00000
[    0.000000] No NUMA configuration found
[    0.000000] Faking a node at [mem 0x0000000000000000-0x000000021fffffff]
[    0.000000] NODE_DATA(0) allocated [mem 0x21fffa000-0x21fffefff]
[    0.000000] kvm-clock: Using msrs 4b564d01 and 4b564d00
[    0.000000] kvm-clock: cpu 0, msr 2:1fff2001, primary cpu clock
[    0.000000] clocksource: kvm-clock: mask: 0xffffffffffffffff max_cycles: 0x1cd42e4dffb, max_idle_ns: 881590591483 ns
[    0.000000]  [ffffea0000000000-ffffea00087fffff] PMD -> [ffff88021ae00000-ffff88021f5fffff] on node 0
[    0.000000] Zone ranges:
[    0.000000]   DMA      [mem 0x0000000000001000-0x0000000000ffffff]
[    0.000000]   DMA32    [mem 0x0000000001000000-0x00000000ffffffff]
[    0.000000]   Normal   [mem 0x0000000100000000-0x000000021fffffff]
[    0.000000] Movable zone start for each node
[    0.000000] Early memory node ranges
[    0.000000]   node   0: [mem 0x0000000000001000-0x000000000009efff]
[    0.000000]   node   0: [mem 0x0000000000100000-0x000000007fffffff]
[    0.000000]   node   0: [mem 0x0000000180000000-0x000000021fffffff]
[    0.000000] Initmem setup node 0 [mem 0x0000000000001000-0x000000021fffffff]
[    0.000000] On node 0 totalpages: 1179550
[    0.000000]   DMA zone: 64 pages used for memmap
[    0.000000]   DMA zone: 21 pages reserved
[    0.000000]   DMA zone: 3998 pages, LIFO batch:0
[    0.000000]   DMA32 zone: 8128 pages used for memmap
[    0.000000]   DMA32 zone: 520192 pages, LIFO batch:31
[    0.000000]   Normal zone: 10240 pages used for memmap
[    0.000000]   Normal zone: 655360 pages, LIFO batch:31
[    0.000000] ACPI: PM-Timer IO Port: 0x4008
[    0.000000] ACPI: Local APIC address 0xfee00000
[    0.000000] IOAPIC[0]: apic_id 1, version 32, address 0xfec00000, GSI 0-23
[    0.000000] ACPI: INT_SRC_OVR (bus 0 bus_irq 0 global_irq 2 dfl dfl)
[    0.000000] ACPI: INT_SRC_OVR (bus 0 bus_irq 9 global_irq 9 high level)
[    0.000000] ACPI: IRQ0 used by override.
[    0.000000] ACPI: IRQ9 used by override.
[    0.000000] Using ACPI (MADT) for SMP configuration information
[    0.000000] smpboot: Allowing 1 CPUs, 0 hotplug CPUs
[    0.000000] PM: Registered nosave memory: [mem 0x00000000-0x00000fff]
[    0.000000] PM: Registered nosave memory: [mem 0x0009f000-0x0009ffff]
[    0.000000] PM: Registered nosave memory: [mem 0x000a0000-0x000effff]
[    0.000000] PM: Registered nosave memory: [mem 0x000f0000-0x000fffff]
[    0.000000] PM: Registered nosave memory: [mem 0x80000000-0xdffeffff]
[    0.000000] PM: Registered nosave memory: [mem 0xdfff0000-0xdfffffff]
[    0.000000] PM: Registered nosave memory: [mem 0xe0000000-0xfebfffff]
[    0.000000] PM: Registered nosave memory: [mem 0xfec00000-0xfec00fff]
[    0.000000] PM: Registered nosave memory: [mem 0xfec01000-0xfedfffff]
[    0.000000] PM: Registered nosave memory: [mem 0xfee00000-0xfee00fff]
[    0.000000] PM: Registered nosave memory: [mem 0xfee01000-0xfffbffff]
[    0.000000] PM: Registered nosave memory: [mem 0xfffc0000-0xffffffff]
[    0.000000] PM: Registered nosave memory: [mem 0x100000000-0x17fffffff]
[    0.000000] e820: cannot find a gap in the 32bit address range
               e820: PCI devices with unassigned 32bit BARs may break!
[    0.000000] e820: [mem 0x220100000-0x2204fffff] available for PCI devices
[    0.000000] Booting paravirtualized kernel on KVM
[    0.000000] clocksource: refined-jiffies: mask: 0xffffffff max_cycles: 0xffffffff, max_idle_ns: 7645519600211568 ns
[    0.000000] setup_percpu: NR_CPUS:512 nr_cpumask_bits:512 nr_cpu_ids:1 nr_node_ids:1
[    0.000000] PERCPU: Embedded 33 pages/cpu @ffff88021fc00000 s97496 r8192 d29480 u2097152
[    0.000000] pcpu-alloc: s97496 r8192 d29480 u2097152 alloc=1*2097152
[    0.000000] pcpu-alloc: [0] 0 
[    0.000000] PV qspinlock hash table entries: 256 (order: 0, 4096 bytes)
[    0.000000] Built 1 zonelists in Node order, mobility grouping on.  Total pages: 1161097
[    0.000000] Policy zone: Normal
[    0.000000] Kernel command line: BOOT_IMAGE=/boot/vmlinuz-4.3.0 memmap=4G!2G root=UUID=8918101d-1281-40c7-aa75-72b85c4a0441 ro quiet splash
[    0.000000] PID hash table entries: 4096 (order: 3, 32768 bytes)
[    0.000000] Calgary: detecting Calgary via BIOS EBDA area
[    0.000000] Calgary: Unable to locate Rio Grande table in EBDA - bailing!
[    0.000000] Memory: 4527432K/4718200K available (8158K kernel code, 1248K rwdata, 3880K rodata, 1456K init, 1332K bss, 190768K reserved, 0K cma-reserved)
[    0.000000] SLUB: HWalign=64, Order=0-3, MinObjects=0, CPUs=1, Nodes=1
[    0.000000] Hierarchical RCU implementation.
[    0.000000] 	Build-time adjustment of leaf fanout to 64.
[    0.000000] 	RCU restricting CPUs from NR_CPUS=512 to nr_cpu_ids=1.
[    0.000000] RCU: Adjusting geometry for rcu_fanout_leaf=64, nr_cpu_ids=1
[    0.000000] NR_IRQS:33024 nr_irqs:256 16
[    0.000000] Console: colour VGA+ 80x25
[    0.000000] console [tty0] enabled
[    0.000000] tsc: Detected 3591.704 MHz processor
[    6.401930] Calibrating delay loop (skipped) preset value.. 7183.40 BogoMIPS (lpj=14366816)
[    6.401933] pid_max: default: 32768 minimum: 301
[    6.401938] ACPI: Core revision 20150818
[    6.403132] ACPI: 2 ACPI AML tables successfully acquired and loaded
[    6.403149] Security Framework initialized
[    6.403151] Yama: becoming mindful.
[    6.403159] AppArmor: AppArmor initialized
[    6.404894] Dentry cache hash table entries: 1048576 (order: 11, 8388608 bytes)
[    6.409677] Inode-cache hash table entries: 524288 (order: 10, 4194304 bytes)
[    6.411239] Mount-cache hash table entries: 16384 (order: 5, 131072 bytes)
[    6.411247] Mountpoint-cache hash table entries: 16384 (order: 5, 131072 bytes)
[    6.411442] Initializing cgroup subsys io
[    6.411446] Initializing cgroup subsys memory
[    6.411450] Initializing cgroup subsys devices
[    6.411452] Initializing cgroup subsys freezer
[    6.411453] Initializing cgroup subsys net_cls
[    6.411454] Initializing cgroup subsys perf_event
[    6.411456] Initializing cgroup subsys net_prio
[    6.411457] Initializing cgroup subsys hugetlb
[    6.411459] Initializing cgroup subsys pids
[    6.411516] CPU: Physical Processor ID: 0
[    6.412261] mce: CPU supports 0 MCE banks
[    6.412278] process: using mwait in idle threads
[    6.412281] Last level iTLB entries: 4KB 1024, 2MB 1024, 4MB 1024
[    6.412281] Last level dTLB entries: 4KB 1024, 2MB 1024, 4MB 1024, 1GB 4
[    6.422314] Freeing SMP alternatives memory: 28K (ffffffff81ea6000 - ffffffff81ead000)
[    6.428223] ftrace: allocating 31208 entries in 122 pages
[    6.463320] x2apic enabled
[    6.463491] Switched APIC routing to physical x2apic.
[    6.464324] ..TIMER: vector=0x30 apic1=0 pin1=2 apic2=-1 pin2=-1
[    6.570456] smpboot: CPU0: Intel(R) Core(TM) i7-4790 CPU @ 3.60GHz (family: 0x6, model: 0x3c, stepping: 0x3)
[    6.570488] Performance Events: unsupported p6 CPU model 60 no PMU driver, software events only.
[    6.570497] KVM setup paravirtual spinlock
[    6.571002] x86: Booted up 1 node, 1 CPUs
[    6.571004] smpboot: Total of 1 processors activated (7183.40 BogoMIPS)
[    6.572262] devtmpfs: initialized
[    6.573493] evm: security.selinux
[    6.573494] evm: security.SMACK64
[    6.573495] evm: security.SMACK64EXEC
[    6.573495] evm: security.SMACK64TRANSMUTE
[    6.573496] evm: security.SMACK64MMAP
[    6.573497] evm: security.ima
[    6.573497] evm: security.capability
[    6.573591] clocksource: jiffies: mask: 0xffffffff max_cycles: 0xffffffff, max_idle_ns: 7645041785100000 ns
[    6.573643] pinctrl core: initialized pinctrl subsystem
[    6.573725] RTC time:  2:06:48, date: 12/12/17
[    6.573815] NET: Registered protocol family 16
[    6.573939] cpuidle: using governor ladder
[    6.573940] cpuidle: using governor menu
[    6.573942] PCCT header not found.
[    6.573989] ACPI: bus type PCI registered
[    6.573991] acpiphp: ACPI Hot Plug PCI Controller Driver version: 0.5
[    6.574065] PCI: Using configuration type 1 for base access
[    6.575010] ACPI: Added _OSI(Module Device)
[    6.575011] ACPI: Added _OSI(Processor Device)
[    6.575012] ACPI: Added _OSI(3.0 _SCP Extensions)
[    6.575013] ACPI: Added _OSI(Processor Aggregator Device)
[    6.575452] ACPI: Executed 1 blocks of module-level executable AML code
[    6.576737] ACPI: Interpreter enabled
[    6.576740] ACPI Exception: AE_NOT_FOUND, While evaluating Sleep State [\_S1_] (20150818/hwxface-580)
[    6.576743] ACPI Exception: AE_NOT_FOUND, While evaluating Sleep State [\_S2_] (20150818/hwxface-580)
[    6.576744] ACPI Exception: AE_NOT_FOUND, While evaluating Sleep State [\_S3_] (20150818/hwxface-580)
[    6.576746] ACPI Exception: AE_NOT_FOUND, While evaluating Sleep State [\_S4_] (20150818/hwxface-580)
[    6.576750] ACPI: (supports S0 S5)
[    6.576750] ACPI: Using IOAPIC for interrupt routing
[    6.576841] PCI: Using host bridge windows from ACPI; if necessary, use "pci=nocrs" and report a bug
[    6.579479] ACPI: PCI Root Bridge [PCI0] (domain 0000 [bus 00-ff])
[    6.579483] acpi PNP0A03:00: _OSC: OS supports [ASPM ClockPM Segments MSI]
[    6.579486] acpi PNP0A03:00: _OSC failed (AE_NOT_FOUND); disabling ASPM
[    6.579517] acpi PNP0A03:00: fail to add MMCONFIG information, can't access extended PCI configuration space under this bridge.
[    6.579668] PCI host bridge to bus 0000:00
[    6.579671] pci_bus 0000:00: root bus resource [bus 00-ff]
[    6.579672] pci_bus 0000:00: root bus resource [io  0x0000-0x0cf7 window]
[    6.579673] pci_bus 0000:00: root bus resource [io  0x0d00-0xffff window]
[    6.579674] pci_bus 0000:00: root bus resource [mem 0x000a0000-0x000bffff window]
[    6.579675] pci_bus 0000:00: root bus resource [mem 0xe0000000-0xffdfffff window]
[    6.579702] pci 0000:00:00.0: [8086:1237] type 00 class 0x060000
[    6.580058] pci 0000:00:01.0: [8086:7000] type 00 class 0x060100
[    6.580495] pci 0000:00:01.1: [8086:7111] type 00 class 0x01018a
[    6.580757] pci 0000:00:01.1: reg 0x20: [io  0xd000-0xd00f]
[    6.580865] pci 0000:00:01.1: legacy IDE quirk: reg 0x10: [io  0x01f0-0x01f7]
[    6.580866] pci 0000:00:01.1: legacy IDE quirk: reg 0x14: [io  0x03f6]
[    6.580867] pci 0000:00:01.1: legacy IDE quirk: reg 0x18: [io  0x0170-0x0177]
[    6.580868] pci 0000:00:01.1: legacy IDE quirk: reg 0x1c: [io  0x0376]
[    6.581006] pci 0000:00:02.0: [80ee:beef] type 00 class 0x030000
[    6.586139] pci 0000:00:02.0: reg 0x10: [mem 0xe0000000-0xe0ffffff pref]
[    6.613927] pci 0000:00:03.0: [8086:100e] type 00 class 0x020000
[    6.618390] pci 0000:00:03.0: reg 0x10: [mem 0xf0000000-0xf001ffff]
[    6.626816] pci 0000:00:03.0: reg 0x18: [io  0xd010-0xd017]
[    6.644371] pci 0000:00:04.0: [80ee:cafe] type 00 class 0x088000
[    6.648712] pci 0000:00:04.0: reg 0x10: [io  0xd020-0xd03f]
[    6.652922] pci 0000:00:04.0: reg 0x14: [mem 0xf0400000-0xf07fffff]
[    6.657625] pci 0000:00:04.0: reg 0x18: [mem 0xf0800000-0xf0803fff pref]
[    6.675348] pci 0000:00:05.0: [8086:2415] type 00 class 0x040100
[    6.675423] pci 0000:00:05.0: reg 0x10: [io  0xd100-0xd1ff]
[    6.675498] pci 0000:00:05.0: reg 0x14: [io  0xd200-0xd23f]
[    6.675838] pci 0000:00:06.0: [106b:003f] type 00 class 0x0c0310
[    6.680088] pci 0000:00:06.0: reg 0x10: [mem 0xf0804000-0xf0804fff]
[    6.708509] pci 0000:00:07.0: [8086:7113] type 00 class 0x068000
[    6.708840] pci 0000:00:07.0: quirk: [io  0x4000-0x403f] claimed by PIIX4 ACPI
[    6.708848] pci 0000:00:07.0: quirk: [io  0x4100-0x410f] claimed by PIIX4 SMB
[    6.709020] pci 0000:00:0b.0: [8086:265c] type 00 class 0x0c0320
[    6.713259] pci 0000:00:0b.0: reg 0x10: [mem 0xf0805000-0xf0805fff]
[    6.739472] pci 0000:00:0d.0: [8086:2829] type 00 class 0x010601
[    6.743763] pci 0000:00:0d.0: reg 0x10: [io  0xd240-0xd247]
[    6.752320] pci 0000:00:0d.0: reg 0x18: [io  0xd250-0xd257]
[    6.760926] pci 0000:00:0d.0: reg 0x20: [io  0xd260-0xd26f]
[    6.765352] pci 0000:00:0d.0: reg 0x24: [mem 0xf0806000-0xf0807fff]
[    6.770472] ACPI: PCI Interrupt Link [LNKA] (IRQs 5 9 10 *11)
[    6.770632] ACPI: PCI Interrupt Link [LNKB] (IRQs 5 9 10 *11)
[    6.770689] ACPI: PCI Interrupt Link [LNKC] (IRQs 5 9 *10 11)
[    6.770744] ACPI: PCI Interrupt Link [LNKD] (IRQs 5 *9 10 11)
[    6.770825] ACPI: Enabled 2 GPEs in block 00 to 07
[    6.770916] vgaarb: setting as boot device: PCI:0000:00:02.0
[    6.770918] vgaarb: device added: PCI:0000:00:02.0,decodes=io+mem,owns=io+mem,locks=none
[    6.770920] vgaarb: loaded
[    6.770921] vgaarb: bridge control possible 0000:00:02.0
[    6.771080] SCSI subsystem initialized
[    6.771109] libata version 3.00 loaded.
[    6.771125] ACPI: bus type USB registered
[    6.771135] usbcore: registered new interface driver usbfs
[    6.771139] usbcore: registered new interface driver hub
[    6.771145] usbcore: registered new device driver usb
[    6.771215] PCI: Using ACPI for IRQ routing
[    6.771217] PCI: pci_cache_line_size set to 64 bytes
[    6.771345] Expanded resource Persistent Memory (legacy) due to conflict with PCI Bus 0000:00
[    6.771346] e820: reserve RAM buffer [mem 0x0009fc00-0x0009ffff]
[    6.771422] NetLabel: Initializing
[    6.771423] NetLabel:  domain hash size = 128
[    6.771423] NetLabel:  protocols = UNLABELED CIPSOv4
[    6.771431] NetLabel:  unlabeled traffic allowed by default
[    6.771485] clocksource: Switched to clocksource kvm-clock
[    6.777466] AppArmor: AppArmor Filesystem Enabled
[    6.777502] pnp: PnP ACPI init
[    6.777575] pnp 00:00: Plug and Play ACPI device, IDs PNP0303 (active)
[    6.777637] pnp 00:01: Plug and Play ACPI device, IDs PNP0f03 (active)
[    6.778005] pnp: PnP ACPI: found 2 devices
[    6.783240] clocksource: acpi_pm: mask: 0xffffff max_cycles: 0xffffff, max_idle_ns: 2085701024 ns
[    6.783249] pci_bus 0000:00: resource 4 [io  0x0000-0x0cf7 window]
[    6.783250] pci_bus 0000:00: resource 5 [io  0x0d00-0xffff window]
[    6.783251] pci_bus 0000:00: resource 6 [mem 0x000a0000-0x000bffff window]
[    6.783252] pci_bus 0000:00: resource 7 [mem 0xe0000000-0xffdfffff window]
[    6.783272] NET: Registered protocol family 2
[    6.783369] TCP established hash table entries: 65536 (order: 7, 524288 bytes)
[    6.784451] TCP bind hash table entries: 65536 (order: 8, 1048576 bytes)
[    6.784666] TCP: Hash tables configured (established 65536 bind 65536)
[    6.784684] UDP hash table entries: 4096 (order: 5, 131072 bytes)
[    6.784708] UDP-Lite hash table entries: 4096 (order: 5, 131072 bytes)
[    6.784750] NET: Registered protocol family 1
[    6.784757] pci 0000:00:00.0: Limiting direct PCI/PCI transfers
[    6.784776] pci 0000:00:01.0: Activating ISA DMA hang workarounds
[    6.784796] pci 0000:00:02.0: Video device with shadowed ROM
[    6.785123] PCI: CLS 0 bytes, default 64
[    6.785169] Trying to unpack rootfs image as initramfs...
[    7.176582] Freeing initrd memory: 34072K (ffff880033d64000 - ffff880035eaa000)
[    7.176618] PCI-DMA: Using software bounce buffering for IO (SWIOTLB)
[    7.176620] software IO TLB [mem 0x7c000000-0x80000000] (64MB) mapped at [ffff88007c000000-ffff88007fffffff]
[    7.176686] platform rtc_cmos: registered platform RTC device (no PNP device found)
[    7.176697] RAPL PMU detected, API unit is 2^-32 Joules, 4 fixed counters 10737418240 ms ovfl timer
[    7.176698] hw unit of domain pp0-core 2^-0 Joules
[    7.176698] hw unit of domain package 2^-0 Joules
[    7.176699] hw unit of domain dram 2^-0 Joules
[    7.176699] hw unit of domain pp1-gpu 2^-0 Joules
[    7.176723] microcode: CPU0 sig=0x306c3, pf=0x40, revision=0x0
[    7.176753] microcode: Microcode Update Driver: v2.00 <tigran@aivazian.fsnet.co.uk>, Peter Oruba
[    7.176774] Scanning for low memory corruption every 60 seconds
[    7.176968] futex hash table entries: 256 (order: 2, 16384 bytes)
[    7.176984] audit: initializing netlink subsys (disabled)
[    7.176992] audit: type=2000 audit(1513044416.639:1): initialized
[    7.177136] Initialise system trusted keyring
[    7.177181] HugeTLB registered 2 MB page size, pre-allocated 0 pages
[    7.178081] zbud: loaded
[    7.178195] VFS: Disk quotas dquot_6.6.0
[    7.178213] VFS: Dquot-cache hash table entries: 512 (order 0, 4096 bytes)
[    7.178365] squashfs: version 4.0 (2009/01/31) Phillip Lougher
[    7.178473] fuse init (API version 7.23)
[    7.178542] Key type big_key registered
[    7.178931] Key type asymmetric registered
[    7.178934] Asymmetric key parser 'x509' registered
[    7.178943] Block layer SCSI generic (bsg) driver version 0.4 loaded (major 249)
[    7.178954] io scheduler noop registered
[    7.178955] io scheduler deadline registered (default)
[    7.179991] io scheduler cfq registered
[    7.180042] pci_hotplug: PCI Hot Plug PCI Core version: 0.5
[    7.180046] pciehp: PCI Express Hot Plug Controller Driver version: 0.4
[    7.180171] ACPI: AC Adapter [AC] (on-line)
[    7.180204] input: Power Button as /devices/LNXSYSTM:00/LNXPWRBN:00/input/input0
[    7.180206] ACPI: Power Button [PWRF]
[    7.180249] input: Sleep Button as /devices/LNXSYSTM:00/LNXSLPBN:00/input/input1
[    7.180251] ACPI: Sleep Button [SLPF]
[    7.180345] GHES: HEST is not enabled!
[    7.180400] Serial: 8250/16550 driver, 32 ports, IRQ sharing enabled
[    7.181038] Linux agpgart interface v0.103
[    7.183103] brd: module loaded
[    7.183546] loop: module loaded
[    7.183662] ata_piix 0000:00:01.1: version 2.13
[    7.184042] nd_pmem namespace0.0: unable to guarantee persistence of writes
[    7.185134] pmem0: detected capacity change from 0 to 1610547200
[    7.185176] nd_pmem namespace2.0: unable to guarantee persistence of writes
[    7.185178] nd_pmem namespace2.0: could not reserve region [0x0x00000000e0000000:0x1ffc0000]
[    7.185179] nd_pmem: probe of namespace2.0 failed with error -16
[    7.185214] nd_pmem namespace4.0: unable to guarantee persistence of writes
[    7.186469] pmem4: detected capacity change from 0 to 2147483648
[    7.186480] scsi host0: ata_piix
[    7.186534] scsi host1: ata_piix
[    7.186555] ata1: PATA max UDMA/33 cmd 0x1f0 ctl 0x3f6 bmdma 0xd000 irq 14
[    7.186556] ata2: PATA max UDMA/33 cmd 0x170 ctl 0x376 bmdma 0xd008 irq 15
[    7.186615] libphy: Fixed MDIO Bus: probed
[    7.186617] tun: Universal TUN/TAP device driver, 1.6
[    7.186618] tun: (C) 1999-2004 Max Krasnyansky <maxk@qualcomm.com>
[    7.186831] PPP generic driver version 2.4.2
[    7.186877] ehci_hcd: USB 2.0 'Enhanced' Host Controller (EHCI) Driver
[    7.186881] ehci-pci: EHCI PCI platform driver
[    7.187232] ehci-pci 0000:00:0b.0: EHCI Host Controller
[    7.187236] ehci-pci 0000:00:0b.0: new USB bus registered, assigned bus number 1
[    7.187376] ehci-pci 0000:00:0b.0: irq 19, io mem 0xf0805000
[    7.195884] ehci-pci 0000:00:0b.0: USB 2.0 started, EHCI 1.00
[    7.195914] usb usb1: New USB device found, idVendor=1d6b, idProduct=0002
[    7.195915] usb usb1: New USB device strings: Mfr=3, Product=2, SerialNumber=1
[    7.195916] usb usb1: Product: EHCI Host Controller
[    7.195917] usb usb1: Manufacturer: Linux 4.3.0 ehci_hcd
[    7.195918] usb usb1: SerialNumber: 0000:00:0b.0
[    7.195988] hub 1-0:1.0: USB hub found
[    7.195991] hub 1-0:1.0: 12 ports detected
[    7.196128] ehci-platform: EHCI generic platform driver
[    7.196138] ohci_hcd: USB 1.1 'Open' Host Controller (OHCI) Driver
[    7.196141] ohci-pci: OHCI PCI platform driver
[    7.196478] ohci-pci 0000:00:06.0: OHCI PCI host controller
[    7.196482] ohci-pci 0000:00:06.0: new USB bus registered, assigned bus number 2
[    7.196523] ohci-pci 0000:00:06.0: irq 22, io mem 0xf0804000
[    7.252257] usb usb2: New USB device found, idVendor=1d6b, idProduct=0001
[    7.252259] usb usb2: New USB device strings: Mfr=3, Product=2, SerialNumber=1
[    7.252261] usb usb2: Product: OHCI PCI host controller
[    7.252262] usb usb2: Manufacturer: Linux 4.3.0 ohci_hcd
[    7.252263] usb usb2: SerialNumber: 0000:00:06.0
[    7.252355] hub 2-0:1.0: USB hub found
[    7.252372] hub 2-0:1.0: 12 ports detected
[    7.252603] ohci-platform: OHCI generic platform driver
[    7.252613] uhci_hcd: USB Universal Host Controller Interface driver
[    7.252648] i8042: PNP: PS/2 Controller [PNP0303:PS2K,PNP0f03:PS2M] at 0x60,0x64 irq 1,12
[    7.253012] serio: i8042 KBD port at 0x60,0x64 irq 1
[    7.253015] serio: i8042 AUX port at 0x60,0x64 irq 12
[    7.253085] mousedev: PS/2 mouse device common for all mice
[    7.253254] input: AT Translated Set 2 keyboard as /devices/platform/i8042/serio0/input/input2
[    7.253503] rtc_cmos rtc_cmos: rtc core: registered rtc_cmos as rtc0
[    7.253540] rtc_cmos rtc_cmos: alarms up to one day, 114 bytes nvram
[    7.253544] i2c /dev entries driver
[    7.253578] device-mapper: uevent: version 1.0.3
[    7.253617] device-mapper: ioctl: 4.33.0-ioctl (2015-8-18) initialised: dm-devel@redhat.com
[    7.253630] ledtrig-cpu: registered to indicate activity on CPUs
[    7.253793] NET: Registered protocol family 10
[    7.253899] NET: Registered protocol family 17
[    7.253908] Key type dns_resolver registered
[    7.254039] registered taskstats version 1
[    7.254054] Loading compiled-in X.509 certificates
[    7.254547] Loaded X.509 cert 'Build time autogenerated kernel key: 0759ca4de3f7631372cabbbeea3b24c381c013ce'
[    7.254559] zswap: loaded using pool lzo/zbud
[    7.255563] Key type trusted registered
[    7.257190] Key type encrypted registered
[    7.257196] AppArmor: AppArmor sha1 policy hashing enabled
[    7.257198] ima: No TPM chip found, activating TPM-bypass!
[    7.257210] evm: HMAC attrs: 0x1
[    7.257423]   Magic number: 13:212:106
[    7.257478] rtc_cmos rtc_cmos: setting system clock to 2017-12-12 02:06:49 UTC (1513044409)
[    7.257515] BIOS EDD facility v0.16 2004-Jun-25, 0 devices found
[    7.257515] EDD information not available.
[    7.257544] PM: Hibernation image not present or could not be loaded.
[    7.343731] ata2.00: ATAPI: VBOX CD-ROM, 1.0, max UDMA/133
[    7.344046] ata2.00: configured for UDMA/33
[    7.344391] scsi 1:0:0:0: CD-ROM            VBOX     CD-ROM           1.0  PQ: 0 ANSI: 5
[    7.351855] sr 1:0:0:0: [sr0] scsi3-mmc drive: 32x/32x xa/form2 tray
[    7.351858] cdrom: Uniform CD-ROM driver Revision: 3.20
[    7.351934] sr 1:0:0:0: Attached scsi CD-ROM sr0
[    7.352089] sr 1:0:0:0: Attached scsi generic sg0 type 5
[    7.352312] Freeing unused kernel memory: 1456K (ffffffff81d3a000 - ffffffff81ea6000)
[    7.352313] Write protecting the kernel read-only data: 12288k
[    7.352388] Freeing unused kernel memory: 20K (ffff8800017fb000 - ffff880001800000)
[    7.352434] Freeing unused kernel memory: 216K (ffff880001bca000 - ffff880001c00000)
[    7.358000] random: udevadm urandom read with 1 bits of entropy available
[    7.383895] ACPI: Video Device [GFX0] (multi-head: yes  rom: no  post: no)
[    7.383939] input: Video Bus as /devices/LNXSYSTM:00/LNXSYBUS:00/PNP0A03:00/LNXVIDEO:00/input/input4
[    7.385440] FUJITSU Extended Socket Network Device Driver - version 1.0 - Copyright (c) 2015 FUJITSU LIMITED
[    7.386706] e1000: Intel(R) PRO/1000 Network Driver - version 7.3.21-k8-NAPI
[    7.386707] e1000: Copyright (c) 1999-2006 Intel Corporation.
[    7.687329] input: ImExPS/2 Generic Explorer Mouse as /devices/platform/i8042/serio1/input/input5
[    7.723344] e1000 0000:00:03.0 eth0: (PCI:33MHz:32-bit) 08:00:27:7d:c1:92
[    7.723348] e1000 0000:00:03.0 eth0: Intel(R) PRO/1000 Network Connection
[    7.723668] ahci 0000:00:0d.0: version 3.0
[    7.723733] ahci 0000:00:0d.0: SSS flag set, parallel bus scan disabled
[    7.723817] ahci 0000:00:0d.0: AHCI 0001.0100 32 slots 1 ports 3 Gbps 0x1 impl SATA mode
[    7.723819] ahci 0000:00:0d.0: flags: 64bit ncq stag only ccc 
[    7.724524] e1000 0000:00:03.0 enp0s3: renamed from eth0
[    7.725109] scsi host2: ahci
[    7.725151] ata3: SATA max UDMA/133 abar m8192@0xf0806000 port 0xf0806100 irq 21
[    7.895554] usb 2-1: new full-speed USB device number 2 using ohci-pci
[    8.043539] ata3: SATA link up 3.0 Gbps (SStatus 123 SControl 300)
[    8.043674] ata3.00: ATA-6: VBOX HARDDISK, 1.0, max UDMA/133
[    8.043676] ata3.00: 268435456 sectors, multi 128: LBA48 NCQ (depth 31/32)
[    8.043821] ata3.00: configured for UDMA/133
[    8.043895] scsi 2:0:0:0: Direct-Access     ATA      VBOX HARDDISK    1.0  PQ: 0 ANSI: 5
[    8.044150] sd 2:0:0:0: [sda] 268435456 512-byte logical blocks: (137 GB/128 GiB)
[    8.044162] sd 2:0:0:0: [sda] Write Protect is off
[    8.044164] sd 2:0:0:0: [sda] Mode Sense: 00 3a 00 00
[    8.044169] sd 2:0:0:0: [sda] Write cache: enabled, read cache: enabled, doesn't support DPO or FUA
[    8.044436] sd 2:0:0:0: Attached scsi generic sg1 type 0
[    8.056669]  sda: sda1 sda2 < sda5 >
[    8.056802] sd 2:0:0:0: [sda] Attached SCSI disk
[    8.165386] usb 2-1: New USB device found, idVendor=80ee, idProduct=0021
[    8.165389] usb 2-1: New USB device strings: Mfr=1, Product=3, SerialNumber=0
[    8.165390] usb 2-1: Product: USB Tablet
[    8.165391] usb 2-1: Manufacturer: VirtualBox
[    8.170855] hidraw: raw HID events driver (C) Jiri Kosina
[    8.175553] tsc: Refined TSC clocksource calibration: 3589.640 MHz
[    8.175556] clocksource: tsc: mask: 0xffffffffffffffff max_cycles: 0x33be18b0ad7, max_idle_ns: 440795331961 ns
[    8.185507] usbcore: registered new interface driver usbhid
[    8.185511] usbhid: USB HID core driver
[    8.193092] input: VirtualBox USB Tablet as /devices/pci0000:00/0000:00:06.0/usb2/2-1/2-1:1.0/0003:80EE:0021.0001/input/input6
[    8.193243] hid-generic 0003:80EE:0021.0001: input,hidraw0: USB HID v1.10 Mouse [VirtualBox USB Tablet] on usb-0000:00:06.0-1/input0
[   10.704178] floppy0: no floppy controllers found
[   10.704213] work still pending
[   12.410149] EXT4-fs (sda1): mounted filesystem with ordered data mode. Opts: (null)
[   13.097972] random: nonblocking pool is initialized
[   13.460265] systemd[1]: systemd 229 running in system mode. (+PAM +AUDIT +SELINUX +IMA +APPARMOR +SMACK +SYSVINIT +UTMP +LIBCRYPTSETUP +GCRYPT +GNUTLS +ACL +XZ -LZ4 +SECCOMP +BLKID +ELFUTILS +KMOD -IDN)
[   13.460291] systemd[1]: Detected virtualization oracle.
[   13.460294] systemd[1]: Detected architecture x86-64.
[   13.467249] systemd[1]: Set hostname to <cxdir-VirtualBox>.
[   14.091675] systemd[1]: Reached target User and Group Name Lookups.
[   14.091746] systemd[1]: Reached target Encrypted Volumes.
[   14.091771] systemd[1]: Listening on udev Control Socket.
[   14.091788] systemd[1]: Listening on Journal Socket (/dev/log).
[   14.091793] systemd[1]: Reached target Remote File Systems (Pre).
[   14.091797] systemd[1]: Reached target Remote File Systems.
[   14.091838] systemd[1]: Listening on Journal Audit Socket.
[   14.091851] systemd[1]: Listening on fsck to fsckd communication Socket.
[   14.091869] systemd[1]: Listening on Journal Socket.
[   14.091885] systemd[1]: Listening on udev Kernel Socket.
[   14.091905] systemd[1]: Started Forward Password Requests to Wall Directory Watch.
[   14.091971] systemd[1]: Set up automount Arbitrary Executable File Formats File System Automount Point.
[   14.091985] systemd[1]: Listening on Syslog Socket.
[   14.092038] systemd[1]: Created slice User and Session Slice.
[   14.092096] systemd[1]: Created slice System Slice.
[   14.092106] systemd[1]: Reached target Slices.
[   14.092312] systemd[1]: Mounting Huge Pages File System...
[   14.135024] systemd[1]: Starting Load Kernel Modules...
[   14.135246] systemd[1]: Starting Uncomplicated firewall...
[   14.135451] systemd[1]: Mounting POSIX Message Queue File System...
[   14.135680] systemd[1]: Starting Create list of required static device nodes for the current kernel...
[   14.135928] systemd[1]: Starting Set console keymap...
[   14.136118] systemd[1]: Started Braille Device Support.
[   14.140462] systemd[1]: Starting Journal Service...
[   14.140664] systemd[1]: Mounting Debug File System...
[   14.177103] systemd[1]: Listening on /dev/initctl Compatibility Named Pipe.
[   14.355177] systemd[1]: Started Create list of required static device nodes for the current kernel.
[   14.355523] systemd[1]: Starting Create Static Device Nodes in /dev...
[   14.385532] systemd[1]: Started Uncomplicated firewall.
[   14.449406] lp: driver loaded but no devices found
[   14.480769] systemd[1]: Started Journal Service.
[   14.507654] ppdev: user-space parallel port driver
[   15.155019] EXT4-fs (sda1): re-mounted. Opts: errors=remount-ro
[   15.357113] systemd-journald[233]: Received request to flush runtime journal from PID 1
[   15.719307] vboxguest: module verification failed: signature and/or required key missing - tainting kernel
[   15.722081] vgdrvHeartbeatInit: Setting up heartbeat to trigger every 2000 milliseconds
[   15.722153] input: Unspecified device as /devices/pci0000:00/0000:00:04.0/input/input7
[   15.722235] vboxguest: misc device minor 56, IRQ 20, I/O port d020, MMIO at 00000000f0400000 (size 0x400000)
[   15.722236] vboxguest: Successfully loaded version 5.1.14 (interface 0x00010004)
[   15.770287] piix4_smbus 0000:00:07.0: SMBus Host Controller at 0x4100, revision 0
[   16.248834] [drm] Initialized drm 1.1.0 20060810
[   16.353701] [drm] VRAM 01000000
[   16.355295] [TTM] Zone  kernel: Available graphics memory: 2281612 kiB
[   16.355297] [TTM] Zone   dma32: Available graphics memory: 2097152 kiB
[   16.355297] [TTM] Initializing pool allocator
[   16.355300] [TTM] Initializing DMA pool allocator
[   16.355502] fbcon: vboxdrmfb (fb0) is primary device
[   16.364837] Console: switching to colour frame buffer device 100x37
[   16.366033] vboxvideo 0000:00:02.0: fb0: vboxdrmfb frame buffer device
[   16.366036] [drm] Initialized vboxvideo 1.0.0 20130823 for 0000:00:02.0 on minor 0
[   16.862233] snd_intel8x0 0000:00:05.0: disable (unknown or VT-d) VM optimization
[   16.904609] AVX version of gcm_enc/dec engaged.
[   16.904611] AES CTR mode by8 optimization enabled
[   17.084220] intel_rapl: no valid rapl domains found in package 0
[   17.127969] snd_intel8x0 0000:00:05.0: white list rate for 1028:0177 is 48000
[   17.493744] audit: type=1400 audit(1513044419.732:2): apparmor="STATUS" operation="profile_load" name="/usr/lib/lightdm/lightdm-guest-session" pid=495 comm="apparmor_parser"
[   17.493748] audit: type=1400 audit(1513044419.732:3): apparmor="STATUS" operation="profile_load" name="chromium" pid=495 comm="apparmor_parser"
[   17.529449] audit: type=1400 audit(1513044419.768:4): apparmor="STATUS" operation="profile_load" name="/sbin/dhclient" pid=505 comm="apparmor_parser"
[   17.529455] audit: type=1400 audit(1513044419.768:5): apparmor="STATUS" operation="profile_load" name="/usr/lib/NetworkManager/nm-dhcp-client.action" pid=505 comm="apparmor_parser"
[   17.529459] audit: type=1400 audit(1513044419.768:6): apparmor="STATUS" operation="profile_load" name="/usr/lib/NetworkManager/nm-dhcp-helper" pid=505 comm="apparmor_parser"
[   17.529463] audit: type=1400 audit(1513044419.768:7): apparmor="STATUS" operation="profile_load" name="/usr/lib/connman/scripts/dhclient-script" pid=505 comm="apparmor_parser"
[   17.558668] audit: type=1400 audit(1513044419.796:8): apparmor="STATUS" operation="profile_load" name="/usr/bin/evince" pid=522 comm="apparmor_parser"
[   17.558674] audit: type=1400 audit(1513044419.796:9): apparmor="STATUS" operation="profile_load" name="sanitized_helper" pid=522 comm="apparmor_parser"
[   17.558679] audit: type=1400 audit(1513044419.796:10): apparmor="STATUS" operation="profile_load" name="/usr/bin/evince-previewer" pid=522 comm="apparmor_parser"
[   17.558682] audit: type=1400 audit(1513044419.796:11): apparmor="STATUS" operation="profile_load" name="sanitized_helper" pid=522 comm="apparmor_parser"
[   18.032205] Adding 8386556k swap on /dev/sda5.  Priority:-1 extents:1 across:8386556k FS
[   19.035514] floppy0: no floppy controllers found
[   19.035542] work still pending
[   20.004029] vboxsf: Successfully loaded version 5.1.14 (interface 0x00010004)
[   23.444399] VBoxService 5.1.14 r112924 (verbosity: 0) linux.amd64 (Jan 16 2017 17:38:46) release log
               00:00:00.000079 main     Log opened 2017-12-12T02:07:05.685601000Z
[   23.444742] 00:00:00.001705 main     OS Product: Linux
[   23.444782] 00:00:00.001742 main     OS Release: 4.3.0
[   23.444797] 00:00:00.001781 main     OS Version: #2 SMP Fri Sep 8 20:52:18 CST 2017
[   23.444816] 00:00:00.001796 main     Executable: /opt/VBoxGuestAdditions-5.1.14/sbin/VBoxService
               00:00:00.001796 main     Process ID: 967
               00:00:00.001797 main     Package type: LINUX_64BITS_GENERIC
[   23.445279] 00:00:00.002257 main     5.1.14 r112924 started. Verbose level = 0
[   23.450338] IPv6: ADDRCONF(NETDEV_UP): enp0s3: link is not ready
[   23.451525] IPv6: ADDRCONF(NETDEV_UP): enp0s3: link is not ready
[   23.452447] e1000: enp0s3 NIC Link is Up 1000 Mbps Full Duplex, Flow Control: RX
[   23.452681] IPv6: ADDRCONF(NETDEV_CHANGE): enp0s3: link becomes ready
[ 1063.024280] nova: dafs init nova_fs
[ 1063.024282] nova: init_nova_fs: 1 cpus online
[ 1063.024284] nova: Arch new instructions support: PCOMMIT NO, CLWB NO
[ 1063.025536] nova: dafs register file sytem nova
[ 1063.025541] nova: dafs end init_fs
[ 1063.070345] nova: dafs start to mount
[ 1063.070357] nova: nova_get_block_info: dev pmem0, phys_addr 0x80000000, virt_addr ffffc90040000000, size 1610547200
[ 1063.070364] nova: start init radix tree
[ 1063.070365] nova: finish init radix tree
[ 1063.070365] nova: start nova init
[ 1063.070366] nova: creating an empty nova of size 1610547200
[ 1063.070366] nova: nova: Default block size set to 4K
[ 1063.070369] nova: dafs init dzt block
[ 1063.070369] nova: dafs_get dzt blk
[ 1063.070371] nova: dzt alloc 1 dzt blocks from 4 to 4
[ 1063.070372] nova: dafs_init_dzt_block: allocate log @ 0x4
[ 1063.070372] nova: dafs start get journal blk
[ 1063.070373] nova: dafs_get journal blk
[ 1063.070373] nova: dafs get hard journal
[ 1063.070374] nova: nova_lite_journal_hard_init: allocate log @ 0x5
[ 1063.070375] nova: dafs get soft journal
[ 1063.070375] nova: dafs start get journal blk
[ 1063.070376] nova: dafs_get journal blk
[ 1063.070377] nova: dafs get inode table
[ 1063.073270] nova: nova_init_inode_table: allocate log @ 0x6
[ 1063.073271] nova: nova_init_inode_table:inode table log head is 24576
[ 1063.073273] nova: Allocate root inode
[ 1063.073274] nova: dafs_get dzt blk
[ 1063.073275] nova: dafs allocate hash table
[ 1064.601668] nova: dafs allocate zone blocks
[ 1064.601702] nova: Zone 0, alloc 1 zone blocks from 262662 to 262662
[ 1064.601704] nova: dafs_alloc_dir_zone: allocate zone @ 0x40206
[ 1064.616629] nova: dafs make dzt pointer
[ 1064.616632] nova: dafs_get dzt blk
[ 1064.616633] nova: dafs finish make dzt bitmap pointer
[ 1064.616634] nova: dafs start build dzt
[ 1064.616636] nova: dafs finish build dzt_e
[ 1064.616636] nova: dafs start init dir zones
[ 1064.616637] nova: root ze addr is 1075863552
[ 1064.616637] nova: the root dir hashname is 47
[ 1064.616638] nova: test root hash name is 47
[ 1064.616638] nova: dafs finish creat root directory
[ 1064.616639] nova: dafs record pos in hash table address is 2121728
[ 1064.616639] nova: dafs finish recording pos in hash table
[ 1064.616640] nova: dafs add dir info in radix tree
[ 1064.616640] nova: dir hash name is 47
[ 1064.616641] nova: dafs start adding init part in dir
[ 1064.616642] nova: par ze addr is 1075863552
[ 1064.616643] nova: dafs_append_dir_init_entries:fname is /., name is .
[ 1064.616643] nova: dafs record pos in hash table address is 2121728
[ 1064.616644] nova: dafs finish recording pos in hash table
[ 1064.616645] nova: par pos is 0, cur pos is 1
[ 1064.616645] nova: parent hashname is 47
[ 1064.616646] nova: dafs record pos in hash table address is 2121728
[ 1064.616646] nova: dafs finish recording pos in hash table
[ 1064.616647] nova: dafs finish add initial part in dir
[ 1064.616647] nova: dafs finish init dir zones
[ 1064.616648] nova: dafs init dir info tree
[ 1064.616667] nova: dafs finish initial dir info tree
[ 1064.616668] nova: dafs finish nova_init
[ 1064.616669] nova: dafs start setting sb
[ 1064.616669] nova: dafs end setting sb
[ 1064.616675] nova: nova_iget: inode 1
[ 1064.616675] nova: nova_iget: pi_addr is 0x1024
[ 1064.616676] nova: nova_rebuild_inode:dafs start to rebuild inode
[ 1064.616677] nova: Rebuild dir 1 tree
[ 1064.616678] nova: Log head 0x0, tail 0x0
[ 1064.616678] nova: dafs_rebuild_dir_inode_tree: it is dir type
[ 1064.616679] nova: dafs_rebuild_dir_inode_tree:dafs finish rebuild dir inode
[ 1064.616680] nova: sucessfully get inode
[ 1064.616681] nova: root_dentry name is /
[ 1064.616682] nova: dafs end fill super
[ 1064.616683] nova: dafs finish mount
[ 1064.617999] nova: dafs_lookup,dafs start looup
[ 1064.618000] nova: dafs_inode_by_name:dafs start to inode by name
[ 1064.618001] nova: dafs_find_direntry:dafs start to find direntry
[ 1064.618002] nova: dentry name is .Trash
[ 1064.618002] nova: get_dentry_path:dafs get dentry path
[ 1064.618003] nova: fs path is: /
[ 1064.618004] nova: fs path is: /
[ 1064.618004] nova: mount point is:/
[ 1064.618004] nova: dentry name is .Trash
[ 1064.618005] nova: buf is 
[ 1064.618005] nova: ph is /.Trash
[ 1064.618006] nova: dafs finish get dentry path
[ 1064.618006] nova: strictly full name is /.Trash
[ 1064.618007] nova: strictly full name length is 7
[ 1064.618008] nova: dafs start to find dzt
[ 1064.618008] nova: test path len is 0
[ 1064.618009] nova: dafs finish finding dzt
[ 1064.618009] nova: path name is /
[ 1064.618010] nova: the ze addr is 1075863552
[ 1064.618010] nova: full name is /.Trash
[ 1064.618011] nova: the ze addr is 1075863552, the ze number is 0,  the hash table head is 2121728
[ 1064.618011] nova: dafs start to lookup in hashtable
[ 1064.618012] nova: dafs finish lookup in hash table
[ 1064.618012] nova: not found dentry in nvm
[ 1064.618013] nova: dafs_find_direntry:dafs finish find direntry
[ 1064.618013] nova: dafs_lookup:dafs finish lookup
[ 1064.618023] nova: dafs_lookup,dafs start looup
[ 1064.618024] nova: dafs_inode_by_name:dafs start to inode by name
[ 1064.618024] nova: dafs_find_direntry:dafs start to find direntry
[ 1064.618024] nova: dentry name is .Trash-1000
[ 1064.618025] nova: get_dentry_path:dafs get dentry path
[ 1064.618025] nova: fs path is: /
[ 1064.618026] nova: fs path is: /
[ 1064.618026] nova: mount point is:/
[ 1064.618027] nova: dentry name is .Trash-1000
[ 1064.618027] nova: buf is 
[ 1064.618028] nova: ph is /.Trash-1000
[ 1064.618028] nova: dafs finish get dentry path
[ 1064.618028] nova: strictly full name is /.Trash-1000
[ 1064.618029] nova: strictly full name length is 12
[ 1064.618029] nova: dafs start to find dzt
[ 1064.618030] nova: test path len is 0
[ 1064.618030] nova: dafs finish finding dzt
[ 1064.618031] nova: path name is /
[ 1064.618031] nova: the ze addr is 1075863552
[ 1064.618031] nova: full name is /.Trash-1000
[ 1064.618032] nova: the ze addr is 1075863552, the ze number is 0,  the hash table head is 2121728
[ 1064.618032] nova: dafs start to lookup in hashtable
[ 1064.618033] nova: dafs finish lookup in hash table
[ 1064.618033] nova: not found dentry in nvm
[ 1064.618034] nova: dafs_find_direntry:dafs finish find direntry
[ 1064.618034] nova: dafs_lookup:dafs finish lookup
[ 1125.934640] nova: dafs_lookup,dafs start looup
[ 1125.934641] nova: dafs_inode_by_name:dafs start to inode by name
[ 1125.934644] nova: dafs_find_direntry:dafs start to find direntry
[ 1125.934644] nova: dentry name is p
[ 1125.934645] nova: get_dentry_path:dafs get dentry path
[ 1125.934645] nova: fs path is: /
[ 1125.934646] nova: fs path is: /
[ 1125.934646] nova: mount point is:/
[ 1125.934647] nova: dentry name is p
[ 1125.934647] nova: buf is 
[ 1125.934648] nova: ph is /p
[ 1125.934648] nova: dafs finish get dentry path
[ 1125.934648] nova: strictly full name is /p
[ 1125.934649] nova: strictly full name length is 2
[ 1125.934650] nova: dafs start to find dzt
[ 1125.934650] nova: test path len is 0
[ 1125.934651] nova: dafs finish finding dzt
[ 1125.934651] nova: path name is /
[ 1125.934652] nova: the ze addr is 1075863552
[ 1125.934652] nova: full name is /p
[ 1125.934653] nova: the ze addr is 1075863552, the ze number is 0,  the hash table head is 2121728
[ 1125.934654] nova: dafs start to lookup in hashtable
[ 1125.934655] nova: dafs finish lookup in hash table
[ 1125.934655] nova: not found dentry in nvm
[ 1125.934655] nova: dafs_find_direntry:dafs finish find direntry
[ 1125.934656] nova: dafs_lookup:dafs finish lookup
[ 1125.934658] nova: dafs_mkdir:dafs start to mkdir
[ 1125.934658] nova: dafs start make ino
[ 1125.934659] nova: nova_get_inode_address:dafs get inode addr
[ 1125.934660] nova: nova_get_inode_address:dbg blk_type is 6, dafs_bits is 0
[ 1125.934661] nova: nova_get_inode_address:dbg ino is16,internal_ino is 16, num cpus is 1
[ 1125.934661] nova: dafs get inode table
[ 1125.934662] nova: nova_get_inode_address:inode_table log head is 24576
[ 1125.934662] nova: nova_get_inode_address:index is 16, supercount is 0
[ 1125.934663] nova: nova_get_inode_address:inode table addr is 24576
[ 1125.934663] nova: nova_get_inode_address:dafs finish find inode at 26624
[ 1125.934664] nova: ino is 16
[ 1125.934664] nova: dafs_mkdir: name p
[ 1125.934665] nova: dafs_mkdir: inode 16, dir 1, link 2
[ 1125.934666] nova: dafs_add_dentry:dafs add dentry
[ 1125.934667] nova: get_dentry_path:dafs get dentry path
[ 1125.934668] nova: fs path is: /
[ 1125.934668] nova: fs path is: /
[ 1125.934668] nova: mount point is:/
[ 1125.934669] nova: dentry name is p
[ 1125.934669] nova: buf is 
[ 1125.934670] nova: ph is /p
[ 1125.934670] nova: dafs finish get dentry path
[ 1125.934671] nova: dafs start to find dzt
[ 1125.934671] nova: test path len is 0
[ 1125.934671] nova: dafs finish finding dzt
[ 1125.934673] nova: full name is /p, name len is 2
[ 1125.934673] nova: inode addr is 1024
[ 1125.934674] nova: dentry pos is 3, zone num is 0
[ 1125.934674] nova: dentry not need extension
[ 1125.934674] nova: dentry name is p
[ 1125.934675] nova: dentry is root subfile
[ 1125.934675] nova: set pos in hash table for each zone
[ 1125.934675] nova: dentry hashname is 6269
[ 1125.934676] nova: dafs record pos in hash table address is 2121728
[ 1125.934676] nova: dafs finish recording pos in hash table
[ 1125.934677] nova: set pos in par_dir info
[ 1125.934677] nova: dafs_add_dentry:temlen is 1, zone num is 0
[ 1125.934678] nova: dafs_add_dentry:par is root hash 47
[ 1125.934678] nova: dafs_add_dentry:dafs add pos in par
[ 1125.934679] nova: dafs_add_dentry:sub num is 3
[ 1125.934680] nova: dafs add dir info in radix tree
[ 1125.934680] nova: dir hash name is 6269
[ 1125.934681] nova: dafs start adding init part in dir
[ 1125.934682] nova: par ze addr is 1075863552
[ 1125.934683] nova: dafs_append_dir_init_entries:fname is /., name is .
[ 1125.934683] nova: dafs record pos in hash table address is 2121728
[ 1125.934684] nova: dafs finish recording pos in hash table
[ 1125.934684] nova: par pos is 3, cur pos is 4
[ 1125.934684] nova: parent hashname is 6269
[ 1125.934685] nova: dafs record pos in hash table address is 2121728
[ 1125.934686] nova: dafs finish recording pos in hash table
[ 1125.934686] nova: dafs finish add initial part in dir
[ 1125.934687] nova: dafs finish add dentry
[ 1125.934687] nova: dafs start make new vfs inode
[ 1125.934688] nova: inode addr is 1024
[ 1125.934689] nova: nova_new_vfs_inode: allocating inode 16 @ 0x6800
[ 1125.934690] nova: dafs make TYPE_MKDIR
[ 1125.934691] nova: dafs end making inode
[ 1125.934691] nova: inode addr is 26624
[ 1125.934692] nova: Rebuild dir 16 tree
[ 1125.934693] nova: Log head 0x0, tail 0x0
[ 1125.934693] nova: dafs_rebuild_dir_inode_tree: it is dir type
[ 1125.934694] nova: dafs_rebuild_dir_inode_tree:dafs finish rebuild dir inode
[ 1125.934694] nova: inode addr is 1024
[ 1125.934695] nova: dafs_mkdir: dafs end mkdir
[ 1131.469243] nova: dafs_readdir:dafs readdir
[ 1131.469244] nova: inode addr is 1024
[ 1131.469247] nova: dafs_readdir: ino 1, size 4096, pos 0x0
[ 1131.469248] nova: get_dentry_path:dafs get dentry path
[ 1131.469249] nova: fs path is: /
[ 1131.469249] nova: fs path is: /
[ 1131.469250] nova: mount point is:/
[ 1131.469250] nova: dentry name is /
[ 1131.469251] nova: buf is 
[ 1131.469251] nova: ph is /
[ 1131.469252] nova: dafs finish get dentry path
[ 1131.469252] nova: dafs start to find dzt
[ 1131.469253] nova: test path len is 0
[ 1131.469254] nova: dafs finish finding dzt
[ 1131.469254] nova: dafs_find_direntry:dafs start to find direntry
[ 1131.469255] nova: dentry name is /
[ 1131.469255] nova: get_dentry_path:dafs get dentry path
[ 1131.469256] nova: fs path is: /
[ 1131.469256] nova: fs path is: /
[ 1131.469257] nova: mount point is:/
[ 1131.469257] nova: dentry name is /
[ 1131.469257] nova: buf is 
[ 1131.469258] nova: ph is /
[ 1131.469258] nova: dafs finish get dentry path
[ 1131.469259] nova: strictly full name is /
[ 1131.469259] nova: strictly full name length is 1
[ 1131.469259] nova: dafs start to find dzt
[ 1131.469260] nova: test path len is 0
[ 1131.469260] nova: dafs finish finding dzt
[ 1131.469261] nova: path name is /
[ 1131.469261] nova: the ze addr is 1075863552
[ 1131.469262] nova: full name is /
[ 1131.469262] nova: the ze addr is 1075863552, the ze number is 0,  the hash table head is 2121728
[ 1131.469263] nova: dafs start to lookup in hashtable
[ 1131.469264] nova: dafs finish lookup in hash table
[ 1131.469264] nova: dir entry pos is 0
[ 1131.469265] nova: dafs_find_direntry:dafs finish find direntry
[ 1131.469265] nova: dafs_readdir:find dir name is /
[ 1131.469266] nova: dafs_readdir:dir_subfile num is3, zone addr is 1075863552
[ 1131.469267] nova: dafs_readdir:list subfile name:., pos id 1
[ 1131.469268] nova: pos 1, type 6, ino 1, name ., namelen 1, rec len 128
[ 1131.469269] nova: nova_get_inode_address:dafs get inode addr
[ 1131.469270] nova: nova_get_inode_address:dbg blk_type is 6, dafs_bits is 0
[ 1131.469270] nova: nova_get_inode_address:dbg ino is1,internal_ino is 1, num cpus is 1
[ 1131.469271] nova: dafs get inode table
[ 1131.469271] nova: nova_get_inode_address:inode_table log head is 24576
[ 1131.469272] nova: nova_get_inode_address:index is 1, supercount is 0
[ 1131.469272] nova: nova_get_inode_address:inode table addr is 24576
[ 1131.469273] nova: nova_get_inode_address:dafs finish find inode at 24704
[ 1131.469274] nova: ctx: ino 1, name ., name_len 1, de_len 128
[ 1131.469275] nova: dafs_readdir:list subfile name:.., pos id 2
[ 1131.469275] nova: pos 2, type 6, ino 1, name .., namelen 2, rec len 128
[ 1131.469276] nova: nova_get_inode_address:dafs get inode addr
[ 1131.469277] nova: nova_get_inode_address:dbg blk_type is 6, dafs_bits is 0
[ 1131.469277] nova: nova_get_inode_address:dbg ino is1,internal_ino is 1, num cpus is 1
[ 1131.469277] nova: dafs get inode table
[ 1131.469278] nova: nova_get_inode_address:inode_table log head is 24576
[ 1131.469278] nova: nova_get_inode_address:index is 1, supercount is 0
[ 1131.469279] nova: nova_get_inode_address:inode table addr is 24576
[ 1131.469279] nova: nova_get_inode_address:dafs finish find inode at 24704
[ 1131.469280] nova: ctx: ino 1, name .., name_len 2, de_len 128
[ 1131.469281] nova: dafs_readdir:list subfile name:p, pos id 3
[ 1131.469282] nova: pos 3, type 6, ino 16, name p, namelen 1, rec len 128
[ 1131.469282] nova: nova_get_inode_address:dafs get inode addr
[ 1131.469283] nova: nova_get_inode_address:dbg blk_type is 6, dafs_bits is 0
[ 1131.469283] nova: nova_get_inode_address:dbg ino is16,internal_ino is 16, num cpus is 1
[ 1131.469284] nova: dafs get inode table
[ 1131.469284] nova: nova_get_inode_address:inode_table log head is 24576
[ 1131.469285] nova: nova_get_inode_address:index is 16, supercount is 0
[ 1131.469285] nova: nova_get_inode_address:inode table addr is 24576
[ 1131.469286] nova: nova_get_inode_address:dafs finish find inode at 26624
[ 1131.469286] nova: ctx: ino 16, name p, name_len 1, de_len 128
[ 1131.469287] nova: dafs ctx pos is ffffffffffffffff
[ 1131.469288] nova: dafs_readdir readdir return
[ 1131.469289] nova: inode addr is 1024
[ 1131.469294] nova: dafs_readdir:dafs readdir
[ 1131.469294] nova: inode addr is 1024
[ 1131.469295] nova: dafs_readdir: ino 1, size 4096, pos 0xffffffffffffffff
[ 1131.469295] nova: dafs readdir end
[ 1131.469296] nova: dafs_readdir readdir return
[ 1135.542980] nova: dafs_readdir:dafs readdir
[ 1135.542982] nova: inode addr is 1024
[ 1135.542984] nova: dafs_readdir: ino 1, size 4096, pos 0x0
[ 1135.542985] nova: get_dentry_path:dafs get dentry path
[ 1135.542986] nova: fs path is: /
[ 1135.542987] nova: fs path is: /
[ 1135.542987] nova: mount point is:/
[ 1135.542987] nova: dentry name is /
[ 1135.542988] nova: buf is 
[ 1135.542988] nova: ph is /
[ 1135.542989] nova: dafs finish get dentry path
[ 1135.542990] nova: dafs start to find dzt
[ 1135.542990] nova: test path len is 0
[ 1135.542991] nova: dafs finish finding dzt
[ 1135.542992] nova: dafs_find_direntry:dafs start to find direntry
[ 1135.542992] nova: dentry name is /
[ 1135.542992] nova: get_dentry_path:dafs get dentry path
[ 1135.542993] nova: fs path is: /
[ 1135.542993] nova: fs path is: /
[ 1135.542994] nova: mount point is:/
[ 1135.542994] nova: dentry name is /
[ 1135.542995] nova: buf is 
[ 1135.542995] nova: ph is /
[ 1135.542995] nova: dafs finish get dentry path
[ 1135.542996] nova: strictly full name is /
[ 1135.542996] nova: strictly full name length is 1
[ 1135.542997] nova: dafs start to find dzt
[ 1135.542997] nova: test path len is 0
[ 1135.542998] nova: dafs finish finding dzt
[ 1135.542998] nova: path name is /
[ 1135.542998] nova: the ze addr is 1075863552
[ 1135.542999] nova: full name is /
[ 1135.543000] nova: the ze addr is 1075863552, the ze number is 0,  the hash table head is 2121728
[ 1135.543000] nova: dafs start to lookup in hashtable
[ 1135.543001] nova: dafs finish lookup in hash table
[ 1135.543001] nova: dir entry pos is 0
[ 1135.543002] nova: dafs_find_direntry:dafs finish find direntry
[ 1135.543003] nova: dafs_readdir:find dir name is /
[ 1135.543004] nova: dafs_readdir:dir_subfile num is3, zone addr is 1075863552
[ 1135.543005] nova: dafs_readdir:list subfile name:., pos id 1
[ 1135.543005] nova: pos 1, type 6, ino 1, name ., namelen 1, rec len 128
[ 1135.543006] nova: nova_get_inode_address:dafs get inode addr
[ 1135.543007] nova: nova_get_inode_address:dbg blk_type is 6, dafs_bits is 0
[ 1135.543008] nova: nova_get_inode_address:dbg ino is1,internal_ino is 1, num cpus is 1
[ 1135.543008] nova: dafs get inode table
[ 1135.543009] nova: nova_get_inode_address:inode_table log head is 24576
[ 1135.543010] nova: nova_get_inode_address:index is 1, supercount is 0
[ 1135.543010] nova: nova_get_inode_address:inode table addr is 24576
[ 1135.543011] nova: nova_get_inode_address:dafs finish find inode at 24704
[ 1135.543012] nova: ctx: ino 1, name ., name_len 1, de_len 128
[ 1135.543012] nova: dafs_readdir:list subfile name:.., pos id 2
[ 1135.543013] nova: pos 2, type 6, ino 1, name .., namelen 2, rec len 128
[ 1135.543014] nova: nova_get_inode_address:dafs get inode addr
[ 1135.543014] nova: nova_get_inode_address:dbg blk_type is 6, dafs_bits is 0
[ 1135.543015] nova: nova_get_inode_address:dbg ino is1,internal_ino is 1, num cpus is 1
[ 1135.543015] nova: dafs get inode table
[ 1135.543016] nova: nova_get_inode_address:inode_table log head is 24576
[ 1135.543016] nova: nova_get_inode_address:index is 1, supercount is 0
[ 1135.543017] nova: nova_get_inode_address:inode table addr is 24576
[ 1135.543017] nova: nova_get_inode_address:dafs finish find inode at 24704
[ 1135.543018] nova: ctx: ino 1, name .., name_len 2, de_len 128
[ 1135.543019] nova: dafs_readdir:list subfile name:p, pos id 3
[ 1135.543019] nova: pos 3, type 6, ino 16, name p, namelen 1, rec len 128
[ 1135.543020] nova: nova_get_inode_address:dafs get inode addr
[ 1135.543020] nova: nova_get_inode_address:dbg blk_type is 6, dafs_bits is 0
[ 1135.543021] nova: nova_get_inode_address:dbg ino is16,internal_ino is 16, num cpus is 1
[ 1135.543021] nova: dafs get inode table
[ 1135.543022] nova: nova_get_inode_address:inode_table log head is 24576
[ 1135.543022] nova: nova_get_inode_address:index is 16, supercount is 0
[ 1135.543023] nova: nova_get_inode_address:inode table addr is 24576
[ 1135.543023] nova: nova_get_inode_address:dafs finish find inode at 26624
[ 1135.543024] nova: ctx: ino 16, name p, name_len 1, de_len 128
[ 1135.543025] nova: dafs ctx pos is ffffffffffffffff
[ 1135.543025] nova: dafs_readdir readdir return
[ 1135.543029] nova: dafs_readdir:dafs readdir
[ 1135.543029] nova: inode addr is 1024
[ 1135.543030] nova: dafs_readdir: ino 1, size 4096, pos 0xffffffffffffffff
[ 1135.543031] nova: dafs readdir end
[ 1135.543031] nova: dafs_readdir readdir return
[ 1164.239425] nova: dafs_lookup,dafs start looup
[ 1164.239427] nova: dafs_inode_by_name:dafs start to inode by name
[ 1164.239429] nova: dafs_find_direntry:dafs start to find direntry
[ 1164.239429] nova: dentry name is ~
[ 1164.239430] nova: get_dentry_path:dafs get dentry path
[ 1164.239431] nova: fs path is: /
[ 1164.239431] nova: fs path is: /
[ 1164.239432] nova: mount point is:/
[ 1164.239432] nova: dentry name is ~
[ 1164.239433] nova: buf is 
[ 1164.239434] nova: ph is /~
[ 1164.239434] nova: dafs finish get dentry path
[ 1164.239435] nova: strictly full name is /~
[ 1164.239435] nova: strictly full name length is 2
[ 1164.239436] nova: dafs start to find dzt
[ 1164.239436] nova: test path len is 0
[ 1164.239437] nova: dafs finish finding dzt
[ 1164.239438] nova: path name is /
[ 1164.239438] nova: the ze addr is 1075863552
[ 1164.239438] nova: full name is /~
[ 1164.239439] nova: the ze addr is 1075863552, the ze number is 0,  the hash table head is 2121728
[ 1164.239440] nova: dafs start to lookup in hashtable
[ 1164.239441] nova: dafs finish lookup in hash table
[ 1164.239441] nova: not found dentry in nvm
[ 1164.239442] nova: dafs_find_direntry:dafs finish find direntry
[ 1164.239442] nova: dafs_lookup:dafs finish lookup
[ 1171.325996] nova: dafs_readdir:dafs readdir
[ 1171.325999] nova: inode addr is 1024
[ 1171.326002] nova: dafs_readdir: ino 1, size 4096, pos 0x0
[ 1171.326003] nova: get_dentry_path:dafs get dentry path
[ 1171.326004] nova: fs path is: /
[ 1171.326005] nova: fs path is: /
[ 1171.326005] nova: mount point is:/
[ 1171.326006] nova: dentry name is /
[ 1171.326006] nova: buf is 
[ 1171.326007] nova: ph is /
[ 1171.326007] nova: dafs finish get dentry path
[ 1171.326008] nova: dafs start to find dzt
[ 1171.326009] nova: test path len is 0
[ 1171.326010] nova: dafs finish finding dzt
[ 1171.326011] nova: dafs_find_direntry:dafs start to find direntry
[ 1171.326012] nova: dentry name is /
[ 1171.326012] nova: get_dentry_path:dafs get dentry path
[ 1171.326012] nova: fs path is: /
[ 1171.326013] nova: fs path is: /
[ 1171.326013] nova: mount point is:/
[ 1171.326014] nova: dentry name is /
[ 1171.326014] nova: buf is 
[ 1171.326014] nova: ph is /
[ 1171.326015] nova: dafs finish get dentry path
[ 1171.326015] nova: strictly full name is /
[ 1171.326016] nova: strictly full name length is 1
[ 1171.326017] nova: dafs start to find dzt
[ 1171.326017] nova: test path len is 0
[ 1171.326017] nova: dafs finish finding dzt
[ 1171.326018] nova: path name is /
[ 1171.326019] nova: the ze addr is 1075863552
[ 1171.326019] nova: full name is /
[ 1171.326020] nova: the ze addr is 1075863552, the ze number is 0,  the hash table head is 2121728
[ 1171.326021] nova: dafs start to lookup in hashtable
[ 1171.326022] nova: dafs finish lookup in hash table
[ 1171.326022] nova: dir entry pos is 0
[ 1171.326023] nova: dafs_find_direntry:dafs finish find direntry
[ 1171.326024] nova: dafs_readdir:find dir name is /
[ 1171.326025] nova: dafs_readdir:dir_subfile num is3, zone addr is 1075863552
[ 1171.326026] nova: dafs_readdir:list subfile name:., pos id 1
[ 1171.326027] nova: pos 1, type 6, ino 1, name ., namelen 1, rec len 128
[ 1171.326029] nova: nova_get_inode_address:dafs get inode addr
[ 1171.326030] nova: nova_get_inode_address:dbg blk_type is 6, dafs_bits is 0
[ 1171.326031] nova: nova_get_inode_address:dbg ino is1,internal_ino is 1, num cpus is 1
[ 1171.326031] nova: dafs get inode table
[ 1171.326033] nova: nova_get_inode_address:inode_table log head is 24576
[ 1171.326033] nova: nova_get_inode_address:index is 1, supercount is 0
[ 1171.326034] nova: nova_get_inode_address:inode table addr is 24576
[ 1171.326035] nova: nova_get_inode_address:dafs finish find inode at 24704
[ 1171.326036] nova: ctx: ino 1, name ., name_len 1, de_len 128
[ 1171.326037] nova: dafs_readdir:list subfile name:.., pos id 2
[ 1171.326038] nova: pos 2, type 6, ino 1, name .., namelen 2, rec len 128
[ 1171.326039] nova: nova_get_inode_address:dafs get inode addr
[ 1171.326040] nova: nova_get_inode_address:dbg blk_type is 6, dafs_bits is 0
[ 1171.326040] nova: nova_get_inode_address:dbg ino is1,internal_ino is 1, num cpus is 1
[ 1171.326041] nova: dafs get inode table
[ 1171.326041] nova: nova_get_inode_address:inode_table log head is 24576
[ 1171.326042] nova: nova_get_inode_address:index is 1, supercount is 0
[ 1171.326042] nova: nova_get_inode_address:inode table addr is 24576
[ 1171.326043] nova: nova_get_inode_address:dafs finish find inode at 24704
[ 1171.326043] nova: ctx: ino 1, name .., name_len 2, de_len 128
[ 1171.326044] nova: dafs_readdir:list subfile name:p, pos id 3
[ 1171.326045] nova: pos 3, type 6, ino 16, name p, namelen 1, rec len 128
[ 1171.326046] nova: nova_get_inode_address:dafs get inode addr
[ 1171.326046] nova: nova_get_inode_address:dbg blk_type is 6, dafs_bits is 0
[ 1171.326047] nova: nova_get_inode_address:dbg ino is16,internal_ino is 16, num cpus is 1
[ 1171.326047] nova: dafs get inode table
[ 1171.326048] nova: nova_get_inode_address:inode_table log head is 24576
[ 1171.326048] nova: nova_get_inode_address:index is 16, supercount is 0
[ 1171.326049] nova: nova_get_inode_address:inode table addr is 24576
[ 1171.326049] nova: nova_get_inode_address:dafs finish find inode at 26624
[ 1171.326050] nova: ctx: ino 16, name p, name_len 1, de_len 128
[ 1171.326051] nova: dafs ctx pos is ffffffffffffffff
[ 1171.326051] nova: dafs_readdir readdir return
[ 1171.326066] nova: dafs_readdir:dafs readdir
[ 1171.326067] nova: inode addr is 1024
[ 1171.326068] nova: dafs_readdir: ino 1, size 4096, pos 0xffffffffffffffff
[ 1171.326069] nova: dafs readdir end
[ 1171.326069] nova: dafs_readdir readdir return
[ 1238.023890] nova: dafs_readdir:dafs readdir
[ 1238.023892] nova: inode addr is 1024
[ 1238.023894] nova: dafs_readdir: ino 1, size 4096, pos 0x0
[ 1238.023895] nova: get_dentry_path:dafs get dentry path
[ 1238.023897] nova: fs path is: /
[ 1238.023897] nova: fs path is: /
[ 1238.023897] nova: mount point is:/
[ 1238.023898] nova: dentry name is /
[ 1238.023899] nova: buf is 
[ 1238.023899] nova: ph is /
[ 1238.023899] nova: dafs finish get dentry path
[ 1238.023900] nova: dafs start to find dzt
[ 1238.023901] nova: test path len is 0
[ 1238.023901] nova: dafs finish finding dzt
[ 1238.023902] nova: dafs_find_direntry:dafs start to find direntry
[ 1238.023903] nova: dentry name is /
[ 1238.023903] nova: get_dentry_path:dafs get dentry path
[ 1238.023904] nova: fs path is: /
[ 1238.023904] nova: fs path is: /
[ 1238.023904] nova: mount point is:/
[ 1238.023905] nova: dentry name is /
[ 1238.023905] nova: buf is 
[ 1238.023906] nova: ph is /
[ 1238.023906] nova: dafs finish get dentry path
[ 1238.023906] nova: strictly full name is /
[ 1238.023907] nova: strictly full name length is 1
[ 1238.023907] nova: dafs start to find dzt
[ 1238.023908] nova: test path len is 0
[ 1238.023908] nova: dafs finish finding dzt
[ 1238.023909] nova: path name is /
[ 1238.023909] nova: the ze addr is 1075863552
[ 1238.023910] nova: full name is /
[ 1238.023910] nova: the ze addr is 1075863552, the ze number is 0,  the hash table head is 2121728
[ 1238.023911] nova: dafs start to lookup in hashtable
[ 1238.023912] nova: dafs finish lookup in hash table
[ 1238.023912] nova: dir entry pos is 0
[ 1238.023913] nova: dafs_find_direntry:dafs finish find direntry
[ 1238.023914] nova: dafs_readdir:find dir name is /
[ 1238.023915] nova: dafs_readdir:dir_subfile num is3, zone addr is 1075863552
[ 1238.023916] nova: dafs_readdir:list subfile name:., pos id 1
[ 1238.023916] nova: pos 1, type 6, ino 1, name ., namelen 1, rec len 128
[ 1238.023917] nova: nova_get_inode_address:dafs get inode addr
[ 1238.023918] nova: nova_get_inode_address:dbg blk_type is 6, dafs_bits is 0
[ 1238.023919] nova: nova_get_inode_address:dbg ino is1,internal_ino is 1, num cpus is 1
[ 1238.023919] nova: dafs get inode table
[ 1238.023920] nova: nova_get_inode_address:inode_table log head is 24576
[ 1238.023920] nova: nova_get_inode_address:index is 1, supercount is 0
[ 1238.023921] nova: nova_get_inode_address:inode table addr is 24576
[ 1238.023921] nova: nova_get_inode_address:dafs finish find inode at 24704
[ 1238.023922] nova: ctx: ino 1, name ., name_len 1, de_len 128
[ 1238.023923] nova: dafs_readdir:list subfile name:.., pos id 2
[ 1238.023924] nova: pos 2, type 6, ino 1, name .., namelen 2, rec len 128
[ 1238.023924] nova: nova_get_inode_address:dafs get inode addr
[ 1238.023925] nova: nova_get_inode_address:dbg blk_type is 6, dafs_bits is 0
[ 1238.023926] nova: nova_get_inode_address:dbg ino is1,internal_ino is 1, num cpus is 1
[ 1238.023926] nova: dafs get inode table
[ 1238.023926] nova: nova_get_inode_address:inode_table log head is 24576
[ 1238.023927] nova: nova_get_inode_address:index is 1, supercount is 0
[ 1238.023927] nova: nova_get_inode_address:inode table addr is 24576
[ 1238.023928] nova: nova_get_inode_address:dafs finish find inode at 24704
[ 1238.023929] nova: ctx: ino 1, name .., name_len 2, de_len 128
[ 1238.023929] nova: dafs_readdir:list subfile name:p, pos id 3
[ 1238.023930] nova: pos 3, type 6, ino 16, name p, namelen 1, rec len 128
[ 1238.023931] nova: nova_get_inode_address:dafs get inode addr
[ 1238.023931] nova: nova_get_inode_address:dbg blk_type is 6, dafs_bits is 0
[ 1238.023932] nova: nova_get_inode_address:dbg ino is16,internal_ino is 16, num cpus is 1
[ 1238.023932] nova: dafs get inode table
[ 1238.023933] nova: nova_get_inode_address:inode_table log head is 24576
[ 1238.023933] nova: nova_get_inode_address:index is 16, supercount is 0
[ 1238.023934] nova: nova_get_inode_address:inode table addr is 24576
[ 1238.023934] nova: nova_get_inode_address:dafs finish find inode at 26624
[ 1238.023935] nova: ctx: ino 16, name p, name_len 1, de_len 128
[ 1238.023936] nova: dafs ctx pos is ffffffffffffffff
[ 1238.023936] nova: dafs_readdir readdir return
[ 1238.023940] nova: dafs_readdir:dafs readdir
[ 1238.023940] nova: inode addr is 1024
[ 1238.023941] nova: dafs_readdir: ino 1, size 4096, pos 0xffffffffffffffff
[ 1238.023942] nova: dafs readdir end
[ 1238.023942] nova: dafs_readdir readdir return
[ 1242.199774] nova: dafs_readdir:dafs readdir
[ 1242.199776] nova: inode addr is 26624
[ 1242.199778] nova: dafs_readdir: ino 16, size 4096, pos 0x0
[ 1242.199779] nova: get_dentry_path:dafs get dentry path
[ 1242.199779] nova: fs path is: p
[ 1242.199780] nova: fs path is: /
[ 1242.199780] nova: mount point is:/
[ 1242.199781] nova: dentry name is p
[ 1242.199782] nova: buf is 
[ 1242.199782] nova: ph is /p
[ 1242.199782] nova: dafs finish get dentry path
[ 1242.199783] nova: dafs start to find dzt
[ 1242.199784] nova: test path len is 0
[ 1242.199784] nova: dafs finish finding dzt
[ 1242.199785] nova: dafs_find_direntry:dafs start to find direntry
[ 1242.199786] nova: dentry name is p
[ 1242.199786] nova: get_dentry_path:dafs get dentry path
[ 1242.199786] nova: fs path is: p
[ 1242.199787] nova: fs path is: /
[ 1242.199787] nova: mount point is:/
[ 1242.199787] nova: dentry name is p
[ 1242.199788] nova: buf is 
[ 1242.199788] nova: ph is /p
[ 1242.199789] nova: dafs finish get dentry path
[ 1242.199789] nova: strictly full name is /p
[ 1242.199790] nova: strictly full name length is 2
[ 1242.199790] nova: dafs start to find dzt
[ 1242.199790] nova: test path len is 0
[ 1242.199791] nova: dafs finish finding dzt
[ 1242.199791] nova: path name is /
[ 1242.199792] nova: the ze addr is 1075863552
[ 1242.199792] nova: full name is /p
[ 1242.199793] nova: the ze addr is 1075863552, the ze number is 0,  the hash table head is 2121728
[ 1242.199794] nova: dafs start to lookup in hashtable
[ 1242.199794] nova: dafs finish lookup in hash table
[ 1242.199795] nova: dir entry pos is 3
[ 1242.199796] nova: dafs_find_direntry:dafs finish find direntry
[ 1242.199796] nova: dafs_readdir:find dir name is /p
[ 1242.199797] nova: dafs_readdir:dir_subfile num is2, zone addr is 1075863552
[ 1242.199798] nova: dafs_readdir:list subfile name:., pos id 4
[ 1242.199799] nova: pos 4, type 6, ino 16, name ., namelen 1, rec len 128
[ 1242.199799] nova: nova_get_inode_address:dafs get inode addr
[ 1242.199800] nova: nova_get_inode_address:dbg blk_type is 6, dafs_bits is 0
[ 1242.199801] nova: nova_get_inode_address:dbg ino is16,internal_ino is 16, num cpus is 1
[ 1242.199801] nova: dafs get inode table
[ 1242.199802] nova: nova_get_inode_address:inode_table log head is 24576
[ 1242.199803] nova: nova_get_inode_address:index is 16, supercount is 0
[ 1242.199803] nova: nova_get_inode_address:inode table addr is 24576
[ 1242.199804] nova: nova_get_inode_address:dafs finish find inode at 26624
[ 1242.199805] nova: ctx: ino 16, name ., name_len 1, de_len 128
[ 1242.199805] nova: dafs_readdir:list subfile name:.., pos id 5
[ 1242.199806] nova: pos 5, type 6, ino 1, name .., namelen 2, rec len 128
[ 1242.199807] nova: nova_get_inode_address:dafs get inode addr
[ 1242.199807] nova: nova_get_inode_address:dbg blk_type is 6, dafs_bits is 0
[ 1242.199808] nova: nova_get_inode_address:dbg ino is1,internal_ino is 1, num cpus is 1
[ 1242.199808] nova: dafs get inode table
[ 1242.199809] nova: nova_get_inode_address:inode_table log head is 24576
[ 1242.199809] nova: nova_get_inode_address:index is 1, supercount is 0
[ 1242.199810] nova: nova_get_inode_address:inode table addr is 24576
[ 1242.199810] nova: nova_get_inode_address:dafs finish find inode at 24704
[ 1242.199811] nova: ctx: ino 1, name .., name_len 2, de_len 128
[ 1242.199811] nova: dafs ctx pos is ffffffffffffffff
[ 1242.199812] nova: dafs_readdir readdir return
[ 1242.199813] nova: inode addr is 26624
[ 1242.199815] nova: dafs_readdir:dafs readdir
[ 1242.199816] nova: inode addr is 26624
[ 1242.199817] nova: dafs_readdir: ino 16, size 4096, pos 0xffffffffffffffff
[ 1242.199817] nova: dafs readdir end
[ 1242.199818] nova: dafs_readdir readdir return
