[    0.000000] Initializing cgroup subsys cpuset
[    0.000000] Initializing cgroup subsys cpu
[    0.000000] Initializing cgroup subsys cpuacct
[    0.000000] Linux version 4.3.0 (root@cxdir-VirtualBox) (gcc version 5.4.0 20160609 (Ubuntu 5.4.0-6ubuntu1~16.04.4) ) #2 SMP Fri Sep 8 20:52:18 CST 2017
[    0.000000] Command line: BOOT_IMAGE=/boot/vmlinuz-4.3.0 memmap=4G!2G root=UUID=8918101d-1281-40c7-aa75-72b85c4a0441 ro quiet splash
[    0.000000] KERNEL supported cpus:
[    0.000000]   Intel GenuineIntel
[    0.000000]   AMD AuthenticAMD
[    0.000000]   Centaur CentaurHauls
[    0.000000] x86/fpu: xstate_offset[2]: 0240, xstate_sizes[2]: 0100
[    0.000000] x86/fpu: Supporting XSAVE feature 0x01: 'x87 floating point registers'
[    0.000000] x86/fpu: Supporting XSAVE feature 0x02: 'SSE registers'
[    0.000000] x86/fpu: Supporting XSAVE feature 0x04: 'AVX registers'
[    0.000000] x86/fpu: Enabled xstate features 0x7, context size is 0x340 bytes, using 'standard' format.
[    0.000000] x86/fpu: Using 'lazy' FPU context switches.
[    0.000000] e820: BIOS-provided physical RAM map:
[    0.000000] BIOS-e820: [mem 0x0000000000000000-0x000000000009fbff] usable
[    0.000000] BIOS-e820: [mem 0x000000000009fc00-0x000000000009ffff] reserved
[    0.000000] BIOS-e820: [mem 0x00000000000f0000-0x00000000000fffff] reserved
[    0.000000] BIOS-e820: [mem 0x0000000000100000-0x00000000dffeffff] usable
[    0.000000] BIOS-e820: [mem 0x00000000dfff0000-0x00000000dfffffff] ACPI data
[    0.000000] BIOS-e820: [mem 0x00000000fec00000-0x00000000fec00fff] reserved
[    0.000000] BIOS-e820: [mem 0x00000000fee00000-0x00000000fee00fff] reserved
[    0.000000] BIOS-e820: [mem 0x00000000fffc0000-0x00000000ffffffff] reserved
[    0.000000] BIOS-e820: [mem 0x0000000100000000-0x000000021fffffff] usable
[    0.000000] NX (Execute Disable) protection: active
[    0.000000] e820: user-defined physical RAM map:
[    0.000000] user: [mem 0x0000000000000000-0x000000000009fbff] usable
[    0.000000] user: [mem 0x000000000009fc00-0x000000000009ffff] reserved
[    0.000000] user: [mem 0x00000000000f0000-0x00000000000fffff] reserved
[    0.000000] user: [mem 0x0000000000100000-0x000000007fffffff] usable
[    0.000000] user: [mem 0x0000000080000000-0x00000000dffeffff] persistent (type 12)
[    0.000000] user: [mem 0x00000000dfff0000-0x00000000dfffffff] persistent (type 12)
[    0.000000] user: [mem 0x00000000e0000000-0x00000000febfffff] persistent (type 12)
[    0.000000] user: [mem 0x00000000fec00000-0x00000000fec00fff] persistent (type 12)
[    0.000000] user: [mem 0x00000000fec01000-0x00000000fedfffff] persistent (type 12)
[    0.000000] user: [mem 0x00000000fee00000-0x00000000fee00fff] persistent (type 12)
[    0.000000] user: [mem 0x00000000fee01000-0x00000000fffbffff] persistent (type 12)
[    0.000000] user: [mem 0x00000000fffc0000-0x00000000ffffffff] persistent (type 12)
[    0.000000] user: [mem 0x0000000100000000-0x000000017fffffff] persistent (type 12)
[    0.000000] user: [mem 0x0000000180000000-0x000000021fffffff] usable
[    0.000000] SMBIOS 2.5 present.
[    0.000000] DMI: innotek GmbH VirtualBox/VirtualBox, BIOS VirtualBox 12/01/2006
[    0.000000] Hypervisor detected: KVM
[    0.000000] e820: update [mem 0x00000000-0x00000fff] usable ==> reserved
[    0.000000] e820: remove [mem 0x000a0000-0x000fffff] usable
[    0.000000] e820: last_pfn = 0x220000 max_arch_pfn = 0x400000000
[    0.000000] MTRR default type: uncachable
[    0.000000] MTRR variable ranges disabled:
[    0.000000] x86/PAT: Configuration [0-7]: WB  WC  UC- UC  WB  WC  UC- WT  
[    0.000000] MTRR: Disabled
[    0.000000] CPU MTRRs all blank - virtualized system.
[    0.000000] e820: last_pfn = 0x100000 max_arch_pfn = 0x400000000
[    0.000000] found SMP MP-table at [mem 0x0009fff0-0x0009ffff] mapped at [ffff88000009fff0]
[    0.000000] Scanning 1 areas for low memory corruption
[    0.000000] Base memory trampoline at [ffff880000099000] 99000 size 24576
[    0.000000] init_memory_mapping: [mem 0x00000000-0x000fffff]
[    0.000000]  [mem 0x00000000-0x000fffff] page 4k
[    0.000000] BRK [0x01ffc000, 0x01ffcfff] PGTABLE
[    0.000000] BRK [0x01ffd000, 0x01ffdfff] PGTABLE
[    0.000000] BRK [0x01ffe000, 0x01ffefff] PGTABLE
[    0.000000] init_memory_mapping: [mem 0x21fe00000-0x21fffffff]
[    0.000000]  [mem 0x21fe00000-0x21fffffff] page 2M
[    0.000000] BRK [0x01fff000, 0x01ffffff] PGTABLE
[    0.000000] init_memory_mapping: [mem 0x200000000-0x21fdfffff]
[    0.000000]  [mem 0x200000000-0x21fdfffff] page 2M
[    0.000000] init_memory_mapping: [mem 0x00100000-0x7fffffff]
[    0.000000]  [mem 0x00100000-0x001fffff] page 4k
[    0.000000]  [mem 0x00200000-0x7fffffff] page 2M
[    0.000000] init_memory_mapping: [mem 0x180000000-0x1ffffffff]
[    0.000000]  [mem 0x180000000-0x1ffffffff] page 2M
[    0.000000] BRK [0x02000000, 0x02000fff] PGTABLE
[    0.000000] BRK [0x02001000, 0x02001fff] PGTABLE
[    0.000000] RAMDISK: [mem 0x33d64000-0x35ea9fff]
[    0.000000] ACPI: Early table checksum verification disabled
[    0.000000] ACPI: RSDP 0x00000000000E0000 000024 (v02 VBOX  )
[    0.000000] ACPI: XSDT 0x00000000DFFF0030 00003C (v01 VBOX   VBOXXSDT 00000001 ASL  00000061)
[    0.000000] ACPI: FACP 0x00000000DFFF00F0 0000F4 (v04 VBOX   VBOXFACP 00000001 ASL  00000061)
[    0.000000] ACPI: DSDT 0x00000000DFFF0470 00210F (v01 VBOX   VBOXBIOS 00000002 INTL 20100528)
[    0.000000] ACPI: FACS 0x00000000DFFF0200 000040
[    0.000000] ACPI: FACS 0x00000000DFFF0200 000040
[    0.000000] ACPI: APIC 0x00000000DFFF0240 000054 (v02 VBOX   VBOXAPIC 00000001 ASL  00000061)
[    0.000000] ACPI: SSDT 0x00000000DFFF02A0 0001CC (v01 VBOX   VBOXCPUT 00000002 INTL 20100528)
[    0.000000] ACPI: Local APIC address 0xfee00000
[    0.000000] No NUMA configuration found
[    0.000000] Faking a node at [mem 0x0000000000000000-0x000000021fffffff]
[    0.000000] NODE_DATA(0) allocated [mem 0x21fffa000-0x21fffefff]
[    0.000000] kvm-clock: Using msrs 4b564d01 and 4b564d00
[    0.000000] kvm-clock: cpu 0, msr 2:1fff2001, primary cpu clock
[    0.000000] clocksource: kvm-clock: mask: 0xffffffffffffffff max_cycles: 0x1cd42e4dffb, max_idle_ns: 881590591483 ns
[    0.000000]  [ffffea0000000000-ffffea00087fffff] PMD -> [ffff88021ae00000-ffff88021f5fffff] on node 0
[    0.000000] Zone ranges:
[    0.000000]   DMA      [mem 0x0000000000001000-0x0000000000ffffff]
[    0.000000]   DMA32    [mem 0x0000000001000000-0x00000000ffffffff]
[    0.000000]   Normal   [mem 0x0000000100000000-0x000000021fffffff]
[    0.000000] Movable zone start for each node
[    0.000000] Early memory node ranges
[    0.000000]   node   0: [mem 0x0000000000001000-0x000000000009efff]
[    0.000000]   node   0: [mem 0x0000000000100000-0x000000007fffffff]
[    0.000000]   node   0: [mem 0x0000000180000000-0x000000021fffffff]
[    0.000000] Initmem setup node 0 [mem 0x0000000000001000-0x000000021fffffff]
[    0.000000] On node 0 totalpages: 1179550
[    0.000000]   DMA zone: 64 pages used for memmap
[    0.000000]   DMA zone: 21 pages reserved
[    0.000000]   DMA zone: 3998 pages, LIFO batch:0
[    0.000000]   DMA32 zone: 8128 pages used for memmap
[    0.000000]   DMA32 zone: 520192 pages, LIFO batch:31
[    0.000000]   Normal zone: 10240 pages used for memmap
[    0.000000]   Normal zone: 655360 pages, LIFO batch:31
[    0.000000] ACPI: PM-Timer IO Port: 0x4008
[    0.000000] ACPI: Local APIC address 0xfee00000
[    0.000000] IOAPIC[0]: apic_id 1, version 32, address 0xfec00000, GSI 0-23
[    0.000000] ACPI: INT_SRC_OVR (bus 0 bus_irq 0 global_irq 2 dfl dfl)
[    0.000000] ACPI: INT_SRC_OVR (bus 0 bus_irq 9 global_irq 9 high level)
[    0.000000] ACPI: IRQ0 used by override.
[    0.000000] ACPI: IRQ9 used by override.
[    0.000000] Using ACPI (MADT) for SMP configuration information
[    0.000000] smpboot: Allowing 1 CPUs, 0 hotplug CPUs
[    0.000000] PM: Registered nosave memory: [mem 0x00000000-0x00000fff]
[    0.000000] PM: Registered nosave memory: [mem 0x0009f000-0x0009ffff]
[    0.000000] PM: Registered nosave memory: [mem 0x000a0000-0x000effff]
[    0.000000] PM: Registered nosave memory: [mem 0x000f0000-0x000fffff]
[    0.000000] PM: Registered nosave memory: [mem 0x80000000-0xdffeffff]
[    0.000000] PM: Registered nosave memory: [mem 0xdfff0000-0xdfffffff]
[    0.000000] PM: Registered nosave memory: [mem 0xe0000000-0xfebfffff]
[    0.000000] PM: Registered nosave memory: [mem 0xfec00000-0xfec00fff]
[    0.000000] PM: Registered nosave memory: [mem 0xfec01000-0xfedfffff]
[    0.000000] PM: Registered nosave memory: [mem 0xfee00000-0xfee00fff]
[    0.000000] PM: Registered nosave memory: [mem 0xfee01000-0xfffbffff]
[    0.000000] PM: Registered nosave memory: [mem 0xfffc0000-0xffffffff]
[    0.000000] PM: Registered nosave memory: [mem 0x100000000-0x17fffffff]
[    0.000000] e820: cannot find a gap in the 32bit address range
               e820: PCI devices with unassigned 32bit BARs may break!
[    0.000000] e820: [mem 0x220100000-0x2204fffff] available for PCI devices
[    0.000000] Booting paravirtualized kernel on KVM
[    0.000000] clocksource: refined-jiffies: mask: 0xffffffff max_cycles: 0xffffffff, max_idle_ns: 7645519600211568 ns
[    0.000000] setup_percpu: NR_CPUS:512 nr_cpumask_bits:512 nr_cpu_ids:1 nr_node_ids:1
[    0.000000] PERCPU: Embedded 33 pages/cpu @ffff88021fc00000 s97496 r8192 d29480 u2097152
[    0.000000] pcpu-alloc: s97496 r8192 d29480 u2097152 alloc=1*2097152
[    0.000000] pcpu-alloc: [0] 0 
[    0.000000] PV qspinlock hash table entries: 256 (order: 0, 4096 bytes)
[    0.000000] Built 1 zonelists in Node order, mobility grouping on.  Total pages: 1161097
[    0.000000] Policy zone: Normal
[    0.000000] Kernel command line: BOOT_IMAGE=/boot/vmlinuz-4.3.0 memmap=4G!2G root=UUID=8918101d-1281-40c7-aa75-72b85c4a0441 ro quiet splash
[    0.000000] PID hash table entries: 4096 (order: 3, 32768 bytes)
[    0.000000] Calgary: detecting Calgary via BIOS EBDA area
[    0.000000] Calgary: Unable to locate Rio Grande table in EBDA - bailing!
[    0.000000] Memory: 4527432K/4718200K available (8158K kernel code, 1248K rwdata, 3880K rodata, 1456K init, 1332K bss, 190768K reserved, 0K cma-reserved)
[    0.000000] SLUB: HWalign=64, Order=0-3, MinObjects=0, CPUs=1, Nodes=1
[    0.000000] Hierarchical RCU implementation.
[    0.000000] 	Build-time adjustment of leaf fanout to 64.
[    0.000000] 	RCU restricting CPUs from NR_CPUS=512 to nr_cpu_ids=1.
[    0.000000] RCU: Adjusting geometry for rcu_fanout_leaf=64, nr_cpu_ids=1
[    0.000000] NR_IRQS:33024 nr_irqs:256 16
[    0.000000] Console: colour VGA+ 80x25
[    0.000000] console [tty0] enabled
[    0.000000] tsc: Detected 3591.704 MHz processor
[ 1420.476035] Calibrating delay loop (skipped) preset value.. 7183.40 BogoMIPS (lpj=14366816)
[ 1420.476037] pid_max: default: 32768 minimum: 301
[ 1420.476041] ACPI: Core revision 20150818
[ 1420.476753] ACPI: 2 ACPI AML tables successfully acquired and loaded
[ 1420.476765] Security Framework initialized
[ 1420.476766] Yama: becoming mindful.
[ 1420.476772] AppArmor: AppArmor initialized
[ 1420.477125] Dentry cache hash table entries: 1048576 (order: 11, 8388608 bytes)
[ 1420.478257] Inode-cache hash table entries: 524288 (order: 10, 4194304 bytes)
[ 1420.478931] Mount-cache hash table entries: 16384 (order: 5, 131072 bytes)
[ 1420.478937] Mountpoint-cache hash table entries: 16384 (order: 5, 131072 bytes)
[ 1420.479125] Initializing cgroup subsys io
[ 1420.479129] Initializing cgroup subsys memory
[ 1420.479133] Initializing cgroup subsys devices
[ 1420.479134] Initializing cgroup subsys freezer
[ 1420.479136] Initializing cgroup subsys net_cls
[ 1420.479137] Initializing cgroup subsys perf_event
[ 1420.479138] Initializing cgroup subsys net_prio
[ 1420.479140] Initializing cgroup subsys hugetlb
[ 1420.479142] Initializing cgroup subsys pids
[ 1420.479199] CPU: Physical Processor ID: 0
[ 1420.479928] mce: CPU supports 0 MCE banks
[ 1420.479946] process: using mwait in idle threads
[ 1420.479950] Last level iTLB entries: 4KB 1024, 2MB 1024, 4MB 1024
[ 1420.479950] Last level dTLB entries: 4KB 1024, 2MB 1024, 4MB 1024, 1GB 4
[ 1420.492004] Freeing SMP alternatives memory: 28K (ffffffff81ea6000 - ffffffff81ead000)
[ 1420.498680] ftrace: allocating 31208 entries in 122 pages
[ 1420.529288] x2apic enabled
[ 1420.529483] Switched APIC routing to physical x2apic.
[ 1420.530328] ..TIMER: vector=0x30 apic1=0 pin1=2 apic2=-1 pin2=-1
[ 1420.636260] smpboot: CPU0: Intel(R) Core(TM) i7-4790 CPU @ 3.60GHz (family: 0x6, model: 0x3c, stepping: 0x3)
[ 1420.636297] Performance Events: unsupported p6 CPU model 60 no PMU driver, software events only.
[ 1420.636307] KVM setup paravirtual spinlock
[ 1420.636987] x86: Booted up 1 node, 1 CPUs
[ 1420.636989] smpboot: Total of 1 processors activated (7183.40 BogoMIPS)
[ 1420.637260] devtmpfs: initialized
[ 1420.639389] evm: security.selinux
[ 1420.639391] evm: security.SMACK64
[ 1420.639392] evm: security.SMACK64EXEC
[ 1420.639393] evm: security.SMACK64TRANSMUTE
[ 1420.639394] evm: security.SMACK64MMAP
[ 1420.639395] evm: security.ima
[ 1420.639396] evm: security.capability
[ 1420.639497] clocksource: jiffies: mask: 0xffffffff max_cycles: 0xffffffff, max_idle_ns: 7645041785100000 ns
[ 1420.639554] pinctrl core: initialized pinctrl subsystem
[ 1420.639657] RTC time: 15:14:58, date: 12/08/17
[ 1420.639800] NET: Registered protocol family 16
[ 1420.639948] cpuidle: using governor ladder
[ 1420.639950] cpuidle: using governor menu
[ 1420.639953] PCCT header not found.
[ 1420.640007] ACPI: bus type PCI registered
[ 1420.640009] acpiphp: ACPI Hot Plug PCI Controller Driver version: 0.5
[ 1420.640107] PCI: Using configuration type 1 for base access
[ 1420.641459] ACPI: Added _OSI(Module Device)
[ 1420.641461] ACPI: Added _OSI(Processor Device)
[ 1420.641462] ACPI: Added _OSI(3.0 _SCP Extensions)
[ 1420.641463] ACPI: Added _OSI(Processor Aggregator Device)
[ 1420.642119] ACPI: Executed 1 blocks of module-level executable AML code
[ 1420.644397] ACPI: Interpreter enabled
[ 1420.644402] ACPI Exception: AE_NOT_FOUND, While evaluating Sleep State [\_S1_] (20150818/hwxface-580)
[ 1420.644405] ACPI Exception: AE_NOT_FOUND, While evaluating Sleep State [\_S2_] (20150818/hwxface-580)
[ 1420.644408] ACPI Exception: AE_NOT_FOUND, While evaluating Sleep State [\_S3_] (20150818/hwxface-580)
[ 1420.644411] ACPI Exception: AE_NOT_FOUND, While evaluating Sleep State [\_S4_] (20150818/hwxface-580)
[ 1420.644416] ACPI: (supports S0 S5)
[ 1420.644417] ACPI: Using IOAPIC for interrupt routing
[ 1420.644603] PCI: Using host bridge windows from ACPI; if necessary, use "pci=nocrs" and report a bug
[ 1420.648841] ACPI: PCI Root Bridge [PCI0] (domain 0000 [bus 00-ff])
[ 1420.648846] acpi PNP0A03:00: _OSC: OS supports [ASPM ClockPM Segments MSI]
[ 1420.648850] acpi PNP0A03:00: _OSC failed (AE_NOT_FOUND); disabling ASPM
[ 1420.648901] acpi PNP0A03:00: fail to add MMCONFIG information, can't access extended PCI configuration space under this bridge.
[ 1420.649120] PCI host bridge to bus 0000:00
[ 1420.649123] pci_bus 0000:00: root bus resource [bus 00-ff]
[ 1420.649125] pci_bus 0000:00: root bus resource [io  0x0000-0x0cf7 window]
[ 1420.649127] pci_bus 0000:00: root bus resource [io  0x0d00-0xffff window]
[ 1420.649129] pci_bus 0000:00: root bus resource [mem 0x000a0000-0x000bffff window]
[ 1420.649130] pci_bus 0000:00: root bus resource [mem 0xe0000000-0xffdfffff window]
[ 1420.649170] pci 0000:00:00.0: [8086:1237] type 00 class 0x060000
[ 1420.649705] pci 0000:00:01.0: [8086:7000] type 00 class 0x060100
[ 1420.650324] pci 0000:00:01.1: [8086:7111] type 00 class 0x01018a
[ 1420.650618] pci 0000:00:01.1: reg 0x20: [io  0xd000-0xd00f]
[ 1420.650769] pci 0000:00:01.1: legacy IDE quirk: reg 0x10: [io  0x01f0-0x01f7]
[ 1420.650771] pci 0000:00:01.1: legacy IDE quirk: reg 0x14: [io  0x03f6]
[ 1420.650772] pci 0000:00:01.1: legacy IDE quirk: reg 0x18: [io  0x0170-0x0177]
[ 1420.650774] pci 0000:00:01.1: legacy IDE quirk: reg 0x1c: [io  0x0376]
[ 1420.650974] pci 0000:00:02.0: [80ee:beef] type 00 class 0x030000
[ 1420.656045] pci 0000:00:02.0: reg 0x10: [mem 0xe0000000-0xe0ffffff pref]
[ 1420.683918] pci 0000:00:03.0: [8086:100e] type 00 class 0x020000
[ 1420.688896] pci 0000:00:03.0: reg 0x10: [mem 0xf0000000-0xf001ffff]
[ 1420.698001] pci 0000:00:03.0: reg 0x18: [io  0xd010-0xd017]
[ 1420.718275] pci 0000:00:04.0: [80ee:cafe] type 00 class 0x088000
[ 1420.724562] pci 0000:00:04.0: reg 0x10: [io  0xd020-0xd03f]
[ 1420.731088] pci 0000:00:04.0: reg 0x14: [mem 0xf0400000-0xf07fffff]
[ 1420.737593] pci 0000:00:04.0: reg 0x18: [mem 0xf0800000-0xf0803fff pref]
[ 1420.758646] pci 0000:00:05.0: [8086:2415] type 00 class 0x040100
[ 1420.758725] pci 0000:00:05.0: reg 0x10: [io  0xd100-0xd1ff]
[ 1420.758771] pci 0000:00:05.0: reg 0x14: [io  0xd200-0xd23f]
[ 1420.759125] pci 0000:00:06.0: [106b:003f] type 00 class 0x0c0310
[ 1420.763646] pci 0000:00:06.0: reg 0x10: [mem 0xf0804000-0xf0804fff]
[ 1420.791749] pci 0000:00:07.0: [8086:7113] type 00 class 0x068000
[ 1420.792082] pci 0000:00:07.0: quirk: [io  0x4000-0x403f] claimed by PIIX4 ACPI
[ 1420.792090] pci 0000:00:07.0: quirk: [io  0x4100-0x410f] claimed by PIIX4 SMB
[ 1420.792319] pci 0000:00:0b.0: [8086:265c] type 00 class 0x0c0320
[ 1420.797002] pci 0000:00:0b.0: reg 0x10: [mem 0xf0805000-0xf0805fff]
[ 1420.825802] pci 0000:00:0d.0: [8086:2829] type 00 class 0x010601
[ 1420.831107] pci 0000:00:0d.0: reg 0x10: [io  0xd240-0xd247]
[ 1420.840944] pci 0000:00:0d.0: reg 0x18: [io  0xd250-0xd257]
[ 1420.850192] pci 0000:00:0d.0: reg 0x20: [io  0xd260-0xd26f]
[ 1420.855225] pci 0000:00:0d.0: reg 0x24: [mem 0xf0806000-0xf0807fff]
[ 1420.860597] ACPI: PCI Interrupt Link [LNKA] (IRQs 5 9 10 *11)
[ 1420.860730] ACPI: PCI Interrupt Link [LNKB] (IRQs 5 9 10 *11)
[ 1420.860787] ACPI: PCI Interrupt Link [LNKC] (IRQs 5 9 *10 11)
[ 1420.860842] ACPI: PCI Interrupt Link [LNKD] (IRQs 5 *9 10 11)
[ 1420.860946] ACPI: Enabled 2 GPEs in block 00 to 07
[ 1420.861036] vgaarb: setting as boot device: PCI:0000:00:02.0
[ 1420.861038] vgaarb: device added: PCI:0000:00:02.0,decodes=io+mem,owns=io+mem,locks=none
[ 1420.861039] vgaarb: loaded
[ 1420.861040] vgaarb: bridge control possible 0000:00:02.0
[ 1420.861190] SCSI subsystem initialized
[ 1420.861219] libata version 3.00 loaded.
[ 1420.861234] ACPI: bus type USB registered
[ 1420.861244] usbcore: registered new interface driver usbfs
[ 1420.861248] usbcore: registered new interface driver hub
[ 1420.861254] usbcore: registered new device driver usb
[ 1420.861321] PCI: Using ACPI for IRQ routing
[ 1420.861323] PCI: pci_cache_line_size set to 64 bytes
[ 1420.861487] Expanded resource Persistent Memory (legacy) due to conflict with PCI Bus 0000:00
[ 1420.861488] e820: reserve RAM buffer [mem 0x0009fc00-0x0009ffff]
[ 1420.861564] NetLabel: Initializing
[ 1420.861565] NetLabel:  domain hash size = 128
[ 1420.861565] NetLabel:  protocols = UNLABELED CIPSOv4
[ 1420.861573] NetLabel:  unlabeled traffic allowed by default
[ 1420.861623] clocksource: Switched to clocksource kvm-clock
[ 1420.865378] AppArmor: AppArmor Filesystem Enabled
[ 1420.865419] pnp: PnP ACPI init
[ 1420.865463] pnp 00:00: Plug and Play ACPI device, IDs PNP0303 (active)
[ 1420.865508] pnp 00:01: Plug and Play ACPI device, IDs PNP0f03 (active)
[ 1420.865937] pnp: PnP ACPI: found 2 devices
[ 1420.871066] clocksource: acpi_pm: mask: 0xffffff max_cycles: 0xffffff, max_idle_ns: 2085701024 ns
[ 1420.871076] pci_bus 0000:00: resource 4 [io  0x0000-0x0cf7 window]
[ 1420.871077] pci_bus 0000:00: resource 5 [io  0x0d00-0xffff window]
[ 1420.871079] pci_bus 0000:00: resource 6 [mem 0x000a0000-0x000bffff window]
[ 1420.871080] pci_bus 0000:00: resource 7 [mem 0xe0000000-0xffdfffff window]
[ 1420.871101] NET: Registered protocol family 2
[ 1420.871202] TCP established hash table entries: 65536 (order: 7, 524288 bytes)
[ 1420.871303] TCP bind hash table entries: 65536 (order: 8, 1048576 bytes)
[ 1420.871461] TCP: Hash tables configured (established 65536 bind 65536)
[ 1420.871477] UDP hash table entries: 4096 (order: 5, 131072 bytes)
[ 1420.871503] UDP-Lite hash table entries: 4096 (order: 5, 131072 bytes)
[ 1420.871539] NET: Registered protocol family 1
[ 1420.871546] pci 0000:00:00.0: Limiting direct PCI/PCI transfers
[ 1420.871566] pci 0000:00:01.0: Activating ISA DMA hang workarounds
[ 1420.871586] pci 0000:00:02.0: Video device with shadowed ROM
[ 1420.871827] PCI: CLS 64 bytes, default 64
[ 1420.871874] Trying to unpack rootfs image as initramfs...
[ 1421.219128] Freeing initrd memory: 34072K (ffff880033d64000 - ffff880035eaa000)
[ 1421.219154] PCI-DMA: Using software bounce buffering for IO (SWIOTLB)
[ 1421.219156] software IO TLB [mem 0x7c000000-0x80000000] (64MB) mapped at [ffff88007c000000-ffff88007fffffff]
[ 1421.219220] platform rtc_cmos: registered platform RTC device (no PNP device found)
[ 1421.219231] RAPL PMU detected, API unit is 2^-32 Joules, 4 fixed counters 10737418240 ms ovfl timer
[ 1421.219232] hw unit of domain pp0-core 2^-0 Joules
[ 1421.219232] hw unit of domain package 2^-0 Joules
[ 1421.219233] hw unit of domain dram 2^-0 Joules
[ 1421.219233] hw unit of domain pp1-gpu 2^-0 Joules
[ 1421.219257] microcode: CPU0 sig=0x306c3, pf=0x40, revision=0x0
[ 1421.219283] microcode: Microcode Update Driver: v2.00 <tigran@aivazian.fsnet.co.uk>, Peter Oruba
[ 1421.219305] Scanning for low memory corruption every 60 seconds
[ 1421.219474] futex hash table entries: 256 (order: 2, 16384 bytes)
[ 1421.219488] audit: initializing netlink subsys (disabled)
[ 1421.219497] audit: type=2000 audit(1512747521.268:1): initialized
[ 1421.219657] Initialise system trusted keyring
[ 1421.219705] HugeTLB registered 2 MB page size, pre-allocated 0 pages
[ 1421.220693] zbud: loaded
[ 1421.220809] VFS: Disk quotas dquot_6.6.0
[ 1421.220826] VFS: Dquot-cache hash table entries: 512 (order 0, 4096 bytes)
[ 1421.220967] squashfs: version 4.0 (2009/01/31) Phillip Lougher
[ 1421.221075] fuse init (API version 7.23)
[ 1421.221179] Key type big_key registered
[ 1421.221535] Key type asymmetric registered
[ 1421.221537] Asymmetric key parser 'x509' registered
[ 1421.221546] Block layer SCSI generic (bsg) driver version 0.4 loaded (major 249)
[ 1421.221557] io scheduler noop registered
[ 1421.221558] io scheduler deadline registered (default)
[ 1421.221582] io scheduler cfq registered
[ 1421.221669] pci_hotplug: PCI Hot Plug PCI Core version: 0.5
[ 1421.221672] pciehp: PCI Express Hot Plug Controller Driver version: 0.4
[ 1421.221778] ACPI: AC Adapter [AC] (on-line)
[ 1421.221812] input: Power Button as /devices/LNXSYSTM:00/LNXPWRBN:00/input/input0
[ 1421.221815] ACPI: Power Button [PWRF]
[ 1421.221857] input: Sleep Button as /devices/LNXSYSTM:00/LNXSLPBN:00/input/input1
[ 1421.221858] ACPI: Sleep Button [SLPF]
[ 1421.221946] GHES: HEST is not enabled!
[ 1421.222000] Serial: 8250/16550 driver, 32 ports, IRQ sharing enabled
[ 1421.222665] Linux agpgart interface v0.103
[ 1421.223732] brd: module loaded
[ 1421.224179] loop: module loaded
[ 1421.224289] ata_piix 0000:00:01.1: version 2.13
[ 1421.224584] nd_pmem namespace0.0: unable to guarantee persistence of writes
[ 1421.224716] pmem0: detected capacity change from 0 to 1610547200
[ 1421.224756] nd_pmem namespace2.0: unable to guarantee persistence of writes
[ 1421.224758] nd_pmem namespace2.0: could not reserve region [0x0x00000000e0000000:0x1ffc0000]
[ 1421.224759] nd_pmem: probe of namespace2.0 failed with error -16
[ 1421.224793] nd_pmem namespace4.0: unable to guarantee persistence of writes
[ 1421.224902] pmem4: detected capacity change from 0 to 2147483648
[ 1421.224908] scsi host0: ata_piix
[ 1421.224944] scsi host1: ata_piix
[ 1421.224962] ata1: PATA max UDMA/33 cmd 0x1f0 ctl 0x3f6 bmdma 0xd000 irq 14
[ 1421.224962] ata2: PATA max UDMA/33 cmd 0x170 ctl 0x376 bmdma 0xd008 irq 15
[ 1421.225006] libphy: Fixed MDIO Bus: probed
[ 1421.225008] tun: Universal TUN/TAP device driver, 1.6
[ 1421.225008] tun: (C) 1999-2004 Max Krasnyansky <maxk@qualcomm.com>
[ 1421.225222] PPP generic driver version 2.4.2
[ 1421.225277] ehci_hcd: USB 2.0 'Enhanced' Host Controller (EHCI) Driver
[ 1421.225280] ehci-pci: EHCI PCI platform driver
[ 1421.225589] ehci-pci 0000:00:0b.0: EHCI Host Controller
[ 1421.225594] ehci-pci 0000:00:0b.0: new USB bus registered, assigned bus number 1
[ 1421.225780] ehci-pci 0000:00:0b.0: irq 19, io mem 0xf0805000
[ 1421.237652] ehci-pci 0000:00:0b.0: USB 2.0 started, EHCI 1.00
[ 1421.237683] usb usb1: New USB device found, idVendor=1d6b, idProduct=0002
[ 1421.237684] usb usb1: New USB device strings: Mfr=3, Product=2, SerialNumber=1
[ 1421.237686] usb usb1: Product: EHCI Host Controller
[ 1421.237687] usb usb1: Manufacturer: Linux 4.3.0 ehci_hcd
[ 1421.237687] usb usb1: SerialNumber: 0000:00:0b.0
[ 1421.237757] hub 1-0:1.0: USB hub found
[ 1421.237760] hub 1-0:1.0: 12 ports detected
[ 1421.237895] ehci-platform: EHCI generic platform driver
[ 1421.237904] ohci_hcd: USB 1.1 'Open' Host Controller (OHCI) Driver
[ 1421.237907] ohci-pci: OHCI PCI platform driver
[ 1421.238251] ohci-pci 0000:00:06.0: OHCI PCI host controller
[ 1421.238255] ohci-pci 0000:00:06.0: new USB bus registered, assigned bus number 2
[ 1421.238298] ohci-pci 0000:00:06.0: irq 22, io mem 0xf0804000
[ 1421.293859] usb usb2: New USB device found, idVendor=1d6b, idProduct=0001
[ 1421.293862] usb usb2: New USB device strings: Mfr=3, Product=2, SerialNumber=1
[ 1421.293863] usb usb2: Product: OHCI PCI host controller
[ 1421.293864] usb usb2: Manufacturer: Linux 4.3.0 ohci_hcd
[ 1421.293865] usb usb2: SerialNumber: 0000:00:06.0
[ 1421.293958] hub 2-0:1.0: USB hub found
[ 1421.293976] hub 2-0:1.0: 12 ports detected
[ 1421.294223] ohci-platform: OHCI generic platform driver
[ 1421.294232] uhci_hcd: USB Universal Host Controller Interface driver
[ 1421.294264] i8042: PNP: PS/2 Controller [PNP0303:PS2K,PNP0f03:PS2M] at 0x60,0x64 irq 1,12
[ 1421.294611] serio: i8042 KBD port at 0x60,0x64 irq 1
[ 1421.294614] serio: i8042 AUX port at 0x60,0x64 irq 12
[ 1421.294711] mousedev: PS/2 mouse device common for all mice
[ 1421.294882] input: AT Translated Set 2 keyboard as /devices/platform/i8042/serio0/input/input2
[ 1421.295119] rtc_cmos rtc_cmos: rtc core: registered rtc_cmos as rtc0
[ 1421.295162] rtc_cmos rtc_cmos: alarms up to one day, 114 bytes nvram
[ 1421.295166] i2c /dev entries driver
[ 1421.295198] device-mapper: uevent: version 1.0.3
[ 1421.295232] device-mapper: ioctl: 4.33.0-ioctl (2015-8-18) initialised: dm-devel@redhat.com
[ 1421.295244] ledtrig-cpu: registered to indicate activity on CPUs
[ 1421.295403] NET: Registered protocol family 10
[ 1421.295494] NET: Registered protocol family 17
[ 1421.295501] Key type dns_resolver registered
[ 1421.295631] registered taskstats version 1
[ 1421.295647] Loading compiled-in X.509 certificates
[ 1421.296147] Loaded X.509 cert 'Build time autogenerated kernel key: 0759ca4de3f7631372cabbbeea3b24c381c013ce'
[ 1421.296177] zswap: loaded using pool lzo/zbud
[ 1421.297112] Key type trusted registered
[ 1421.298722] Key type encrypted registered
[ 1421.298727] AppArmor: AppArmor sha1 policy hashing enabled
[ 1421.298730] ima: No TPM chip found, activating TPM-bypass!
[ 1421.298741] evm: HMAC attrs: 0x1
[ 1421.298945]   Magic number: 13:396:234
[ 1421.298996] rtc_cmos rtc_cmos: setting system clock to 2017-12-08 15:14:59 UTC (1512746099)
[ 1421.299031] BIOS EDD facility v0.16 2004-Jun-25, 0 devices found
[ 1421.299031] EDD information not available.
[ 1421.299059] PM: Hibernation image not present or could not be loaded.
[ 1421.381963] ata2.00: ATAPI: VBOX CD-ROM, 1.0, max UDMA/133
[ 1421.382236] ata2.00: configured for UDMA/33
[ 1421.382521] scsi 1:0:0:0: CD-ROM            VBOX     CD-ROM           1.0  PQ: 0 ANSI: 5
[ 1421.390004] sr 1:0:0:0: [sr0] scsi3-mmc drive: 32x/32x xa/form2 tray
[ 1421.390006] cdrom: Uniform CD-ROM driver Revision: 3.20
[ 1421.390076] sr 1:0:0:0: Attached scsi CD-ROM sr0
[ 1421.390214] sr 1:0:0:0: Attached scsi generic sg0 type 5
[ 1421.390411] Freeing unused kernel memory: 1456K (ffffffff81d3a000 - ffffffff81ea6000)
[ 1421.390412] Write protecting the kernel read-only data: 12288k
[ 1421.390483] Freeing unused kernel memory: 20K (ffff8800017fb000 - ffff880001800000)
[ 1421.390524] Freeing unused kernel memory: 216K (ffff880001bca000 - ffff880001c00000)
[ 1421.395846] random: udevadm urandom read with 1 bits of entropy available
[ 1421.422898] e1000: Intel(R) PRO/1000 Network Driver - version 7.3.21-k8-NAPI
[ 1421.422900] e1000: Copyright (c) 1999-2006 Intel Corporation.
[ 1421.424773] ACPI: Video Device [GFX0] (multi-head: yes  rom: no  post: no)
[ 1421.424817] input: Video Bus as /devices/LNXSYSTM:00/LNXSYBUS:00/PNP0A03:00/LNXVIDEO:00/input/input4
[ 1421.426482] FUJITSU Extended Socket Network Device Driver - version 1.0 - Copyright (c) 2015 FUJITSU LIMITED
[ 1421.722220] input: ImExPS/2 Generic Explorer Mouse as /devices/platform/i8042/serio1/input/input5
[ 1421.756972] e1000 0000:00:03.0 eth0: (PCI:33MHz:32-bit) 08:00:27:7d:c1:92
[ 1421.756976] e1000 0000:00:03.0 eth0: Intel(R) PRO/1000 Network Connection
[ 1421.757269] ahci 0000:00:0d.0: version 3.0
[ 1421.757331] ahci 0000:00:0d.0: SSS flag set, parallel bus scan disabled
[ 1421.757423] ahci 0000:00:0d.0: AHCI 0001.0100 32 slots 1 ports 3 Gbps 0x1 impl SATA mode
[ 1421.757425] ahci 0000:00:0d.0: flags: 64bit ncq stag only ccc 
[ 1421.758123] e1000 0000:00:03.0 enp0s3: renamed from eth0
[ 1421.758719] scsi host2: ahci
[ 1421.758760] ata3: SATA max UDMA/133 abar m8192@0xf0806000 port 0xf0806100 irq 21
[ 1421.929737] usb 2-1: new full-speed USB device number 2 using ohci-pci
[ 1422.078301] ata3: SATA link up 3.0 Gbps (SStatus 123 SControl 300)
[ 1422.078362] ata3.00: ATA-6: VBOX HARDDISK, 1.0, max UDMA/133
[ 1422.078364] ata3.00: 268435456 sectors, multi 128: LBA48 NCQ (depth 31/32)
[ 1422.078421] ata3.00: configured for UDMA/133
[ 1422.078493] scsi 2:0:0:0: Direct-Access     ATA      VBOX HARDDISK    1.0  PQ: 0 ANSI: 5
[ 1422.078741] sd 2:0:0:0: [sda] 268435456 512-byte logical blocks: (137 GB/128 GiB)
[ 1422.078754] sd 2:0:0:0: [sda] Write Protect is off
[ 1422.078755] sd 2:0:0:0: [sda] Mode Sense: 00 3a 00 00
[ 1422.078761] sd 2:0:0:0: [sda] Write cache: enabled, read cache: enabled, doesn't support DPO or FUA
[ 1422.078851] sd 2:0:0:0: Attached scsi generic sg1 type 0
[ 1422.080339]  sda: sda1 sda2 < sda5 >
[ 1422.080451] sd 2:0:0:0: [sda] Attached SCSI disk
[ 1422.199902] usb 2-1: New USB device found, idVendor=80ee, idProduct=0021
[ 1422.199904] usb 2-1: New USB device strings: Mfr=1, Product=3, SerialNumber=0
[ 1422.199905] usb 2-1: Product: USB Tablet
[ 1422.199906] usb 2-1: Manufacturer: VirtualBox
[ 1422.208149] hidraw: raw HID events driver (C) Jiri Kosina
[ 1422.218010] tsc: Refined TSC clocksource calibration: 3590.344 MHz
[ 1422.218013] clocksource: tsc: mask: 0xffffffffffffffff max_cycles: 0x33c0b238dfb, max_idle_ns: 440795356813 ns
[ 1422.219266] usbcore: registered new interface driver usbhid
[ 1422.219267] usbhid: USB HID core driver
[ 1422.223644] input: VirtualBox USB Tablet as /devices/pci0000:00/0000:00:06.0/usb2/2-1/2-1:1.0/0003:80EE:0021.0001/input/input6
[ 1422.223786] hid-generic 0003:80EE:0021.0001: input,hidraw0: USB HID v1.10 Mouse [VirtualBox USB Tablet] on usb-0000:00:06.0-1/input0
[ 1424.738191] floppy0: no floppy controllers found
[ 1424.738228] work still pending
[ 1424.834556] EXT4-fs (sda1): mounted filesystem with ordered data mode. Opts: (null)
[ 1425.589345] systemd[1]: systemd 229 running in system mode. (+PAM +AUDIT +SELINUX +IMA +APPARMOR +SMACK +SYSVINIT +UTMP +LIBCRYPTSETUP +GCRYPT +GNUTLS +ACL +XZ -LZ4 +SECCOMP +BLKID +ELFUTILS +KMOD -IDN)
[ 1425.589378] systemd[1]: Detected virtualization oracle.
[ 1425.589382] systemd[1]: Detected architecture x86-64.
[ 1425.605420] systemd[1]: Set hostname to <cxdir-VirtualBox>.
[ 1426.040109] random: nonblocking pool is initialized
[ 1426.142638] systemd[1]: Listening on Journal Socket.
[ 1426.142710] systemd[1]: Listening on Journal Audit Socket.
[ 1426.142722] systemd[1]: Listening on fsck to fsckd communication Socket.
[ 1426.142735] systemd[1]: Listening on udev Kernel Socket.
[ 1426.142747] systemd[1]: Listening on Syslog Socket.
[ 1426.142798] systemd[1]: Created slice User and Session Slice.
[ 1426.142867] systemd[1]: Set up automount Arbitrary Executable File Formats File System Automount Point.
[ 1426.142906] systemd[1]: Created slice System Slice.
[ 1426.142914] systemd[1]: Reached target Slices.
[ 1426.143143] systemd[1]: Mounting POSIX Message Queue File System...
[ 1426.143370] systemd[1]: Mounting Huge Pages File System...
[ 1426.174583] systemd[1]: Started Braille Device Support.
[ 1426.175306] systemd[1]: Starting Set console keymap...
[ 1426.175352] systemd[1]: Listening on Journal Socket (/dev/log).
[ 1426.175594] systemd[1]: Starting Journal Service...
[ 1426.175812] systemd[1]: Starting Uncomplicated firewall...
[ 1426.209279] systemd[1]: Starting Load Kernel Modules...
[ 1426.209332] systemd[1]: Listening on udev Control Socket.
[ 1426.209348] systemd[1]: Reached target Encrypted Volumes.
[ 1426.209359] systemd[1]: Reached target Remote File Systems (Pre).
[ 1426.209367] systemd[1]: Reached target Remote File Systems.
[ 1426.209624] systemd[1]: Mounting Debug File System...
[ 1426.209899] systemd[1]: Starting Create list of required static device nodes for the current kernel...
[ 1426.209937] systemd[1]: Started Forward Password Requests to Wall Directory Watch.
[ 1426.260465] systemd[1]: Listening on /dev/initctl Compatibility Named Pipe.
[ 1426.260483] systemd[1]: Reached target User and Group Name Lookups.
[ 1426.321504] systemd[1]: Started Create list of required static device nodes for the current kernel.
[ 1426.321804] systemd[1]: Starting Create Static Device Nodes in /dev...
[ 1426.622800] systemd[1]: Started Uncomplicated firewall.
[ 1426.728088] systemd[1]: Mounted POSIX Message Queue File System.
[ 1426.728112] systemd[1]: Mounted Huge Pages File System.
[ 1426.728121] systemd[1]: Mounted Debug File System.
[ 1426.833637] systemd[1]: Started Journal Service.
[ 1426.938589] lp: driver loaded but no devices found
[ 1426.948870] ppdev: user-space parallel port driver
[ 1427.437567] EXT4-fs (sda1): re-mounted. Opts: errors=remount-ro
[ 1427.562282] systemd-journald[230]: Received request to flush runtime journal from PID 1
[ 1428.061941] piix4_smbus 0000:00:07.0: SMBus Host Controller at 0x4100, revision 0
[ 1428.282687] vboxguest: module verification failed: signature and/or required key missing - tainting kernel
[ 1428.285610] vgdrvHeartbeatInit: Setting up heartbeat to trigger every 2000 milliseconds
[ 1428.286216] input: Unspecified device as /devices/pci0000:00/0000:00:04.0/input/input7
[ 1428.287271] vboxguest: misc device minor 56, IRQ 20, I/O port d020, MMIO at 00000000f0400000 (size 0x400000)
[ 1428.287272] vboxguest: Successfully loaded version 5.1.14 (interface 0x00010004)
[ 1428.699700] [drm] Initialized drm 1.1.0 20060810
[ 1428.820711] [drm] VRAM 01000000
[ 1428.823490] [TTM] Zone  kernel: Available graphics memory: 2281612 kiB
[ 1428.823490] [TTM] Zone   dma32: Available graphics memory: 2097152 kiB
[ 1428.823491] [TTM] Initializing pool allocator
[ 1428.823493] [TTM] Initializing DMA pool allocator
[ 1428.851966] fbcon: vboxdrmfb (fb0) is primary device
[ 1428.858954] Console: switching to colour frame buffer device 100x37
[ 1428.859873] vboxvideo 0000:00:02.0: fb0: vboxdrmfb frame buffer device
[ 1428.863375] [drm] Initialized vboxvideo 1.0.0 20130823 for 0000:00:02.0 on minor 0
[ 1428.937051] snd_intel8x0 0000:00:05.0: disable (unknown or VT-d) VM optimization
[ 1429.066469] AVX version of gcm_enc/dec engaged.
[ 1429.066471] AES CTR mode by8 optimization enabled
[ 1429.203414] snd_intel8x0 0000:00:05.0: white list rate for 1028:0177 is 48000
[ 1429.233869] intel_rapl: no valid rapl domains found in package 0
[ 1429.663295] audit: type=1400 audit(1512746107.860:2): apparmor="STATUS" operation="profile_load" name="/usr/lib/lightdm/lightdm-guest-session" pid=505 comm="apparmor_parser"
[ 1429.663299] audit: type=1400 audit(1512746107.860:3): apparmor="STATUS" operation="profile_load" name="chromium" pid=505 comm="apparmor_parser"
[ 1429.673456] audit: type=1400 audit(1512746107.868:4): apparmor="STATUS" operation="profile_load" name="/sbin/dhclient" pid=545 comm="apparmor_parser"
[ 1429.673459] audit: type=1400 audit(1512746107.868:5): apparmor="STATUS" operation="profile_load" name="/usr/lib/NetworkManager/nm-dhcp-client.action" pid=545 comm="apparmor_parser"
[ 1429.673462] audit: type=1400 audit(1512746107.868:6): apparmor="STATUS" operation="profile_load" name="/usr/lib/NetworkManager/nm-dhcp-helper" pid=545 comm="apparmor_parser"
[ 1429.673464] audit: type=1400 audit(1512746107.868:7): apparmor="STATUS" operation="profile_load" name="/usr/lib/connman/scripts/dhclient-script" pid=545 comm="apparmor_parser"
[ 1429.695598] audit: type=1400 audit(1512746107.892:8): apparmor="STATUS" operation="profile_load" name="/usr/bin/evince" pid=553 comm="apparmor_parser"
[ 1429.695603] audit: type=1400 audit(1512746107.892:9): apparmor="STATUS" operation="profile_load" name="sanitized_helper" pid=553 comm="apparmor_parser"
[ 1429.695605] audit: type=1400 audit(1512746107.892:10): apparmor="STATUS" operation="profile_load" name="/usr/bin/evince-previewer" pid=553 comm="apparmor_parser"
[ 1429.695607] audit: type=1400 audit(1512746107.892:11): apparmor="STATUS" operation="profile_load" name="sanitized_helper" pid=553 comm="apparmor_parser"
[ 1430.019890] Adding 8386556k swap on /dev/sda5.  Priority:-1 extents:1 across:8386556k FS
[ 1431.254299] floppy0: no floppy controllers found
[ 1431.254326] work still pending
[ 1433.738016] vboxsf: Successfully loaded version 5.1.14 (interface 0x00010004)
[ 1436.119403] IPv6: ADDRCONF(NETDEV_UP): enp0s3: link is not ready
[ 1436.120860] IPv6: ADDRCONF(NETDEV_UP): enp0s3: link is not ready
[ 1436.122253] e1000: enp0s3 NIC Link is Up 1000 Mbps Full Duplex, Flow Control: RX
[ 1436.122493] IPv6: ADDRCONF(NETDEV_CHANGE): enp0s3: link becomes ready
[ 1436.943338] VBoxService 5.1.14 r112924 (verbosity: 0) linux.amd64 (Jan 16 2017 17:38:46) release log
               00:00:00.000058 main     Log opened 2017-12-08T15:15:15.144298000Z
[ 1436.943367] 00:00:00.000113 main     OS Product: Linux
[ 1436.943382] 00:00:00.000131 main     OS Release: 4.3.0
[ 1436.943395] 00:00:00.000145 main     OS Version: #2 SMP Fri Sep 8 20:52:18 CST 2017
[ 1436.943414] 00:00:00.000158 main     Executable: /opt/VBoxGuestAdditions-5.1.14/sbin/VBoxService
               00:00:00.000159 main     Process ID: 971
               00:00:00.000159 main     Package type: LINUX_64BITS_GENERIC
[ 1436.944334] 00:00:00.001074 main     5.1.14 r112924 started. Verbose level = 0
[ 1497.480335] nova: dafs init nova_fs
[ 1497.480337] nova: init_nova_fs: 1 cpus online
[ 1497.480338] nova: Arch new instructions support: PCOMMIT NO, CLWB NO
[ 1497.481452] nova: dafs register file sytem nova
[ 1497.481456] nova: dafs end init_fs
[ 1497.551120] nova: dafs start to mount
[ 1497.551132] nova: nova_get_block_info: dev pmem0, phys_addr 0x80000000, virt_addr ffffc90040000000, size 1610547200
[ 1497.551139] nova: start init radix tree
[ 1497.551139] nova: finish init radix tree
[ 1497.551140] nova: start nova init
[ 1497.551140] nova: creating an empty nova of size 1610547200
[ 1497.551141] nova: nova: Default block size set to 4K
[ 1497.551143] nova: dafs init dzt block
[ 1497.551144] nova: dafs_get dzt blk
[ 1497.551145] nova: dzt alloc 1 dzt blocks from 4 to 4
[ 1497.551146] nova: dafs_init_dzt_block: allocate log @ 0x4
[ 1497.551147] nova: dafs start get journal blk
[ 1497.551148] nova: dafs_get journal blk
[ 1497.551148] nova: dafs get hard journal
[ 1497.551149] nova: nova_lite_journal_hard_init: allocate log @ 0x5
[ 1497.551150] nova: dafs get soft journal
[ 1497.551150] nova: dafs start get journal blk
[ 1497.551151] nova: dafs_get journal blk
[ 1497.551151] nova: dafs get inode table
[ 1497.551493] nova: nova_init_inode_table: allocate log @ 0x6
[ 1497.551495] nova: Allocate root inode
[ 1497.551496] nova: dafs_get dzt blk
[ 1497.551497] nova: dafs allocate hash table
[ 1497.713130] nova: dafs allocate zone blocks
[ 1497.713177] nova: Zone 0, alloc 1 zone blocks from 262662 to 262662
[ 1497.713180] nova: dafs_alloc_dir_zone: allocate zone @ 0x40206
[ 1497.781204] nova: dafs make dzt pointer
[ 1497.781208] nova: dafs_get dzt blk
[ 1497.781210] nova: dafs finish make dzt bitmap pointer
[ 1497.781211] nova: dafs start build dzt
[ 1497.781213] nova: dafs finish build dzt_e
[ 1497.781214] nova: dafs start init dir zones
[ 1497.781215] nova: root ze addr is 1075863552
[ 1497.781215] nova: the root dir hashname is 47
[ 1497.781217] nova: test root hash name is 47
[ 1497.781217] nova: dafs finish creat root directory
[ 1497.781218] nova: dafs record pos in hash table address is 2121728
[ 1497.781219] nova: dafs finish recording pos in hash table
[ 1497.781220] nova: dafs add dir info in radix tree
[ 1497.781221] nova: dir hash name is 47
[ 1497.781222] nova: dafs start adding init part in dir
[ 1497.781223] nova: par ze addr is 1075863552
[ 1497.781224] nova: dafs record pos in hash table address is 2121728
[ 1497.781225] nova: dafs finish recording pos in hash table
[ 1497.781226] nova: par pos is 0
[ 1497.781226] nova: parent hashname is 47
[ 1497.781227] nova: dafs start to ext de name
[ 1497.781228] nova: dafs finish ext name
[ 1497.781229] nova: dafs record pos in hash table address is 2121728
[ 1497.781230] nova: dafs finish recording pos in hash table
[ 1497.781231] nova: dafs finish add initial part in dir
[ 1497.781232] nova: dafs finish init dir zones
[ 1497.781233] nova: dafs init dir info tree
[ 1497.781259] nova: dafs finish initial dir info tree
[ 1497.781260] nova: dafs finish nova_init
[ 1497.781261] nova: dafs start setting sb
[ 1497.781261] nova: dafs end setting sb
[ 1497.781269] nova: nova_iget: inode 1
[ 1497.781270] nova: sucessfully get inode
[ 1497.781273] nova: dafs end fill super
[ 1497.781274] nova: dafs finish mount
[ 1497.781969] nova: dafs start looup
[ 1497.781971] nova: dafs start to inode by name
[ 1497.781972] nova: dafs start to find direntry
[ 1497.781973] nova: dafs get dentry path
[ 1497.781974] nova: fs path is: /
[ 1497.781975] nova: fs path is: /
[ 1497.781976] nova: mount point is:/
[ 1497.781976] nova: dentry name is .Trash
[ 1497.781977] nova: buf is 
[ 1497.781978] nova: ph is /.Trash
[ 1497.781979] nova: dafs finish get dentry path
[ 1497.781980] nova: strictly full name is /.Trash
[ 1497.781981] nova: strictly full name length is 7
[ 1497.781982] nova: dafs start to find dzt
[ 1497.781982] nova: test path len is 0
[ 1497.781983] nova: dafs finish finding dzt
[ 1497.781984] nova: path name is /
[ 1497.781985] nova: the ze addr is 1075863552
[ 1497.781986] nova: full name is /.Trash
[ 1497.781987] nova: the ze addr is 1075863552, the ze number is 0,  the hash table head is 2121728
[ 1497.781988] nova: dafs start to lookup in hashtable
[ 1497.781989] nova: dafs finish lookup in hash table
[ 1497.781989] nova: not found dentry in nvm
[ 1497.781990] nova: dafs finish find direntry
[ 1497.781991] nova: dafs finish lookup
[ 1497.782005] nova: dafs start looup
[ 1497.782005] nova: dafs start to inode by name
[ 1497.782006] nova: dafs start to find direntry
[ 1497.782020] nova: dafs get dentry path
[ 1497.782021] nova: fs path is: /
[ 1497.782021] nova: fs path is: /
[ 1497.782022] nova: mount point is:/
[ 1497.782022] nova: dentry name is .Trash-1000
[ 1497.782023] nova: buf is 
[ 1497.782024] nova: ph is /.Trash-1000
[ 1497.782025] nova: dafs finish get dentry path
[ 1497.782025] nova: strictly full name is /.Trash-1000
[ 1497.782026] nova: strictly full name length is 12
[ 1497.782027] nova: dafs start to find dzt
[ 1497.782028] nova: test path len is 0
[ 1497.782037] nova: dafs finish finding dzt
[ 1497.782038] nova: path name is /
[ 1497.782039] nova: the ze addr is 1075863552
[ 1497.782040] nova: full name is /.Trash-1000
[ 1497.782040] nova: the ze addr is 1075863552, the ze number is 0,  the hash table head is 2121728
[ 1497.782041] nova: dafs start to lookup in hashtable
[ 1497.782042] nova: dafs finish lookup in hash table
[ 1497.782043] nova: not found dentry in nvm
[ 1497.782043] nova: dafs finish find direntry
[ 1497.782044] nova: dafs finish lookup
[ 1513.428724] nova: dafs start looup
[ 1513.428727] nova: dafs start to inode by name
[ 1513.428727] nova: dafs start to find direntry
[ 1513.428728] nova: dafs get dentry path
[ 1513.428728] nova: fs path is: /
[ 1513.428729] nova: fs path is: /
[ 1513.428729] nova: mount point is:/
[ 1513.428730] nova: dentry name is 1
[ 1513.428730] nova: buf is 
[ 1513.428731] nova: ph is /1
[ 1513.428731] nova: dafs finish get dentry path
[ 1513.428732] nova: strictly full name is /1
[ 1513.428732] nova: strictly full name length is 2
[ 1513.428733] nova: dafs start to find dzt
[ 1513.428733] nova: test path len is 0
[ 1513.428734] nova: dafs finish finding dzt
[ 1513.428734] nova: path name is /
[ 1513.428735] nova: the ze addr is 1075863552
[ 1513.428735] nova: full name is /1
[ 1513.428736] nova: the ze addr is 1075863552, the ze number is 0,  the hash table head is 2121728
[ 1513.428737] nova: dafs start to lookup in hashtable
[ 1513.428738] nova: dafs finish lookup in hash table
[ 1513.428738] nova: not found dentry in nvm
[ 1513.428738] nova: dafs finish find direntry
[ 1513.428739] nova: dafs finish lookup
[ 1513.428740] nova: dafs start to mmkdir
[ 1513.428742] nova: dafs get inode table
[ 1513.428742] nova: dafs_mkdir: name 1
[ 1513.428743] nova: dafs_mkdir: inode 16, dir 1, link 2
[ 1513.428744] nova: dafs add dentry
[ 1513.428745] nova: dafs get dentry path
[ 1513.428745] nova: fs path is: /
[ 1513.428746] nova: fs path is: /
[ 1513.428746] nova: mount point is:/
[ 1513.428746] nova: dentry name is 1
[ 1513.428747] nova: buf is 
[ 1513.428747] nova: ph is /1
[ 1513.428748] nova: dafs finish get dentry path
[ 1513.428748] nova: dafs start to find dzt
[ 1513.428749] nova: test path len is 0
[ 1513.428749] nova: dafs finish finding dzt
[ 1513.428750] nova: full name is /1, name len is 2
[ 1513.428751] nova: dentry pos is 3, zone num is 0
[ 1513.428751] nova: dentry not need extension
[ 1513.428752] nova: dentry name is 1
[ 1513.428752] nova: dentry is root subfile
[ 1513.428752] nova: set pos in hash table for each zone
[ 1513.428753] nova: dentry hashname is 6206
[ 1513.428753] nova: dafs record pos in hash table address is 2121728
[ 1513.428754] nova: dafs finish recording pos in hash table
[ 1513.428754] nova: set pos in par_dir info
[ 1513.428755] nova: dafs add dir info in radix tree
[ 1513.428755] nova: dir hash name is 6206
[ 1513.428757] nova: dafs start adding init part in dir
[ 1513.428757] nova: par ze addr is 1075863552
[ 1513.428758] nova: dafs record pos in hash table address is 2121728
[ 1513.428758] nova: dafs finish recording pos in hash table
[ 1513.428759] nova: par pos is 3
[ 1513.428759] nova: parent hashname is 6206
[ 1513.428760] nova: dafs start to ext de name
[ 1513.428760] nova: dafs finish ext name
[ 1513.428761] nova: dafs record pos in hash table address is 2121728
[ 1513.428761] nova: dafs finish recording pos in hash table
[ 1513.428762] nova: dafs finish add initial part in dir
[ 1513.428762] nova: dafs finish add dentry
[ 1513.428765] nova error: dafs_mkdir return -13
[ 1682.599414] BUG: Dentry ffff8801eb2a5180{i=1,n=/}  still in use (3) [unmount of NOVA pmem0]
[ 1682.599423] ------------[ cut here ]------------
[ 1682.599428] WARNING: CPU: 0 PID: 3140 at fs/dcache.c:1436 umount_check+0x73/0x80()
[ 1682.599429] Modules linked in: nova(OE) vboxsf(OE) crct10dif_pclmul crc32_pclmul aesni_intel aes_x86_64 lrw glue_helper ablk_helper cryptd snd_intel8x0 snd_ac97_codec vboxvideo(OE) ac97_bus ttm drm_kms_helper drm snd_pcm snd_seq_midi snd_seq_midi_event input_leds snd_rawmidi fb_sys_fops serio_raw syscopyarea joydev sysfillrect snd_seq sysimgblt snd_seq_device snd_timer snd soundcore vboxguest(OE) i2c_piix4 mac_hid parport_pc ppdev lp parport autofs4 hid_generic usbhid hid psmouse ahci libahci fjes video e1000 pata_acpi
[ 1682.599450] CPU: 0 PID: 3140 Comm: umount Tainted: G           OE   4.3.0 #2
[ 1682.599451] Hardware name: innotek GmbH VirtualBox/VirtualBox, BIOS VirtualBox 12/01/2006
[ 1682.599452]  0000000000000000 00000000d98828b2 ffff8800797bbcf8 ffffffff813cddc4
[ 1682.599454]  0000000000000000 ffff8800797bbd30 ffffffff8107d442 ffff8801eb2a5180
[ 1682.599455]  ffff880217e1d800 ffff880217438e40 0000000000000000 ffff880217438e40
[ 1682.599457] Call Trace:
[ 1682.599461]  [<ffffffff813cddc4>] dump_stack+0x44/0x60
[ 1682.599463]  [<ffffffff8107d442>] warn_slowpath_common+0x82/0xc0
[ 1682.599469]  [<ffffffff8107d58a>] warn_slowpath_null+0x1a/0x20
[ 1682.599471]  [<ffffffff81216243>] umount_check+0x73/0x80
[ 1682.599472]  [<ffffffff81215d42>] d_walk+0x62/0x280
[ 1682.599473]  [<ffffffff812161d0>] ? dentry_free+0x90/0x90
[ 1682.599474]  [<ffffffff81216eb6>] do_one_tree+0x26/0x40
[ 1682.599476]  [<ffffffff8121850f>] shrink_dcache_for_umount+0x2f/0x90
[ 1682.599479]  [<ffffffff81201c2f>] generic_shutdown_super+0x1f/0xf0
[ 1682.599481]  [<ffffffff81201ff7>] kill_block_super+0x27/0x70
[ 1682.599482]  [<ffffffff81202123>] deactivate_locked_super+0x43/0x70
[ 1682.599484]  [<ffffffff812025fc>] deactivate_super+0x5c/0x60
[ 1682.599486]  [<ffffffff8121f6cf>] cleanup_mnt+0x3f/0x90
[ 1682.599487]  [<ffffffff8121f762>] __cleanup_mnt+0x12/0x20
[ 1682.599488]  [<ffffffff8109b073>] task_work_run+0x73/0x90
[ 1682.599491]  [<ffffffff81003b46>] prepare_exit_to_usermode+0xd6/0x100
[ 1682.599492]  [<ffffffff81003bbc>] syscall_return_slowpath+0x4c/0x120
[ 1682.599496]  [<ffffffff817f2b90>] int_ret_from_sys_call+0x25/0x8f
[ 1682.599497] ---[ end trace 1c34c1373abceeb2 ]---
[ 1682.599509] nova: nova_save_inode_list_to_log: 1 inode nodes, pi head 0x40286000, tail 0x40286010
[ 1682.599511] nova: nova_save_blocknode_mappings_to_log: 1 blocknodes, 1 log pages, pi head 0x40287000, tail 0x40287010
[ 1682.599515] VFS: Busy inodes after unmount of pmem0. Self-destruct in 5 seconds.  Have a nice day...
[ 1682.619365] =============================================================================
[ 1682.619370] BUG nova_inode_cache (Tainted: G        W  OE  ): Objects remaining in nova_inode_cache on kmem_cache_close()
[ 1682.619371] -----------------------------------------------------------------------------

[ 1682.619373] Disabling lock debugging due to kernel taint
[ 1682.619375] INFO: Slab 0xffffea0001561200 objects=23 used=1 fp=0xffff88005584bb20 flags=0x1ffff8000004080
[ 1682.619377] CPU: 0 PID: 3142 Comm: rmmod Tainted: G    B   W  OE   4.3.0 #2
[ 1682.619379] Hardware name: innotek GmbH VirtualBox/VirtualBox, BIOS VirtualBox 12/01/2006
[ 1682.619380]  0000000000000000 00000000c53d0805 ffff88007a5f3d60 ffffffff813cddc4
[ 1682.619383]  ffffea0001561200 ffff88007a5f3e38 ffffffff811dca00 ffff880000000020
[ 1682.619385]  ffff88007a5f3e48 ffff88007a5f3df8 656a624f78ddb800 616d657220737463
[ 1682.619387] Call Trace:
[ 1682.619393]  [<ffffffff813cddc4>] dump_stack+0x44/0x60
[ 1682.619396]  [<ffffffff811dca00>] slab_err+0xb0/0xe0
[ 1682.619398]  [<ffffffff811e05c9>] ? __kmalloc+0x159/0x190
[ 1682.619400]  [<ffffffff811e269e>] ? __kmem_cache_shutdown+0x10e/0x2b0
[ 1682.619402]  [<ffffffff811e26bc>] __kmem_cache_shutdown+0x12c/0x2b0
[ 1682.619405]  [<ffffffff811a9e4a>] kmem_cache_destroy+0xba/0x140
[ 1682.619411]  [<ffffffffc0325ff7>] exit_nova_fs+0x2f/0x1038 [nova]
[ 1682.619415]  [<ffffffff81102245>] SyS_delete_module+0x1b5/0x210
[ 1682.619418]  [<ffffffff81003bbc>] ? syscall_return_slowpath+0x4c/0x120
[ 1682.619422]  [<ffffffff817f2a32>] entry_SYSCALL_64_fastpath+0x16/0x71
[ 1682.619424] INFO: Object 0xffff880055848000 @offset=0
[ 1682.619426] kmem_cache_destroy nova_inode_cache: Slab cache still has objects
[ 1682.619427] CPU: 0 PID: 3142 Comm: rmmod Tainted: G    B   W  OE   4.3.0 #2
[ 1682.619429] Hardware name: innotek GmbH VirtualBox/VirtualBox, BIOS VirtualBox 12/01/2006
[ 1682.619429]  0000000000000000 00000000c53d0805 ffff88007a5f3e98 ffffffff813cddc4
[ 1682.619432]  ffff880078ddb800 ffff88007a5f3ed8 ffffffff811a9ebe ffff88007a5f3ea8
[ 1682.619434]  ffff88007a5f3ea8 00000000c53d0805 ffffffffc032e340 00007ffea0fa9470
[ 1682.619436] Call Trace:
[ 1682.619438]  [<ffffffff813cddc4>] dump_stack+0x44/0x60
[ 1682.619439]  [<ffffffff811a9ebe>] kmem_cache_destroy+0x12e/0x140
[ 1682.619443]  [<ffffffffc0325ff7>] exit_nova_fs+0x2f/0x1038 [nova]
[ 1682.619445]  [<ffffffff81102245>] SyS_delete_module+0x1b5/0x210
[ 1682.619447]  [<ffffffff81003bbc>] ? syscall_return_slowpath+0x4c/0x120
[ 1682.619449]  [<ffffffff817f2a32>] entry_SYSCALL_64_fastpath+0x16/0x71
[ 1691.349421] nova: dafs init nova_fs
[ 1691.349422] nova: init_nova_fs: 1 cpus online
[ 1691.349424] nova: Arch new instructions support: PCOMMIT NO, CLWB NO
[ 1691.350263] nova: dafs register file sytem nova
[ 1691.350267] nova: dafs end init_fs
[ 1691.356100] nova: dafs start to mount
[ 1691.356109] nova: nova_get_block_info: dev pmem0, phys_addr 0x80000000, virt_addr ffffc90040000000, size 1610547200
[ 1691.356115] nova: start init radix tree
[ 1691.356116] nova: finish init radix tree
[ 1691.356116] nova: start nova init
[ 1691.356117] nova: creating an empty nova of size 1610547200
[ 1691.356117] nova: nova: Default block size set to 4K
[ 1691.356128] nova: dafs init dzt block
[ 1691.356128] nova: dafs_get dzt blk
[ 1691.356130] nova: dzt alloc 1 dzt blocks from 4 to 4
[ 1691.356131] nova: dafs_init_dzt_block: allocate log @ 0x4
[ 1691.356132] nova: dafs start get journal blk
[ 1691.356132] nova: dafs_get journal blk
[ 1691.356133] nova: dafs get hard journal
[ 1691.356133] nova: nova_lite_journal_hard_init: allocate log @ 0x5
[ 1691.356134] nova: dafs get soft journal
[ 1691.356135] nova: dafs start get journal blk
[ 1691.356135] nova: dafs_get journal blk
[ 1691.356136] nova: dafs get inode table
[ 1691.356313] nova: nova_init_inode_table: allocate log @ 0x6
[ 1691.356315] nova: Allocate root inode
[ 1691.356316] nova: dafs_get dzt blk
[ 1691.356316] nova: dafs allocate hash table
[ 1691.420792] nova: dafs allocate zone blocks
[ 1691.420831] nova: Zone 0, alloc 1 zone blocks from 262662 to 262662
[ 1691.420834] nova: dafs_alloc_dir_zone: allocate zone @ 0x40206
[ 1691.445670] nova: dafs make dzt pointer
[ 1691.445672] nova: dafs_get dzt blk
[ 1691.445674] nova: dafs finish make dzt bitmap pointer
[ 1691.445675] nova: dafs start build dzt
[ 1691.445677] nova: dafs finish build dzt_e
[ 1691.445677] nova: dafs start init dir zones
[ 1691.445678] nova: root ze addr is 1075863552
[ 1691.445678] nova: the root dir hashname is 47
[ 1691.445679] nova: test root hash name is 47
[ 1691.445679] nova: dafs finish creat root directory
[ 1691.445680] nova: dafs record pos in hash table address is 2121728
[ 1691.445680] nova: dafs finish recording pos in hash table
[ 1691.445681] nova: dafs add dir info in radix tree
[ 1691.445682] nova: dir hash name is 47
[ 1691.445682] nova: dafs start adding init part in dir
[ 1691.445683] nova: par ze addr is 1075863552
[ 1691.445684] nova: dafs record pos in hash table address is 2121728
[ 1691.445684] nova: dafs finish recording pos in hash table
[ 1691.445685] nova: par pos is 0
[ 1691.445685] nova: parent hashname is 47
[ 1691.445686] nova: dafs start to ext de name
[ 1691.445686] nova: dafs finish ext name
[ 1691.445687] nova: dafs record pos in hash table address is 2121728
[ 1691.445687] nova: dafs finish recording pos in hash table
[ 1691.445688] nova: dafs finish add initial part in dir
[ 1691.445688] nova: dafs finish init dir zones
[ 1691.445689] nova: dafs init dir info tree
[ 1691.445709] nova: dafs finish initial dir info tree
[ 1691.445710] nova: dafs finish nova_init
[ 1691.445710] nova: dafs start setting sb
[ 1691.445711] nova: dafs end setting sb
[ 1691.445717] nova: nova_iget: inode 1
[ 1691.445718] nova: sucessfully get inode
[ 1691.445720] nova: dafs end fill super
[ 1691.445721] nova: dafs finish mount
[ 1691.446619] nova: dafs start looup
[ 1691.446621] nova: dafs start to inode by name
[ 1691.446621] nova: dafs start to find direntry
[ 1691.446622] nova: dafs get dentry path
[ 1691.446622] nova: fs path is: /
[ 1691.446623] nova: fs path is: /
[ 1691.446623] nova: mount point is:/
[ 1691.446624] nova: dentry name is .Trash
[ 1691.446624] nova: buf is 
[ 1691.446625] nova: ph is /.Trash
[ 1691.446625] nova: dafs finish get dentry path
[ 1691.446626] nova: strictly full name is /.Trash
[ 1691.446626] nova: strictly full name length is 7
[ 1691.446627] nova: dafs start to find dzt
[ 1691.446627] nova: test path len is 0
[ 1691.446628] nova: dafs finish finding dzt
[ 1691.446628] nova: path name is /
[ 1691.446629] nova: the ze addr is 1075863552
[ 1691.446629] nova: full name is /.Trash
[ 1691.446630] nova: the ze addr is 1075863552, the ze number is 0,  the hash table head is 2121728
[ 1691.446630] nova: dafs start to lookup in hashtable
[ 1691.446631] nova: dafs finish lookup in hash table
[ 1691.446632] nova: not found dentry in nvm
[ 1691.446632] nova: dafs finish find direntry
[ 1691.446633] nova: dafs finish lookup
[ 1691.446643] nova: dafs start looup
[ 1691.446644] nova: dafs start to inode by name
[ 1691.446644] nova: dafs start to find direntry
[ 1691.446644] nova: dafs get dentry path
[ 1691.446645] nova: fs path is: /
[ 1691.446645] nova: fs path is: /
[ 1691.446646] nova: mount point is:/
[ 1691.446646] nova: dentry name is .Trash-1000
[ 1691.446647] nova: buf is 
[ 1691.446647] nova: ph is /.Trash-1000
[ 1691.446647] nova: dafs finish get dentry path
[ 1691.446648] nova: strictly full name is /.Trash-1000
[ 1691.446648] nova: strictly full name length is 12
[ 1691.446649] nova: dafs start to find dzt
[ 1691.446649] nova: test path len is 0
[ 1691.446650] nova: dafs finish finding dzt
[ 1691.446650] nova: path name is /
[ 1691.446651] nova: the ze addr is 1075863552
[ 1691.446651] nova: full name is /.Trash-1000
[ 1691.446652] nova: the ze addr is 1075863552, the ze number is 0,  the hash table head is 2121728
[ 1691.446652] nova: dafs start to lookup in hashtable
[ 1691.446653] nova: dafs finish lookup in hash table
[ 1691.446653] nova: not found dentry in nvm
[ 1691.446653] nova: dafs finish find direntry
[ 1691.446654] nova: dafs finish lookup
[ 1701.127606] nova: dafs start looup
[ 1701.127608] nova: dafs start to inode by name
[ 1701.127609] nova: dafs start to find direntry
[ 1701.127610] nova: dafs get dentry path
[ 1701.127610] nova: fs path is: /
[ 1701.127611] nova: fs path is: /
[ 1701.127611] nova: mount point is:/
[ 1701.127611] nova: dentry name is 1
[ 1701.127612] nova: buf is 
[ 1701.127612] nova: ph is /1
[ 1701.127613] nova: dafs finish get dentry path
[ 1701.127613] nova: strictly full name is /1
[ 1701.127614] nova: strictly full name length is 2
[ 1701.127615] nova: dafs start to find dzt
[ 1701.127615] nova: test path len is 0
[ 1701.127616] nova: dafs finish finding dzt
[ 1701.127616] nova: path name is /
[ 1701.127617] nova: the ze addr is 1075863552
[ 1701.127617] nova: full name is /1
[ 1701.127618] nova: the ze addr is 1075863552, the ze number is 0,  the hash table head is 2121728
[ 1701.127619] nova: dafs start to lookup in hashtable
[ 1701.127620] nova: dafs finish lookup in hash table
[ 1701.127620] nova: not found dentry in nvm
[ 1701.127620] nova: dafs finish find direntry
[ 1701.127621] nova: dafs finish lookup
[ 1701.127622] nova: dafs start to mmkdir
[ 1701.127623] nova: dafs get inode table
[ 1701.127624] nova: dafs_mkdir: name 1
[ 1701.127625] nova: dafs_mkdir: inode 16, dir 1, link 2
[ 1701.127626] nova: dafs add dentry
[ 1701.127627] nova: dafs get dentry path
[ 1701.127627] nova: fs path is: /
[ 1701.127627] nova: fs path is: /
[ 1701.127628] nova: mount point is:/
[ 1701.127628] nova: dentry name is 1
[ 1701.127629] nova: buf is 
[ 1701.127629] nova: ph is /1
[ 1701.127629] nova: dafs finish get dentry path
[ 1701.127630] nova: dafs start to find dzt
[ 1701.127630] nova: test path len is 0
[ 1701.127631] nova: dafs finish finding dzt
[ 1701.127632] nova: full name is /1, name len is 2
[ 1701.127632] nova: dentry pos is 3, zone num is 0
[ 1701.127633] nova: dentry not need extension
[ 1701.127633] nova: dentry name is 1
[ 1701.127634] nova: dentry is root subfile
[ 1701.127634] nova: set pos in hash table for each zone
[ 1701.127635] nova: dentry hashname is 6206
[ 1701.127635] nova: dafs record pos in hash table address is 2121728
[ 1701.127636] nova: dafs finish recording pos in hash table
[ 1701.127636] nova: set pos in par_dir info
[ 1701.127636] nova: dafs add dir info in radix tree
[ 1701.127637] nova: dir hash name is 6206
[ 1701.127639] nova: dafs start adding init part in dir
[ 1701.127639] nova: par ze addr is 1075863552
[ 1701.127640] nova: dafs record pos in hash table address is 2121728
[ 1701.127640] nova: dafs finish recording pos in hash table
[ 1701.127641] nova: par pos is 3
[ 1701.127641] nova: parent hashname is 6206
[ 1701.127642] nova: dafs start to ext de name
[ 1701.127643] nova: dafs finish ext name
[ 1701.127643] nova: dafs record pos in hash table address is 2121728
[ 1701.127644] nova: dafs finish recording pos in hash table
[ 1701.127644] nova: dafs finish add initial part in dir
[ 1701.127645] nova: dafs finish add dentry
[ 1701.127647] nova: dafs fail to make inodenova error: dafs_mkdir return -13
