[    0.000000] Initializing cgroup subsys cpuset
[    0.000000] Initializing cgroup subsys cpu
[    0.000000] Initializing cgroup subsys cpuacct
[    0.000000] Linux version 4.3.0 (root@cxdafs-OptiPlex-9020) (gcc version 5.4.0 20160609 (Ubuntu 5.4.0-6ubuntu1~16.04.4) ) #1 SMP Tue Jan 23 17:04:37 CST 2018
[    0.000000] Command line: BOOT_IMAGE=/boot/vmlinuz-4.3.0 memmap=4G!2G root=UUID=461d99c2-65f5-4635-a31a-48a29395e262 ro quiet splash vt.handoff=7
[    0.000000] KERNEL supported cpus:
[    0.000000]   Intel GenuineIntel
[    0.000000]   AMD AuthenticAMD
[    0.000000]   Centaur CentaurHauls
[    0.000000] x86/fpu: xstate_offset[2]: 0240, xstate_sizes[2]: 0100
[    0.000000] x86/fpu: Supporting XSAVE feature 0x01: 'x87 floating point registers'
[    0.000000] x86/fpu: Supporting XSAVE feature 0x02: 'SSE registers'
[    0.000000] x86/fpu: Supporting XSAVE feature 0x04: 'AVX registers'
[    0.000000] x86/fpu: Enabled xstate features 0x7, context size is 0x340 bytes, using 'standard' format.
[    0.000000] x86/fpu: Using 'eager' FPU context switches.
[    0.000000] e820: BIOS-provided physical RAM map:
[    0.000000] BIOS-e820: [mem 0x0000000000000000-0x00000000000917ff] usable
[    0.000000] BIOS-e820: [mem 0x0000000000091800-0x000000000009ffff] reserved
[    0.000000] BIOS-e820: [mem 0x00000000000e0000-0x00000000000fffff] reserved
[    0.000000] BIOS-e820: [mem 0x0000000000100000-0x00000000d495ffff] usable
[    0.000000] BIOS-e820: [mem 0x00000000d4960000-0x00000000d4966fff] ACPI NVS
[    0.000000] BIOS-e820: [mem 0x00000000d4967000-0x00000000d4d9afff] usable
[    0.000000] BIOS-e820: [mem 0x00000000d4d9b000-0x00000000d5227fff] reserved
[    0.000000] BIOS-e820: [mem 0x00000000d5228000-0x00000000daee9fff] usable
[    0.000000] BIOS-e820: [mem 0x00000000daeea000-0x00000000daffffff] reserved
[    0.000000] BIOS-e820: [mem 0x00000000db000000-0x00000000db75efff] usable
[    0.000000] BIOS-e820: [mem 0x00000000db75f000-0x00000000db7fffff] reserved
[    0.000000] BIOS-e820: [mem 0x00000000db800000-0x00000000dbfadfff] usable
[    0.000000] BIOS-e820: [mem 0x00000000dbfae000-0x00000000dbffffff] ACPI data
[    0.000000] BIOS-e820: [mem 0x00000000dc000000-0x00000000dd71bfff] usable
[    0.000000] BIOS-e820: [mem 0x00000000dd71c000-0x00000000dd7fffff] ACPI NVS
[    0.000000] BIOS-e820: [mem 0x00000000dd800000-0x00000000dee10fff] usable
[    0.000000] BIOS-e820: [mem 0x00000000dee11000-0x00000000deffffff] reserved
[    0.000000] BIOS-e820: [mem 0x00000000f8000000-0x00000000fbffffff] reserved
[    0.000000] BIOS-e820: [mem 0x00000000fec00000-0x00000000fec00fff] reserved
[    0.000000] BIOS-e820: [mem 0x00000000fed00000-0x00000000fed03fff] reserved
[    0.000000] BIOS-e820: [mem 0x00000000fed1c000-0x00000000fed1ffff] reserved
[    0.000000] BIOS-e820: [mem 0x00000000fee00000-0x00000000fee00fff] reserved
[    0.000000] BIOS-e820: [mem 0x00000000ff000000-0x00000000ffffffff] reserved
[    0.000000] BIOS-e820: [mem 0x0000000100000000-0x000000021dffffff] usable
[    0.000000] NX (Execute Disable) protection: active
[    0.000000] e820: user-defined physical RAM map:
[    0.000000] user: [mem 0x0000000000000000-0x00000000000917ff] usable
[    0.000000] user: [mem 0x0000000000091800-0x000000000009ffff] reserved
[    0.000000] user: [mem 0x00000000000e0000-0x00000000000fffff] reserved
[    0.000000] user: [mem 0x0000000000100000-0x000000007fffffff] usable
[    0.000000] user: [mem 0x0000000080000000-0x00000000d495ffff] persistent (type 12)
[    0.000000] user: [mem 0x00000000d4960000-0x00000000d4966fff] persistent (type 12)
[    0.000000] user: [mem 0x00000000d4967000-0x00000000d4d9afff] persistent (type 12)
[    0.000000] user: [mem 0x00000000d4d9b000-0x00000000d5227fff] persistent (type 12)
[    0.000000] user: [mem 0x00000000d5228000-0x00000000daee9fff] persistent (type 12)
[    0.000000] user: [mem 0x00000000daeea000-0x00000000daffffff] persistent (type 12)
[    0.000000] user: [mem 0x00000000db000000-0x00000000db75efff] persistent (type 12)
[    0.000000] user: [mem 0x00000000db75f000-0x00000000db7fffff] persistent (type 12)
[    0.000000] user: [mem 0x00000000db800000-0x00000000dbfadfff] persistent (type 12)
[    0.000000] user: [mem 0x00000000dbfae000-0x00000000dbffffff] persistent (type 12)
[    0.000000] user: [mem 0x00000000dc000000-0x00000000dd71bfff] persistent (type 12)
[    0.000000] user: [mem 0x00000000dd71c000-0x00000000dd7fffff] persistent (type 12)
[    0.000000] user: [mem 0x00000000dd800000-0x00000000dee10fff] persistent (type 12)
[    0.000000] user: [mem 0x00000000dee11000-0x00000000deffffff] persistent (type 12)
[    0.000000] user: [mem 0x00000000df000000-0x00000000f7ffffff] persistent (type 12)
[    0.000000] user: [mem 0x00000000f8000000-0x00000000fbffffff] persistent (type 12)
[    0.000000] user: [mem 0x00000000fc000000-0x00000000febfffff] persistent (type 12)
[    0.000000] user: [mem 0x00000000fec00000-0x00000000fec00fff] persistent (type 12)
[    0.000000] user: [mem 0x00000000fec01000-0x00000000fecfffff] persistent (type 12)
[    0.000000] user: [mem 0x00000000fed00000-0x00000000fed03fff] persistent (type 12)
[    0.000000] user: [mem 0x00000000fed04000-0x00000000fed1bfff] persistent (type 12)
[    0.000000] user: [mem 0x00000000fed1c000-0x00000000fed1ffff] persistent (type 12)
[    0.000000] user: [mem 0x00000000fed20000-0x00000000fedfffff] persistent (type 12)
[    0.000000] user: [mem 0x00000000fee00000-0x00000000fee00fff] persistent (type 12)
[    0.000000] user: [mem 0x00000000fee01000-0x00000000feffffff] persistent (type 12)
[    0.000000] user: [mem 0x00000000ff000000-0x00000000ffffffff] persistent (type 12)
[    0.000000] user: [mem 0x0000000100000000-0x000000017fffffff] persistent (type 12)
[    0.000000] user: [mem 0x0000000180000000-0x000000021dffffff] usable
[    0.000000] SMBIOS 2.7 present.
[    0.000000] DMI: Dell Inc. OptiPlex 9020/03CPWF, BIOS A09 11/20/2014
[    0.000000] e820: update [mem 0x00000000-0x00000fff] usable ==> reserved
[    0.000000] e820: remove [mem 0x000a0000-0x000fffff] usable
[    0.000000] e820: last_pfn = 0x21e000 max_arch_pfn = 0x400000000
[    0.000000] MTRR default type: uncachable
[    0.000000] MTRR fixed ranges enabled:
[    0.000000]   00000-9FFFF write-back
[    0.000000]   A0000-BFFFF uncachable
[    0.000000]   C0000-DBFFF write-protect
[    0.000000]   DC000-E7FFF uncachable
[    0.000000]   E8000-FFFFF write-protect
[    0.000000] MTRR variable ranges enabled:
[    0.000000]   0 base 0000000000 mask 7E00000000 write-back
[    0.000000]   1 base 0200000000 mask 7FF0000000 write-back
[    0.000000]   2 base 0210000000 mask 7FF8000000 write-back
[    0.000000]   3 base 0218000000 mask 7FFC000000 write-back
[    0.000000]   4 base 021C000000 mask 7FFE000000 write-back
[    0.000000]   5 base 00E0000000 mask 7FE0000000 uncachable
[    0.000000]   6 disabled
[    0.000000]   7 disabled
[    0.000000]   8 disabled
[    0.000000]   9 disabled
[    0.000000] x86/PAT: Configuration [0-7]: WB  WC  UC- UC  WB  WC  UC- WT  
[    0.000000] original variable MTRRs
[    0.000000] reg 0, base: 0GB, range: 8GB, type WB
[    0.000000] reg 1, base: 8GB, range: 256MB, type WB
[    0.000000] reg 2, base: 8448MB, range: 128MB, type WB
[    0.000000] reg 3, base: 8576MB, range: 64MB, type WB
[    0.000000] reg 4, base: 8640MB, range: 32MB, type WB
[    0.000000] reg 5, base: 3584MB, range: 512MB, type UC
[    0.000000] total RAM covered: 8160M
[    0.000000] Found optimal setting for mtrr clean up
[    0.000000]  gran_size: 64K 	chunk_size: 64M 	num_reg: 6  	lose cover RAM: 0G
[    0.000000] New variable MTRRs
[    0.000000] reg 0, base: 0GB, range: 2GB, type WB
[    0.000000] reg 1, base: 2GB, range: 1GB, type WB
[    0.000000] reg 2, base: 3GB, range: 512MB, type WB
[    0.000000] reg 3, base: 4GB, range: 4GB, type WB
[    0.000000] reg 4, base: 8GB, range: 512MB, type WB
[    0.000000] reg 5, base: 8672MB, range: 32MB, type UC
[    0.000000] e820: update [mem 0xe0000000-0xffffffff] usable ==> reserved
[    0.000000] e820: last_pfn = 0x100000 max_arch_pfn = 0x400000000
[    0.000000] found SMP MP-table at [mem 0x000fd970-0x000fd97f] mapped at [ffff8800000fd970]
[    0.000000] Scanning 1 areas for low memory corruption
[    0.000000] Base memory trampoline at [ffff88000008b000] 8b000 size 24576
[    0.000000] Using GB pages for direct mapping
[    0.000000] init_memory_mapping: [mem 0x00000000-0x000fffff]
[    0.000000]  [mem 0x00000000-0x000fffff] page 4k
[    0.000000] BRK [0x01ffc000, 0x01ffcfff] PGTABLE
[    0.000000] BRK [0x01ffd000, 0x01ffdfff] PGTABLE
[    0.000000] BRK [0x01ffe000, 0x01ffefff] PGTABLE
[    0.000000] init_memory_mapping: [mem 0x21de00000-0x21dffffff]
[    0.000000]  [mem 0x21de00000-0x21dffffff] page 2M
[    0.000000] BRK [0x01fff000, 0x01ffffff] PGTABLE
[    0.000000] init_memory_mapping: [mem 0x200000000-0x21ddfffff]
[    0.000000]  [mem 0x200000000-0x21ddfffff] page 2M
[    0.000000] init_memory_mapping: [mem 0x1e0000000-0x1ffffffff]
[    0.000000]  [mem 0x1e0000000-0x1ffffffff] page 1G
[    0.000000] init_memory_mapping: [mem 0x00100000-0x7fffffff]
[    0.000000]  [mem 0x00100000-0x001fffff] page 4k
[    0.000000]  [mem 0x00200000-0x3fffffff] page 2M
[    0.000000]  [mem 0x40000000-0x7fffffff] page 1G
[    0.000000] init_memory_mapping: [mem 0x180000000-0x1dfffffff]
[    0.000000]  [mem 0x180000000-0x1dfffffff] page 1G
[    0.000000] RAMDISK: [mem 0x15b6a000-0x26dacfff]
[    0.000000] ACPI: Early table checksum verification disabled
[    0.000000] ACPI: RSDP 0x00000000000F0490 000024 (v02 DELL  )
[    0.000000] ACPI: XSDT 0x00000000DBFEE088 000094 (v01 DELL   CBX3     01072009 AMI  00010013)
[    0.000000] ACPI: FACP 0x00000000DBFF9470 00010C (v05 DELL   CBX3     01072009 AMI  00010013)
[    0.000000] ACPI: DSDT 0x00000000DBFEE1B0 00B2B9 (v02 DELL   CBX3     00000014 INTL 20091112)
[    0.000000] ACPI: FACS 0x00000000DD7FE080 000040
[    0.000000] ACPI: APIC 0x00000000DBFF9580 000092 (v03 DELL   CBX3     01072009 AMI  00010013)
[    0.000000] ACPI: FPDT 0x00000000DBFF9618 000044 (v01 DELL   CBX3     01072009 AMI  00010013)
[    0.000000] ACPI: SLIC 0x00000000DBFF9660 000176 (v03 DELL   CBX3     01072009 MSFT 00010013)
[    0.000000] ACPI: LPIT 0x00000000DBFF97D8 00005C (v01 DELL   CBX3     00000000 AMI. 00000005)
[    0.000000] ACPI: SSDT 0x00000000DBFF9838 000539 (v01 PmRef  Cpu0Ist  00003000 INTL 20120711)
[    0.000000] ACPI: SSDT 0x00000000DBFF9D78 000AD8 (v01 PmRef  CpuPm    00003000 INTL 20120711)
[    0.000000] ACPI: SSDT 0x00000000DBFFA850 0001C7 (v01 PmRef  LakeTiny 00003000 INTL 20120711)
[    0.000000] ACPI: HPET 0x00000000DBFFAA18 000038 (v01 DELL   CBX3     01072009 AMI. 00000005)
[    0.000000] ACPI: SSDT 0x00000000DBFFAA50 00036D (v01 SataRe SataTabl 00001000 INTL 20120711)
[    0.000000] ACPI: MCFG 0x00000000DBFFADC0 00003C (v01 DELL   CBX3     01072009 MSFT 00000097)
[    0.000000] ACPI: SSDT 0x00000000DBFFAE00 0034D6 (v01 SaSsdt SaSsdt   00003000 INTL 20091112)
[    0.000000] ACPI: ASF! 0x00000000DBFFE2D8 0000A5 (v32 INTEL   HCG     00000001 TFSM 000F4240)
[    0.000000] ACPI: DMAR 0x00000000DBFFE380 000080 (v01 INTEL  HSW      00000001 INTL 00000001)
[    0.000000] ACPI: Local APIC address 0xfee00000
[    0.000000] No NUMA configuration found
[    0.000000] Faking a node at [mem 0x0000000000000000-0x000000021dffffff]
[    0.000000] NODE_DATA(0) allocated [mem 0x21dffb000-0x21dffffff]
[    0.000000]  [ffffea0000000000-ffffea00087fffff] PMD -> [ffff880218e00000-ffff88021d5fffff] on node 0
[    0.000000] Zone ranges:
[    0.000000]   DMA      [mem 0x0000000000001000-0x0000000000ffffff]
[    0.000000]   DMA32    [mem 0x0000000001000000-0x00000000ffffffff]
[    0.000000]   Normal   [mem 0x0000000100000000-0x000000021dffffff]
[    0.000000] Movable zone start for each node
[    0.000000] Early memory node ranges
[    0.000000]   node   0: [mem 0x0000000000001000-0x0000000000090fff]
[    0.000000]   node   0: [mem 0x0000000000100000-0x000000007fffffff]
[    0.000000]   node   0: [mem 0x0000000180000000-0x000000021dffffff]
[    0.000000] Initmem setup node 0 [mem 0x0000000000001000-0x000000021dffffff]
[    0.000000] On node 0 totalpages: 1171344
[    0.000000]   DMA zone: 64 pages used for memmap
[    0.000000]   DMA zone: 21 pages reserved
[    0.000000]   DMA zone: 3984 pages, LIFO batch:0
[    0.000000]   DMA32 zone: 8128 pages used for memmap
[    0.000000]   DMA32 zone: 520192 pages, LIFO batch:31
[    0.000000]   Normal zone: 10112 pages used for memmap
[    0.000000]   Normal zone: 647168 pages, LIFO batch:31
[    0.000000] ACPI: PM-Timer IO Port: 0x1808
[    0.000000] ACPI: Local APIC address 0xfee00000
[    0.000000] ACPI: LAPIC_NMI (acpi_id[0xff] high edge lint[0x1])
[    0.000000] IOAPIC[0]: apic_id 8, version 32, address 0xfec00000, GSI 0-23
[    0.000000] ACPI: INT_SRC_OVR (bus 0 bus_irq 0 global_irq 2 dfl dfl)
[    0.000000] ACPI: INT_SRC_OVR (bus 0 bus_irq 9 global_irq 9 high level)
[    0.000000] ACPI: IRQ0 used by override.
[    0.000000] ACPI: IRQ9 used by override.
[    0.000000] Using ACPI (MADT) for SMP configuration information
[    0.000000] ACPI: HPET id: 0x8086a701 base: 0xfed00000
[    0.000000] smpboot: Allowing 8 CPUs, 0 hotplug CPUs
[    0.000000] PM: Registered nosave memory: [mem 0x00000000-0x00000fff]
[    0.000000] PM: Registered nosave memory: [mem 0x00091000-0x00091fff]
[    0.000000] PM: Registered nosave memory: [mem 0x00092000-0x0009ffff]
[    0.000000] PM: Registered nosave memory: [mem 0x000a0000-0x000dffff]
[    0.000000] PM: Registered nosave memory: [mem 0x000e0000-0x000fffff]
[    0.000000] PM: Registered nosave memory: [mem 0x80000000-0xd495ffff]
[    0.000000] PM: Registered nosave memory: [mem 0xd4960000-0xd4966fff]
[    0.000000] PM: Registered nosave memory: [mem 0xd4967000-0xd4d9afff]
[    0.000000] PM: Registered nosave memory: [mem 0xd4d9b000-0xd5227fff]
[    0.000000] PM: Registered nosave memory: [mem 0xd5228000-0xdaee9fff]
[    0.000000] PM: Registered nosave memory: [mem 0xdaeea000-0xdaffffff]
[    0.000000] PM: Registered nosave memory: [mem 0xdb000000-0xdb75efff]
[    0.000000] PM: Registered nosave memory: [mem 0xdb75f000-0xdb7fffff]
[    0.000000] PM: Registered nosave memory: [mem 0xdb800000-0xdbfadfff]
[    0.000000] PM: Registered nosave memory: [mem 0xdbfae000-0xdbffffff]
[    0.000000] PM: Registered nosave memory: [mem 0xdc000000-0xdd71bfff]
[    0.000000] PM: Registered nosave memory: [mem 0xdd71c000-0xdd7fffff]
[    0.000000] PM: Registered nosave memory: [mem 0xdd800000-0xdee10fff]
[    0.000000] PM: Registered nosave memory: [mem 0xdee11000-0xdeffffff]
[    0.000000] PM: Registered nosave memory: [mem 0xdf000000-0xf7ffffff]
[    0.000000] PM: Registered nosave memory: [mem 0xf8000000-0xfbffffff]
[    0.000000] PM: Registered nosave memory: [mem 0xfc000000-0xfebfffff]
[    0.000000] PM: Registered nosave memory: [mem 0xfec00000-0xfec00fff]
[    0.000000] PM: Registered nosave memory: [mem 0xfec01000-0xfecfffff]
[    0.000000] PM: Registered nosave memory: [mem 0xfed00000-0xfed03fff]
[    0.000000] PM: Registered nosave memory: [mem 0xfed04000-0xfed1bfff]
[    0.000000] PM: Registered nosave memory: [mem 0xfed1c000-0xfed1ffff]
[    0.000000] PM: Registered nosave memory: [mem 0xfed20000-0xfedfffff]
[    0.000000] PM: Registered nosave memory: [mem 0xfee00000-0xfee00fff]
[    0.000000] PM: Registered nosave memory: [mem 0xfee01000-0xfeffffff]
[    0.000000] PM: Registered nosave memory: [mem 0xff000000-0xffffffff]
[    0.000000] PM: Registered nosave memory: [mem 0x100000000-0x17fffffff]
[    0.000000] e820: cannot find a gap in the 32bit address range
               e820: PCI devices with unassigned 32bit BARs may break!
[    0.000000] e820: [mem 0x21e100000-0x21e4fffff] available for PCI devices
[    0.000000] Booting paravirtualized kernel on bare hardware
[    0.000000] clocksource: refined-jiffies: mask: 0xffffffff max_cycles: 0xffffffff, max_idle_ns: 7645519600211568 ns
[    0.000000] setup_percpu: NR_CPUS:512 nr_cpumask_bits:512 nr_cpu_ids:8 nr_node_ids:1
[    0.000000] PERCPU: Embedded 33 pages/cpu @ffff88021dc00000 s97496 r8192 d29480 u262144
[    0.000000] pcpu-alloc: s97496 r8192 d29480 u262144 alloc=1*2097152
[    0.000000] pcpu-alloc: [0] 0 1 2 3 4 5 6 7 
[    0.000000] Built 1 zonelists in Node order, mobility grouping on.  Total pages: 1153019
[    0.000000] Policy zone: Normal
[    0.000000] Kernel command line: BOOT_IMAGE=/boot/vmlinuz-4.3.0 memmap=4G!2G root=UUID=461d99c2-65f5-4635-a31a-48a29395e262 ro quiet splash vt.handoff=7
[    0.000000] PID hash table entries: 4096 (order: 3, 32768 bytes)
[    0.000000] Calgary: detecting Calgary via BIOS EBDA area
[    0.000000] Calgary: Unable to locate Rio Grande table in EBDA - bailing!
[    0.000000] Memory: 4246948K/4685376K available (8146K kernel code, 1248K rwdata, 3880K rodata, 1456K init, 1332K bss, 438428K reserved, 0K cma-reserved)
[    0.000000] SLUB: HWalign=64, Order=0-3, MinObjects=0, CPUs=8, Nodes=1
[    0.000000] Hierarchical RCU implementation.
[    0.000000] 	Build-time adjustment of leaf fanout to 64.
[    0.000000] 	RCU restricting CPUs from NR_CPUS=512 to nr_cpu_ids=8.
[    0.000000] RCU: Adjusting geometry for rcu_fanout_leaf=64, nr_cpu_ids=8
[    0.000000] NR_IRQS:33024 nr_irqs:488 16
[    0.000000] spurious 8259A interrupt: IRQ7.
[    0.000000] Console: colour dummy device 80x25
[    0.000000] console [tty0] enabled
[    0.000000] clocksource: hpet: mask: 0xffffffff max_cycles: 0xffffffff, max_idle_ns: 133484882848 ns
[    0.000000] hpet clockevent registered
[    0.000000] tsc: Fast TSC calibration using PIT
[    0.000000] tsc: Detected 3591.763 MHz processor
[    0.000019] Calibrating delay loop (skipped), value calculated using timer frequency.. 7183.52 BogoMIPS (lpj=14367052)
[    0.000021] pid_max: default: 32768 minimum: 301
[    0.000024] ACPI: Core revision 20150818
[    0.006696] ACPI: 6 ACPI AML tables successfully acquired and loaded
[    0.006708] Security Framework initialized
[    0.006709] Yama: becoming mindful.
[    0.006714] AppArmor: AppArmor initialized
[    0.007052] Dentry cache hash table entries: 1048576 (order: 11, 8388608 bytes)
[    0.008071] Inode-cache hash table entries: 524288 (order: 10, 4194304 bytes)
[    0.008509] Mount-cache hash table entries: 16384 (order: 5, 131072 bytes)
[    0.008516] Mountpoint-cache hash table entries: 16384 (order: 5, 131072 bytes)
[    0.008653] Initializing cgroup subsys io
[    0.008657] Initializing cgroup subsys memory
[    0.008661] Initializing cgroup subsys devices
[    0.008663] Initializing cgroup subsys freezer
[    0.008664] Initializing cgroup subsys net_cls
[    0.008665] Initializing cgroup subsys perf_event
[    0.008667] Initializing cgroup subsys net_prio
[    0.008668] Initializing cgroup subsys hugetlb
[    0.008670] Initializing cgroup subsys pids
[    0.008685] CPU: Physical Processor ID: 0
[    0.008686] CPU: Processor Core ID: 0
[    0.008689] ENERGY_PERF_BIAS: Set to 'normal', was 'performance'
[    0.008690] ENERGY_PERF_BIAS: View and update with x86_energy_perf_policy(8)
[    0.009382] mce: CPU supports 9 MCE banks
[    0.009391] CPU0: Thermal monitoring enabled (TM1)
[    0.009398] process: using mwait in idle threads
[    0.009400] Last level iTLB entries: 4KB 1024, 2MB 1024, 4MB 1024
[    0.009401] Last level dTLB entries: 4KB 1024, 2MB 1024, 4MB 1024, 1GB 4
[    0.009625] Freeing SMP alternatives memory: 28K (ffffffff81ea6000 - ffffffff81ead000)
[    0.010777] ftrace: allocating 31180 entries in 122 pages
[    0.019007] DMAR: Host address width 39
[    0.019008] DMAR: DRHD base: 0x000000fed90000 flags: 0x1
[    0.019013] DMAR: dmar0: reg_base_addr fed90000 ver 1:0 cap d2008c20660462 ecap f010da
[    0.019014] DMAR: RMRR base: 0x000000def7b000 end: 0x000000def88fff
[    0.019016] DMAR-IR: IOAPIC id 8 under DRHD base  0xfed90000 IOMMU 0
[    0.019017] DMAR-IR: HPET id 0 under DRHD base 0xfed90000
[    0.019017] DMAR-IR: Queued invalidation will be enabled to support x2apic and Intr-remapping.
[    0.019153] DMAR-IR: Enabled IRQ remapping in x2apic mode
[    0.019154] x2apic enabled
[    0.019158] Switched APIC routing to cluster x2apic.
[    0.019562] ..TIMER: vector=0x30 apic1=0 pin1=2 apic2=-1 pin2=-1
[    0.059235] TSC deadline timer enabled
[    0.059238] smpboot: CPU0: Intel(R) Core(TM) i7-4790 CPU @ 3.60GHz (family: 0x6, model: 0x3c, stepping: 0x3)
[    0.059252] Performance Events: PEBS fmt2+, 16-deep LBR, Haswell events, full-width counters, Intel PMU driver.
[    0.059264] ... version:                3
[    0.059265] ... bit width:              48
[    0.059265] ... generic registers:      4
[    0.059266] ... value mask:             0000ffffffffffff
[    0.059266] ... max period:             0000ffffffffffff
[    0.059267] ... fixed-purpose events:   3
[    0.059267] ... event mask:             000000070000000f
[    0.059722] x86: Booting SMP configuration:
[    0.059723] .... node  #0, CPUs:      #1
[    0.073455] NMI watchdog: enabled on all CPUs, permanently consumes one hw-PMU counter.
[    0.073503]  #2 #3 #4 #5 #6 #7
[    0.155837] x86: Booted up 1 node, 8 CPUs
[    0.155840] smpboot: Total of 8 processors activated (57468.20 BogoMIPS)
[    0.162106] devtmpfs: initialized
[    0.163271] evm: security.selinux
[    0.163272] evm: security.SMACK64
[    0.163273] evm: security.SMACK64EXEC
[    0.163273] evm: security.SMACK64TRANSMUTE
[    0.163273] evm: security.SMACK64MMAP
[    0.163274] evm: security.ima
[    0.163274] evm: security.capability
[    0.163368] clocksource: jiffies: mask: 0xffffffff max_cycles: 0xffffffff, max_idle_ns: 7645041785100000 ns
[    0.163423] pinctrl core: initialized pinctrl subsystem
[    0.163499] RTC time:  8:13:42, date: 02/02/18
[    0.163569] NET: Registered protocol family 16
[    0.174016] cpuidle: using governor ladder
[    0.186004] cpuidle: using governor menu
[    0.186006] PCCT header not found.
[    0.186070] ACPI: bus type PCI registered
[    0.186071] acpiphp: ACPI Hot Plug PCI Controller Driver version: 0.5
[    0.186121] PCI: MMCONFIG for domain 0000 [bus 00-3f] at [mem 0xf8000000-0xfbffffff] (base 0xf8000000)
[    0.186122] PCI: not using MMCONFIG
[    0.186123] PCI: Using configuration type 1 for base access
[    0.186128] dmi type 0xB1 record - unknown flag
[    0.186306] perf_event_intel: PMU erratum BJ122, BV98, HSD29 worked around, HT is on
[    0.198247] ACPI: Added _OSI(Module Device)
[    0.198248] ACPI: Added _OSI(Processor Device)
[    0.198249] ACPI: Added _OSI(3.0 _SCP Extensions)
[    0.198250] ACPI: Added _OSI(Processor Aggregator Device)
[    0.200299] ACPI: Executed 1 blocks of module-level executable AML code
[    0.201663] [Firmware Bug]: ACPI: BIOS _OSI(Linux) query ignored
[    0.201933] ACPI: Dynamic OEM Table Load:
[    0.201937] ACPI: SSDT 0xFFFF880217043C00 0003D3 (v01 PmRef  Cpu0Cst  00003001 INTL 20120711)
[    0.202296] ACPI: Dynamic OEM Table Load:
[    0.202299] ACPI: SSDT 0xFFFF8802170E9000 0005AA (v01 PmRef  ApIst    00003000 INTL 20120711)
[    0.202679] ACPI: Dynamic OEM Table Load:
[    0.202681] ACPI: SSDT 0xFFFF8802170E4E00 000119 (v01 PmRef  ApCst    00003000 INTL 20120711)
[    0.203578] ACPI: Interpreter enabled
[    0.203583] ACPI Exception: AE_NOT_FOUND, While evaluating Sleep State [\_S1_] (20150818/hwxface-580)
[    0.203586] ACPI Exception: AE_NOT_FOUND, While evaluating Sleep State [\_S2_] (20150818/hwxface-580)
[    0.203596] ACPI: (supports S0 S3 S4 S5)
[    0.203597] ACPI: Using IOAPIC for interrupt routing
[    0.203614] PCI: MMCONFIG for domain 0000 [bus 00-3f] at [mem 0xf8000000-0xfbffffff] (base 0xf8000000)
[    0.203906] PCI: MMCONFIG at [mem 0xf8000000-0xfbffffff] reserved in ACPI motherboard resources
[    0.203911] PCI: Using host bridge windows from ACPI; if necessary, use "pci=nocrs" and report a bug
[    0.209288] ACPI: PCI Root Bridge [PCI0] (domain 0000 [bus 00-3e])
[    0.209291] acpi PNP0A08:00: _OSC: OS supports [ExtendedConfig ASPM ClockPM Segments MSI]
[    0.209633] acpi PNP0A08:00: _OSC: OS now controls [PCIeHotplug PME AER PCIeCapability]
[    0.209874] PCI host bridge to bus 0000:00
[    0.209875] pci_bus 0000:00: root bus resource [bus 00-3e]
[    0.209876] pci_bus 0000:00: root bus resource [io  0x0000-0x0cf7 window]
[    0.209877] pci_bus 0000:00: root bus resource [io  0x0d00-0xffff window]
[    0.209878] pci_bus 0000:00: root bus resource [mem 0x000a0000-0x000bffff window]
[    0.209879] pci_bus 0000:00: root bus resource [mem 0x000dc000-0x000dffff window]
[    0.209880] pci_bus 0000:00: root bus resource [mem 0x000e0000-0x000e3fff window]
[    0.209881] pci_bus 0000:00: root bus resource [mem 0x000e4000-0x000e7fff window]
[    0.209882] pci_bus 0000:00: root bus resource [mem 0xe0000000-0xfeafffff window]
[    0.209886] pci 0000:00:00.0: [8086:0c00] type 00 class 0x060000
[    0.209938] pci 0000:00:01.0: [8086:0c01] type 01 class 0x060400
[    0.209958] pci 0000:00:01.0: PME# supported from D0 D3hot D3cold
[    0.210004] pci 0000:00:01.0: System wakeup disabled by ACPI
[    0.210052] pci 0000:00:14.0: [8086:8c31] type 00 class 0x0c0330
[    0.210074] pci 0000:00:14.0: reg 0x10: [mem 0xf7120000-0xf712ffff 64bit]
[    0.210113] pci 0000:00:14.0: PME# supported from D3hot D3cold
[    0.210136] pci 0000:00:14.0: System wakeup disabled by ACPI
[    0.210159] pci 0000:00:16.0: [8086:8c3a] type 00 class 0x078000
[    0.210181] pci 0000:00:16.0: reg 0x10: [mem 0xf713c000-0xf713c00f 64bit]
[    0.210222] pci 0000:00:16.0: PME# supported from D0 D3hot D3cold
[    0.210269] pci 0000:00:19.0: [8086:153a] type 00 class 0x020000
[    0.210290] pci 0000:00:19.0: reg 0x10: [mem 0xf7100000-0xf711ffff]
[    0.210296] pci 0000:00:19.0: reg 0x14: [mem 0xf7139000-0xf7139fff]
[    0.210303] pci 0000:00:19.0: reg 0x18: [io  0xf040-0xf05f]
[    0.210339] pci 0000:00:19.0: PME# supported from D0 D3hot D3cold
[    0.210360] pci 0000:00:19.0: System wakeup disabled by ACPI
[    0.210385] pci 0000:00:1a.0: [8086:8c2d] type 00 class 0x0c0320
[    0.210408] pci 0000:00:1a.0: reg 0x10: [mem 0xf7138000-0xf71383ff]
[    0.210464] pci 0000:00:1a.0: PME# supported from D0 D3hot D3cold
[    0.210487] pci 0000:00:1a.0: System wakeup disabled by ACPI
[    0.210511] pci 0000:00:1b.0: [8086:8c20] type 00 class 0x040300
[    0.210532] pci 0000:00:1b.0: reg 0x10: [mem 0xf7130000-0xf7133fff 64bit]
[    0.210575] pci 0000:00:1b.0: PME# supported from D0 D3hot D3cold
[    0.210599] pci 0000:00:1b.0: System wakeup disabled by ACPI
[    0.210621] pci 0000:00:1c.0: [8086:8c10] type 01 class 0x060400
[    0.210668] pci 0000:00:1c.0: PME# supported from D0 D3hot D3cold
[    0.210709] pci 0000:00:1c.0: System wakeup disabled by ACPI
[    0.210732] pci 0000:00:1c.1: [8086:8c12] type 01 class 0x060400
[    0.210780] pci 0000:00:1c.1: PME# supported from D0 D3hot D3cold
[    0.210819] pci 0000:00:1c.1: System wakeup disabled by ACPI
[    0.210848] pci 0000:00:1d.0: [8086:8c26] type 00 class 0x0c0320
[    0.210871] pci 0000:00:1d.0: reg 0x10: [mem 0xf7137000-0xf71373ff]
[    0.210926] pci 0000:00:1d.0: PME# supported from D0 D3hot D3cold
[    0.210950] pci 0000:00:1d.0: System wakeup disabled by ACPI
[    0.210973] pci 0000:00:1f.0: [8086:8c4e] type 00 class 0x060100
[    0.211093] pci 0000:00:1f.2: [8086:2822] type 00 class 0x010400
[    0.211110] pci 0000:00:1f.2: reg 0x10: [io  0xf090-0xf097]
[    0.211116] pci 0000:00:1f.2: reg 0x14: [io  0xf080-0xf083]
[    0.211122] pci 0000:00:1f.2: reg 0x18: [io  0xf070-0xf077]
[    0.211128] pci 0000:00:1f.2: reg 0x1c: [io  0xf060-0xf063]
[    0.211134] pci 0000:00:1f.2: reg 0x20: [io  0xf020-0xf03f]
[    0.211140] pci 0000:00:1f.2: reg 0x24: [mem 0xf7136000-0xf71367ff]
[    0.211159] pci 0000:00:1f.2: PME# supported from D3hot
[    0.211198] pci 0000:00:1f.3: [8086:8c22] type 00 class 0x0c0500
[    0.211211] pci 0000:00:1f.3: reg 0x10: [mem 0xf7135000-0xf71350ff 64bit]
[    0.211227] pci 0000:00:1f.3: reg 0x20: [io  0xf000-0xf01f]
[    0.211302] pci 0000:01:00.0: [10de:1382] type 00 class 0x030000
[    0.211320] pci 0000:01:00.0: reg 0x10: [mem 0xf6000000-0xf6ffffff]
[    0.211328] pci 0000:01:00.0: reg 0x14: [mem 0xe0000000-0xefffffff 64bit pref]
[    0.211337] pci 0000:01:00.0: reg 0x1c: [mem 0xf0000000-0xf1ffffff 64bit pref]
[    0.211343] pci 0000:01:00.0: reg 0x24: [io  0xe000-0xe07f]
[    0.211349] pci 0000:01:00.0: reg 0x30: [mem 0xf7000000-0xf707ffff pref]
[    0.211388] pci 0000:01:00.0: System wakeup disabled by ACPI
[    0.211412] pci 0000:01:00.1: [10de:0fbc] type 00 class 0x040300
[    0.211429] pci 0000:01:00.1: reg 0x10: [mem 0xf7080000-0xf7083fff]
[    0.218069] pci 0000:00:01.0: PCI bridge to [bus 01]
[    0.218071] pci 0000:00:01.0:   bridge window [io  0xe000-0xefff]
[    0.218073] pci 0000:00:01.0:   bridge window [mem 0xf6000000-0xf70fffff]
[    0.218075] pci 0000:00:01.0:   bridge window [mem 0xe0000000-0xf1ffffff 64bit pref]
[    0.218121] acpiphp: Slot [1] registered
[    0.218127] pci 0000:00:1c.0: PCI bridge to [bus 02]
[    0.218191] pci 0000:03:00.0: [104c:8240] type 01 class 0x060400
[    0.218299] pci 0000:03:00.0: supports D1 D2
[    0.218319] pci 0000:03:00.0: System wakeup disabled by ACPI
[    0.226070] pci 0000:00:1c.1: PCI bridge to [bus 03-04]
[    0.226195] pci 0000:03:00.0: PCI bridge to [bus 04]
[    0.226661] ACPI: PCI Interrupt Link [LNKA] (IRQs 3 4 5 6 10 *11 12 14 15)
[    0.226693] ACPI: PCI Interrupt Link [LNKB] (IRQs 3 4 5 6 *10 11 12 14 15)
[    0.226722] ACPI: PCI Interrupt Link [LNKC] (IRQs 3 4 *5 6 10 11 12 14 15)
[    0.226751] ACPI: PCI Interrupt Link [LNKD] (IRQs 3 4 *5 6 10 11 12 14 15)
[    0.226780] ACPI: PCI Interrupt Link [LNKE] (IRQs *3 4 5 6 10 11 12 14 15)
[    0.226808] ACPI: PCI Interrupt Link [LNKF] (IRQs 3 4 5 6 10 11 12 14 15) *0, disabled.
[    0.226837] ACPI: PCI Interrupt Link [LNKG] (IRQs 3 4 5 6 10 *11 12 14 15)
[    0.226865] ACPI: PCI Interrupt Link [LNKH] (IRQs 3 4 5 6 *10 11 12 14 15)
[    0.226968] ACPI: Enabled 6 GPEs in block 00 to 3F
[    0.227038] vgaarb: setting as boot device: PCI:0000:01:00.0
[    0.227039] vgaarb: device added: PCI:0000:01:00.0,decodes=io+mem,owns=io+mem,locks=none
[    0.227040] vgaarb: loaded
[    0.227040] vgaarb: bridge control possible 0000:01:00.0
[    0.227168] SCSI subsystem initialized
[    0.227188] libata version 3.00 loaded.
[    0.227202] ACPI: bus type USB registered
[    0.227212] usbcore: registered new interface driver usbfs
[    0.227217] usbcore: registered new interface driver hub
[    0.227227] usbcore: registered new device driver usb
[    0.227306] PCI: Using ACPI for IRQ routing
[    0.228445] PCI: pci_cache_line_size set to 64 bytes
[    0.228484] Expanded resource Persistent Memory (legacy) due to conflict with PCI Bus 0000:00
[    0.228485] Expanded resource Persistent Memory (legacy) due to conflict with Persistent Memory (legacy)
[    0.228487] e820: reserve RAM buffer [mem 0x00091800-0x0009ffff]
[    0.228488] e820: reserve RAM buffer [mem 0x21e000000-0x21fffffff]
[    0.228556] NetLabel: Initializing
[    0.228557] NetLabel:  domain hash size = 128
[    0.228557] NetLabel:  protocols = UNLABELED CIPSOv4
[    0.228564] NetLabel:  unlabeled traffic allowed by default
[    0.228605] hpet0: at MMIO 0xfed00000, IRQs 2, 8, 0, 0, 0, 0, 0, 0
[    0.228608] hpet0: 8 comparators, 64-bit 14.318180 MHz counter
[    0.230627] clocksource: Switched to clocksource hpet
[    0.234075] AppArmor: AppArmor Filesystem Enabled
[    0.234107] pnp: PnP ACPI init
[    0.234149] system 00:00: [mem 0xfed40000-0xfed44fff] has been reserved
[    0.234151] system 00:00: Plug and Play ACPI device, IDs PNP0c01 (active)
[    0.234240] system 00:01: [io  0x0680-0x069f] has been reserved
[    0.234242] system 00:01: [io  0xffff] has been reserved
[    0.234242] system 00:01: [io  0xffff] has been reserved
[    0.234243] system 00:01: [io  0xffff] has been reserved
[    0.234244] system 00:01: [io  0x1c00-0x1cfe] has been reserved
[    0.234245] system 00:01: [io  0x1d00-0x1dfe] has been reserved
[    0.234246] system 00:01: [io  0x1e00-0x1efe] has been reserved
[    0.234247] system 00:01: [io  0x1f00-0x1ffe] has been reserved
[    0.234248] system 00:01: [io  0x1800-0x18fe] could not be reserved
[    0.234249] system 00:01: [io  0x164e-0x164f] has been reserved
[    0.234250] system 00:01: Plug and Play ACPI device, IDs PNP0c02 (active)
[    0.234263] pnp 00:02: Plug and Play ACPI device, IDs PNP0b00 (active)
[    0.234287] system 00:03: [io  0x1854-0x1857] has been reserved
[    0.234289] system 00:03: Plug and Play ACPI device, IDs INT3f0d PNP0c02 (active)
[    0.234339] system 00:04: [io  0x0a00-0x0a0f] has been reserved
[    0.234340] system 00:04: Plug and Play ACPI device, IDs PNP0c02 (active)
[    0.234366] system 00:05: [io  0x04d0-0x04d1] has been reserved
[    0.234367] system 00:05: Plug and Play ACPI device, IDs PNP0c02 (active)
[    0.234674] pnp 00:06: [dma 0 disabled]
[    0.234699] pnp 00:06: Plug and Play ACPI device, IDs PNP0501 (active)
[    0.234918] system 00:07: [mem 0xfed1c000-0xfed1ffff] has been reserved
[    0.234919] system 00:07: [mem 0xfed10000-0xfed17fff] has been reserved
[    0.234920] system 00:07: [mem 0xfed18000-0xfed18fff] has been reserved
[    0.234921] system 00:07: [mem 0xfed19000-0xfed19fff] has been reserved
[    0.234922] system 00:07: [mem 0xf8000000-0xfbffffff] has been reserved
[    0.234923] system 00:07: [mem 0xfed20000-0xfed3ffff] has been reserved
[    0.234924] system 00:07: [mem 0xfed90000-0xfed93fff] could not be reserved
[    0.234925] system 00:07: [mem 0xfed45000-0xfed8ffff] has been reserved
[    0.234926] system 00:07: [mem 0xff000000-0xffffffff] has been reserved
[    0.234928] system 00:07: [mem 0xfee00000-0xfeefffff] could not be reserved
[    0.234929] system 00:07: [mem 0xf7fdf000-0xf7fdffff] has been reserved
[    0.234930] system 00:07: [mem 0xf7fe0000-0xf7feffff] has been reserved
[    0.234931] system 00:07: Plug and Play ACPI device, IDs PNP0c02 (active)
[    0.235044] pnp: PnP ACPI: found 8 devices
[    0.240708] clocksource: acpi_pm: mask: 0xffffff max_cycles: 0xffffff, max_idle_ns: 2085701024 ns
[    0.240737] pci 0000:00:01.0: PCI bridge to [bus 01]
[    0.240739] pci 0000:00:01.0:   bridge window [io  0xe000-0xefff]
[    0.240740] pci 0000:00:01.0:   bridge window [mem 0xf6000000-0xf70fffff]
[    0.240742] pci 0000:00:01.0:   bridge window [mem 0xe0000000-0xf1ffffff 64bit pref]
[    0.240744] pci 0000:00:1c.0: PCI bridge to [bus 02]
[    0.240753] pci 0000:03:00.0: PCI bridge to [bus 04]
[    0.240769] pci 0000:00:1c.1: PCI bridge to [bus 03-04]
[    0.240778] pci_bus 0000:00: resource 4 [io  0x0000-0x0cf7 window]
[    0.240779] pci_bus 0000:00: resource 5 [io  0x0d00-0xffff window]
[    0.240780] pci_bus 0000:00: resource 6 [mem 0x000a0000-0x000bffff window]
[    0.240781] pci_bus 0000:00: resource 7 [mem 0x000dc000-0x000dffff window]
[    0.240782] pci_bus 0000:00: resource 8 [mem 0x000e0000-0x000e3fff window]
[    0.240783] pci_bus 0000:00: resource 9 [mem 0x000e4000-0x000e7fff window]
[    0.240784] pci_bus 0000:00: resource 10 [mem 0xe0000000-0xfeafffff window]
[    0.240785] pci_bus 0000:01: resource 0 [io  0xe000-0xefff]
[    0.240785] pci_bus 0000:01: resource 1 [mem 0xf6000000-0xf70fffff]
[    0.240786] pci_bus 0000:01: resource 2 [mem 0xe0000000-0xf1ffffff 64bit pref]
[    0.240806] NET: Registered protocol family 2
[    0.240904] TCP established hash table entries: 65536 (order: 7, 524288 bytes)
[    0.240992] TCP bind hash table entries: 65536 (order: 8, 1048576 bytes)
[    0.241097] TCP: Hash tables configured (established 65536 bind 65536)
[    0.241113] UDP hash table entries: 4096 (order: 5, 131072 bytes)
[    0.241133] UDP-Lite hash table entries: 4096 (order: 5, 131072 bytes)
[    0.241170] NET: Registered protocol family 1
[    0.278654] pci 0000:01:00.0: Video device with shadowed ROM
[    0.278664] PCI: CLS 64 bytes, default 64
[    0.278694] Trying to unpack rootfs image as initramfs...
[    2.911660] Freeing initrd memory: 280844K (ffff880015b6a000 - ffff880026dad000)
[    2.911686] PCI-DMA: Using software bounce buffering for IO (SWIOTLB)
[    2.911688] software IO TLB [mem 0x7c000000-0x80000000] (64MB) mapped at [ffff88007c000000-ffff88007fffffff]
[    2.911737] RAPL PMU detected, API unit is 2^-32 Joules, 4 fixed counters 655360 ms ovfl timer
[    2.911737] hw unit of domain pp0-core 2^-14 Joules
[    2.911738] hw unit of domain package 2^-14 Joules
[    2.911738] hw unit of domain dram 2^-14 Joules
[    2.911739] hw unit of domain pp1-gpu 2^-14 Joules
[    2.911834] microcode: CPU0 sig=0x306c3, pf=0x2, revision=0x1c
[    2.911839] microcode: CPU1 sig=0x306c3, pf=0x2, revision=0x1c
[    2.911843] microcode: CPU2 sig=0x306c3, pf=0x2, revision=0x1c
[    2.911848] microcode: CPU3 sig=0x306c3, pf=0x2, revision=0x1c
[    2.911855] microcode: CPU4 sig=0x306c3, pf=0x2, revision=0x1c
[    2.911861] microcode: CPU5 sig=0x306c3, pf=0x2, revision=0x1c
[    2.911865] microcode: CPU6 sig=0x306c3, pf=0x2, revision=0x1c
[    2.911870] microcode: CPU7 sig=0x306c3, pf=0x2, revision=0x1c
[    2.911904] microcode: Microcode Update Driver: v2.00 <tigran@aivazian.fsnet.co.uk>, Peter Oruba
[    2.911926] Scanning for low memory corruption every 60 seconds
[    2.912139] futex hash table entries: 2048 (order: 5, 131072 bytes)
[    2.912164] audit: initializing netlink subsys (disabled)
[    2.912173] audit: type=2000 audit(1517559224.896:1): initialized
[    2.912387] Initialise system trusted keyring
[    2.912430] HugeTLB registered 1 GB page size, pre-allocated 0 pages
[    2.912430] HugeTLB registered 2 MB page size, pre-allocated 0 pages
[    2.913235] zbud: loaded
[    2.913351] VFS: Disk quotas dquot_6.6.0
[    2.913369] VFS: Dquot-cache hash table entries: 512 (order 0, 4096 bytes)
[    2.913508] squashfs: version 4.0 (2009/01/31) Phillip Lougher
[    2.913628] fuse init (API version 7.23)
[    2.913742] Key type big_key registered
[    2.914584] Key type asymmetric registered
[    2.914587] Asymmetric key parser 'x509' registered
[    2.914598] Block layer SCSI generic (bsg) driver version 0.4 loaded (major 249)
[    2.914624] io scheduler noop registered
[    2.914627] io scheduler deadline registered (default)
[    2.914647] io scheduler cfq registered
[    2.915078] pcieport 0000:00:01.0: Signaling PME through PCIe PME interrupt
[    2.915079] pci 0000:01:00.0: Signaling PME through PCIe PME interrupt
[    2.915080] pci 0000:01:00.1: Signaling PME through PCIe PME interrupt
[    2.915082] pcie_pme 0000:00:01.0:pcie01: service driver pcie_pme loaded
[    2.915096] pcieport 0000:00:1c.0: Signaling PME through PCIe PME interrupt
[    2.915099] pcie_pme 0000:00:1c.0:pcie01: service driver pcie_pme loaded
[    2.915112] pcieport 0000:00:1c.1: Signaling PME through PCIe PME interrupt
[    2.915113] pci 0000:03:00.0: Signaling PME through PCIe PME interrupt
[    2.915116] pcie_pme 0000:00:1c.1:pcie01: service driver pcie_pme loaded
[    2.915119] pci_hotplug: PCI Hot Plug PCI Core version: 0.5
[    2.915123] pciehp: PCI Express Hot Plug Controller Driver version: 0.4
[    2.915139] vesafb: mode is 1920x1080x32, linelength=7680, pages=0
[    2.915139] vesafb: scrolling: redraw
[    2.915140] vesafb: Truecolor: size=8:8:8:8, shift=24:16:8:0
[    2.915147] vesafb: framebuffer at 0xf1000000, mapped to 0xffffc90001000000, using 8128k, total 8128k
[    3.015814] Console: switching to colour frame buffer device 240x67
[    3.116057] fb0: VESA VGA frame buffer device
[    3.116067] intel_idle: MWAIT substates: 0x42120
[    3.116067] intel_idle: v0.4 model 0x3C
[    3.116068] intel_idle: lapic_timer_reliable_states 0xffffffff
[    3.116309] input: Power Button as /devices/LNXSYSTM:00/LNXSYBUS:00/PNP0C0C:00/input/input0
[    3.116311] ACPI: Power Button [PWRB]
[    3.116331] input: Power Button as /devices/LNXSYSTM:00/LNXPWRBN:00/input/input1
[    3.116332] ACPI: Power Button [PWRF]
[    3.116573] ACPI: Invalid active0 threshold
[    3.116625] thermal LNXTHERM:00: registered as thermal_zone0
[    3.116626] ACPI: Thermal Zone [TZ00] (28 C)
[    3.116727] thermal LNXTHERM:01: registered as thermal_zone1
[    3.116728] ACPI: Thermal Zone [TZ01] (30 C)
[    3.116749] GHES: HEST is not enabled!
[    3.116808] Serial: 8250/16550 driver, 32 ports, IRQ sharing enabled
[    3.137379] 00:06: ttyS0 at I/O 0x3f8 (irq = 4, base_baud = 115200) is a 16550A
[    3.138350] Linux agpgart interface v0.103
[    3.140316] brd: module loaded
[    3.141170] loop: module loaded
[    3.141423] libphy: Fixed MDIO Bus: probed
[    3.141426] tun: Universal TUN/TAP device driver, 1.6
[    3.141426] tun: (C) 1999-2004 Max Krasnyansky <maxk@qualcomm.com>
[    3.141482] PPP generic driver version 2.4.2
[    3.141649] xhci_hcd 0000:00:14.0: xHCI Host Controller
[    3.141655] xhci_hcd 0000:00:14.0: new USB bus registered, assigned bus number 1
[    3.141731] xhci_hcd 0000:00:14.0: hcc params 0x200077c1 hci version 0x100 quirks 0x00009810
[    3.141736] xhci_hcd 0000:00:14.0: cache line size of 64 is not supported
[    3.141838] usb usb1: New USB device found, idVendor=1d6b, idProduct=0002
[    3.141839] usb usb1: New USB device strings: Mfr=3, Product=2, SerialNumber=1
[    3.141840] usb usb1: Product: xHCI Host Controller
[    3.141841] usb usb1: Manufacturer: Linux 4.3.0 xhci-hcd
[    3.141841] usb usb1: SerialNumber: 0000:00:14.0
[    3.142028] hub 1-0:1.0: USB hub found
[    3.142043] hub 1-0:1.0: 15 ports detected
[    3.144407] xhci_hcd 0000:00:14.0: xHCI Host Controller
[    3.144409] xhci_hcd 0000:00:14.0: new USB bus registered, assigned bus number 2
[    3.144435] usb usb2: New USB device found, idVendor=1d6b, idProduct=0003
[    3.144436] usb usb2: New USB device strings: Mfr=3, Product=2, SerialNumber=1
[    3.144437] usb usb2: Product: xHCI Host Controller
[    3.144438] usb usb2: Manufacturer: Linux 4.3.0 xhci-hcd
[    3.144438] usb usb2: SerialNumber: 0000:00:14.0
[    3.144495] hub 2-0:1.0: USB hub found
[    3.144505] hub 2-0:1.0: 6 ports detected
[    3.145167] ehci_hcd: USB 2.0 'Enhanced' Host Controller (EHCI) Driver
[    3.145171] ehci-pci: EHCI PCI platform driver
[    3.145225] ehci-pci 0000:00:1a.0: EHCI Host Controller
[    3.145227] ehci-pci 0000:00:1a.0: new USB bus registered, assigned bus number 3
[    3.145236] ehci-pci 0000:00:1a.0: debug port 2
[    3.149118] ehci-pci 0000:00:1a.0: cache line size of 64 is not supported
[    3.149128] ehci-pci 0000:00:1a.0: irq 16, io mem 0xf7138000
[    3.157579] ehci-pci 0000:00:1a.0: USB 2.0 started, EHCI 1.00
[    3.157605] usb usb3: New USB device found, idVendor=1d6b, idProduct=0002
[    3.157606] usb usb3: New USB device strings: Mfr=3, Product=2, SerialNumber=1
[    3.157607] usb usb3: Product: EHCI Host Controller
[    3.157608] usb usb3: Manufacturer: Linux 4.3.0 ehci_hcd
[    3.157608] usb usb3: SerialNumber: 0000:00:1a.0
[    3.157670] hub 3-0:1.0: USB hub found
[    3.157673] hub 3-0:1.0: 2 ports detected
[    3.157789] ehci-pci 0000:00:1d.0: EHCI Host Controller
[    3.157792] ehci-pci 0000:00:1d.0: new USB bus registered, assigned bus number 4
[    3.157800] ehci-pci 0000:00:1d.0: debug port 2
[    3.161686] ehci-pci 0000:00:1d.0: cache line size of 64 is not supported
[    3.161695] ehci-pci 0000:00:1d.0: irq 23, io mem 0xf7137000
[    3.173637] ehci-pci 0000:00:1d.0: USB 2.0 started, EHCI 1.00
[    3.173674] usb usb4: New USB device found, idVendor=1d6b, idProduct=0002
[    3.173675] usb usb4: New USB device strings: Mfr=3, Product=2, SerialNumber=1
[    3.173676] usb usb4: Product: EHCI Host Controller
[    3.173677] usb usb4: Manufacturer: Linux 4.3.0 ehci_hcd
[    3.173678] usb usb4: SerialNumber: 0000:00:1d.0
[    3.173780] hub 4-0:1.0: USB hub found
[    3.173783] hub 4-0:1.0: 2 ports detected
[    3.173878] ehci-platform: EHCI generic platform driver
[    3.173888] ohci_hcd: USB 1.1 'Open' Host Controller (OHCI) Driver
[    3.173892] ohci-pci: OHCI PCI platform driver
[    3.173900] ohci-platform: OHCI generic platform driver
[    3.173905] uhci_hcd: USB Universal Host Controller Interface driver
[    3.173939] i8042: PNP: No PS/2 controller found. Probing ports directly.
[    3.176867] serio: i8042 KBD port at 0x60,0x64 irq 1
[    3.176870] serio: i8042 AUX port at 0x60,0x64 irq 12
[    3.176960] mousedev: PS/2 mouse device common for all mice
[    3.177050] rtc_cmos 00:02: RTC can wake from S4
[    3.177149] rtc_cmos 00:02: rtc core: registered rtc_cmos as rtc0
[    3.177174] rtc_cmos 00:02: alarms up to one month, y3k, 242 bytes nvram, hpet irqs
[    3.177179] i2c /dev entries driver
[    3.177211] device-mapper: uevent: version 1.0.3
[    3.177250] device-mapper: ioctl: 4.33.0-ioctl (2015-8-18) initialised: dm-devel@redhat.com
[    3.177257] Intel P-state driver initializing.
[    3.177521] ledtrig-cpu: registered to indicate activity on CPUs
[    3.178563] NET: Registered protocol family 10
[    3.179012] NET: Registered protocol family 17
[    3.179054] Key type dns_resolver registered
[    3.180273] registered taskstats version 1
[    3.180332] Loading compiled-in X.509 certificates
[    3.180348] Problem loading in-kernel X.509 certificate (-74)
[    3.181738] zswap: loaded using pool lzo/zbud
[    3.183202] Key type trusted registered
[    3.185773] Key type encrypted registered
[    3.185778] AppArmor: AppArmor sha1 policy hashing enabled
[    3.185781] ima: No TPM chip found, activating TPM-bypass!
[    3.185797] evm: HMAC attrs: 0x1
[    3.186094]   Magic number: 6:139:219
[    3.186142] acpi device:3d: hash matches
[    3.186213] rtc_cmos 00:02: setting system clock to 2018-02-02 08:13:45 UTC (1517559225)
[    3.186258] BIOS EDD facility v0.16 2004-Jun-25, 0 devices found
[    3.186258] EDD information not available.
[    3.186306] PM: Hibernation image not present or could not be loaded.
[    3.186539] Freeing unused kernel memory: 1456K (ffffffff81d3a000 - ffffffff81ea6000)
[    3.186540] Write protecting the kernel read-only data: 12288k
[    3.186667] Freeing unused kernel memory: 36K (ffff8800017f7000 - ffff880001800000)
[    3.186734] Freeing unused kernel memory: 216K (ffff880001bca000 - ffff880001c00000)
[    3.192453] random: systemd-udevd urandom read with 4 bits of entropy available
[    3.210479] video: module verification failed: signature and/or required key missing - tainting kernel
[    3.212311] FUJITSU Extended Socket Network Device Driver - version 1.0 - Copyright (c) 2015 FUJITSU LIMITED
[    3.220804] pps_core: LinuxPPS API ver. 1 registered
[    3.220806] pps_core: Software ver. 5.3.6 - Copyright 2005-2007 Rodolfo Giometti <giometti@linux.it>
[    3.223748] PTP clock support registered
[    3.224808] ahci 0000:00:1f.2: version 3.0
[    3.224929] ahci 0000:00:1f.2: AHCI 0001.0300 32 slots 6 ports 6 Gbps 0x5 impl RAID mode
[    3.224931] ahci 0000:00:1f.2: flags: 64bit ncq pm led clo pio slum part ems apst 
[    3.230180] scsi host0: ahci
[    3.230268] scsi host1: ahci
[    3.230341] scsi host2: ahci
[    3.230414] scsi host3: ahci
[    3.230482] scsi host4: ahci
[    3.230549] scsi host5: ahci
[    3.230588] ata1: SATA max UDMA/133 abar m2048@0xf7136000 port 0xf7136100 irq 29
[    3.230589] ata2: DUMMY
[    3.230592] ata3: SATA max UDMA/133 abar m2048@0xf7136000 port 0xf7136200 irq 29
[    3.230593] ata4: DUMMY
[    3.230593] ata5: DUMMY
[    3.230594] ata6: DUMMY
[    3.242378] e1000e: Intel(R) PRO/1000 Network Driver - 3.2.6-k
[    3.242380] e1000e: Copyright(c) 1999 - 2015 Intel Corporation.
[    3.242489] e1000e 0000:00:19.0: Interrupt Throttling Rate (ints/sec) set to dynamic conservative mode
[    3.253861] [drm] Initialized drm 1.1.0 20060810
[    3.277410] wmi: Mapper loaded
[    3.416196] e1000e 0000:00:19.0 eth0: registered PHC clock
[    3.416198] e1000e 0000:00:19.0 eth0: (PCI Express:2.5GT/s:Width x1) 98:90:96:c1:6b:85
[    3.416199] e1000e 0000:00:19.0 eth0: Intel(R) PRO/1000 Network Connection
[    3.416249] e1000e 0000:00:19.0 eth0: MAC: 11, PHY: 12, PBA No: FFFFFF-0FF
[    3.416792] e1000e 0000:00:19.0 eno1: renamed from eth0
[    3.473503] usb 3-1: new high-speed USB device number 2 using ehci-pci
[    3.489490] usb 4-1: new high-speed USB device number 2 using ehci-pci
[    3.549480] ata1: SATA link up 6.0 Gbps (SStatus 133 SControl 300)
[    3.549510] ata3: SATA link up 1.5 Gbps (SStatus 113 SControl 300)
[    3.550263] ata1.00: ATA-9: ST1000DM003-1ER162, CC45, max UDMA/133
[    3.550265] ata1.00: 1953525168 sectors, multi 16: LBA48 NCQ (depth 31/32), AA
[    3.550941] ata1.00: configured for UDMA/133
[    3.551209] scsi 0:0:0:0: Direct-Access     ATA      ST1000DM003-1ER1 CC45 PQ: 0 ANSI: 5
[    3.551461] sd 0:0:0:0: [sda] 1953525168 512-byte logical blocks: (1.00 TB/931 GiB)
[    3.551463] sd 0:0:0:0: [sda] 4096-byte physical blocks
[    3.551465] sd 0:0:0:0: Attached scsi generic sg0 type 0
[    3.551499] ata3.00: ATAPI: HL-DT-ST DVD+/-RW GHB0N, A1B1, max UDMA/100
[    3.551525] sd 0:0:0:0: [sda] Write Protect is off
[    3.551527] sd 0:0:0:0: [sda] Mode Sense: 00 3a 00 00
[    3.551553] sd 0:0:0:0: [sda] Write cache: enabled, read cache: enabled, doesn't support DPO or FUA
[    3.552949] ata3.00: configured for UDMA/100
[    3.567606] scsi 2:0:0:0: CD-ROM            HL-DT-ST DVD+-RW GHB0N    A1B1 PQ: 0 ANSI: 5
[    3.598963]  sda: sda1 sda2 < sda5 sda6 sda7 >
[    3.599532] sd 0:0:0:0: [sda] Attached SCSI disk
[    3.600947] sr 2:0:0:0: [sr0] scsi3-mmc drive: 48x/12x writer dvd-ram cd/rw xa/form2 cdda tray
[    3.600948] cdrom: Uniform CD-ROM driver Revision: 3.20
[    3.601077] sr 2:0:0:0: Attached scsi CD-ROM sr0
[    3.601125] sr 2:0:0:0: Attached scsi generic sg1 type 5
[    3.613762] usb 3-1: New USB device found, idVendor=8087, idProduct=8008
[    3.613764] usb 3-1: New USB device strings: Mfr=0, Product=0, SerialNumber=0
[    3.614035] hub 3-1:1.0: USB hub found
[    3.614131] hub 3-1:1.0: 6 ports detected
[    3.621709] checking generic (f1000000 7f0000) vs hw (e0000000 10000000)
[    3.621711] checking generic (f1000000 7f0000) vs hw (f0000000 2000000)
[    3.621712] fb: switching to nouveaufb from VESA VGA
[    3.621725] Console: switching to colour dummy device 80x25
[    3.621748] usb 4-1: New USB device found, idVendor=8087, idProduct=8000
[    3.621749] usb 4-1: New USB device strings: Mfr=0, Product=0, SerialNumber=0
[    3.621826] nouveau 0000:01:00.0: NVIDIA GM107 (117020a2)
[    3.621898] hub 4-1:1.0: USB hub found
[    3.622015] hub 4-1:1.0: 8 ports detected
[    3.736210] nouveau 0000:01:00.0: bios: version 82.07.32.00.04
[    3.736947] nouveau 0000:01:00.0: fb: 4096 MiB DDR3
[    3.897390] usb 3-1.3: new high-speed USB device number 3 using ehci-pci
[    3.909331] tsc: Refined TSC clocksource calibration: 3591.685 MHz
[    3.909333] clocksource: tsc: mask: 0xffffffffffffffff max_cycles: 0x33c5a4a1808, max_idle_ns: 440795387438 ns
[    3.990372] usb 3-1.3: New USB device found, idVendor=0781, idProduct=5590
[    3.990374] usb 3-1.3: New USB device strings: Mfr=1, Product=2, SerialNumber=3
[    3.990375] usb 3-1.3: Product: Ultra
[    3.990376] usb 3-1.3: Manufacturer: SanDisk
[    3.990377] usb 3-1.3: SerialNumber: 4C531001570114103552
[    3.999022] usb-storage 3-1.3:1.0: USB Mass Storage device detected
[    3.999273] scsi host6: usb-storage 3-1.3:1.0
[    3.999326] usbcore: registered new interface driver usb-storage
[    4.001252] usbcore: registered new interface driver uas
[    4.061257] usb 3-1.4: new full-speed USB device number 4 using ehci-pci
[    4.155443] usb 3-1.4: New USB device found, idVendor=0483, idProduct=5710
[    4.155445] usb 3-1.4: New USB device strings: Mfr=1, Product=2, SerialNumber=0
[    4.155446] usb 3-1.4: Product: USB KB
[    4.155447] usb 3-1.4: Manufacturer: STMicroelectronics
[    4.164732] hidraw: raw HID events driver (C) Jiri Kosina
[    4.172764] usbcore: registered new interface driver usbhid
[    4.172766] usbhid: USB HID core driver
[    4.174921] input: STMicroelectronics USB KB as /devices/pci0000:00/0000:00:1a.0/usb3/3-1/3-1.4/3-1.4:1.0/0003:0483:5710.0001/input/input5
[    4.225196] usb 3-1.5: new full-speed USB device number 5 using ehci-pci
[    4.229358] hid-generic 0003:0483:5710.0001: input,hidraw0: USB HID v1.11 Keyboard [STMicroelectronics USB KB] on usb-0000:00:1a.0-1.4/input0
[    4.230365] input: STMicroelectronics USB KB as /devices/pci0000:00/0000:00:1a.0/usb3/3-1/3-1.4/3-1.4:1.1/0003:0483:5710.0002/input/input6
[    4.285408] hid-generic 0003:0483:5710.0002: input,hidraw1: USB HID v1.11 Keyboard [STMicroelectronics USB KB] on usb-0000:00:1a.0-1.4/input1
[    4.320252] usb 3-1.5: New USB device found, idVendor=046d, idProduct=c52f
[    4.320254] usb 3-1.5: New USB device strings: Mfr=1, Product=2, SerialNumber=0
[    4.320255] usb 3-1.5: Product: USB Receiver
[    4.320256] usb 3-1.5: Manufacturer: Logitech
[    4.322116] input: Logitech USB Receiver as /devices/pci0000:00/0000:00:1a.0/usb3/3-1/3-1.5/3-1.5:1.0/0003:046D:C52F.0003/input/input7
[    4.322286] hid-generic 0003:046D:C52F.0003: input,hidraw2: USB HID v1.11 Mouse [Logitech USB Receiver] on usb-0000:00:1a.0-1.5/input0
[    4.324308] input: Logitech USB Receiver as /devices/pci0000:00/0000:00:1a.0/usb3/3-1/3-1.5/3-1.5:1.1/0003:046D:C52F.0004/input/input8
[    4.377389] hid-generic 0003:046D:C52F.0004: input,hiddev0,hidraw3: USB HID v1.11 Device [Logitech USB Receiver] on usb-0000:00:1a.0-1.5/input1
[    4.936968] clocksource: Switched to clocksource tsc
[    5.017397] scsi 6:0:0:0: Direct-Access     SanDisk  Ultra            1.00 PQ: 0 ANSI: 6
[    5.037110] [TTM] Zone  kernel: Available graphics memory: 2264764 kiB
[    5.037111] [TTM] Zone   dma32: Available graphics memory: 2097152 kiB
[    5.037112] [TTM] Initializing pool allocator
[    5.037116] [TTM] Initializing DMA pool allocator
[    5.037133] nouveau 0000:01:00.0: DRM: VRAM: 4096 MiB
[    5.037134] nouveau 0000:01:00.0: DRM: GART: 1048576 MiB
[    5.037136] nouveau 0000:01:00.0: DRM: TMDS table version 2.0
[    5.037137] nouveau 0000:01:00.0: DRM: DCB version 4.0
[    5.037138] nouveau 0000:01:00.0: DRM: DCB outp 00: 01000f02 00020030
[    5.037140] nouveau 0000:01:00.0: DRM: DCB outp 01: 02011f62 0f420010
[    5.037140] nouveau 0000:01:00.0: DRM: DCB outp 02: 02022f10 00000000
[    5.037141] nouveau 0000:01:00.0: DRM: DCB conn 00: 00001031
[    5.037142] nouveau 0000:01:00.0: DRM: DCB conn 01: 00002161
[    5.037143] nouveau 0000:01:00.0: DRM: DCB conn 02: 00000200
[    5.037256] sd 6:0:0:0: Attached scsi generic sg2 type 0
[    5.037892] sd 6:0:0:0: [sdb] 30375936 512-byte logical blocks: (15.5 GB/14.4 GiB)
[    5.038891] sd 6:0:0:0: [sdb] Write Protect is off
[    5.038906] sd 6:0:0:0: [sdb] Mode Sense: 43 00 00 00
[    5.039877] sd 6:0:0:0: [sdb] Write cache: disabled, read cache: enabled, doesn't support DPO or FUA
[    5.044752]  sdb: sdb4
[    5.048120] sd 6:0:0:0: [sdb] Attached SCSI removable disk
[    5.050967] [drm] Supports vblank timestamp caching Rev 2 (21.10.2013).
[    5.050969] [drm] Driver supports precise vblank timestamp query.
[    5.134972] nouveau 0000:01:00.0: DRM: MM: using COPY for buffer copies
[    5.267352] nouveau 0000:01:00.0: DRM: allocated 1920x1080 fb: 0x60000, bo ffff8800268ed000
[    5.267401] fbcon: nouveaufb (fb0) is primary device
[    5.502996] Console: switching to colour frame buffer device 240x67
[    5.504560] nouveau 0000:01:00.0: fb0: nouveaufb frame buffer device
[    5.512732] [drm] Initialized nouveau 1.3.0 20120801 for 0000:01:00.0 on minor 0
[    5.604020] EXT4-fs (sda7): mounted filesystem with ordered data mode. Opts: (null)
[    6.089620] random: nonblocking pool is initialized
[    6.316594] systemd[1]: systemd 229 running in system mode. (+PAM +AUDIT +SELINUX +IMA +APPARMOR +SMACK +SYSVINIT +UTMP +LIBCRYPTSETUP +GCRYPT +GNUTLS +ACL +XZ -LZ4 +SECCOMP +BLKID +ELFUTILS +KMOD -IDN)
[    6.316707] systemd[1]: Detected architecture x86-64.
[    6.323248] systemd[1]: Set hostname to <cxdafs-OptiPlex-9020>.
[    6.967663] systemd[1]: Listening on fsck to fsckd communication Socket.
[    6.967762] systemd[1]: Set up automount Arbitrary Executable File Formats File System Automount Point.
[    6.967780] systemd[1]: Listening on Syslog Socket.
[    6.967829] systemd[1]: Created slice User and Session Slice.
[    6.967843] systemd[1]: Listening on udev Kernel Socket.
[    6.967849] systemd[1]: Reached target Encrypted Volumes.
[    6.967860] systemd[1]: Listening on Journal Socket (/dev/log).
[    6.967874] systemd[1]: Listening on udev Control Socket.
[    6.967878] systemd[1]: Reached target Remote File Systems (Pre).
[    6.967897] systemd[1]: Started Forward Password Requests to Wall Directory Watch.
[    6.967902] systemd[1]: Reached target User and Group Name Lookups.
[    6.967916] systemd[1]: Listening on Journal Socket.
[    6.967927] systemd[1]: Reached target Remote File Systems.
[    6.967941] systemd[1]: Listening on /dev/initctl Compatibility Named Pipe.
[    6.967974] systemd[1]: Listening on Journal Audit Socket.
[    6.968010] systemd[1]: Created slice System Slice.
[    6.968240] systemd[1]: Started Braille Device Support.
[    6.968561] systemd[1]: Mounting Debug File System...
[    6.968809] systemd[1]: Starting Create list of required static device nodes for the current kernel...
[    6.969027] systemd[1]: Starting Uncomplicated firewall...
[    6.969235] systemd[1]: Mounting POSIX Message Queue File System...
[    6.972591] systemd[1]: Mounting Huge Pages File System...
[    6.972806] systemd[1]: Starting Journal Service...
[    6.973004] systemd[1]: Starting Set console keymap...
[    6.973201] systemd[1]: Started Read required files in advance.
[    6.974542] systemd[1]: Starting Load Kernel Modules...
[    6.974549] systemd[1]: Reached target Slices.
[    7.066674] systemd[1]: Started Uncomplicated firewall.
[    7.174883] systemd[1]: Started Create list of required static device nodes for the current kernel.
[    7.175149] systemd[1]: Starting Create Static Device Nodes in /dev...
[    7.312598] systemd[1]: Mounted POSIX Message Queue File System.
[    7.312622] systemd[1]: Mounted Debug File System.
[    7.312634] systemd[1]: Mounted Huge Pages File System.
[    7.487625] systemd[1]: Started Journal Service.
[    7.533304] lp: driver loaded but no devices found
[    7.788185] ppdev: user-space parallel port driver
[    8.490815] EXT4-fs (sda7): re-mounted. Opts: errors=remount-ro
[    8.571860] systemd-journald[293]: Received request to flush runtime journal from PID 1
[    9.054778] nd_pmem namespace0.0: unable to guarantee persistence of writes
[    9.055760] pmem0: detected capacity change from 0 to 1419116544
[    9.055774] nd_pmem namespace2.0: unable to guarantee persistence of writes
[    9.056752] pmem2: detected capacity change from 0 to 4407296
[    9.056767] nd_pmem namespace3.0: unable to guarantee persistence of writes
[    9.056867] pmem3: detected capacity change from 0 to 4771840
[    9.056876] nd_pmem namespace4.0: unable to guarantee persistence of writes
[    9.057034] pmem4: detected capacity change from 0 to 97263616
[    9.057044] nd_pmem namespace6.0: unable to guarantee persistence of writes
[    9.057530] pmem6: detected capacity change from 0 to 7729152
[    9.057538] nd_pmem namespace8.0: unable to guarantee persistence of writes
[    9.057643] pmem8: detected capacity change from 0 to 8052736
[    9.057674] nd_pmem namespace10.0: unable to guarantee persistence of writes
[    9.057805] pmem10: detected capacity change from 0 to 24231936
[    9.057816] nd_pmem namespace12.0: unable to guarantee persistence of writes
[    9.057925] pmem12: detected capacity change from 0 to 23138304
[    9.057936] nd_pmem namespace14.0: unable to guarantee persistence of writes
[    9.057937] nd_pmem namespace14.0: could not reserve region [0x0x00000000df000000:0x1fc00000]
[    9.057938] nd_pmem: probe of namespace14.0 failed with error -16
[    9.057974] nd_pmem namespace23.0: unable to guarantee persistence of writes
[    9.066863] pmem23: detected capacity change from 0 to 16777216
[    9.066877] nd_pmem namespace24.0: unable to guarantee persistence of writes
[    9.066977] pmem24: detected capacity change from 0 to 2147483648
[    9.385327] AVX2 version of gcm_enc/dec engaged.
[    9.385329] AES CTR mode by8 optimization enabled
[    9.432370] shpchp: Standard Hot Plug PCI Controller Driver version: 0.4
[   11.090228] intel_rapl: Found RAPL domain package
[   11.090231] intel_rapl: Found RAPL domain core
[   11.090233] intel_rapl: Found RAPL domain dram
[   11.788783] audit: type=1400 audit(1517559234.099:2): apparmor="STATUS" operation="profile_load" name="/usr/sbin/ippusbxd" pid=706 comm="apparmor_parser"
[   11.789433] audit: type=1400 audit(1517559234.099:3): apparmor="STATUS" operation="profile_load" name="/usr/lib/snapd/snap-confine" pid=703 comm="apparmor_parser"
[   11.789436] audit: type=1400 audit(1517559234.099:4): apparmor="STATUS" operation="profile_load" name="mount-namespace-capture-helper" pid=703 comm="apparmor_parser"
[   11.846950] audit: type=1400 audit(1517559234.159:5): apparmor="STATUS" operation="profile_load" name="/sbin/dhclient" pid=699 comm="apparmor_parser"
[   11.846955] audit: type=1400 audit(1517559234.159:6): apparmor="STATUS" operation="profile_load" name="/usr/lib/NetworkManager/nm-dhcp-client.action" pid=699 comm="apparmor_parser"
[   11.846958] audit: type=1400 audit(1517559234.159:7): apparmor="STATUS" operation="profile_load" name="/usr/lib/NetworkManager/nm-dhcp-helper" pid=699 comm="apparmor_parser"
[   11.846961] audit: type=1400 audit(1517559234.159:8): apparmor="STATUS" operation="profile_load" name="/usr/lib/connman/scripts/dhclient-script" pid=699 comm="apparmor_parser"
[   11.848301] audit: type=1400 audit(1517559234.159:9): apparmor="STATUS" operation="profile_load" name="/usr/sbin/cups-browsed" pid=704 comm="apparmor_parser"
[   11.848767] audit: type=1400 audit(1517559234.159:10): apparmor="STATUS" operation="profile_load" name="/usr/lib/lightdm/lightdm-guest-session" pid=698 comm="apparmor_parser"
[   11.848771] audit: type=1400 audit(1517559234.159:11): apparmor="STATUS" operation="profile_load" name="chromium" pid=698 comm="apparmor_parser"
[   11.946571] snd_hda_intel 0000:01:00.1: Disabling MSI
[   11.946575] snd_hda_intel 0000:01:00.1: Handle VGA-switcheroo audio client
[   12.144010] snd_hda_codec_realtek hdaudioC0D0: autoconfig for ALC3220: line_outs=1 (0x1b/0x0/0x0/0x0/0x0) type:line
[   12.144012] snd_hda_codec_realtek hdaudioC0D0:    speaker_outs=1 (0x14/0x0/0x0/0x0/0x0)
[   12.144013] snd_hda_codec_realtek hdaudioC0D0:    hp_outs=1 (0x15/0x0/0x0/0x0/0x0)
[   12.144014] snd_hda_codec_realtek hdaudioC0D0:    mono: mono_out=0x0
[   12.144015] snd_hda_codec_realtek hdaudioC0D0:    inputs:
[   12.144016] snd_hda_codec_realtek hdaudioC0D0:      Front Mic=0x1a
[   12.144017] snd_hda_codec_realtek hdaudioC0D0:      Rear Mic=0x18
[   12.151076] input: HDA Intel PCH Front Mic as /devices/pci0000:00/0000:00:1b.0/sound/card0/input9
[   12.151107] input: HDA Intel PCH Rear Mic as /devices/pci0000:00/0000:00:1b.0/sound/card0/input10
[   12.151143] input: HDA Intel PCH Line Out as /devices/pci0000:00/0000:00:1b.0/sound/card0/input11
[   12.151180] input: HDA Intel PCH Front Headphone as /devices/pci0000:00/0000:00:1b.0/sound/card0/input12
[   12.352870] dcdbas dcdbas: Dell Systems Management Base Driver (version 5.6.0-3.2)
[   12.438604] input: HDA NVidia HDMI/DP,pcm=3 as /devices/pci0000:00/0000:00:01.0/0000:01:00.1/sound/card1/input13
[   12.438648] input: HDA NVidia HDMI/DP,pcm=7 as /devices/pci0000:00/0000:00:01.0/0000:01:00.1/sound/card1/input14
[   13.577347] Adding 8328188k swap on /dev/sda5.  Priority:-1 extents:1 across:8328188k FS
[   21.581452] IPv6: ADDRCONF(NETDEV_UP): eno1: link is not ready
[   21.783150] IPv6: ADDRCONF(NETDEV_UP): eno1: link is not ready
[   24.787562] e1000e: eno1 NIC Link is Up 1000 Mbps Full Duplex, Flow Control: None
[   24.787594] IPv6: ADDRCONF(NETDEV_CHANGE): eno1: link becomes ready
[  114.231334] FAT-fs (sdb4): Volume was not properly unmounted. Some data may be corrupt. Please run fsck.
[  137.429208] nova: dafs init nova_fs
[  137.429210] nova: init_nova_fs: 8 cpus online
[  137.429211] nova: Arch new instructions support: PCOMMIT NO, CLWB NO
[  137.429242] nova: dafs register file sytem nova
[  137.429246] nova: dafs end init_fs
[  137.467881] nova: dafs start to mount
[  137.467897] nova: creating an empty nova of size 1419116544
[  137.467901] nova: dafs init dzt block
[  137.467901] nova: dafs_get dzt blk
[  137.467903] nova: dafs_init_dzt_block: allocate log @ 0x1fb84
[  137.468713] nova: dafs_get dzt blk
[  137.468915] nova: dafs allocate zone blocks
[  137.469311] nova: dafs_alloc_dir_zone: allocate zone @ 0x20f8d
[  137.469312] nova: dafs_get dzt blk
[  137.469313] nova: dafs start build dzt
[  137.469314] nova: dafs finish build dzt_e
[  137.469314] nova: dafs start init dir zones
[  137.469315] nova: root ze addr is 553177088
[  137.469315] nova: the root dir hashname is 47
[  137.469316] nova: test root hash name is 47
[  137.469316] nova: dafs finish creat root directory
[  137.469317] nova: dafs finish init dir zones
[  137.469317] nova: init_dir_info start
[  137.469475] nova: init_dir_info end
[  137.469479] nova: dafs end fill super
[  137.469480] nova: dafs finish mount
[  137.469675] nova: time is 87 
[  137.469677] nova: dafs_find_direntry memcpy 
[  137.469677] nova: time is 33 
[  137.469678] nova: dafs_find_direntry hash function
[  137.469678] nova: time is 201 
[  137.469679] nova: dafs_find_direntry hash search
[  137.469688] nova: time is 51 
[  137.469688] nova: dafs_find_direntry memcpy 
[  137.469689] nova: time is 35 
[  137.469689] nova: dafs_find_direntry hash function
[  137.469689] nova: time is 101 
[  137.469690] nova: dafs_find_direntry hash search
[  146.581565] nova: time is 215 
[  146.581567] nova: dafs_find_direntry memcpy 
[  146.581568] nova: time is 30 
[  146.581568] nova: dafs_find_direntry hash function
[  146.581569] nova: time is 229 
[  146.581569] nova: dafs_find_direntry hash search
[  146.581572] nova: time is 96 
[  146.581572] nova: get_dentry_path
[  146.581573] nova: time is 523 
[  146.581574] nova: get_dentry_path
[  146.581574] nova: get_dentry_path
[  172.786133] nova: time is 209 
[  172.786134] nova: dafs_find_direntry memcpy 
[  172.786136] nova: time is 33 
[  172.786136] nova: dafs_find_direntry hash function
[  172.786137] nova: time is 217 
[  172.786137] nova: dafs_find_direntry hash search
[  172.786140] nova: time is 95 
[  172.786140] nova: get_dentry_path
[  172.786142] nova: time is 506 
[  172.786142] nova: get_dentry_path
[  172.786142] nova: get_dentry_path
[  360.417613] nova: time is 214 
[  360.417615] nova: dafs_find_direntry memcpy 
[  360.417616] nova: time is 39 
[  360.417617] nova: dafs_find_direntry hash function
[  360.417617] nova: time is 225 
[  360.417618] nova: dafs_find_direntry hash search
[  360.417620] nova: time is 33 
[  360.417621] nova: get_dentry_path
[  360.417622] nova: time is 492 
[  360.417622] nova: get_dentry_path
[  360.417622] nova: get_dentry_path
[  379.823550] nova: time is 210 
[  379.823551] nova: dafs_find_direntry memcpy 
[  379.823552] nova: time is 39 
[  379.823553] nova: dafs_find_direntry hash function
[  379.823554] nova: time is 236 
[  379.823554] nova: dafs_find_direntry hash search
[  379.823557] nova: time is 35 
[  379.823557] nova: get_dentry_path
[  379.823559] nova: time is 582 
[  379.823559] nova: get_dentry_path
[  379.823560] nova: get_dentry_path
[  395.878748] nova: time is 210 
[  395.878751] nova: dafs_find_direntry memcpy 
[  395.878751] nova: time is 44 
[  395.878752] nova: dafs_find_direntry hash function
[  395.878752] nova: time is 243 
[  395.878753] nova: dafs_find_direntry hash search
[  395.878756] nova: time is 39 
[  395.878756] nova: get_dentry_path
[  395.878757] nova: time is 452 
[  395.878757] nova: get_dentry_path
[  395.878758] nova: get_dentry_path
[  417.099103] nova: time is 215 
[  417.099104] nova: dafs_find_direntry memcpy 
[  417.099106] nova: time is 43 
[  417.099106] nova: dafs_find_direntry hash function
[  417.099107] nova: time is 229 
[  417.099107] nova: dafs_find_direntry hash search
[  417.099110] nova: time is 35 
[  417.099110] nova: get_dentry_path
[  417.099111] nova: time is 446 
[  417.099112] nova: get_dentry_path
