[    0.000000] Initializing cgroup subsys cpuset
[    0.000000] Initializing cgroup subsys cpu
[    0.000000] Initializing cgroup subsys cpuacct
[    0.000000] Linux version 4.3.0 (root@cxdir-VirtualBox) (gcc version 5.4.0 20160609 (Ubuntu 5.4.0-6ubuntu1~16.04.4) ) #2 SMP Fri Sep 8 20:52:18 CST 2017
[    0.000000] Command line: BOOT_IMAGE=/boot/vmlinuz-4.3.0 memmap=6G!2G root=UUID=8918101d-1281-40c7-aa75-72b85c4a0441 ro quiet splash
[    0.000000] KERNEL supported cpus:
[    0.000000]   Intel GenuineIntel
[    0.000000]   AMD AuthenticAMD
[    0.000000]   Centaur CentaurHauls
[    0.000000] x86/fpu: xstate_offset[2]: 0240, xstate_sizes[2]: 0100
[    0.000000] x86/fpu: Supporting XSAVE feature 0x01: 'x87 floating point registers'
[    0.000000] x86/fpu: Supporting XSAVE feature 0x02: 'SSE registers'
[    0.000000] x86/fpu: Supporting XSAVE feature 0x04: 'AVX registers'
[    0.000000] x86/fpu: Enabled xstate features 0x7, context size is 0x340 bytes, using 'standard' format.
[    0.000000] x86/fpu: Using 'lazy' FPU context switches.
[    0.000000] e820: BIOS-provided physical RAM map:
[    0.000000] BIOS-e820: [mem 0x0000000000000000-0x000000000009fbff] usable
[    0.000000] BIOS-e820: [mem 0x000000000009fc00-0x000000000009ffff] reserved
[    0.000000] BIOS-e820: [mem 0x00000000000f0000-0x00000000000fffff] reserved
[    0.000000] BIOS-e820: [mem 0x0000000000100000-0x00000000dffeffff] usable
[    0.000000] BIOS-e820: [mem 0x00000000dfff0000-0x00000000dfffffff] ACPI data
[    0.000000] BIOS-e820: [mem 0x00000000fec00000-0x00000000fec00fff] reserved
[    0.000000] BIOS-e820: [mem 0x00000000fee00000-0x00000000fee00fff] reserved
[    0.000000] BIOS-e820: [mem 0x00000000fffc0000-0x00000000ffffffff] reserved
[    0.000000] BIOS-e820: [mem 0x0000000100000000-0x000000021fffffff] usable
[    0.000000] NX (Execute Disable) protection: active
[    0.000000] e820: user-defined physical RAM map:
[    0.000000] user: [mem 0x0000000000000000-0x000000000009fbff] usable
[    0.000000] user: [mem 0x000000000009fc00-0x000000000009ffff] reserved
[    0.000000] user: [mem 0x00000000000f0000-0x00000000000fffff] reserved
[    0.000000] user: [mem 0x0000000000100000-0x000000007fffffff] usable
[    0.000000] user: [mem 0x0000000080000000-0x00000000dffeffff] persistent (type 12)
[    0.000000] user: [mem 0x00000000dfff0000-0x00000000dfffffff] persistent (type 12)
[    0.000000] user: [mem 0x00000000e0000000-0x00000000febfffff] persistent (type 12)
[    0.000000] user: [mem 0x00000000fec00000-0x00000000fec00fff] persistent (type 12)
[    0.000000] user: [mem 0x00000000fec01000-0x00000000fedfffff] persistent (type 12)
[    0.000000] user: [mem 0x00000000fee00000-0x00000000fee00fff] persistent (type 12)
[    0.000000] user: [mem 0x00000000fee01000-0x00000000fffbffff] persistent (type 12)
[    0.000000] user: [mem 0x00000000fffc0000-0x00000000ffffffff] persistent (type 12)
[    0.000000] user: [mem 0x0000000100000000-0x00000001ffffffff] persistent (type 12)
[    0.000000] user: [mem 0x0000000200000000-0x000000021fffffff] usable
[    0.000000] SMBIOS 2.5 present.
[    0.000000] DMI: innotek GmbH VirtualBox/VirtualBox, BIOS VirtualBox 12/01/2006
[    0.000000] Hypervisor detected: KVM
[    0.000000] e820: update [mem 0x00000000-0x00000fff] usable ==> reserved
[    0.000000] e820: remove [mem 0x000a0000-0x000fffff] usable
[    0.000000] e820: last_pfn = 0x220000 max_arch_pfn = 0x400000000
[    0.000000] MTRR default type: uncachable
[    0.000000] MTRR variable ranges disabled:
[    0.000000] x86/PAT: Configuration [0-7]: WB  WC  UC- UC  WB  WC  UC- WT  
[    0.000000] MTRR: Disabled
[    0.000000] CPU MTRRs all blank - virtualized system.
[    0.000000] e820: last_pfn = 0x100000 max_arch_pfn = 0x400000000
[    0.000000] found SMP MP-table at [mem 0x0009fff0-0x0009ffff] mapped at [ffff88000009fff0]
[    0.000000] Scanning 1 areas for low memory corruption
[    0.000000] Base memory trampoline at [ffff880000099000] 99000 size 24576
[    0.000000] init_memory_mapping: [mem 0x00000000-0x000fffff]
[    0.000000]  [mem 0x00000000-0x000fffff] page 4k
[    0.000000] BRK [0x01ffc000, 0x01ffcfff] PGTABLE
[    0.000000] BRK [0x01ffd000, 0x01ffdfff] PGTABLE
[    0.000000] BRK [0x01ffe000, 0x01ffefff] PGTABLE
[    0.000000] init_memory_mapping: [mem 0x21fe00000-0x21fffffff]
[    0.000000]  [mem 0x21fe00000-0x21fffffff] page 2M
[    0.000000] BRK [0x01fff000, 0x01ffffff] PGTABLE
[    0.000000] init_memory_mapping: [mem 0x200000000-0x21fdfffff]
[    0.000000]  [mem 0x200000000-0x21fdfffff] page 2M
[    0.000000] init_memory_mapping: [mem 0x00100000-0x7fffffff]
[    0.000000]  [mem 0x00100000-0x001fffff] page 4k
[    0.000000]  [mem 0x00200000-0x7fffffff] page 2M
[    0.000000] RAMDISK: [mem 0x33d64000-0x35ea9fff]
[    0.000000] ACPI: Early table checksum verification disabled
[    0.000000] ACPI: RSDP 0x00000000000E0000 000024 (v02 VBOX  )
[    0.000000] ACPI: XSDT 0x00000000DFFF0030 00003C (v01 VBOX   VBOXXSDT 00000001 ASL  00000061)
[    0.000000] ACPI: FACP 0x00000000DFFF00F0 0000F4 (v04 VBOX   VBOXFACP 00000001 ASL  00000061)
[    0.000000] ACPI: DSDT 0x00000000DFFF0470 00210F (v01 VBOX   VBOXBIOS 00000002 INTL 20100528)
[    0.000000] ACPI: FACS 0x00000000DFFF0200 000040
[    0.000000] ACPI: FACS 0x00000000DFFF0200 000040
[    0.000000] ACPI: APIC 0x00000000DFFF0240 000054 (v02 VBOX   VBOXAPIC 00000001 ASL  00000061)
[    0.000000] ACPI: SSDT 0x00000000DFFF02A0 0001CC (v01 VBOX   VBOXCPUT 00000002 INTL 20100528)
[    0.000000] ACPI: Local APIC address 0xfee00000
[    0.000000] No NUMA configuration found
[    0.000000] Faking a node at [mem 0x0000000000000000-0x000000021fffffff]
[    0.000000] NODE_DATA(0) allocated [mem 0x21fffa000-0x21fffefff]
[    0.000000] kvm-clock: Using msrs 4b564d01 and 4b564d00
[    0.000000] kvm-clock: cpu 0, msr 2:1fff2001, primary cpu clock
[    0.000000] clocksource: kvm-clock: mask: 0xffffffffffffffff max_cycles: 0x1cd42e4dffb, max_idle_ns: 881590591483 ns
[    0.000000]  [ffffea0000000000-ffffea00087fffff] PMD -> [ffff88021ce00000-ffff88021f5fffff] on node 0
[    0.000000] Zone ranges:
[    0.000000]   DMA      [mem 0x0000000000001000-0x0000000000ffffff]
[    0.000000]   DMA32    [mem 0x0000000001000000-0x00000000ffffffff]
[    0.000000]   Normal   [mem 0x0000000100000000-0x000000021fffffff]
[    0.000000] Movable zone start for each node
[    0.000000] Early memory node ranges
[    0.000000]   node   0: [mem 0x0000000000001000-0x000000000009efff]
[    0.000000]   node   0: [mem 0x0000000000100000-0x000000007fffffff]
[    0.000000]   node   0: [mem 0x0000000200000000-0x000000021fffffff]
[    0.000000] Initmem setup node 0 [mem 0x0000000000001000-0x000000021fffffff]
[    0.000000] On node 0 totalpages: 655262
[    0.000000]   DMA zone: 64 pages used for memmap
[    0.000000]   DMA zone: 21 pages reserved
[    0.000000]   DMA zone: 3998 pages, LIFO batch:0
[    0.000000]   DMA32 zone: 8128 pages used for memmap
[    0.000000]   DMA32 zone: 520192 pages, LIFO batch:31
[    0.000000]   Normal zone: 2048 pages used for memmap
[    0.000000]   Normal zone: 131072 pages, LIFO batch:31
[    0.000000] ACPI: PM-Timer IO Port: 0x4008
[    0.000000] ACPI: Local APIC address 0xfee00000
[    0.000000] IOAPIC[0]: apic_id 1, version 32, address 0xfec00000, GSI 0-23
[    0.000000] ACPI: INT_SRC_OVR (bus 0 bus_irq 0 global_irq 2 dfl dfl)
[    0.000000] ACPI: INT_SRC_OVR (bus 0 bus_irq 9 global_irq 9 high level)
[    0.000000] ACPI: IRQ0 used by override.
[    0.000000] ACPI: IRQ9 used by override.
[    0.000000] Using ACPI (MADT) for SMP configuration information
[    0.000000] smpboot: Allowing 1 CPUs, 0 hotplug CPUs
[    0.000000] PM: Registered nosave memory: [mem 0x00000000-0x00000fff]
[    0.000000] PM: Registered nosave memory: [mem 0x0009f000-0x0009ffff]
[    0.000000] PM: Registered nosave memory: [mem 0x000a0000-0x000effff]
[    0.000000] PM: Registered nosave memory: [mem 0x000f0000-0x000fffff]
[    0.000000] PM: Registered nosave memory: [mem 0x80000000-0xdffeffff]
[    0.000000] PM: Registered nosave memory: [mem 0xdfff0000-0xdfffffff]
[    0.000000] PM: Registered nosave memory: [mem 0xe0000000-0xfebfffff]
[    0.000000] PM: Registered nosave memory: [mem 0xfec00000-0xfec00fff]
[    0.000000] PM: Registered nosave memory: [mem 0xfec01000-0xfedfffff]
[    0.000000] PM: Registered nosave memory: [mem 0xfee00000-0xfee00fff]
[    0.000000] PM: Registered nosave memory: [mem 0xfee01000-0xfffbffff]
[    0.000000] PM: Registered nosave memory: [mem 0xfffc0000-0xffffffff]
[    0.000000] PM: Registered nosave memory: [mem 0x100000000-0x1ffffffff]
[    0.000000] e820: cannot find a gap in the 32bit address range
               e820: PCI devices with unassigned 32bit BARs may break!
[    0.000000] e820: [mem 0x220100000-0x2204fffff] available for PCI devices
[    0.000000] Booting paravirtualized kernel on KVM
[    0.000000] clocksource: refined-jiffies: mask: 0xffffffff max_cycles: 0xffffffff, max_idle_ns: 7645519600211568 ns
[    0.000000] setup_percpu: NR_CPUS:512 nr_cpumask_bits:512 nr_cpu_ids:1 nr_node_ids:1
[    0.000000] PERCPU: Embedded 33 pages/cpu @ffff88021fc00000 s97496 r8192 d29480 u2097152
[    0.000000] pcpu-alloc: s97496 r8192 d29480 u2097152 alloc=1*2097152
[    0.000000] pcpu-alloc: [0] 0 
[    0.000000] PV qspinlock hash table entries: 256 (order: 0, 4096 bytes)
[    0.000000] Built 1 zonelists in Node order, mobility grouping on.  Total pages: 645001
[    0.000000] Policy zone: Normal
[    0.000000] Kernel command line: BOOT_IMAGE=/boot/vmlinuz-4.3.0 memmap=6G!2G root=UUID=8918101d-1281-40c7-aa75-72b85c4a0441 ro quiet splash
[    0.000000] PID hash table entries: 4096 (order: 3, 32768 bytes)
[    0.000000] Calgary: detecting Calgary via BIOS EBDA area
[    0.000000] Calgary: Unable to locate Rio Grande table in EBDA - bailing!
[    0.000000] Memory: 2463048K/2621048K available (8158K kernel code, 1248K rwdata, 3880K rodata, 1456K init, 1332K bss, 158000K reserved, 0K cma-reserved)
[    0.000000] SLUB: HWalign=64, Order=0-3, MinObjects=0, CPUs=1, Nodes=1
[    0.000000] Hierarchical RCU implementation.
[    0.000000] 	Build-time adjustment of leaf fanout to 64.
[    0.000000] 	RCU restricting CPUs from NR_CPUS=512 to nr_cpu_ids=1.
[    0.000000] RCU: Adjusting geometry for rcu_fanout_leaf=64, nr_cpu_ids=1
[    0.000000] NR_IRQS:33024 nr_irqs:256 16
[    0.000000] Console: colour VGA+ 80x25
[    0.000000] console [tty0] enabled
[    0.000000] tsc: Detected 3591.704 MHz processor
[ 3094.545559] Calibrating delay loop (skipped) preset value.. 7183.40 BogoMIPS (lpj=14366816)
[ 3094.545561] pid_max: default: 32768 minimum: 301
[ 3094.545565] ACPI: Core revision 20150818
[ 3094.546420] ACPI: 2 ACPI AML tables successfully acquired and loaded
[ 3094.546452] Security Framework initialized
[ 3094.546453] Yama: becoming mindful.
[ 3094.546469] AppArmor: AppArmor initialized
[ 3094.546770] Dentry cache hash table entries: 524288 (order: 10, 4194304 bytes)
[ 3094.547477] Inode-cache hash table entries: 262144 (order: 9, 2097152 bytes)
[ 3094.547772] Mount-cache hash table entries: 8192 (order: 4, 65536 bytes)
[ 3094.547776] Mountpoint-cache hash table entries: 8192 (order: 4, 65536 bytes)
[ 3094.547903] Initializing cgroup subsys io
[ 3094.547906] Initializing cgroup subsys memory
[ 3094.547910] Initializing cgroup subsys devices
[ 3094.547911] Initializing cgroup subsys freezer
[ 3094.547913] Initializing cgroup subsys net_cls
[ 3094.547914] Initializing cgroup subsys perf_event
[ 3094.547915] Initializing cgroup subsys net_prio
[ 3094.547917] Initializing cgroup subsys hugetlb
[ 3094.547919] Initializing cgroup subsys pids
[ 3094.547976] CPU: Physical Processor ID: 0
[ 3094.548700] mce: CPU supports 0 MCE banks
[ 3094.548716] process: using mwait in idle threads
[ 3094.548720] Last level iTLB entries: 4KB 1024, 2MB 1024, 4MB 1024
[ 3094.548721] Last level dTLB entries: 4KB 1024, 2MB 1024, 4MB 1024, 1GB 4
[ 3094.558525] Freeing SMP alternatives memory: 28K (ffffffff81ea6000 - ffffffff81ead000)
[ 3094.564412] ftrace: allocating 31208 entries in 122 pages
[ 3094.595236] x2apic enabled
[ 3094.595398] Switched APIC routing to physical x2apic.
[ 3094.596281] ..TIMER: vector=0x30 apic1=0 pin1=2 apic2=-1 pin2=-1
[ 3094.701259] smpboot: CPU0: Intel(R) Core(TM) i7-4790 CPU @ 3.60GHz (family: 0x6, model: 0x3c, stepping: 0x3)
[ 3094.701286] Performance Events: unsupported p6 CPU model 60 no PMU driver, software events only.
[ 3094.701294] KVM setup paravirtual spinlock
[ 3094.701767] x86: Booted up 1 node, 1 CPUs
[ 3094.701769] smpboot: Total of 1 processors activated (7183.40 BogoMIPS)
[ 3094.701936] devtmpfs: initialized
[ 3094.703065] evm: security.selinux
[ 3094.703066] evm: security.SMACK64
[ 3094.703067] evm: security.SMACK64EXEC
[ 3094.703067] evm: security.SMACK64TRANSMUTE
[ 3094.703068] evm: security.SMACK64MMAP
[ 3094.703068] evm: security.ima
[ 3094.703069] evm: security.capability
[ 3094.703146] clocksource: jiffies: mask: 0xffffffff max_cycles: 0xffffffff, max_idle_ns: 7645041785100000 ns
[ 3094.703207] pinctrl core: initialized pinctrl subsystem
[ 3094.703282] RTC time: 13:06:34, date: 12/25/17
[ 3094.703361] NET: Registered protocol family 16
[ 3094.703459] cpuidle: using governor ladder
[ 3094.703461] cpuidle: using governor menu
[ 3094.703463] PCCT header not found.
[ 3094.703502] ACPI: bus type PCI registered
[ 3094.703503] acpiphp: ACPI Hot Plug PCI Controller Driver version: 0.5
[ 3094.703573] PCI: Using configuration type 1 for base access
[ 3094.704322] ACPI: Added _OSI(Module Device)
[ 3094.704323] ACPI: Added _OSI(Processor Device)
[ 3094.704324] ACPI: Added _OSI(3.0 _SCP Extensions)
[ 3094.704325] ACPI: Added _OSI(Processor Aggregator Device)
[ 3094.704742] ACPI: Executed 1 blocks of module-level executable AML code
[ 3094.705988] ACPI: Interpreter enabled
[ 3094.705992] ACPI Exception: AE_NOT_FOUND, While evaluating Sleep State [\_S1_] (20150818/hwxface-580)
[ 3094.705994] ACPI Exception: AE_NOT_FOUND, While evaluating Sleep State [\_S2_] (20150818/hwxface-580)
[ 3094.705996] ACPI Exception: AE_NOT_FOUND, While evaluating Sleep State [\_S3_] (20150818/hwxface-580)
[ 3094.705998] ACPI Exception: AE_NOT_FOUND, While evaluating Sleep State [\_S4_] (20150818/hwxface-580)
[ 3094.706001] ACPI: (supports S0 S5)
[ 3094.706002] ACPI: Using IOAPIC for interrupt routing
[ 3094.706097] PCI: Using host bridge windows from ACPI; if necessary, use "pci=nocrs" and report a bug
[ 3094.708588] ACPI: PCI Root Bridge [PCI0] (domain 0000 [bus 00-ff])
[ 3094.708593] acpi PNP0A03:00: _OSC: OS supports [ASPM ClockPM Segments MSI]
[ 3094.708597] acpi PNP0A03:00: _OSC failed (AE_NOT_FOUND); disabling ASPM
[ 3094.708633] acpi PNP0A03:00: fail to add MMCONFIG information, can't access extended PCI configuration space under this bridge.
[ 3094.708788] PCI host bridge to bus 0000:00
[ 3094.708790] pci_bus 0000:00: root bus resource [bus 00-ff]
[ 3094.708791] pci_bus 0000:00: root bus resource [io  0x0000-0x0cf7 window]
[ 3094.708792] pci_bus 0000:00: root bus resource [io  0x0d00-0xffff window]
[ 3094.708793] pci_bus 0000:00: root bus resource [mem 0x000a0000-0x000bffff window]
[ 3094.708794] pci_bus 0000:00: root bus resource [mem 0xe0000000-0xffdfffff window]
[ 3094.708821] pci 0000:00:00.0: [8086:1237] type 00 class 0x060000
[ 3094.709160] pci 0000:00:01.0: [8086:7000] type 00 class 0x060100
[ 3094.709655] pci 0000:00:01.1: [8086:7111] type 00 class 0x01018a
[ 3094.709918] pci 0000:00:01.1: reg 0x20: [io  0xd000-0xd00f]
[ 3094.710026] pci 0000:00:01.1: legacy IDE quirk: reg 0x10: [io  0x01f0-0x01f7]
[ 3094.710027] pci 0000:00:01.1: legacy IDE quirk: reg 0x14: [io  0x03f6]
[ 3094.710028] pci 0000:00:01.1: legacy IDE quirk: reg 0x18: [io  0x0170-0x0177]
[ 3094.710029] pci 0000:00:01.1: legacy IDE quirk: reg 0x1c: [io  0x0376]
[ 3094.710155] pci 0000:00:02.0: [80ee:beef] type 00 class 0x030000
[ 3094.714951] pci 0000:00:02.0: reg 0x10: [mem 0xe0000000-0xe0ffffff pref]
[ 3094.744381] pci 0000:00:03.0: [8086:100e] type 00 class 0x020000
[ 3094.748861] pci 0000:00:03.0: reg 0x10: [mem 0xf0000000-0xf001ffff]
[ 3094.757380] pci 0000:00:03.0: reg 0x18: [io  0xd010-0xd017]
[ 3094.774536] pci 0000:00:04.0: [80ee:cafe] type 00 class 0x088000
[ 3094.778892] pci 0000:00:04.0: reg 0x10: [io  0xd020-0xd03f]
[ 3094.783067] pci 0000:00:04.0: reg 0x14: [mem 0xf0400000-0xf07fffff]
[ 3094.787841] pci 0000:00:04.0: reg 0x18: [mem 0xf0800000-0xf0803fff pref]
[ 3094.804354] pci 0000:00:05.0: [8086:2415] type 00 class 0x040100
[ 3094.804430] pci 0000:00:05.0: reg 0x10: [io  0xd100-0xd1ff]
[ 3094.804474] pci 0000:00:05.0: reg 0x14: [io  0xd200-0xd23f]
[ 3094.804822] pci 0000:00:06.0: [106b:003f] type 00 class 0x0c0310
[ 3094.809594] pci 0000:00:06.0: reg 0x10: [mem 0xf0804000-0xf0804fff]
[ 3094.834824] pci 0000:00:07.0: [8086:7113] type 00 class 0x068000
[ 3094.835134] pci 0000:00:07.0: quirk: [io  0x4000-0x403f] claimed by PIIX4 ACPI
[ 3094.835141] pci 0000:00:07.0: quirk: [io  0x4100-0x410f] claimed by PIIX4 SMB
[ 3094.835326] pci 0000:00:0b.0: [8086:265c] type 00 class 0x0c0320
[ 3094.839636] pci 0000:00:0b.0: reg 0x10: [mem 0xf0805000-0xf0805fff]
[ 3094.866551] pci 0000:00:0d.0: [8086:2829] type 00 class 0x010601
[ 3094.870583] pci 0000:00:0d.0: reg 0x10: [io  0xd240-0xd247]
[ 3094.879310] pci 0000:00:0d.0: reg 0x18: [io  0xd250-0xd257]
[ 3094.887533] pci 0000:00:0d.0: reg 0x20: [io  0xd260-0xd26f]
[ 3094.892199] pci 0000:00:0d.0: reg 0x24: [mem 0xf0806000-0xf0807fff]
[ 3094.897075] ACPI: PCI Interrupt Link [LNKA] (IRQs 5 9 10 *11)
[ 3094.897217] ACPI: PCI Interrupt Link [LNKB] (IRQs 5 9 10 *11)
[ 3094.897272] ACPI: PCI Interrupt Link [LNKC] (IRQs 5 9 *10 11)
[ 3094.897331] ACPI: PCI Interrupt Link [LNKD] (IRQs 5 *9 10 11)
[ 3094.897412] ACPI: Enabled 2 GPEs in block 00 to 07
[ 3094.897505] vgaarb: setting as boot device: PCI:0000:00:02.0
[ 3094.897507] vgaarb: device added: PCI:0000:00:02.0,decodes=io+mem,owns=io+mem,locks=none
[ 3094.897508] vgaarb: loaded
[ 3094.897509] vgaarb: bridge control possible 0000:00:02.0
[ 3094.897655] SCSI subsystem initialized
[ 3094.897682] libata version 3.00 loaded.
[ 3094.897697] ACPI: bus type USB registered
[ 3094.897707] usbcore: registered new interface driver usbfs
[ 3094.897712] usbcore: registered new interface driver hub
[ 3094.897717] usbcore: registered new device driver usb
[ 3094.897786] PCI: Using ACPI for IRQ routing
[ 3094.897787] PCI: pci_cache_line_size set to 64 bytes
[ 3094.897937] Expanded resource Persistent Memory (legacy) due to conflict with PCI Bus 0000:00
[ 3094.897938] e820: reserve RAM buffer [mem 0x0009fc00-0x0009ffff]
[ 3094.898014] NetLabel: Initializing
[ 3094.898015] NetLabel:  domain hash size = 128
[ 3094.898015] NetLabel:  protocols = UNLABELED CIPSOv4
[ 3094.898023] NetLabel:  unlabeled traffic allowed by default
[ 3094.898074] clocksource: Switched to clocksource kvm-clock
[ 3094.901798] AppArmor: AppArmor Filesystem Enabled
[ 3094.901860] pnp: PnP ACPI init
[ 3094.901904] pnp 00:00: Plug and Play ACPI device, IDs PNP0303 (active)
[ 3094.901951] pnp 00:01: Plug and Play ACPI device, IDs PNP0f03 (active)
[ 3094.902347] pnp: PnP ACPI: found 2 devices
[ 3094.907474] clocksource: acpi_pm: mask: 0xffffff max_cycles: 0xffffff, max_idle_ns: 2085701024 ns
[ 3094.907482] pci_bus 0000:00: resource 4 [io  0x0000-0x0cf7 window]
[ 3094.907483] pci_bus 0000:00: resource 5 [io  0x0d00-0xffff window]
[ 3094.907484] pci_bus 0000:00: resource 6 [mem 0x000a0000-0x000bffff window]
[ 3094.907485] pci_bus 0000:00: resource 7 [mem 0xe0000000-0xffdfffff window]
[ 3094.907505] NET: Registered protocol family 2
[ 3094.907590] TCP established hash table entries: 32768 (order: 6, 262144 bytes)
[ 3094.907638] TCP bind hash table entries: 32768 (order: 7, 524288 bytes)
[ 3094.907714] TCP: Hash tables configured (established 32768 bind 32768)
[ 3094.907731] UDP hash table entries: 2048 (order: 4, 65536 bytes)
[ 3094.907743] UDP-Lite hash table entries: 2048 (order: 4, 65536 bytes)
[ 3094.907774] NET: Registered protocol family 1
[ 3094.907781] pci 0000:00:00.0: Limiting direct PCI/PCI transfers
[ 3094.907800] pci 0000:00:01.0: Activating ISA DMA hang workarounds
[ 3094.907821] pci 0000:00:02.0: Video device with shadowed ROM
[ 3094.908130] PCI: CLS 64 bytes, default 64
[ 3094.908160] Trying to unpack rootfs image as initramfs...
[ 3095.241008] Freeing initrd memory: 34072K (ffff880033d64000 - ffff880035eaa000)
[ 3095.241053] PCI-DMA: Using software bounce buffering for IO (SWIOTLB)
[ 3095.241054] software IO TLB [mem 0x7c000000-0x80000000] (64MB) mapped at [ffff88007c000000-ffff88007fffffff]
[ 3095.241117] platform rtc_cmos: registered platform RTC device (no PNP device found)
[ 3095.241129] RAPL PMU detected, API unit is 2^-32 Joules, 4 fixed counters 10737418240 ms ovfl timer
[ 3095.241129] hw unit of domain pp0-core 2^-0 Joules
[ 3095.241130] hw unit of domain package 2^-0 Joules
[ 3095.241131] hw unit of domain dram 2^-0 Joules
[ 3095.241131] hw unit of domain pp1-gpu 2^-0 Joules
[ 3095.241151] microcode: CPU0 sig=0x306c3, pf=0x40, revision=0x0
[ 3095.241208] microcode: Microcode Update Driver: v2.00 <tigran@aivazian.fsnet.co.uk>, Peter Oruba
[ 3095.241231] Scanning for low memory corruption every 60 seconds
[ 3095.241386] futex hash table entries: 256 (order: 2, 16384 bytes)
[ 3095.241401] audit: initializing netlink subsys (disabled)
[ 3095.241411] audit: type=2000 audit(1514210290.799:1): initialized
[ 3095.241563] Initialise system trusted keyring
[ 3095.241611] HugeTLB registered 2 MB page size, pre-allocated 0 pages
[ 3095.242449] zbud: loaded
[ 3095.242586] VFS: Disk quotas dquot_6.6.0
[ 3095.242606] VFS: Dquot-cache hash table entries: 512 (order 0, 4096 bytes)
[ 3095.242759] squashfs: version 4.0 (2009/01/31) Phillip Lougher
[ 3095.242876] fuse init (API version 7.23)
[ 3095.242950] Key type big_key registered
[ 3095.243341] Key type asymmetric registered
[ 3095.243343] Asymmetric key parser 'x509' registered
[ 3095.243353] Block layer SCSI generic (bsg) driver version 0.4 loaded (major 249)
[ 3095.243365] io scheduler noop registered
[ 3095.243366] io scheduler deadline registered (default)
[ 3095.243384] io scheduler cfq registered
[ 3095.243431] pci_hotplug: PCI Hot Plug PCI Core version: 0.5
[ 3095.243435] pciehp: PCI Express Hot Plug Controller Driver version: 0.4
[ 3095.243526] ACPI: AC Adapter [AC] (on-line)
[ 3095.243571] input: Power Button as /devices/LNXSYSTM:00/LNXPWRBN:00/input/input0
[ 3095.243574] ACPI: Power Button [PWRF]
[ 3095.243618] input: Sleep Button as /devices/LNXSYSTM:00/LNXSLPBN:00/input/input1
[ 3095.243619] ACPI: Sleep Button [SLPF]
[ 3095.243711] GHES: HEST is not enabled!
[ 3095.243764] Serial: 8250/16550 driver, 32 ports, IRQ sharing enabled
[ 3095.244382] Linux agpgart interface v0.103
[ 3095.245464] brd: module loaded
[ 3095.245938] loop: module loaded
[ 3095.246067] ata_piix 0000:00:01.1: version 2.13
[ 3095.246418] nd_pmem namespace0.0: unable to guarantee persistence of writes
[ 3095.246523] pmem0: detected capacity change from 0 to 1610547200
[ 3095.246579] nd_pmem namespace2.0: unable to guarantee persistence of writes
[ 3095.246581] nd_pmem namespace2.0: could not reserve region [0x0x00000000e0000000:0x1ffc0000]
[ 3095.246582] nd_pmem: probe of namespace2.0 failed with error -16
[ 3095.246617] nd_pmem namespace4.0: unable to guarantee persistence of writes
[ 3095.246735] pmem4: detected capacity change from 0 to 4294967296
[ 3095.246742] scsi host0: ata_piix
[ 3095.246776] scsi host1: ata_piix
[ 3095.246794] ata1: PATA max UDMA/33 cmd 0x1f0 ctl 0x3f6 bmdma 0xd000 irq 14
[ 3095.246795] ata2: PATA max UDMA/33 cmd 0x170 ctl 0x376 bmdma 0xd008 irq 15
[ 3095.246837] libphy: Fixed MDIO Bus: probed
[ 3095.246839] tun: Universal TUN/TAP device driver, 1.6
[ 3095.246840] tun: (C) 1999-2004 Max Krasnyansky <maxk@qualcomm.com>
[ 3095.247135] PPP generic driver version 2.4.2
[ 3095.247170] ehci_hcd: USB 2.0 'Enhanced' Host Controller (EHCI) Driver
[ 3095.247173] ehci-pci: EHCI PCI platform driver
[ 3095.247473] ehci-pci 0000:00:0b.0: EHCI Host Controller
[ 3095.247477] ehci-pci 0000:00:0b.0: new USB bus registered, assigned bus number 1
[ 3095.247590] ehci-pci 0000:00:0b.0: irq 19, io mem 0xf0805000
[ 3095.258091] ehci-pci 0000:00:0b.0: USB 2.0 started, EHCI 1.00
[ 3095.258120] usb usb1: New USB device found, idVendor=1d6b, idProduct=0002
[ 3095.258122] usb usb1: New USB device strings: Mfr=3, Product=2, SerialNumber=1
[ 3095.258123] usb usb1: Product: EHCI Host Controller
[ 3095.258124] usb usb1: Manufacturer: Linux 4.3.0 ehci_hcd
[ 3095.258125] usb usb1: SerialNumber: 0000:00:0b.0
[ 3095.258194] hub 1-0:1.0: USB hub found
[ 3095.258197] hub 1-0:1.0: 12 ports detected
[ 3095.258339] ehci-platform: EHCI generic platform driver
[ 3095.258348] ohci_hcd: USB 1.1 'Open' Host Controller (OHCI) Driver
[ 3095.258351] ohci-pci: OHCI PCI platform driver
[ 3095.258705] ohci-pci 0000:00:06.0: OHCI PCI host controller
[ 3095.258709] ohci-pci 0000:00:06.0: new USB bus registered, assigned bus number 2
[ 3095.258754] ohci-pci 0000:00:06.0: irq 22, io mem 0xf0804000
[ 3095.315517] usb usb2: New USB device found, idVendor=1d6b, idProduct=0001
[ 3095.315520] usb usb2: New USB device strings: Mfr=3, Product=2, SerialNumber=1
[ 3095.315521] usb usb2: Product: OHCI PCI host controller
[ 3095.315522] usb usb2: Manufacturer: Linux 4.3.0 ohci_hcd
[ 3095.315523] usb usb2: SerialNumber: 0000:00:06.0
[ 3095.315611] hub 2-0:1.0: USB hub found
[ 3095.315620] hub 2-0:1.0: 12 ports detected
[ 3095.315862] ohci-platform: OHCI generic platform driver
[ 3095.315872] uhci_hcd: USB Universal Host Controller Interface driver
[ 3095.315908] i8042: PNP: PS/2 Controller [PNP0303:PS2K,PNP0f03:PS2M] at 0x60,0x64 irq 1,12
[ 3095.316277] serio: i8042 KBD port at 0x60,0x64 irq 1
[ 3095.316280] serio: i8042 AUX port at 0x60,0x64 irq 12
[ 3095.316350] mousedev: PS/2 mouse device common for all mice
[ 3095.316523] input: AT Translated Set 2 keyboard as /devices/platform/i8042/serio0/input/input2
[ 3095.316770] rtc_cmos rtc_cmos: rtc core: registered rtc_cmos as rtc0
[ 3095.316808] rtc_cmos rtc_cmos: alarms up to one day, 114 bytes nvram
[ 3095.316813] i2c /dev entries driver
[ 3095.316851] device-mapper: uevent: version 1.0.3
[ 3095.316887] device-mapper: ioctl: 4.33.0-ioctl (2015-8-18) initialised: dm-devel@redhat.com
[ 3095.316908] ledtrig-cpu: registered to indicate activity on CPUs
[ 3095.317096] NET: Registered protocol family 10
[ 3095.317183] NET: Registered protocol family 17
[ 3095.317189] Key type dns_resolver registered
[ 3095.317315] registered taskstats version 1
[ 3095.317329] Loading compiled-in X.509 certificates
[ 3095.317786] Loaded X.509 cert 'Build time autogenerated kernel key: 0759ca4de3f7631372cabbbeea3b24c381c013ce'
[ 3095.317797] zswap: loaded using pool lzo/zbud
[ 3095.318763] Key type trusted registered
[ 3095.320328] Key type encrypted registered
[ 3095.320333] AppArmor: AppArmor sha1 policy hashing enabled
[ 3095.320336] ima: No TPM chip found, activating TPM-bypass!
[ 3095.320347] evm: HMAC attrs: 0x1
[ 3095.320544]   Magic number: 13:359:130
[ 3095.320598] rtc_cmos rtc_cmos: setting system clock to 2017-12-25 13:06:35 UTC (1514207195)
[ 3095.320631] BIOS EDD facility v0.16 2004-Jun-25, 0 devices found
[ 3095.320632] EDD information not available.
[ 3095.320659] PM: Hibernation image not present or could not be loaded.
[ 3095.402375] ata2.00: ATAPI: VBOX CD-ROM, 1.0, max UDMA/133
[ 3095.402645] ata2.00: configured for UDMA/33
[ 3095.402914] scsi 1:0:0:0: CD-ROM            VBOX     CD-ROM           1.0  PQ: 0 ANSI: 5
[ 3095.410666] sr 1:0:0:0: [sr0] scsi3-mmc drive: 32x/32x xa/form2 tray
[ 3095.410669] cdrom: Uniform CD-ROM driver Revision: 3.20
[ 3095.410748] sr 1:0:0:0: Attached scsi CD-ROM sr0
[ 3095.410897] sr 1:0:0:0: Attached scsi generic sg0 type 5
[ 3095.411082] Freeing unused kernel memory: 1456K (ffffffff81d3a000 - ffffffff81ea6000)
[ 3095.411083] Write protecting the kernel read-only data: 12288k
[ 3095.411162] Freeing unused kernel memory: 20K (ffff8800017fb000 - ffff880001800000)
[ 3095.411205] Freeing unused kernel memory: 216K (ffff880001bca000 - ffff880001c00000)
[ 3095.428859] random: udevadm urandom read with 1 bits of entropy available
[ 3095.466050] e1000: Intel(R) PRO/1000 Network Driver - version 7.3.21-k8-NAPI
[ 3095.466052] e1000: Copyright (c) 1999-2006 Intel Corporation.
[ 3095.474276] ACPI: Video Device [GFX0] (multi-head: yes  rom: no  post: no)
[ 3095.474358] input: Video Bus as /devices/LNXSYSTM:00/LNXSYBUS:00/PNP0A03:00/LNXVIDEO:00/input/input4
[ 3095.475908] FUJITSU Extended Socket Network Device Driver - version 1.0 - Copyright (c) 2015 FUJITSU LIMITED
[ 3095.768314] input: ImExPS/2 Generic Explorer Mouse as /devices/platform/i8042/serio1/input/input5
[ 3095.805359] e1000 0000:00:03.0 eth0: (PCI:33MHz:32-bit) 08:00:27:7d:c1:92
[ 3095.805363] e1000 0000:00:03.0 eth0: Intel(R) PRO/1000 Network Connection
[ 3095.805650] ahci 0000:00:0d.0: version 3.0
[ 3095.805710] ahci 0000:00:0d.0: SSS flag set, parallel bus scan disabled
[ 3095.805817] ahci 0000:00:0d.0: AHCI 0001.0100 32 slots 1 ports 3 Gbps 0x1 impl SATA mode
[ 3095.805819] ahci 0000:00:0d.0: flags: 64bit ncq stag only ccc 
[ 3095.806455] e1000 0000:00:03.0 enp0s3: renamed from eth0
[ 3095.807028] scsi host2: ahci
[ 3095.807067] ata3: SATA max UDMA/133 abar m8192@0xf0806000 port 0xf0806100 irq 21
[ 3095.962287] usb 2-1: new full-speed USB device number 2 using ohci-pci
[ 3096.126404] ata3: SATA link up 3.0 Gbps (SStatus 123 SControl 300)
[ 3096.126651] ata3.00: ATA-6: VBOX HARDDISK, 1.0, max UDMA/133
[ 3096.126658] ata3.00: 268435456 sectors, multi 128: LBA48 NCQ (depth 31/32)
[ 3096.126945] ata3.00: configured for UDMA/133
[ 3096.127212] scsi 2:0:0:0: Direct-Access     ATA      VBOX HARDDISK    1.0  PQ: 0 ANSI: 5
[ 3096.128350] sd 2:0:0:0: [sda] 268435456 512-byte logical blocks: (137 GB/128 GiB)
[ 3096.128417] sd 2:0:0:0: [sda] Write Protect is off
[ 3096.128424] sd 2:0:0:0: [sda] Mode Sense: 00 3a 00 00
[ 3096.128482] sd 2:0:0:0: [sda] Write cache: enabled, read cache: enabled, doesn't support DPO or FUA
[ 3096.129352] sd 2:0:0:0: Attached scsi generic sg1 type 0
[ 3096.139576]  sda: sda1 sda2 < sda5 >
[ 3096.139935] sd 2:0:0:0: [sda] Attached SCSI disk
[ 3096.238888] tsc: Refined TSC clocksource calibration: 3590.177 MHz
[ 3096.238891] clocksource: tsc: mask: 0xffffffffffffffff max_cycles: 0x33c013fccfb, max_idle_ns: 440795352987 ns
[ 3096.251598] usb 2-1: New USB device found, idVendor=80ee, idProduct=0021
[ 3096.251600] usb 2-1: New USB device strings: Mfr=1, Product=3, SerialNumber=0
[ 3096.251602] usb 2-1: Product: USB Tablet
[ 3096.251603] usb 2-1: Manufacturer: VirtualBox
[ 3096.260701] hidraw: raw HID events driver (C) Jiri Kosina
[ 3096.274380] usbcore: registered new interface driver usbhid
[ 3096.274382] usbhid: USB HID core driver
[ 3096.278172] input: VirtualBox USB Tablet as /devices/pci0000:00/0000:00:06.0/usb2/2-1/2-1:1.0/0003:80EE:0021.0001/input/input6
[ 3096.278319] hid-generic 0003:80EE:0021.0001: input,hidraw0: USB HID v1.10 Mouse [VirtualBox USB Tablet] on usb-0000:00:06.0-1/input0
[ 3098.790226] floppy0: no floppy controllers found
[ 3098.790313] work still pending
[ 3099.001235] EXT4-fs (sda1): mounted filesystem with ordered data mode. Opts: (null)
[ 3099.734546] systemd[1]: systemd 229 running in system mode. (+PAM +AUDIT +SELINUX +IMA +APPARMOR +SMACK +SYSVINIT +UTMP +LIBCRYPTSETUP +GCRYPT +GNUTLS +ACL +XZ -LZ4 +SECCOMP +BLKID +ELFUTILS +KMOD -IDN)
[ 3099.734570] systemd[1]: Detected virtualization oracle.
[ 3099.734572] systemd[1]: Detected architecture x86-64.
[ 3099.742785] systemd[1]: Set hostname to <cxdir-VirtualBox>.
[ 3100.177846] random: nonblocking pool is initialized
[ 3100.316418] systemd[1]: Listening on udev Control Socket.
[ 3100.316488] systemd[1]: Listening on udev Kernel Socket.
[ 3100.316553] systemd[1]: Listening on Journal Audit Socket.
[ 3100.316564] systemd[1]: Reached target Remote File Systems (Pre).
[ 3100.316591] systemd[1]: Listening on Journal Socket (/dev/log).
[ 3100.316611] systemd[1]: Listening on fsck to fsckd communication Socket.
[ 3100.316627] systemd[1]: Listening on Syslog Socket.
[ 3100.316654] systemd[1]: Listening on Journal Socket.
[ 3100.316687] systemd[1]: Listening on /dev/initctl Compatibility Named Pipe.
[ 3100.316695] systemd[1]: Reached target User and Group Name Lookups.
[ 3100.316726] systemd[1]: Started Forward Password Requests to Wall Directory Watch.
[ 3100.316738] systemd[1]: Reached target Remote File Systems.
[ 3100.316746] systemd[1]: Reached target Encrypted Volumes.
[ 3100.316829] systemd[1]: Created slice User and Session Slice.
[ 3100.316971] systemd[1]: Set up automount Arbitrary Executable File Formats File System Automount Point.
[ 3100.317043] systemd[1]: Created slice System Slice.
[ 3100.317421] systemd[1]: Starting Set console keymap...
[ 3100.317803] systemd[1]: Starting Create list of required static device nodes for the current kernel...
[ 3100.357430] systemd[1]: Starting Load Kernel Modules...
[ 3100.357446] systemd[1]: Reached target Slices.
[ 3100.357841] systemd[1]: Starting Uncomplicated firewall...
[ 3100.358254] systemd[1]: Mounting POSIX Message Queue File System...
[ 3100.358646] systemd[1]: Started Braille Device Support.
[ 3100.361380] systemd[1]: Mounting Debug File System...
[ 3100.361767] systemd[1]: Starting Journal Service...
[ 3100.362153] systemd[1]: Mounting Huge Pages File System...
[ 3100.385140] systemd[1]: Started Create list of required static device nodes for the current kernel.
[ 3100.385745] systemd[1]: Starting Create Static Device Nodes in /dev...
[ 3100.476644] systemd[1]: Started Uncomplicated firewall.
[ 3100.810634] systemd[1]: Mounted POSIX Message Queue File System.
[ 3100.810669] systemd[1]: Mounted Huge Pages File System.
[ 3100.810683] systemd[1]: Mounted Debug File System.
[ 3100.879001] systemd[1]: Started Journal Service.
[ 3100.915195] lp: driver loaded but no devices found
[ 3100.981896] ppdev: user-space parallel port driver
[ 3101.504597] EXT4-fs (sda1): re-mounted. Opts: errors=remount-ro
[ 3101.565669] systemd-journald[232]: Received request to flush runtime journal from PID 1
[ 3101.993351] vboxguest: module verification failed: signature and/or required key missing - tainting kernel
[ 3101.996059] vgdrvHeartbeatInit: Setting up heartbeat to trigger every 2000 milliseconds
[ 3101.996556] input: Unspecified device as /devices/pci0000:00/0000:00:04.0/input/input7
[ 3101.997615] vboxguest: misc device minor 56, IRQ 20, I/O port d020, MMIO at 00000000f0400000 (size 0x400000)
[ 3101.997616] vboxguest: Successfully loaded version 5.1.14 (interface 0x00010004)
[ 3102.019391] piix4_smbus 0000:00:07.0: SMBus Host Controller at 0x4100, revision 0
[ 3102.418615] AVX version of gcm_enc/dec engaged.
[ 3102.418617] AES CTR mode by8 optimization enabled
[ 3102.478942] [drm] Initialized drm 1.1.0 20060810
[ 3102.611801] [drm] VRAM 01000000
[ 3102.612109] [TTM] Zone  kernel: Available graphics memory: 1249420 kiB
[ 3102.612111] [TTM] Initializing pool allocator
[ 3102.612114] [TTM] Initializing DMA pool allocator
[ 3102.612920] fbcon: vboxdrmfb (fb0) is primary device
[ 3102.617239] intel_rapl: no valid rapl domains found in package 0
[ 3102.622774] Console: switching to colour frame buffer device 100x37
[ 3102.623721] vboxvideo 0000:00:02.0: fb0: vboxdrmfb frame buffer device
[ 3102.623725] [drm] Initialized vboxvideo 1.0.0 20130823 for 0000:00:02.0 on minor 0
[ 3102.811386] snd_intel8x0 0000:00:05.0: disable (unknown or VT-d) VM optimization
[ 3103.081248] snd_intel8x0 0000:00:05.0: white list rate for 1028:0177 is 48000
[ 3103.934210] audit: type=1400 audit(1514207204.108:2): apparmor="STATUS" operation="profile_load" name="/usr/lib/lightdm/lightdm-guest-session" pid=507 comm="apparmor_parser"
[ 3103.934214] audit: type=1400 audit(1514207204.108:3): apparmor="STATUS" operation="profile_load" name="chromium" pid=507 comm="apparmor_parser"
[ 3104.028819] audit: type=1400 audit(1514207204.204:4): apparmor="STATUS" operation="profile_load" name="/sbin/dhclient" pid=626 comm="apparmor_parser"
[ 3104.028823] audit: type=1400 audit(1514207204.204:5): apparmor="STATUS" operation="profile_load" name="/usr/lib/NetworkManager/nm-dhcp-client.action" pid=626 comm="apparmor_parser"
[ 3104.028826] audit: type=1400 audit(1514207204.204:6): apparmor="STATUS" operation="profile_load" name="/usr/lib/NetworkManager/nm-dhcp-helper" pid=626 comm="apparmor_parser"
[ 3104.028828] audit: type=1400 audit(1514207204.204:7): apparmor="STATUS" operation="profile_load" name="/usr/lib/connman/scripts/dhclient-script" pid=626 comm="apparmor_parser"
[ 3104.144499] Adding 8386556k swap on /dev/sda5.  Priority:-1 extents:1 across:8386556k FS
[ 3104.388234] audit: type=1400 audit(1514207204.564:8): apparmor="STATUS" operation="profile_load" name="/usr/bin/evince" pid=630 comm="apparmor_parser"
[ 3104.388244] audit: type=1400 audit(1514207204.564:9): apparmor="STATUS" operation="profile_load" name="sanitized_helper" pid=630 comm="apparmor_parser"
[ 3104.388250] audit: type=1400 audit(1514207204.564:10): apparmor="STATUS" operation="profile_load" name="/usr/bin/evince-previewer" pid=630 comm="apparmor_parser"
[ 3104.388255] audit: type=1400 audit(1514207204.564:11): apparmor="STATUS" operation="profile_load" name="sanitized_helper" pid=630 comm="apparmor_parser"
[ 3105.074148] floppy0: no floppy controllers found
[ 3105.074179] work still pending
[ 3106.090838] vboxsf: Successfully loaded version 5.1.14 (interface 0x00010004)
[ 3110.330336] IPv6: ADDRCONF(NETDEV_UP): enp0s3: link is not ready
[ 3110.331885] IPv6: ADDRCONF(NETDEV_UP): enp0s3: link is not ready
[ 3110.334611] e1000: enp0s3 NIC Link is Up 1000 Mbps Full Duplex, Flow Control: RX
[ 3110.334849] IPv6: ADDRCONF(NETDEV_CHANGE): enp0s3: link becomes ready
[ 3110.653186] VBoxService 5.1.14 r112924 (verbosity: 0) linux.amd64 (Jan 16 2017 17:38:46) release log
               00:00:00.000075 main     Log opened 2017-12-25T13:06:50.832526000Z
[ 3110.653412] 00:00:00.000334 main     OS Product: Linux
[ 3110.653431] 00:00:00.000361 main     OS Release: 4.3.0
[ 3110.653447] 00:00:00.000379 main     OS Version: #2 SMP Fri Sep 8 20:52:18 CST 2017
[ 3110.653468] 00:00:00.000395 main     Executable: /opt/VBoxGuestAdditions-5.1.14/sbin/VBoxService
               00:00:00.000395 main     Process ID: 970
               00:00:00.000396 main     Package type: LINUX_64BITS_GENERIC
[ 3110.654095] 00:00:00.001021 main     5.1.14 r112924 started. Verbose level = 0
[ 3235.161773] nova: dafs init nova_fs
[ 3235.161775] nova: init_nova_fs: 1 cpus online
[ 3235.161776] nova: Arch new instructions support: PCOMMIT NO, CLWB NO
[ 3235.162673] nova: dafs register file sytem nova
[ 3235.162677] nova: dafs end init_fs
[ 3235.218515] nova: dafs start to mount
[ 3235.218528] nova: nova_get_block_info: dev pmem0, phys_addr 0x80000000, virt_addr ffffc90040000000, size 1610547200
[ 3235.218534] nova: start init radix tree
[ 3235.218534] nova: finish init radix tree
[ 3235.218535] nova: start nova init
[ 3235.218535] nova: creating an empty nova of size 1610547200
[ 3235.218536] nova: nova: Default block size set to 4K
[ 3235.218538] nova: dafs init dzt block
[ 3235.218539] nova: dafs_get dzt blk
[ 3235.218540] nova: dzt alloc 1 dzt blocks from 4 to 4
[ 3235.218541] nova: dafs_init_dzt_block: allocate log @ 0x4
[ 3235.218542] nova: dafs get hard journal
[ 3235.218543] nova: nova_lite_journal_hard_init: allocate log @ 0x5
[ 3235.218544] nova: dafs get soft journal
[ 3235.218544] nova: nice journal initialize head 20480, tail 20480
[ 3235.218545] nova: dafs get inode table
[ 3235.218880] nova: nova_init_inode_table: allocate log @ 0x6
[ 3235.218881] nova: nova_init_inode_table:inode table log head is 24576
[ 3235.218882] nova: Allocate root inode
[ 3235.218883] nova: dafs_get dzt blk
[ 3235.218884] nova: dafs allocate hash table
[ 3235.218900] nova: get_hash_table: allocate zone @ 0x206
[ 3235.218901] nova: dafs allocate zone blocks
[ 3235.218939] nova: Zone 0, alloc 1 zone blocks from 582 to 582
[ 3235.218939] nova: dafs_alloc_dir_zone: allocate zone @ 0x246
[ 3235.218940] nova: dafs make dzt pointer
[ 3235.218940] nova: dafs_get dzt blk
[ 3235.218941] nova: dafs finish make dzt bitmap pointer
[ 3235.218941] nova: dafs start build dzt
[ 3235.218942] nova: dafs finish build dzt_e
[ 3235.218943] nova: dafs start init dir zones
[ 3235.218943] nova: root ze addr is 2383872
[ 3235.218943] nova: the root dir hashname is 47
[ 3235.218944] nova: test root hash name is 47
[ 3235.218944] nova: dafs finish creat root directory
[ 3235.218945] nova: dafs record pos in hash table address is 2121728
[ 3235.218945] nova: dafs finish recording pos in hash table
[ 3235.218947] nova: dafs_append_dir_init_entries start ino is 1, par_ino is 1
[ 3235.218947] nova: dafs record pos in hash table address is 2121728
[ 3235.218948] nova: dafs finish recording pos in hash table
[ 3235.218953] nova: dafs_append_dir_init_entries . pos is 1
[ 3235.218954] nova: dafs record pos in hash table address is 2121728
[ 3235.218955] nova: dafs finish recording pos in hash table
[ 3235.218955] nova: dafs_append_dir_init_entries .. pos is 2
[ 3235.218956] nova: dafs finish init dir zones
[ 3235.218956] nova: init_dir_info start
[ 3235.218972] nova: init_dir_info end
[ 3235.218973] nova: dafs finish nova_init
[ 3235.218973] nova: dafs start setting sb
[ 3235.218974] nova: dafs end setting sb
[ 3235.218974] nova: nova_iget:dafs start iget
[ 3235.218979] nova: nova_iget: inode 1
[ 3235.218979] nova: nova_iget: pi_addr is 0x1024
[ 3235.218980] nova: nova_rebuild_inode:dafs start to rebuild inode
[ 3235.218981] nova: nova_rebuild_inode s_ifdir
[ 3235.218982] nova: sucessfully get inode
[ 3235.218983] nova: root_dentry name is /
[ 3235.218983] nova: dafs end fill super
[ 3235.218984] nova: dafs finish mount
[ 3235.220407] nova: dafs_lookup:dafs start lookup .Trash 
[ 3235.220409] nova: dafs_lookup: .Trash
[ 3235.220410] nova: dafs_inode_by_name:dafs start to inode by name
[ 3235.220410] nova: dafs_find_direntry dentry name is .Trash
[ 3235.220412] nova: dafs_find_direntry ph is /.Trash
[ 3235.220413] nova: dafs_find_direntry phn is /
[ 3235.220413] nova: dafs_find_direntry dentry full name is /.Trash
[ 3235.220414] nova: not found dentry in nvm
[ 3235.220415] nova: dafs_find_direntry:dafs finish find direntry
[ 3235.220415] nova: dafs_lookup: look up get ino 0
[ 3235.220416] nova: dafs_lookup:dafs finish lookup 0
[ 3235.220424] nova: dafs_lookup:dafs start lookup .Trash-1000 
[ 3235.220425] nova: dafs_lookup: .Trash-1000
[ 3235.220425] nova: dafs_inode_by_name:dafs start to inode by name
[ 3235.220426] nova: dafs_find_direntry dentry name is .Trash-1000
[ 3235.220427] nova: dafs_find_direntry ph is /.Trash-1000
[ 3235.220427] nova: dafs_find_direntry phn is /
[ 3235.220428] nova: dafs_find_direntry dentry full name is /.Trash-1000
[ 3235.220428] nova: not found dentry in nvm
[ 3235.220429] nova: dafs_find_direntry:dafs finish find direntry
[ 3235.220429] nova: dafs_lookup: look up get ino 0
[ 3235.220430] nova: dafs_lookup:dafs finish lookup 0
[ 3251.475228] nova: dafs_lookup:dafs start lookup 1 
[ 3251.475231] nova: dafs_lookup: 1
[ 3251.475232] nova: dafs_inode_by_name:dafs start to inode by name
[ 3251.475233] nova: dafs_find_direntry dentry name is 1
[ 3251.475235] nova: dafs_find_direntry ph is /1
[ 3251.475236] nova: dafs_find_direntry phn is /
[ 3251.475237] nova: dafs_find_direntry dentry full name is /1
[ 3251.475237] nova: not found dentry in nvm
[ 3251.475238] nova: dafs_find_direntry:dafs finish find direntry
[ 3251.475238] nova: dafs_lookup: look up get ino 0
[ 3251.475239] nova: dafs_lookup:dafs finish lookup 0
[ 3251.475241] nova: dafs_mkdir:dafs start to mkdir
[ 3251.475242] nova: dafs start make ino
[ 3251.475243] nova: nova_get_inode_address:dafs get inode addr
[ 3251.475244] nova: nova_get_inode_address:dbg blk_type is 6, dafs_bits is 0
[ 3251.475244] nova: nova_get_inode_address:dbg ino is16,internal_ino is 16, num cpus is 1
[ 3251.475245] nova: dafs get inode table
[ 3251.475245] nova: nova_get_inode_address:inode_table log head is 24576
[ 3251.475246] nova: nova_get_inode_address:index is 16, supercount is 0
[ 3251.475246] nova: nova_get_inode_address:inode table addr is 24576
[ 3251.475247] nova: nova_get_inode_address:dafs finish find inode at 26624
[ 3251.475249] nova: dafs_add_dentry full name is /1, name len is 2
[ 3251.475249] nova: inode addr is 1024
[ 3251.475250] nova: dentry /1 hashname is 6206
[ 3251.475251] nova: dafs record pos in hash table address is 2121728
[ 3251.475251] nova: dafs finish recording pos in hash table
[ 3251.475252] nova: dafs_add_dentry:temlen is 1, zone num is 0
[ 3251.475252] nova: dafs_add_dentry:par is root hash 47
[ 3251.475253] nova: dafs_add_dentry:sub num is 3
[ 3251.475254] nova: dafs_append_dir_init_entries start ino is 16, par_ino is 1
[ 3251.475255] nova: dafs record pos in hash table address is 2121728
[ 3251.475256] nova: dafs finish recording pos in hash table
[ 3251.475256] nova: dafs_append_dir_init_entries . pos is 4
[ 3251.475257] nova: dafs record pos in hash table address is 2121728
[ 3251.475257] nova: dafs finish recording pos in hash table
[ 3251.475258] nova: dafs_append_dir_init_entries .. pos is 5
[ 3251.475259] nova: dafs_add_dentry:dafs finish add dentry, ino 16, parent name /
[ 3251.475259] nova: dafs start make new vfs inode
[ 3251.475260] nova: inode addr is 1024
[ 3251.475262] nova: dafs end making inode
[ 3251.475262] nova: inode addr is 26624
[ 3251.475263] nova: inode addr is 1024
[ 3251.475264] nova: nova_create_lite_transaction start
[ 3251.475264] nova: journal tail 20480, with head 20480
[ 3251.475265] nova: journal tail 20544, with head 20480
[ 3251.475265] nova: nova_create_lite_transaction end
[ 3251.475266] nova: nova_commit_lite_transaction start
[ 3251.475267] nova: journal tail 20544, with head 20544
[ 3252.428868] nova: dafs_readdir: inode ino 1, dentry ino 1
[ 3252.428878] nova: dafs_readdir file get path innitial is /mnt/ramdisk
[ 3252.428880] nova: dafs_readdir file get path is /
[ 3252.428881] nova: inode addr is 1024
[ 3252.428882] nova: dafs_readdir:find dir name is /, hashname is 47
[ 3252.428883] nova: dafs_readdir:new root zone addr is 2383872
[ 3252.428884] nova: dafs_readdir:dir_subfile num is3, zone addr is 2383872
[ 3252.428885] nova: nova_get_inode_address:dafs get inode addr
[ 3252.428885] nova: nova_get_inode_address:dbg blk_type is 6, dafs_bits is 0
[ 3252.428886] nova: nova_get_inode_address:dbg ino is1,internal_ino is 1, num cpus is 1
[ 3252.428887] nova: dafs get inode table
[ 3252.428887] nova: nova_get_inode_address:inode_table log head is 24576
[ 3252.428888] nova: nova_get_inode_address:index is 1, supercount is 0
[ 3252.428888] nova: nova_get_inode_address:inode table addr is 24576
[ 3252.428889] nova: nova_get_inode_address:dafs finish find inode at 24704
[ 3252.428889] nova: ctx: pos 1 ino 1, name ., name_len 1, de_len 128
[ 3252.428890] nova: nova_get_inode_address:dafs get inode addr
[ 3252.428891] nova: nova_get_inode_address:dbg blk_type is 6, dafs_bits is 0
[ 3252.428891] nova: nova_get_inode_address:dbg ino is1,internal_ino is 1, num cpus is 1
[ 3252.428892] nova: dafs get inode table
[ 3252.428892] nova: nova_get_inode_address:inode_table log head is 24576
[ 3252.428893] nova: nova_get_inode_address:index is 1, supercount is 0
[ 3252.428893] nova: nova_get_inode_address:inode table addr is 24576
[ 3252.428894] nova: nova_get_inode_address:dafs finish find inode at 24704
[ 3252.428894] nova: ctx: pos 2 ino 1, name .., name_len 2, de_len 128
[ 3252.428895] nova: nova_get_inode_address:dafs get inode addr
[ 3252.428896] nova: nova_get_inode_address:dbg blk_type is 6, dafs_bits is 0
[ 3252.428897] nova: nova_get_inode_address:dbg ino is16,internal_ino is 16, num cpus is 1
[ 3252.428897] nova: dafs get inode table
[ 3252.428897] nova: nova_get_inode_address:inode_table log head is 24576
[ 3252.428898] nova: nova_get_inode_address:index is 16, supercount is 0
[ 3252.428898] nova: nova_get_inode_address:inode table addr is 24576
[ 3252.428899] nova: nova_get_inode_address:dafs finish find inode at 26624
[ 3252.428899] nova: ctx: pos 3 ino 16, name 1, name_len 1, de_len 128
[ 3252.428900] nova: dafs_readdir readdir return
[ 3252.428901] nova: inode addr is 1024
[ 3252.428906] nova: dafs_readdir: inode ino 1, dentry ino 1
[ 3252.428906] nova: dafs_readdir file get path innitial is /mnt/ramdisk
[ 3252.428907] nova: dafs_readdir file get path is /
[ 3252.428907] nova: inode addr is 1024
[ 3252.428908] nova: dafs_readdir readdir return
[ 3261.423997] nova: dafs_lookup:dafs start lookup 2 
[ 3261.424000] nova: dafs_lookup: 2
[ 3261.424001] nova: dafs_inode_by_name:dafs start to inode by name
[ 3261.424002] nova: dafs_find_direntry dentry name is 2
[ 3261.424004] nova: dafs_find_direntry ph is /1/2
[ 3261.424005] nova: dafs_find_direntry phn is /
[ 3261.424006] nova: dafs_find_direntry dentry full name is /1/2
[ 3261.424007] nova: not found dentry in nvm
[ 3261.424008] nova: dafs_find_direntry:dafs finish find direntry
[ 3261.424008] nova: dafs_lookup: look up get ino 0
[ 3261.424009] nova: dafs_lookup:dafs finish lookup 0
[ 3261.424011] nova: dafs_mkdir:dafs start to mkdir
[ 3261.424012] nova: dafs start make ino
[ 3261.424013] nova: nova_get_inode_address:dafs get inode addr
[ 3261.424014] nova: nova_get_inode_address:dbg blk_type is 6, dafs_bits is 0
[ 3261.424014] nova: nova_get_inode_address:dbg ino is17,internal_ino is 17, num cpus is 1
[ 3261.424015] nova: dafs get inode table
[ 3261.424015] nova: nova_get_inode_address:inode_table log head is 24576
[ 3261.424016] nova: nova_get_inode_address:index is 17, supercount is 0
[ 3261.424017] nova: nova_get_inode_address:inode table addr is 24576
[ 3261.424017] nova: nova_get_inode_address:dafs finish find inode at 26752
[ 3261.424019] nova: dafs_add_dentry full name is /1/2, name len is 4
[ 3261.424020] nova: inode addr is 26624
[ 3261.424021] nova: set par_pos 3
[ 3261.424022] nova: dentry /1/2 hashname is 106507373
[ 3261.424022] nova: dafs record pos in hash table address is 2121728
[ 3261.424023] nova: dafs finish recording pos in hash table
[ 3261.424023] nova: dafs_add_dentry:temlen is 3, zone num is 0
[ 3261.424024] nova: dafs_add_dentry: par 1 is not root, hash value is 
[ 3261.424025] nova: dafs_add_dentry:sub num is 3
[ 3261.424027] nova: dafs_append_dir_init_entries start ino is 17, par_ino is 16
[ 3261.424028] nova: dafs record pos in hash table address is 2121728
[ 3261.424028] nova: dafs finish recording pos in hash table
[ 3261.424029] nova: dafs_append_dir_init_entries . pos is 7
[ 3261.424030] nova: dafs record pos in hash table address is 2121728
[ 3261.424030] nova: dafs finish recording pos in hash table
[ 3261.424031] nova: dafs_append_dir_init_entries .. pos is 8
[ 3261.424032] nova: dafs_add_dentry:dafs finish add dentry, ino 17, parent name 1
[ 3261.424032] nova: dafs start make new vfs inode
[ 3261.424033] nova: inode addr is 26624
[ 3261.424035] nova: dafs end making inode
[ 3261.424035] nova: inode addr is 26752
[ 3261.424036] nova: inode addr is 26624
[ 3261.424037] nova: nova_create_lite_transaction start
[ 3261.424037] nova: journal tail 20544, with head 20544
[ 3261.424038] nova: journal tail 20608, with head 20544
[ 3261.424039] nova: nova_create_lite_transaction end
[ 3261.424039] nova: nova_commit_lite_transaction start
[ 3261.424040] nova: journal tail 20608, with head 20608
[ 3262.365814] nova: dafs_readdir: inode ino 16, dentry ino 16
[ 3262.365816] nova: dafs_readdir file get path innitial is /mnt/ramdisk/1
[ 3262.365817] nova: dafs_readdir file get path is /1
[ 3262.365819] nova: inode addr is 26624
[ 3262.365820] nova: dafs_readdir:find dir name is /1, hashname is 6206
[ 3262.365822] nova: dafs_readdir:dir_subfile num is3, zone addr is 2383872
[ 3262.365822] nova: nova_get_inode_address:dafs get inode addr
[ 3262.365823] nova: nova_get_inode_address:dbg blk_type is 6, dafs_bits is 0
[ 3262.365824] nova: nova_get_inode_address:dbg ino is16,internal_ino is 16, num cpus is 1
[ 3262.365824] nova: dafs get inode table
[ 3262.365825] nova: nova_get_inode_address:inode_table log head is 24576
[ 3262.365825] nova: nova_get_inode_address:index is 16, supercount is 0
[ 3262.365826] nova: nova_get_inode_address:inode table addr is 24576
[ 3262.365826] nova: nova_get_inode_address:dafs finish find inode at 26624
[ 3262.365827] nova: ctx: pos 4 ino 16, name ., name_len 1, de_len 128
[ 3262.365828] nova: nova_get_inode_address:dafs get inode addr
[ 3262.365828] nova: nova_get_inode_address:dbg blk_type is 6, dafs_bits is 0
[ 3262.365829] nova: nova_get_inode_address:dbg ino is1,internal_ino is 1, num cpus is 1
[ 3262.365829] nova: dafs get inode table
[ 3262.365830] nova: nova_get_inode_address:inode_table log head is 24576
[ 3262.365830] nova: nova_get_inode_address:index is 1, supercount is 0
[ 3262.365831] nova: nova_get_inode_address:inode table addr is 24576
[ 3262.365831] nova: nova_get_inode_address:dafs finish find inode at 24704
[ 3262.365832] nova: ctx: pos 5 ino 1, name .., name_len 2, de_len 128
[ 3262.365834] nova: nova_get_inode_address:dafs get inode addr
[ 3262.365834] nova: nova_get_inode_address:dbg blk_type is 6, dafs_bits is 0
[ 3262.365835] nova: nova_get_inode_address:dbg ino is17,internal_ino is 17, num cpus is 1
[ 3262.365835] nova: dafs get inode table
[ 3262.365836] nova: nova_get_inode_address:inode_table log head is 24576
[ 3262.365836] nova: nova_get_inode_address:index is 17, supercount is 0
[ 3262.365837] nova: nova_get_inode_address:inode table addr is 24576
[ 3262.365837] nova: nova_get_inode_address:dafs finish find inode at 26752
[ 3262.365838] nova: ctx: pos 6 ino 17, name 2, name_len 1, de_len 128
[ 3262.365838] nova: dafs_readdir readdir return
[ 3262.365839] nova: inode addr is 26624
[ 3262.365843] nova: dafs_readdir: inode ino 16, dentry ino 16
[ 3262.365844] nova: dafs_readdir file get path innitial is /mnt/ramdisk/1
[ 3262.365845] nova: dafs_readdir file get path is /1
[ 3262.365845] nova: inode addr is 26624
[ 3262.365846] nova: dafs_readdir readdir return
[ 3271.145183] nova: dafs_readdir: inode ino 1, dentry ino 1
[ 3271.145186] nova: dafs_readdir file get path innitial is /mnt/ramdisk
[ 3271.145187] nova: dafs_readdir file get path is /
[ 3271.145189] nova: inode addr is 1024
[ 3271.145190] nova: dafs_readdir:find dir name is /, hashname is 47
[ 3271.145192] nova: dafs_readdir:new root zone addr is 2383872
[ 3271.145193] nova: dafs_readdir:dir_subfile num is3, zone addr is 2383872
[ 3271.145194] nova: nova_get_inode_address:dafs get inode addr
[ 3271.145195] nova: nova_get_inode_address:dbg blk_type is 6, dafs_bits is 0
[ 3271.145196] nova: nova_get_inode_address:dbg ino is1,internal_ino is 1, num cpus is 1
[ 3271.145197] nova: dafs get inode table
[ 3271.145198] nova: nova_get_inode_address:inode_table log head is 24576
[ 3271.145199] nova: nova_get_inode_address:index is 1, supercount is 0
[ 3271.145200] nova: nova_get_inode_address:inode table addr is 24576
[ 3271.145200] nova: nova_get_inode_address:dafs finish find inode at 24704
[ 3271.145202] nova: ctx: pos 1 ino 1, name ., name_len 1, de_len 128
[ 3271.145203] nova: nova_get_inode_address:dafs get inode addr
[ 3271.145204] nova: nova_get_inode_address:dbg blk_type is 6, dafs_bits is 0
[ 3271.145205] nova: nova_get_inode_address:dbg ino is1,internal_ino is 1, num cpus is 1
[ 3271.145205] nova: dafs get inode table
[ 3271.145206] nova: nova_get_inode_address:inode_table log head is 24576
[ 3271.145206] nova: nova_get_inode_address:index is 1, supercount is 0
[ 3271.145207] nova: nova_get_inode_address:inode table addr is 24576
[ 3271.145208] nova: nova_get_inode_address:dafs finish find inode at 24704
[ 3271.145209] nova: ctx: pos 2 ino 1, name .., name_len 2, de_len 128
[ 3271.145211] nova: nova_get_inode_address:dafs get inode addr
[ 3271.145212] nova: nova_get_inode_address:dbg blk_type is 6, dafs_bits is 0
[ 3271.145213] nova: nova_get_inode_address:dbg ino is16,internal_ino is 16, num cpus is 1
[ 3271.145213] nova: dafs get inode table
[ 3271.145214] nova: nova_get_inode_address:inode_table log head is 24576
[ 3271.145214] nova: nova_get_inode_address:index is 16, supercount is 0
[ 3271.145215] nova: nova_get_inode_address:inode table addr is 24576
[ 3271.145216] nova: nova_get_inode_address:dafs finish find inode at 26624
[ 3271.145217] nova: ctx: pos 3 ino 16, name 1, name_len 1, de_len 128
[ 3271.145218] nova: dafs_readdir readdir return
[ 3271.145243] nova: dafs_readdir: inode ino 1, dentry ino 1
[ 3271.145245] nova: dafs_readdir file get path innitial is /mnt/ramdisk
[ 3271.145246] nova: dafs_readdir file get path is /
[ 3271.145247] nova: inode addr is 1024
[ 3271.145248] nova: dafs_readdir readdir return
[ 3276.512210] nova: dafs_lookup:dafs start lookup 3 
[ 3276.512212] nova: dafs_lookup: 3
[ 3276.512214] nova: dafs_inode_by_name:dafs start to inode by name
[ 3276.512216] nova: dafs_find_direntry dentry name is 3
[ 3276.512218] nova: dafs_find_direntry ph is /3
[ 3276.512219] nova: dafs_find_direntry phn is /
[ 3276.512220] nova: dafs_find_direntry dentry full name is /3
[ 3276.512221] nova: not found dentry in nvm
[ 3276.512222] nova: dafs_find_direntry:dafs finish find direntry
[ 3276.512222] nova: dafs_lookup: look up get ino 0
[ 3276.512223] nova: dafs_lookup:dafs finish lookup 0
[ 3276.512225] nova: dafs_mkdir:dafs start to mkdir
[ 3276.512225] nova: dafs start make ino
[ 3276.512226] nova: nova_get_inode_address:dafs get inode addr
[ 3276.512227] nova: nova_get_inode_address:dbg blk_type is 6, dafs_bits is 0
[ 3276.512228] nova: nova_get_inode_address:dbg ino is18,internal_ino is 18, num cpus is 1
[ 3276.512229] nova: dafs get inode table
[ 3276.512229] nova: nova_get_inode_address:inode_table log head is 24576
[ 3276.512230] nova: nova_get_inode_address:index is 18, supercount is 0
[ 3276.512230] nova: nova_get_inode_address:inode table addr is 24576
[ 3276.512231] nova: nova_get_inode_address:dafs finish find inode at 26880
[ 3276.512233] nova: dafs_add_dentry full name is /3, name len is 2
[ 3276.512233] nova: inode addr is 1024
[ 3276.512234] nova: dentry /3 hashname is 6208
[ 3276.512235] nova: dafs record pos in hash table address is 2121728
[ 3276.512235] nova: dafs finish recording pos in hash table
[ 3276.512236] nova: dafs_add_dentry:temlen is 1, zone num is 0
[ 3276.512236] nova: dafs_add_dentry:par is root hash 47
[ 3276.512238] nova: dafs_add_dentry:sub num is 4
[ 3276.512239] nova: dafs_append_dir_init_entries start ino is 18, par_ino is 1
[ 3276.512240] nova: dafs record pos in hash table address is 2121728
[ 3276.512240] nova: dafs finish recording pos in hash table
[ 3276.512241] nova: dafs_append_dir_init_entries . pos is 10
[ 3276.512242] nova: dafs record pos in hash table address is 2121728
[ 3276.512242] nova: dafs finish recording pos in hash table
[ 3276.512243] nova: dafs_append_dir_init_entries .. pos is 11
[ 3276.512244] nova: dafs_add_dentry:dafs finish add dentry, ino 18, parent name /
[ 3276.512245] nova: dafs start make new vfs inode
[ 3276.512246] nova: inode addr is 1024
[ 3276.512247] nova: dafs end making inode
[ 3276.512248] nova: inode addr is 26880
[ 3276.512248] nova: inode addr is 1024
[ 3276.512250] nova: nova_create_lite_transaction start
[ 3276.512250] nova: journal tail 20608, with head 20608
[ 3276.512251] nova: journal tail 20672, with head 20608
[ 3276.512251] nova: nova_create_lite_transaction end
[ 3276.512252] nova: nova_commit_lite_transaction start
[ 3276.512253] nova: journal tail 20672, with head 20672
[ 3278.092056] nova: dafs_readdir: inode ino 1, dentry ino 1
[ 3278.092057] nova: dafs_readdir file get path innitial is /mnt/ramdisk
[ 3278.092060] nova: dafs_readdir file get path is /
[ 3278.092061] nova: inode addr is 1024
[ 3278.092062] nova: dafs_readdir:find dir name is /, hashname is 47
[ 3278.092063] nova: dafs_readdir:new root zone addr is 2383872
[ 3278.092064] nova: dafs_readdir:dir_subfile num is4, zone addr is 2383872
[ 3278.092065] nova: nova_get_inode_address:dafs get inode addr
[ 3278.092066] nova: nova_get_inode_address:dbg blk_type is 6, dafs_bits is 0
[ 3278.092067] nova: nova_get_inode_address:dbg ino is1,internal_ino is 1, num cpus is 1
[ 3278.092067] nova: dafs get inode table
[ 3278.092068] nova: nova_get_inode_address:inode_table log head is 24576
[ 3278.092068] nova: nova_get_inode_address:index is 1, supercount is 0
[ 3278.092069] nova: nova_get_inode_address:inode table addr is 24576
[ 3278.092070] nova: nova_get_inode_address:dafs finish find inode at 24704
[ 3278.092070] nova: ctx: pos 1 ino 1, name ., name_len 1, de_len 128
[ 3278.092071] nova: nova_get_inode_address:dafs get inode addr
[ 3278.092072] nova: nova_get_inode_address:dbg blk_type is 6, dafs_bits is 0
[ 3278.092072] nova: nova_get_inode_address:dbg ino is1,internal_ino is 1, num cpus is 1
[ 3278.092073] nova: dafs get inode table
[ 3278.092073] nova: nova_get_inode_address:inode_table log head is 24576
[ 3278.092074] nova: nova_get_inode_address:index is 1, supercount is 0
[ 3278.092074] nova: nova_get_inode_address:inode table addr is 24576
[ 3278.092075] nova: nova_get_inode_address:dafs finish find inode at 24704
[ 3278.092075] nova: ctx: pos 2 ino 1, name .., name_len 2, de_len 128
[ 3278.092076] nova: nova_get_inode_address:dafs get inode addr
[ 3278.092077] nova: nova_get_inode_address:dbg blk_type is 6, dafs_bits is 0
[ 3278.092078] nova: nova_get_inode_address:dbg ino is16,internal_ino is 16, num cpus is 1
[ 3278.092078] nova: dafs get inode table
[ 3278.092078] nova: nova_get_inode_address:inode_table log head is 24576
[ 3278.092079] nova: nova_get_inode_address:index is 16, supercount is 0
[ 3278.092079] nova: nova_get_inode_address:inode table addr is 24576
[ 3278.092080] nova: nova_get_inode_address:dafs finish find inode at 26624
[ 3278.092081] nova: ctx: pos 3 ino 16, name 1, name_len 1, de_len 128
[ 3278.092081] nova: nova_get_inode_address:dafs get inode addr
[ 3278.092082] nova: nova_get_inode_address:dbg blk_type is 6, dafs_bits is 0
[ 3278.092083] nova: nova_get_inode_address:dbg ino is18,internal_ino is 18, num cpus is 1
[ 3278.092083] nova: dafs get inode table
[ 3278.092083] nova: nova_get_inode_address:inode_table log head is 24576
[ 3278.092084] nova: nova_get_inode_address:index is 18, supercount is 0
[ 3278.092084] nova: nova_get_inode_address:inode table addr is 24576
[ 3278.092085] nova: nova_get_inode_address:dafs finish find inode at 26880
[ 3278.092085] nova: ctx: pos 9 ino 18, name 3, name_len 1, de_len 128
[ 3278.092086] nova: dafs_readdir readdir return
[ 3278.092087] nova: inode addr is 1024
[ 3278.092092] nova: dafs_readdir: inode ino 1, dentry ino 1
[ 3278.092092] nova: dafs_readdir file get path innitial is /mnt/ramdisk
[ 3278.092093] nova: dafs_readdir file get path is /
[ 3278.092094] nova: inode addr is 1024
[ 3278.092094] nova: dafs_readdir readdir return
[ 3286.755033] nova: dafs_readdir: inode ino 18, dentry ino 18
[ 3286.755035] nova: dafs_readdir file get path innitial is /mnt/ramdisk/3
[ 3286.755037] nova: dafs_readdir file get path is /3
[ 3286.755039] nova: inode addr is 26880
[ 3286.755039] nova: dafs_readdir:find dir name is /3, hashname is 6208
[ 3286.755041] nova: dafs_readdir:dir_subfile num is2, zone addr is 2383872
[ 3286.755042] nova: nova_get_inode_address:dafs get inode addr
[ 3286.755043] nova: nova_get_inode_address:dbg blk_type is 6, dafs_bits is 0
[ 3286.755043] nova: nova_get_inode_address:dbg ino is18,internal_ino is 18, num cpus is 1
[ 3286.755044] nova: dafs get inode table
[ 3286.755045] nova: nova_get_inode_address:inode_table log head is 24576
[ 3286.755045] nova: nova_get_inode_address:index is 18, supercount is 0
[ 3286.755046] nova: nova_get_inode_address:inode table addr is 24576
[ 3286.755046] nova: nova_get_inode_address:dafs finish find inode at 26880
[ 3286.755047] nova: ctx: pos 10 ino 18, name ., name_len 1, de_len 128
[ 3286.755048] nova: nova_get_inode_address:dafs get inode addr
[ 3286.755048] nova: nova_get_inode_address:dbg blk_type is 6, dafs_bits is 0
[ 3286.755049] nova: nova_get_inode_address:dbg ino is1,internal_ino is 1, num cpus is 1
[ 3286.755050] nova: dafs get inode table
[ 3286.755050] nova: nova_get_inode_address:inode_table log head is 24576
[ 3286.755051] nova: nova_get_inode_address:index is 1, supercount is 0
[ 3286.755051] nova: nova_get_inode_address:inode table addr is 24576
[ 3286.755052] nova: nova_get_inode_address:dafs finish find inode at 24704
[ 3286.755053] nova: ctx: pos 11 ino 1, name .., name_len 2, de_len 128
[ 3286.755053] nova: dafs_readdir readdir return
[ 3286.755055] nova: inode addr is 26880
[ 3286.755056] nova: dafs_readdir: inode ino 18, dentry ino 18
[ 3286.755057] nova: dafs_readdir file get path innitial is /mnt/ramdisk/3
[ 3286.755058] nova: dafs_readdir file get path is /3
[ 3286.755058] nova: inode addr is 26880
[ 3286.755059] nova: dafs_readdir readdir return
[ 3286.755064] nova: inode addr is 26880
[ 3286.755064] nova: dafs_rmdir:dafs start to rmdir
[ 3286.755065] nova: inode addr is 1024
[ 3286.755065] nova: dafs_inode_by_name:dafs start to inode by name
[ 3286.755066] nova: dafs_find_direntry dentry name is 3
[ 3286.755068] nova: dafs_find_direntry ph is /3
[ 3286.755068] nova: dafs_find_direntry phn is /
[ 3286.755069] nova: dafs_find_direntry dentry full name is /3
[ 3286.755070] nova: dir entry pos is 9
[ 3286.755070] nova: dafs_find_direntry:dafs finish find direntry
[ 3286.755071] nova: dafs_inode_by_name:dafs finish inode by name, ino is 18
[ 3286.755076] nova: nova_extend_inode_log start
[ 3286.755077] nova: nova_allocate_inode_log_pages start
[ 3286.755078] nova: Pi 18: Alloc 1 log blocks @ 0x2c6
[ 3286.755079] nova: nova_extend_inode_log pi log tail is 2908160
[ 3286.755080] nova: dafs_lite_transaction_for_time_and_link start
[ 3286.755081] nova: journal tail 20672, with head 20672
[ 3286.755082] nova: dafs_lite_transaction_for_time_and_link finish commit transaction
[ 3286.755083] nova: nova_create_lite_transaction start
[ 3286.755083] nova: journal tail 20672, with head 20672
[ 3286.755084] nova: journal tail 20736, with head 20672
[ 3286.755084] nova: nova_create_lite_transaction end
[ 3286.755085] nova: nova_commit_lite_transaction start
[ 3286.755086] nova: journal tail 20736, with head 20736
[ 3286.755086] nova: dafs_lite_transaction_for_time_and_link end
[ 3286.755088] nova: inode addr is 26880
[ 3286.755088] nova: nova_evict_inode start
[ 3286.755089] nova: nova_evict_inode: dir ino 18
[ 3286.755090] nova: nova_free_inode start
[ 3286.755090] nova: inode addr is 26880
[ 3286.755091] nova: nova_free_inode_log start
[ 3286.755092] nova: nova_free_inuse_inode start
[ 3286.755093] nova: Free inuse ino: 18
[ 3286.755094] nova: nova_free_inuse_inode end
[ 3286.755094] nova: nova_free_inode end
[ 3288.898944] nova: dafs_readdir: inode ino 1, dentry ino 1
[ 3288.898946] nova: dafs_readdir file get path innitial is /mnt/ramdisk
[ 3288.898948] nova: dafs_readdir file get path is /
[ 3288.898949] nova: inode addr is 1024
[ 3288.898950] nova: dafs_readdir:find dir name is /, hashname is 47
[ 3288.898951] nova: dafs_readdir:new root zone addr is 2383872
[ 3288.898952] nova: dafs_readdir:dir_subfile num is3, zone addr is 2383872
[ 3288.898953] nova: nova_get_inode_address:dafs get inode addr
[ 3288.898954] nova: nova_get_inode_address:dbg blk_type is 6, dafs_bits is 0
[ 3288.898954] nova: nova_get_inode_address:dbg ino is1,internal_ino is 1, num cpus is 1
[ 3288.898955] nova: dafs get inode table
[ 3288.898955] nova: nova_get_inode_address:inode_table log head is 24576
[ 3288.898956] nova: nova_get_inode_address:index is 1, supercount is 0
[ 3288.898956] nova: nova_get_inode_address:inode table addr is 24576
[ 3288.898957] nova: nova_get_inode_address:dafs finish find inode at 24704
[ 3288.898958] nova: ctx: pos 1 ino 1, name ., name_len 1, de_len 128
[ 3288.898958] nova: nova_get_inode_address:dafs get inode addr
[ 3288.898959] nova: nova_get_inode_address:dbg blk_type is 6, dafs_bits is 0
[ 3288.898960] nova: nova_get_inode_address:dbg ino is1,internal_ino is 1, num cpus is 1
[ 3288.898960] nova: dafs get inode table
[ 3288.898960] nova: nova_get_inode_address:inode_table log head is 24576
[ 3288.898961] nova: nova_get_inode_address:index is 1, supercount is 0
[ 3288.898961] nova: nova_get_inode_address:inode table addr is 24576
[ 3288.898962] nova: nova_get_inode_address:dafs finish find inode at 24704
[ 3288.898963] nova: ctx: pos 2 ino 1, name .., name_len 2, de_len 128
[ 3288.898964] nova: nova_get_inode_address:dafs get inode addr
[ 3288.898964] nova: nova_get_inode_address:dbg blk_type is 6, dafs_bits is 0
[ 3288.898965] nova: nova_get_inode_address:dbg ino is16,internal_ino is 16, num cpus is 1
[ 3288.898965] nova: dafs get inode table
[ 3288.898966] nova: nova_get_inode_address:inode_table log head is 24576
[ 3288.898966] nova: nova_get_inode_address:index is 16, supercount is 0
[ 3288.898967] nova: nova_get_inode_address:inode table addr is 24576
[ 3288.898967] nova: nova_get_inode_address:dafs finish find inode at 26624
[ 3288.898968] nova: ctx: pos 3 ino 16, name 1, name_len 1, de_len 128
[ 3288.898968] nova: dafs_readdir readdir return
[ 3288.898969] nova: inode addr is 1024
[ 3288.898973] nova: dafs_readdir: inode ino 1, dentry ino 1
[ 3288.898974] nova: dafs_readdir file get path innitial is /mnt/ramdisk
[ 3288.898974] nova: dafs_readdir file get path is /
[ 3288.898975] nova: inode addr is 1024
[ 3288.898975] nova: dafs_readdir readdir return
[ 3426.412484] nova: dafs_readdir: inode ino 16, dentry ino 16
[ 3426.412487] nova: dafs_readdir file get path innitial is /mnt/ramdisk/1
[ 3426.412488] nova: dafs_readdir file get path is /1
[ 3426.412490] nova: inode addr is 26624
[ 3426.412491] nova: dafs_readdir:find dir name is /1, hashname is 6206
[ 3426.412493] nova: dafs_readdir:dir_subfile num is3, zone addr is 2383872
[ 3426.412493] nova: nova_get_inode_address:dafs get inode addr
[ 3426.412494] nova: nova_get_inode_address:dbg blk_type is 6, dafs_bits is 0
[ 3426.412495] nova: nova_get_inode_address:dbg ino is16,internal_ino is 16, num cpus is 1
[ 3426.412496] nova: dafs get inode table
[ 3426.412496] nova: nova_get_inode_address:inode_table log head is 24576
[ 3426.412497] nova: nova_get_inode_address:index is 16, supercount is 0
[ 3426.412497] nova: nova_get_inode_address:inode table addr is 24576
[ 3426.412498] nova: nova_get_inode_address:dafs finish find inode at 26624
[ 3426.412499] nova: ctx: pos 4 ino 16, name ., name_len 1, de_len 128
[ 3426.412499] nova: nova_get_inode_address:dafs get inode addr
[ 3426.412500] nova: nova_get_inode_address:dbg blk_type is 6, dafs_bits is 0
[ 3426.412501] nova: nova_get_inode_address:dbg ino is1,internal_ino is 1, num cpus is 1
[ 3426.412501] nova: dafs get inode table
[ 3426.412502] nova: nova_get_inode_address:inode_table log head is 24576
[ 3426.412502] nova: nova_get_inode_address:index is 1, supercount is 0
[ 3426.412503] nova: nova_get_inode_address:inode table addr is 24576
[ 3426.412503] nova: nova_get_inode_address:dafs finish find inode at 24704
[ 3426.412504] nova: ctx: pos 5 ino 1, name .., name_len 2, de_len 128
[ 3426.412505] nova: nova_get_inode_address:dafs get inode addr
[ 3426.412506] nova: nova_get_inode_address:dbg blk_type is 6, dafs_bits is 0
[ 3426.412507] nova: nova_get_inode_address:dbg ino is17,internal_ino is 17, num cpus is 1
[ 3426.412507] nova: dafs get inode table
[ 3426.412507] nova: nova_get_inode_address:inode_table log head is 24576
[ 3426.412508] nova: nova_get_inode_address:index is 17, supercount is 0
[ 3426.412508] nova: nova_get_inode_address:inode table addr is 24576
[ 3426.412509] nova: nova_get_inode_address:dafs finish find inode at 26752
[ 3426.412510] nova: ctx: pos 6 ino 17, name 2, name_len 1, de_len 128
[ 3426.412510] nova: dafs_readdir readdir return
[ 3426.412516] nova: dafs_readdir: inode ino 16, dentry ino 16
[ 3426.412517] nova: dafs_readdir file get path innitial is /mnt/ramdisk/1
[ 3426.412518] nova: dafs_readdir file get path is /1
[ 3426.412519] nova: inode addr is 26624
[ 3426.412519] nova: dafs_readdir:find dir name is /1, hashname is 6206
[ 3426.412520] nova: dafs_readdir:dir_subfile num is3, zone addr is 2383872
[ 3426.412520] nova: nova_get_inode_address:dafs get inode addr
[ 3426.412521] nova: nova_get_inode_address:dbg blk_type is 6, dafs_bits is 0
[ 3426.412521] nova: nova_get_inode_address:dbg ino is16,internal_ino is 16, num cpus is 1
[ 3426.412522] nova: dafs get inode table
[ 3426.412522] nova: nova_get_inode_address:inode_table log head is 24576
[ 3426.412523] nova: nova_get_inode_address:index is 16, supercount is 0
[ 3426.412523] nova: nova_get_inode_address:inode table addr is 24576
[ 3426.412524] nova: nova_get_inode_address:dafs finish find inode at 26624
[ 3426.412524] nova: ctx: pos 4 ino 16, name ., name_len 1, de_len 128
[ 3426.412525] nova: nova_get_inode_address:dafs get inode addr
[ 3426.412526] nova: nova_get_inode_address:dbg blk_type is 6, dafs_bits is 0
[ 3426.412526] nova: nova_get_inode_address:dbg ino is1,internal_ino is 1, num cpus is 1
[ 3426.412527] nova: dafs get inode table
[ 3426.412527] nova: nova_get_inode_address:inode_table log head is 24576
[ 3426.412528] nova: nova_get_inode_address:index is 1, supercount is 0
[ 3426.412528] nova: nova_get_inode_address:inode table addr is 24576
[ 3426.412529] nova: nova_get_inode_address:dafs finish find inode at 24704
[ 3426.412529] nova: ctx: pos 5 ino 1, name .., name_len 2, de_len 128
[ 3426.412530] nova: nova_get_inode_address:dafs get inode addr
[ 3426.412530] nova: nova_get_inode_address:dbg blk_type is 6, dafs_bits is 0
[ 3426.412531] nova: nova_get_inode_address:dbg ino is17,internal_ino is 17, num cpus is 1
[ 3426.412531] nova: dafs get inode table
[ 3426.412532] nova: nova_get_inode_address:inode_table log head is 24576
[ 3426.412532] nova: nova_get_inode_address:index is 17, supercount is 0
[ 3426.412533] nova: nova_get_inode_address:inode table addr is 24576
[ 3426.412533] nova: nova_get_inode_address:dafs finish find inode at 26752
[ 3426.412534] nova: ctx: pos 6 ino 17, name 2, name_len 1, de_len 128
[ 3426.412535] nova: dafs_readdir readdir return
[ 3426.412536] nova: dafs_readdir: inode ino 16, dentry ino 16
[ 3426.412536] nova: dafs_readdir file get path innitial is /mnt/ramdisk/1
[ 3426.412537] nova: dafs_readdir file get path is /1
[ 3426.412538] nova: inode addr is 26624
[ 3426.412538] nova: dafs_readdir readdir return
[ 3426.412541] nova: dafs_readdir: inode ino 17, dentry ino 17
[ 3426.412542] nova: dafs_readdir file get path innitial is /mnt/ramdisk/1/2
[ 3426.412543] nova: dafs_readdir file get path is /1/2
[ 3426.412544] nova: inode addr is 26752
[ 3426.412544] nova: dafs_readdir:find dir name is /1/2, hashname is 106507373
[ 3426.412545] nova: dafs_readdir:dir_subfile num is2, zone addr is 2383872
[ 3426.412546] nova: nova_get_inode_address:dafs get inode addr
[ 3426.412546] nova: nova_get_inode_address:dbg blk_type is 6, dafs_bits is 0
[ 3426.412547] nova: nova_get_inode_address:dbg ino is17,internal_ino is 17, num cpus is 1
[ 3426.412547] nova: dafs get inode table
[ 3426.412548] nova: nova_get_inode_address:inode_table log head is 24576
[ 3426.412548] nova: nova_get_inode_address:index is 17, supercount is 0
[ 3426.412549] nova: nova_get_inode_address:inode table addr is 24576
[ 3426.412549] nova: nova_get_inode_address:dafs finish find inode at 26752
[ 3426.412550] nova: ctx: pos 7 ino 17, name ., name_len 1, de_len 128
[ 3426.412550] nova: nova_get_inode_address:dafs get inode addr
[ 3426.412551] nova: nova_get_inode_address:dbg blk_type is 6, dafs_bits is 0
[ 3426.412552] nova: nova_get_inode_address:dbg ino is16,internal_ino is 16, num cpus is 1
[ 3426.412552] nova: dafs get inode table
[ 3426.412552] nova: nova_get_inode_address:inode_table log head is 24576
[ 3426.412553] nova: nova_get_inode_address:index is 16, supercount is 0
[ 3426.412553] nova: nova_get_inode_address:inode table addr is 24576
[ 3426.412554] nova: nova_get_inode_address:dafs finish find inode at 26624
[ 3426.412555] nova: ctx: pos 8 ino 16, name .., name_len 2, de_len 128
[ 3426.412555] nova: dafs_readdir readdir return
[ 3426.412556] nova: inode addr is 26752
[ 3426.412558] nova: dafs_readdir: inode ino 17, dentry ino 17
[ 3426.412559] nova: dafs_readdir file get path innitial is /mnt/ramdisk/1/2
[ 3426.412560] nova: dafs_readdir file get path is /1/2
[ 3426.412560] nova: inode addr is 26752
[ 3426.412561] nova: dafs_readdir readdir return
[ 3426.412564] nova: inode addr is 26752
[ 3426.412565] nova: dafs_rmdir:dafs start to rmdir
[ 3426.412566] nova: inode addr is 26624
[ 3426.412566] nova: dafs_inode_by_name:dafs start to inode by name
[ 3426.412567] nova: dafs_find_direntry dentry name is 2
[ 3426.412568] nova: dafs_find_direntry ph is /2
[ 3426.412569] nova: dafs_find_direntry phn is /
[ 3426.412570] nova: dafs_find_direntry dentry full name is /2
[ 3426.412570] nova: not found dentry in nvm
[ 3426.412571] nova: dafs_find_direntry:dafs finish find direntry
[ 3439.267070] nova: dafs_readdir: inode ino 16, dentry ino 16
[ 3439.267073] nova: dafs_readdir file get path innitial is /mnt/ramdisk/1
[ 3439.267074] nova: dafs_readdir file get path is /1
[ 3439.267076] nova: inode addr is 26624
[ 3439.267077] nova: dafs_readdir:find dir name is /1, hashname is 6206
[ 3439.267078] nova: dafs_readdir:dir_subfile num is3, zone addr is 2383872
[ 3439.267079] nova: nova_get_inode_address:dafs get inode addr
[ 3439.267080] nova: nova_get_inode_address:dbg blk_type is 6, dafs_bits is 0
[ 3439.267081] nova: nova_get_inode_address:dbg ino is16,internal_ino is 16, num cpus is 1
[ 3439.267082] nova: dafs get inode table
[ 3439.267082] nova: nova_get_inode_address:inode_table log head is 24576
[ 3439.267083] nova: nova_get_inode_address:index is 16, supercount is 0
[ 3439.267083] nova: nova_get_inode_address:inode table addr is 24576
[ 3439.267084] nova: nova_get_inode_address:dafs finish find inode at 26624
[ 3439.267085] nova: ctx: pos 4 ino 16, name ., name_len 1, de_len 128
[ 3439.267085] nova: nova_get_inode_address:dafs get inode addr
[ 3439.267086] nova: nova_get_inode_address:dbg blk_type is 6, dafs_bits is 0
[ 3439.267087] nova: nova_get_inode_address:dbg ino is1,internal_ino is 1, num cpus is 1
[ 3439.267087] nova: dafs get inode table
[ 3439.267088] nova: nova_get_inode_address:inode_table log head is 24576
[ 3439.267088] nova: nova_get_inode_address:index is 1, supercount is 0
[ 3439.267089] nova: nova_get_inode_address:inode table addr is 24576
[ 3439.267089] nova: nova_get_inode_address:dafs finish find inode at 24704
[ 3439.267090] nova: ctx: pos 5 ino 1, name .., name_len 2, de_len 128
[ 3439.267091] nova: nova_get_inode_address:dafs get inode addr
[ 3439.267092] nova: nova_get_inode_address:dbg blk_type is 6, dafs_bits is 0
[ 3439.267093] nova: nova_get_inode_address:dbg ino is17,internal_ino is 17, num cpus is 1
[ 3439.267093] nova: dafs get inode table
[ 3439.267093] nova: nova_get_inode_address:inode_table log head is 24576
[ 3439.267094] nova: nova_get_inode_address:index is 17, supercount is 0
[ 3439.267094] nova: nova_get_inode_address:inode table addr is 24576
[ 3439.267095] nova: nova_get_inode_address:dafs finish find inode at 26752
[ 3439.267096] nova: ctx: pos 6 ino 17, name 2, name_len 1, de_len 128
[ 3439.267096] nova: dafs_readdir readdir return
[ 3439.267100] nova: dafs_readdir: inode ino 16, dentry ino 16
[ 3439.267100] nova: dafs_readdir file get path innitial is /mnt/ramdisk/1
[ 3439.267101] nova: dafs_readdir file get path is /1
[ 3439.267102] nova: inode addr is 26624
[ 3439.267102] nova: dafs_readdir readdir return
[ 3442.767515] nova: dafs_readdir: inode ino 17, dentry ino 17
[ 3442.767517] nova: dafs_readdir file get path innitial is /mnt/ramdisk/1/2
[ 3442.767519] nova: dafs_readdir file get path is /1/2
[ 3442.767521] nova: inode addr is 26752
[ 3442.767522] nova: dafs_readdir:find dir name is /1/2, hashname is 106507373
[ 3442.767523] nova: dafs_readdir:dir_subfile num is2, zone addr is 2383872
[ 3442.767525] nova: nova_get_inode_address:dafs get inode addr
[ 3442.767525] nova: nova_get_inode_address:dbg blk_type is 6, dafs_bits is 0
[ 3442.767526] nova: nova_get_inode_address:dbg ino is17,internal_ino is 17, num cpus is 1
[ 3442.767527] nova: dafs get inode table
[ 3442.767527] nova: nova_get_inode_address:inode_table log head is 24576
[ 3442.767528] nova: nova_get_inode_address:index is 17, supercount is 0
[ 3442.767528] nova: nova_get_inode_address:inode table addr is 24576
[ 3442.767529] nova: nova_get_inode_address:dafs finish find inode at 26752
[ 3442.767530] nova: ctx: pos 7 ino 17, name ., name_len 1, de_len 128
[ 3442.767531] nova: nova_get_inode_address:dafs get inode addr
[ 3442.767531] nova: nova_get_inode_address:dbg blk_type is 6, dafs_bits is 0
[ 3442.767532] nova: nova_get_inode_address:dbg ino is16,internal_ino is 16, num cpus is 1
[ 3442.767532] nova: dafs get inode table
[ 3442.767533] nova: nova_get_inode_address:inode_table log head is 24576
[ 3442.767533] nova: nova_get_inode_address:index is 16, supercount is 0
[ 3442.767534] nova: nova_get_inode_address:inode table addr is 24576
[ 3442.767534] nova: nova_get_inode_address:dafs finish find inode at 26624
[ 3442.767535] nova: ctx: pos 8 ino 16, name .., name_len 2, de_len 128
[ 3442.767536] nova: dafs_readdir readdir return
[ 3442.767537] nova: dafs_readdir: inode ino 17, dentry ino 17
[ 3442.767538] nova: dafs_readdir file get path innitial is /mnt/ramdisk/1/2
[ 3442.767538] nova: dafs_readdir file get path is /1/2
[ 3442.767539] nova: inode addr is 26752
[ 3442.767540] nova: dafs_readdir readdir return
[ 3442.767545] nova: inode addr is 26752
[ 3442.767545] nova: dafs_rmdir:dafs start to rmdir
[ 3442.767546] nova: inode addr is 26624
[ 3442.767547] nova: dafs_inode_by_name:dafs start to inode by name
[ 3442.767547] nova: dafs_find_direntry dentry name is 2
[ 3442.767548] nova: dafs_find_direntry ph is /1/2
[ 3442.767549] nova: dafs_find_direntry phn is /
[ 3442.767550] nova: dafs_find_direntry dentry full name is /1/2
[ 3442.767551] nova: dir entry pos is 6
[ 3442.767551] nova: dafs_find_direntry:dafs finish find direntry
[ 3442.767552] nova: dafs_inode_by_name:dafs finish inode by name, ino is 17
[ 3442.767557] nova: nova_extend_inode_log start
[ 3442.767558] nova: nova_allocate_inode_log_pages start
[ 3442.767559] nova: Pi 17: Alloc 1 log blocks @ 0x2c6
[ 3442.767560] nova: nova_extend_inode_log pi log tail is 2908160
[ 3442.767561] nova: dafs_lite_transaction_for_time_and_link start
[ 3442.767562] nova: journal tail 20736, with head 20736
[ 3442.767563] nova: dafs_lite_transaction_for_time_and_link finish commit transaction
[ 3442.767563] nova: nova_create_lite_transaction start
[ 3442.767564] nova: journal tail 20736, with head 20736
[ 3442.767565] nova: journal tail 20800, with head 20736
[ 3442.767565] nova: nova_create_lite_transaction end
[ 3442.767566] nova: nova_commit_lite_transaction start
[ 3442.767566] nova: journal tail 20800, with head 20800
[ 3442.767567] nova: dafs_lite_transaction_for_time_and_link end
[ 3442.767568] nova: inode addr is 26752
[ 3442.767569] nova: nova_evict_inode start
[ 3442.767570] nova: nova_evict_inode: dir ino 17
[ 3442.767570] nova: nova_free_inode start
[ 3442.767571] nova: inode addr is 26752
[ 3442.767572] nova: nova_free_inode_log start
[ 3442.767573] nova: nova_free_inuse_inode start
[ 3442.767574] nova: Free inuse ino: 17
[ 3442.767575] nova: nova_free_inuse_inode end
[ 3442.767575] nova: nova_free_inode end
[ 3444.167366] nova: dafs_readdir: inode ino 16, dentry ino 16
[ 3444.167367] nova: dafs_readdir file get path innitial is /mnt/ramdisk/1
[ 3444.167370] nova: dafs_readdir file get path is /1
[ 3444.167371] nova: inode addr is 26624
[ 3444.167372] nova: dafs_readdir:find dir name is /1, hashname is 6206
[ 3444.167373] nova: dafs_readdir:dir_subfile num is2, zone addr is 2383872
[ 3444.167374] nova: nova_get_inode_address:dafs get inode addr
[ 3444.167375] nova: nova_get_inode_address:dbg blk_type is 6, dafs_bits is 0
[ 3444.167375] nova: nova_get_inode_address:dbg ino is16,internal_ino is 16, num cpus is 1
[ 3444.167376] nova: dafs get inode table
[ 3444.167377] nova: nova_get_inode_address:inode_table log head is 24576
[ 3444.167377] nova: nova_get_inode_address:index is 16, supercount is 0
[ 3444.167378] nova: nova_get_inode_address:inode table addr is 24576
[ 3444.167378] nova: nova_get_inode_address:dafs finish find inode at 26624
[ 3444.167379] nova: ctx: pos 4 ino 16, name ., name_len 1, de_len 128
[ 3444.167380] nova: nova_get_inode_address:dafs get inode addr
[ 3444.167380] nova: nova_get_inode_address:dbg blk_type is 6, dafs_bits is 0
[ 3444.167381] nova: nova_get_inode_address:dbg ino is1,internal_ino is 1, num cpus is 1
[ 3444.167381] nova: dafs get inode table
[ 3444.167382] nova: nova_get_inode_address:inode_table log head is 24576
[ 3444.167382] nova: nova_get_inode_address:index is 1, supercount is 0
[ 3444.167383] nova: nova_get_inode_address:inode table addr is 24576
[ 3444.167383] nova: nova_get_inode_address:dafs finish find inode at 24704
[ 3444.167384] nova: ctx: pos 5 ino 1, name .., name_len 2, de_len 128
[ 3444.167385] nova: dafs_readdir readdir return
[ 3444.167386] nova: inode addr is 26624
[ 3444.167388] nova: dafs_readdir: inode ino 16, dentry ino 16
[ 3444.167389] nova: dafs_readdir file get path innitial is /mnt/ramdisk/1
[ 3444.167389] nova: dafs_readdir file get path is /1
[ 3444.167390] nova: inode addr is 26624
[ 3444.167390] nova: dafs_readdir readdir return
[ 3451.894981] nova: dafs_readdir: inode ino 16, dentry ino 16
[ 3451.894984] nova: dafs_readdir file get path innitial is /mnt/ramdisk/1
[ 3451.894985] nova: dafs_readdir file get path is /1
[ 3451.894987] nova: inode addr is 26624
[ 3451.894988] nova: dafs_readdir:find dir name is /1, hashname is 6206
[ 3451.894989] nova: dafs_readdir:dir_subfile num is2, zone addr is 2383872
[ 3451.894990] nova: nova_get_inode_address:dafs get inode addr
[ 3451.894991] nova: nova_get_inode_address:dbg blk_type is 6, dafs_bits is 0
[ 3451.894992] nova: nova_get_inode_address:dbg ino is16,internal_ino is 16, num cpus is 1
[ 3451.894992] nova: dafs get inode table
[ 3451.894993] nova: nova_get_inode_address:inode_table log head is 24576
[ 3451.894994] nova: nova_get_inode_address:index is 16, supercount is 0
[ 3451.894994] nova: nova_get_inode_address:inode table addr is 24576
[ 3451.894995] nova: nova_get_inode_address:dafs finish find inode at 26624
[ 3451.894995] nova: ctx: pos 4 ino 16, name ., name_len 1, de_len 128
[ 3451.894996] nova: nova_get_inode_address:dafs get inode addr
[ 3451.894997] nova: nova_get_inode_address:dbg blk_type is 6, dafs_bits is 0
[ 3451.894998] nova: nova_get_inode_address:dbg ino is1,internal_ino is 1, num cpus is 1
[ 3451.894998] nova: dafs get inode table
[ 3451.894999] nova: nova_get_inode_address:inode_table log head is 24576
[ 3451.894999] nova: nova_get_inode_address:index is 1, supercount is 0
[ 3451.895000] nova: nova_get_inode_address:inode table addr is 24576
[ 3451.895000] nova: nova_get_inode_address:dafs finish find inode at 24704
[ 3451.895001] nova: ctx: pos 5 ino 1, name .., name_len 2, de_len 128
[ 3451.895002] nova: dafs_readdir readdir return
[ 3451.895003] nova: dafs_readdir: inode ino 16, dentry ino 16
[ 3451.895004] nova: dafs_readdir file get path innitial is /mnt/ramdisk/1
[ 3451.895005] nova: dafs_readdir file get path is /1
[ 3451.895005] nova: inode addr is 26624
[ 3451.895006] nova: dafs_readdir readdir return
[ 3451.895012] nova: inode addr is 26624
[ 3451.895012] nova: dafs_rmdir:dafs start to rmdir
[ 3451.895013] nova: inode addr is 1024
[ 3451.895013] nova: dafs_inode_by_name:dafs start to inode by name
[ 3451.895014] nova: dafs_find_direntry dentry name is 1
[ 3451.895015] nova: dafs_find_direntry ph is /1
[ 3451.895016] nova: dafs_find_direntry phn is /
[ 3451.895017] nova: dafs_find_direntry dentry full name is /1
[ 3451.895017] nova: dir entry pos is 3
[ 3451.895018] nova: dafs_find_direntry:dafs finish find direntry
[ 3451.895018] nova: dafs_inode_by_name:dafs finish inode by name, ino is 16
[ 3451.895024] nova: nova_extend_inode_log start
[ 3451.895024] nova: nova_allocate_inode_log_pages start
[ 3451.895026] nova: Pi 16: Alloc 1 log blocks @ 0x2c6
[ 3451.895027] nova: nova_extend_inode_log pi log tail is 2908160
[ 3451.895028] nova: dafs_lite_transaction_for_time_and_link start
[ 3451.895029] nova: journal tail 20800, with head 20800
[ 3451.895029] nova: dafs_lite_transaction_for_time_and_link finish commit transaction
[ 3451.895030] nova: nova_create_lite_transaction start
[ 3451.895030] nova: journal tail 20800, with head 20800
[ 3451.895031] nova: journal tail 20864, with head 20800
[ 3451.895032] nova: nova_create_lite_transaction end
[ 3451.895032] nova: nova_commit_lite_transaction start
[ 3451.895033] nova: journal tail 20864, with head 20864
[ 3451.895034] nova: dafs_lite_transaction_for_time_and_link end
[ 3453.203033] nova: dafs_readdir: inode ino 1, dentry ino 1
[ 3453.203036] nova: dafs_readdir file get path innitial is /mnt/ramdisk
[ 3453.203037] nova: dafs_readdir file get path is /
[ 3453.203038] nova: inode addr is 1024
[ 3453.203039] nova: dafs_readdir:find dir name is /, hashname is 47
[ 3453.203040] nova: dafs_readdir:new root zone addr is 2383872
[ 3453.203041] nova: dafs_readdir:dir_subfile num is2, zone addr is 2383872
[ 3453.203042] nova: nova_get_inode_address:dafs get inode addr
[ 3453.203043] nova: nova_get_inode_address:dbg blk_type is 6, dafs_bits is 0
[ 3453.203043] nova: nova_get_inode_address:dbg ino is1,internal_ino is 1, num cpus is 1
[ 3453.203044] nova: dafs get inode table
[ 3453.203044] nova: nova_get_inode_address:inode_table log head is 24576
[ 3453.203045] nova: nova_get_inode_address:index is 1, supercount is 0
[ 3453.203046] nova: nova_get_inode_address:inode table addr is 24576
[ 3453.203046] nova: nova_get_inode_address:dafs finish find inode at 24704
[ 3453.203047] nova: ctx: pos 1 ino 1, name ., name_len 1, de_len 128
[ 3453.203048] nova: nova_get_inode_address:dafs get inode addr
[ 3453.203048] nova: nova_get_inode_address:dbg blk_type is 6, dafs_bits is 0
[ 3453.203049] nova: nova_get_inode_address:dbg ino is1,internal_ino is 1, num cpus is 1
[ 3453.203049] nova: dafs get inode table
[ 3453.203050] nova: nova_get_inode_address:inode_table log head is 24576
[ 3453.203050] nova: nova_get_inode_address:index is 1, supercount is 0
[ 3453.203051] nova: nova_get_inode_address:inode table addr is 24576
[ 3453.203051] nova: nova_get_inode_address:dafs finish find inode at 24704
[ 3453.203052] nova: ctx: pos 2 ino 1, name .., name_len 2, de_len 128
[ 3453.203053] nova: dafs_readdir readdir return
[ 3453.203054] nova: inode addr is 1024
[ 3453.203056] nova: dafs_readdir: inode ino 1, dentry ino 1
[ 3453.203056] nova: dafs_readdir file get path innitial is /mnt/ramdisk
[ 3453.203057] nova: dafs_readdir file get path is /
[ 3453.203057] nova: inode addr is 1024
[ 3453.203058] nova: dafs_readdir readdir return
[ 3456.871551] nova: dafs_readdir: inode ino 1, dentry ino 1
[ 3456.871561] nova: dafs_readdir file get path innitial is /mnt/ramdisk
[ 3456.871567] nova: dafs_readdir file get path is /
[ 3456.871574] nova: inode addr is 1024
[ 3456.871576] nova: dafs_readdir:find dir name is /, hashname is 47
[ 3456.871580] nova: dafs_readdir:new root zone addr is 2383872
[ 3456.871583] nova: dafs_readdir:dir_subfile num is2, zone addr is 2383872
[ 3456.871586] nova: nova_get_inode_address:dafs get inode addr
[ 3456.871589] nova: nova_get_inode_address:dbg blk_type is 6, dafs_bits is 0
[ 3456.871592] nova: nova_get_inode_address:dbg ino is1,internal_ino is 1, num cpus is 1
[ 3456.871594] nova: dafs get inode table
[ 3456.871597] nova: nova_get_inode_address:inode_table log head is 24576
[ 3456.871599] nova: nova_get_inode_address:index is 1, supercount is 0
[ 3456.871602] nova: nova_get_inode_address:inode table addr is 24576
[ 3456.871604] nova: nova_get_inode_address:dafs finish find inode at 24704
[ 3456.871608] nova: ctx: pos 1 ino 1, name ., name_len 1, de_len 128
[ 3456.871611] nova: nova_get_inode_address:dafs get inode addr
[ 3456.871614] nova: nova_get_inode_address:dbg blk_type is 6, dafs_bits is 0
[ 3456.871618] nova: nova_get_inode_address:dbg ino is1,internal_ino is 1, num cpus is 1
[ 3456.871619] nova: dafs get inode table
[ 3456.871621] nova: nova_get_inode_address:inode_table log head is 24576
[ 3456.871623] nova: nova_get_inode_address:index is 1, supercount is 0
[ 3456.871626] nova: nova_get_inode_address:inode table addr is 24576
[ 3456.871628] nova: nova_get_inode_address:dafs finish find inode at 24704
[ 3456.871632] nova: ctx: pos 2 ino 1, name .., name_len 2, de_len 128
[ 3456.871635] nova: dafs_readdir readdir return
[ 3456.871644] nova: dafs_readdir: inode ino 1, dentry ino 1
[ 3456.871647] nova: dafs_readdir file get path innitial is /mnt/ramdisk
[ 3456.871650] nova: dafs_readdir file get path is /
[ 3456.871653] nova: inode addr is 1024
[ 3456.871654] nova: dafs_readdir readdir return
[ 3456.872146] nova: dafs_readdir: inode ino 1, dentry ino 1
[ 3456.872153] nova: dafs_readdir file get path innitial is /mnt/ramdisk
[ 3456.872161] nova: dafs_readdir file get path is /
[ 3456.872166] nova: inode addr is 1024
[ 3456.872171] nova: dafs_readdir:find dir name is /, hashname is 47
[ 3456.872174] nova: dafs_readdir:new root zone addr is 2383872
[ 3456.872179] nova: dafs_readdir:dir_subfile num is2, zone addr is 2383872
[ 3456.872182] nova: nova_get_inode_address:dafs get inode addr
[ 3456.872186] nova: nova_get_inode_address:dbg blk_type is 6, dafs_bits is 0
[ 3456.872190] nova: nova_get_inode_address:dbg ino is1,internal_ino is 1, num cpus is 1
[ 3456.872194] nova: dafs get inode table
[ 3456.872197] nova: nova_get_inode_address:inode_table log head is 24576
[ 3456.872202] nova: nova_get_inode_address:index is 1, supercount is 0
[ 3456.872204] nova: nova_get_inode_address:inode table addr is 24576
[ 3456.872209] nova: nova_get_inode_address:dafs finish find inode at 24704
[ 3456.872214] nova: ctx: pos 1 ino 1, name ., name_len 1, de_len 128
[ 3456.872218] nova: nova_get_inode_address:dafs get inode addr
[ 3456.872223] nova: nova_get_inode_address:dbg blk_type is 6, dafs_bits is 0
[ 3456.872226] nova: nova_get_inode_address:dbg ino is1,internal_ino is 1, num cpus is 1
[ 3456.872228] nova: dafs get inode table
[ 3456.872231] nova: nova_get_inode_address:inode_table log head is 24576
[ 3456.872233] nova: nova_get_inode_address:index is 1, supercount is 0
[ 3456.872235] nova: nova_get_inode_address:inode table addr is 24576
[ 3456.872237] nova: nova_get_inode_address:dafs finish find inode at 24704
[ 3456.872241] nova: ctx: pos 2 ino 1, name .., name_len 2, de_len 128
[ 3456.872244] nova: dafs_readdir readdir return
[ 3456.872252] nova: dafs_readdir: inode ino 1, dentry ino 1
[ 3456.872256] nova: dafs_readdir file get path innitial is /mnt/ramdisk
[ 3456.872259] nova: dafs_readdir file get path is /
[ 3456.872261] nova: inode addr is 1024
[ 3456.872263] nova: dafs_readdir readdir return
[ 3456.883488] nova: dafs_lookup:dafs start lookup ~ 
[ 3456.883491] nova: dafs_lookup: ~
[ 3456.883495] nova: dafs_inode_by_name:dafs start to inode by name
[ 3456.883497] nova: dafs_find_direntry dentry name is ~
[ 3456.883502] nova: dafs_find_direntry ph is /~
[ 3456.883505] nova: dafs_find_direntry phn is /
[ 3456.883507] nova: dafs_find_direntry dentry full name is /~
[ 3456.883508] nova: not found dentry in nvm
[ 3456.883510] nova: dafs_find_direntry:dafs finish find direntry
[ 3456.883511] nova: dafs_lookup: look up get ino 0
[ 3456.883513] nova: dafs_lookup:dafs finish lookup 0
[ 3469.510119] nova: dafs_lookup:dafs start lookup fileb 
[ 3469.510122] nova: dafs_lookup: fileb
[ 3469.510123] nova: dafs_inode_by_name:dafs start to inode by name
[ 3469.510124] nova: dafs_find_direntry dentry name is fileb
[ 3469.510127] nova: dafs_find_direntry ph is /fileb
[ 3469.510129] nova: dafs_find_direntry phn is /
[ 3469.510130] nova: dafs_find_direntry dentry full name is /fileb
[ 3469.510131] nova: not found dentry in nvm
[ 3469.510132] nova: dafs_find_direntry:dafs finish find direntry
[ 3469.510132] nova: dafs_lookup: look up get ino 0
[ 3469.510133] nova: dafs_lookup:dafs finish lookup 0
[ 3469.511351] nova: dafs_lookup:dafs start lookup filebench 
[ 3469.511353] nova: dafs_lookup: filebench
[ 3469.511354] nova: dafs_inode_by_name:dafs start to inode by name
[ 3469.511355] nova: dafs_find_direntry dentry name is filebench
[ 3469.511357] nova: dafs_find_direntry ph is /filebench
[ 3469.511359] nova: dafs_find_direntry phn is /
[ 3469.511359] nova: dafs_find_direntry dentry full name is /filebench
[ 3469.511360] nova: not found dentry in nvm
[ 3469.511361] nova: dafs_find_direntry:dafs finish find direntry
[ 3469.511361] nova: dafs_lookup: look up get ino 0
[ 3469.511362] nova: dafs_lookup:dafs finish lookup 0
[ 3476.714941] nova: dafs_readdir: inode ino 1, dentry ino 1
[ 3476.714945] nova: dafs_readdir file get path innitial is /mnt/ramdisk
[ 3476.714948] nova: dafs_readdir file get path is /
[ 3476.714951] nova: inode addr is 1024
[ 3476.714952] nova: dafs_readdir:find dir name is /, hashname is 47
[ 3476.714954] nova: dafs_readdir:new root zone addr is 2383872
[ 3476.714955] nova: dafs_readdir:dir_subfile num is2, zone addr is 2383872
[ 3476.714957] nova: nova_get_inode_address:dafs get inode addr
[ 3476.714958] nova: nova_get_inode_address:dbg blk_type is 6, dafs_bits is 0
[ 3476.714959] nova: nova_get_inode_address:dbg ino is1,internal_ino is 1, num cpus is 1
[ 3476.714960] nova: dafs get inode table
[ 3476.714962] nova: nova_get_inode_address:inode_table log head is 24576
[ 3476.714963] nova: nova_get_inode_address:index is 1, supercount is 0
[ 3476.714964] nova: nova_get_inode_address:inode table addr is 24576
[ 3476.714965] nova: nova_get_inode_address:dafs finish find inode at 24704
[ 3476.714966] nova: ctx: pos 1 ino 1, name ., name_len 1, de_len 128
[ 3476.714968] nova: nova_get_inode_address:dafs get inode addr
[ 3476.714969] nova: nova_get_inode_address:dbg blk_type is 6, dafs_bits is 0
[ 3476.714970] nova: nova_get_inode_address:dbg ino is1,internal_ino is 1, num cpus is 1
[ 3476.714971] nova: dafs get inode table
[ 3476.714972] nova: nova_get_inode_address:inode_table log head is 24576
[ 3476.714973] nova: nova_get_inode_address:index is 1, supercount is 0
[ 3476.714974] nova: nova_get_inode_address:inode table addr is 24576
[ 3476.714975] nova: nova_get_inode_address:dafs finish find inode at 24704
[ 3476.714977] nova: ctx: pos 2 ino 1, name .., name_len 2, de_len 128
[ 3476.714978] nova: dafs_readdir readdir return
[ 3476.714982] nova: dafs_readdir: inode ino 1, dentry ino 1
[ 3476.714985] nova: dafs_readdir file get path innitial is /mnt/ramdisk
[ 3476.714986] nova: dafs_readdir file get path is /
[ 3476.714987] nova: inode addr is 1024
[ 3476.714988] nova: dafs_readdir readdir return
[ 3476.715161] nova: dafs_readdir: inode ino 1, dentry ino 1
[ 3476.715163] nova: dafs_readdir file get path innitial is /mnt/ramdisk
[ 3476.715166] nova: dafs_readdir file get path is /
[ 3476.715167] nova: inode addr is 1024
[ 3476.715169] nova: dafs_readdir:find dir name is /, hashname is 47
[ 3476.715170] nova: dafs_readdir:new root zone addr is 2383872
[ 3476.715171] nova: dafs_readdir:dir_subfile num is2, zone addr is 2383872
[ 3476.715172] nova: nova_get_inode_address:dafs get inode addr
[ 3476.715174] nova: nova_get_inode_address:dbg blk_type is 6, dafs_bits is 0
[ 3476.715175] nova: nova_get_inode_address:dbg ino is1,internal_ino is 1, num cpus is 1
[ 3476.715176] nova: dafs get inode table
[ 3476.715177] nova: nova_get_inode_address:inode_table log head is 24576
