[    0.000000] Initializing cgroup subsys cpuset
[    0.000000] Initializing cgroup subsys cpu
[    0.000000] Initializing cgroup subsys cpuacct
[    0.000000] Linux version 4.3.0 (root@cxdir-VirtualBox) (gcc version 5.4.0 20160609 (Ubuntu 5.4.0-6ubuntu1~16.04.4) ) #2 SMP Fri Sep 8 20:52:18 CST 2017
[    0.000000] Command line: BOOT_IMAGE=/boot/vmlinuz-4.3.0 memmap=4G!2G root=UUID=8918101d-1281-40c7-aa75-72b85c4a0441 ro quiet splash
[    0.000000] KERNEL supported cpus:
[    0.000000]   Intel GenuineIntel
[    0.000000]   AMD AuthenticAMD
[    0.000000]   Centaur CentaurHauls
[    0.000000] x86/fpu: xstate_offset[2]: 0240, xstate_sizes[2]: 0100
[    0.000000] x86/fpu: Supporting XSAVE feature 0x01: 'x87 floating point registers'
[    0.000000] x86/fpu: Supporting XSAVE feature 0x02: 'SSE registers'
[    0.000000] x86/fpu: Supporting XSAVE feature 0x04: 'AVX registers'
[    0.000000] x86/fpu: Enabled xstate features 0x7, context size is 0x340 bytes, using 'standard' format.
[    0.000000] x86/fpu: Using 'lazy' FPU context switches.
[    0.000000] e820: BIOS-provided physical RAM map:
[    0.000000] BIOS-e820: [mem 0x0000000000000000-0x000000000009fbff] usable
[    0.000000] BIOS-e820: [mem 0x000000000009fc00-0x000000000009ffff] reserved
[    0.000000] BIOS-e820: [mem 0x00000000000f0000-0x00000000000fffff] reserved
[    0.000000] BIOS-e820: [mem 0x0000000000100000-0x00000000dffeffff] usable
[    0.000000] BIOS-e820: [mem 0x00000000dfff0000-0x00000000dfffffff] ACPI data
[    0.000000] BIOS-e820: [mem 0x00000000fec00000-0x00000000fec00fff] reserved
[    0.000000] BIOS-e820: [mem 0x00000000fee00000-0x00000000fee00fff] reserved
[    0.000000] BIOS-e820: [mem 0x00000000fffc0000-0x00000000ffffffff] reserved
[    0.000000] BIOS-e820: [mem 0x0000000100000000-0x000000021fffffff] usable
[    0.000000] NX (Execute Disable) protection: active
[    0.000000] e820: user-defined physical RAM map:
[    0.000000] user: [mem 0x0000000000000000-0x000000000009fbff] usable
[    0.000000] user: [mem 0x000000000009fc00-0x000000000009ffff] reserved
[    0.000000] user: [mem 0x00000000000f0000-0x00000000000fffff] reserved
[    0.000000] user: [mem 0x0000000000100000-0x000000007fffffff] usable
[    0.000000] user: [mem 0x0000000080000000-0x00000000dffeffff] persistent (type 12)
[    0.000000] user: [mem 0x00000000dfff0000-0x00000000dfffffff] persistent (type 12)
[    0.000000] user: [mem 0x00000000e0000000-0x00000000febfffff] persistent (type 12)
[    0.000000] user: [mem 0x00000000fec00000-0x00000000fec00fff] persistent (type 12)
[    0.000000] user: [mem 0x00000000fec01000-0x00000000fedfffff] persistent (type 12)
[    0.000000] user: [mem 0x00000000fee00000-0x00000000fee00fff] persistent (type 12)
[    0.000000] user: [mem 0x00000000fee01000-0x00000000fffbffff] persistent (type 12)
[    0.000000] user: [mem 0x00000000fffc0000-0x00000000ffffffff] persistent (type 12)
[    0.000000] user: [mem 0x0000000100000000-0x000000017fffffff] persistent (type 12)
[    0.000000] user: [mem 0x0000000180000000-0x000000021fffffff] usable
[    0.000000] SMBIOS 2.5 present.
[    0.000000] DMI: innotek GmbH VirtualBox/VirtualBox, BIOS VirtualBox 12/01/2006
[    0.000000] Hypervisor detected: KVM
[    0.000000] e820: update [mem 0x00000000-0x00000fff] usable ==> reserved
[    0.000000] e820: remove [mem 0x000a0000-0x000fffff] usable
[    0.000000] e820: last_pfn = 0x220000 max_arch_pfn = 0x400000000
[    0.000000] MTRR default type: uncachable
[    0.000000] MTRR variable ranges disabled:
[    0.000000] x86/PAT: Configuration [0-7]: WB  WC  UC- UC  WB  WC  UC- WT  
[    0.000000] MTRR: Disabled
[    0.000000] CPU MTRRs all blank - virtualized system.
[    0.000000] e820: last_pfn = 0x100000 max_arch_pfn = 0x400000000
[    0.000000] found SMP MP-table at [mem 0x0009fff0-0x0009ffff] mapped at [ffff88000009fff0]
[    0.000000] Scanning 1 areas for low memory corruption
[    0.000000] Base memory trampoline at [ffff880000099000] 99000 size 24576
[    0.000000] init_memory_mapping: [mem 0x00000000-0x000fffff]
[    0.000000]  [mem 0x00000000-0x000fffff] page 4k
[    0.000000] BRK [0x01ffc000, 0x01ffcfff] PGTABLE
[    0.000000] BRK [0x01ffd000, 0x01ffdfff] PGTABLE
[    0.000000] BRK [0x01ffe000, 0x01ffefff] PGTABLE
[    0.000000] init_memory_mapping: [mem 0x21fe00000-0x21fffffff]
[    0.000000]  [mem 0x21fe00000-0x21fffffff] page 2M
[    0.000000] BRK [0x01fff000, 0x01ffffff] PGTABLE
[    0.000000] init_memory_mapping: [mem 0x200000000-0x21fdfffff]
[    0.000000]  [mem 0x200000000-0x21fdfffff] page 2M
[    0.000000] init_memory_mapping: [mem 0x00100000-0x7fffffff]
[    0.000000]  [mem 0x00100000-0x001fffff] page 4k
[    0.000000]  [mem 0x00200000-0x7fffffff] page 2M
[    0.000000] init_memory_mapping: [mem 0x180000000-0x1ffffffff]
[    0.000000]  [mem 0x180000000-0x1ffffffff] page 2M
[    0.000000] BRK [0x02000000, 0x02000fff] PGTABLE
[    0.000000] BRK [0x02001000, 0x02001fff] PGTABLE
[    0.000000] RAMDISK: [mem 0x33d64000-0x35ea9fff]
[    0.000000] ACPI: Early table checksum verification disabled
[    0.000000] ACPI: RSDP 0x00000000000E0000 000024 (v02 VBOX  )
[    0.000000] ACPI: XSDT 0x00000000DFFF0030 00003C (v01 VBOX   VBOXXSDT 00000001 ASL  00000061)
[    0.000000] ACPI: FACP 0x00000000DFFF00F0 0000F4 (v04 VBOX   VBOXFACP 00000001 ASL  00000061)
[    0.000000] ACPI: DSDT 0x00000000DFFF0470 00210F (v01 VBOX   VBOXBIOS 00000002 INTL 20100528)
[    0.000000] ACPI: FACS 0x00000000DFFF0200 000040
[    0.000000] ACPI: FACS 0x00000000DFFF0200 000040
[    0.000000] ACPI: APIC 0x00000000DFFF0240 000054 (v02 VBOX   VBOXAPIC 00000001 ASL  00000061)
[    0.000000] ACPI: SSDT 0x00000000DFFF02A0 0001CC (v01 VBOX   VBOXCPUT 00000002 INTL 20100528)
[    0.000000] ACPI: Local APIC address 0xfee00000
[    0.000000] No NUMA configuration found
[    0.000000] Faking a node at [mem 0x0000000000000000-0x000000021fffffff]
[    0.000000] NODE_DATA(0) allocated [mem 0x21fffa000-0x21fffefff]
[    0.000000] kvm-clock: Using msrs 4b564d01 and 4b564d00
[    0.000000] kvm-clock: cpu 0, msr 2:1fff2001, primary cpu clock
[    0.000000] clocksource: kvm-clock: mask: 0xffffffffffffffff max_cycles: 0x1cd42e4dffb, max_idle_ns: 881590591483 ns
[    0.000000]  [ffffea0000000000-ffffea00087fffff] PMD -> [ffff88021ae00000-ffff88021f5fffff] on node 0
[    0.000000] Zone ranges:
[    0.000000]   DMA      [mem 0x0000000000001000-0x0000000000ffffff]
[    0.000000]   DMA32    [mem 0x0000000001000000-0x00000000ffffffff]
[    0.000000]   Normal   [mem 0x0000000100000000-0x000000021fffffff]
[    0.000000] Movable zone start for each node
[    0.000000] Early memory node ranges
[    0.000000]   node   0: [mem 0x0000000000001000-0x000000000009efff]
[    0.000000]   node   0: [mem 0x0000000000100000-0x000000007fffffff]
[    0.000000]   node   0: [mem 0x0000000180000000-0x000000021fffffff]
[    0.000000] Initmem setup node 0 [mem 0x0000000000001000-0x000000021fffffff]
[    0.000000] On node 0 totalpages: 1179550
[    0.000000]   DMA zone: 64 pages used for memmap
[    0.000000]   DMA zone: 21 pages reserved
[    0.000000]   DMA zone: 3998 pages, LIFO batch:0
[    0.000000]   DMA32 zone: 8128 pages used for memmap
[    0.000000]   DMA32 zone: 520192 pages, LIFO batch:31
[    0.000000]   Normal zone: 10240 pages used for memmap
[    0.000000]   Normal zone: 655360 pages, LIFO batch:31
[    0.000000] ACPI: PM-Timer IO Port: 0x4008
[    0.000000] ACPI: Local APIC address 0xfee00000
[    0.000000] IOAPIC[0]: apic_id 1, version 32, address 0xfec00000, GSI 0-23
[    0.000000] ACPI: INT_SRC_OVR (bus 0 bus_irq 0 global_irq 2 dfl dfl)
[    0.000000] ACPI: INT_SRC_OVR (bus 0 bus_irq 9 global_irq 9 high level)
[    0.000000] ACPI: IRQ0 used by override.
[    0.000000] ACPI: IRQ9 used by override.
[    0.000000] Using ACPI (MADT) for SMP configuration information
[    0.000000] smpboot: Allowing 1 CPUs, 0 hotplug CPUs
[    0.000000] PM: Registered nosave memory: [mem 0x00000000-0x00000fff]
[    0.000000] PM: Registered nosave memory: [mem 0x0009f000-0x0009ffff]
[    0.000000] PM: Registered nosave memory: [mem 0x000a0000-0x000effff]
[    0.000000] PM: Registered nosave memory: [mem 0x000f0000-0x000fffff]
[    0.000000] PM: Registered nosave memory: [mem 0x80000000-0xdffeffff]
[    0.000000] PM: Registered nosave memory: [mem 0xdfff0000-0xdfffffff]
[    0.000000] PM: Registered nosave memory: [mem 0xe0000000-0xfebfffff]
[    0.000000] PM: Registered nosave memory: [mem 0xfec00000-0xfec00fff]
[    0.000000] PM: Registered nosave memory: [mem 0xfec01000-0xfedfffff]
[    0.000000] PM: Registered nosave memory: [mem 0xfee00000-0xfee00fff]
[    0.000000] PM: Registered nosave memory: [mem 0xfee01000-0xfffbffff]
[    0.000000] PM: Registered nosave memory: [mem 0xfffc0000-0xffffffff]
[    0.000000] PM: Registered nosave memory: [mem 0x100000000-0x17fffffff]
[    0.000000] e820: cannot find a gap in the 32bit address range
               e820: PCI devices with unassigned 32bit BARs may break!
[    0.000000] e820: [mem 0x220100000-0x2204fffff] available for PCI devices
[    0.000000] Booting paravirtualized kernel on KVM
[    0.000000] clocksource: refined-jiffies: mask: 0xffffffff max_cycles: 0xffffffff, max_idle_ns: 7645519600211568 ns
[    0.000000] setup_percpu: NR_CPUS:512 nr_cpumask_bits:512 nr_cpu_ids:1 nr_node_ids:1
[    0.000000] PERCPU: Embedded 33 pages/cpu @ffff88021fc00000 s97496 r8192 d29480 u2097152
[    0.000000] pcpu-alloc: s97496 r8192 d29480 u2097152 alloc=1*2097152
[    0.000000] pcpu-alloc: [0] 0 
[    0.000000] PV qspinlock hash table entries: 256 (order: 0, 4096 bytes)
[    0.000000] Built 1 zonelists in Node order, mobility grouping on.  Total pages: 1161097
[    0.000000] Policy zone: Normal
[    0.000000] Kernel command line: BOOT_IMAGE=/boot/vmlinuz-4.3.0 memmap=4G!2G root=UUID=8918101d-1281-40c7-aa75-72b85c4a0441 ro quiet splash
[    0.000000] PID hash table entries: 4096 (order: 3, 32768 bytes)
[    0.000000] Calgary: detecting Calgary via BIOS EBDA area
[    0.000000] Calgary: Unable to locate Rio Grande table in EBDA - bailing!
[    0.000000] Memory: 4527432K/4718200K available (8158K kernel code, 1248K rwdata, 3880K rodata, 1456K init, 1332K bss, 190768K reserved, 0K cma-reserved)
[    0.000000] SLUB: HWalign=64, Order=0-3, MinObjects=0, CPUs=1, Nodes=1
[    0.000000] Hierarchical RCU implementation.
[    0.000000] 	Build-time adjustment of leaf fanout to 64.
[    0.000000] 	RCU restricting CPUs from NR_CPUS=512 to nr_cpu_ids=1.
[    0.000000] RCU: Adjusting geometry for rcu_fanout_leaf=64, nr_cpu_ids=1
[    0.000000] NR_IRQS:33024 nr_irqs:256 16
[    0.000000] Console: colour VGA+ 80x25
[    0.000000] console [tty0] enabled
[    0.000000] tsc: Detected 3591.704 MHz processor
[   13.820973] Calibrating delay loop (skipped) preset value.. 7183.40 BogoMIPS (lpj=14366816)
[   13.820975] pid_max: default: 32768 minimum: 301
[   13.820978] ACPI: Core revision 20150818
[   13.821654] ACPI: 2 ACPI AML tables successfully acquired and loaded
[   13.821665] Security Framework initialized
[   13.821666] Yama: becoming mindful.
[   13.821672] AppArmor: AppArmor initialized
[   13.823773] Dentry cache hash table entries: 1048576 (order: 11, 8388608 bytes)
[   13.831840] Inode-cache hash table entries: 524288 (order: 10, 4194304 bytes)
[   13.834188] Mount-cache hash table entries: 16384 (order: 5, 131072 bytes)
[   13.834194] Mountpoint-cache hash table entries: 16384 (order: 5, 131072 bytes)
[   13.834316] Initializing cgroup subsys io
[   13.834319] Initializing cgroup subsys memory
[   13.834323] Initializing cgroup subsys devices
[   13.834325] Initializing cgroup subsys freezer
[   13.834326] Initializing cgroup subsys net_cls
[   13.834328] Initializing cgroup subsys perf_event
[   13.834329] Initializing cgroup subsys net_prio
[   13.834330] Initializing cgroup subsys hugetlb
[   13.834332] Initializing cgroup subsys pids
[   13.834421] CPU: Physical Processor ID: 0
[   13.835141] mce: CPU supports 0 MCE banks
[   13.835159] process: using mwait in idle threads
[   13.835162] Last level iTLB entries: 4KB 1024, 2MB 1024, 4MB 1024
[   13.835163] Last level dTLB entries: 4KB 1024, 2MB 1024, 4MB 1024, 1GB 4
[   13.845257] Freeing SMP alternatives memory: 28K (ffffffff81ea6000 - ffffffff81ead000)
[   13.851421] ftrace: allocating 31208 entries in 122 pages
[   13.881379] x2apic enabled
[   13.881539] Switched APIC routing to physical x2apic.
[   13.882419] ..TIMER: vector=0x30 apic1=0 pin1=2 apic2=-1 pin2=-1
[   13.989057] smpboot: CPU0: Intel(R) Core(TM) i7-4790 CPU @ 3.60GHz (family: 0x6, model: 0x3c, stepping: 0x3)
[   13.989084] Performance Events: unsupported p6 CPU model 60 no PMU driver, software events only.
[   13.989092] KVM setup paravirtual spinlock
[   13.989508] x86: Booted up 1 node, 1 CPUs
[   13.989509] smpboot: Total of 1 processors activated (7183.40 BogoMIPS)
[   13.991067] devtmpfs: initialized
[   13.992223] evm: security.selinux
[   13.992224] evm: security.SMACK64
[   13.992224] evm: security.SMACK64EXEC
[   13.992225] evm: security.SMACK64TRANSMUTE
[   13.992225] evm: security.SMACK64MMAP
[   13.992226] evm: security.ima
[   13.992226] evm: security.capability
[   13.992295] clocksource: jiffies: mask: 0xffffffff max_cycles: 0xffffffff, max_idle_ns: 7645041785100000 ns
[   13.992336] pinctrl core: initialized pinctrl subsystem
[   13.992406] RTC time: 12:43:37, date: 12/28/17
[   13.992482] NET: Registered protocol family 16
[   13.992576] cpuidle: using governor ladder
[   13.992578] cpuidle: using governor menu
[   13.992580] PCCT header not found.
[   13.992617] ACPI: bus type PCI registered
[   13.992618] acpiphp: ACPI Hot Plug PCI Controller Driver version: 0.5
[   13.992684] PCI: Using configuration type 1 for base access
[   13.993417] ACPI: Added _OSI(Module Device)
[   13.993418] ACPI: Added _OSI(Processor Device)
[   13.993419] ACPI: Added _OSI(3.0 _SCP Extensions)
[   13.993420] ACPI: Added _OSI(Processor Aggregator Device)
[   13.993797] ACPI: Executed 1 blocks of module-level executable AML code
[   13.994966] ACPI: Interpreter enabled
[   13.994970] ACPI Exception: AE_NOT_FOUND, While evaluating Sleep State [\_S1_] (20150818/hwxface-580)
[   13.994972] ACPI Exception: AE_NOT_FOUND, While evaluating Sleep State [\_S2_] (20150818/hwxface-580)
[   13.994973] ACPI Exception: AE_NOT_FOUND, While evaluating Sleep State [\_S3_] (20150818/hwxface-580)
[   13.994975] ACPI Exception: AE_NOT_FOUND, While evaluating Sleep State [\_S4_] (20150818/hwxface-580)
[   13.994978] ACPI: (supports S0 S5)
[   13.994979] ACPI: Using IOAPIC for interrupt routing
[   13.995068] PCI: Using host bridge windows from ACPI; if necessary, use "pci=nocrs" and report a bug
[   13.997284] ACPI: PCI Root Bridge [PCI0] (domain 0000 [bus 00-ff])
[   13.997287] acpi PNP0A03:00: _OSC: OS supports [ASPM ClockPM Segments MSI]
[   13.997290] acpi PNP0A03:00: _OSC failed (AE_NOT_FOUND); disabling ASPM
[   13.997318] acpi PNP0A03:00: fail to add MMCONFIG information, can't access extended PCI configuration space under this bridge.
[   13.997462] PCI host bridge to bus 0000:00
[   13.997463] pci_bus 0000:00: root bus resource [bus 00-ff]
[   13.997465] pci_bus 0000:00: root bus resource [io  0x0000-0x0cf7 window]
[   13.997466] pci_bus 0000:00: root bus resource [io  0x0d00-0xffff window]
[   13.997467] pci_bus 0000:00: root bus resource [mem 0x000a0000-0x000bffff window]
[   13.997468] pci_bus 0000:00: root bus resource [mem 0xe0000000-0xffdfffff window]
[   13.997492] pci 0000:00:00.0: [8086:1237] type 00 class 0x060000
[   13.997818] pci 0000:00:01.0: [8086:7000] type 00 class 0x060100
[   13.998212] pci 0000:00:01.1: [8086:7111] type 00 class 0x01018a
[   13.998479] pci 0000:00:01.1: reg 0x20: [io  0xd000-0xd00f]
[   13.998581] pci 0000:00:01.1: legacy IDE quirk: reg 0x10: [io  0x01f0-0x01f7]
[   13.998582] pci 0000:00:01.1: legacy IDE quirk: reg 0x14: [io  0x03f6]
[   13.998583] pci 0000:00:01.1: legacy IDE quirk: reg 0x18: [io  0x0170-0x0177]
[   13.998584] pci 0000:00:01.1: legacy IDE quirk: reg 0x1c: [io  0x0376]
[   13.998702] pci 0000:00:02.0: [80ee:beef] type 00 class 0x030000
[   14.003390] pci 0000:00:02.0: reg 0x10: [mem 0xe0000000-0xe0ffffff pref]
[   14.031088] pci 0000:00:03.0: [8086:100e] type 00 class 0x020000
[   14.036161] pci 0000:00:03.0: reg 0x10: [mem 0xf0000000-0xf001ffff]
[   14.044638] pci 0000:00:03.0: reg 0x18: [io  0xd010-0xd017]
[   14.061414] pci 0000:00:04.0: [80ee:cafe] type 00 class 0x088000
[   14.066340] pci 0000:00:04.0: reg 0x10: [io  0xd020-0xd03f]
[   14.070878] pci 0000:00:04.0: reg 0x14: [mem 0xf0400000-0xf07fffff]
[   14.074856] pci 0000:00:04.0: reg 0x18: [mem 0xf0800000-0xf0803fff pref]
[   14.091375] pci 0000:00:05.0: [8086:2415] type 00 class 0x040100
[   14.091450] pci 0000:00:05.0: reg 0x10: [io  0xd100-0xd1ff]
[   14.091494] pci 0000:00:05.0: reg 0x14: [io  0xd200-0xd23f]
[   14.091831] pci 0000:00:06.0: [106b:003f] type 00 class 0x0c0310
[   14.096029] pci 0000:00:06.0: reg 0x10: [mem 0xf0804000-0xf0804fff]
[   14.119761] pci 0000:00:07.0: [8086:7113] type 00 class 0x068000
[   14.120086] pci 0000:00:07.0: quirk: [io  0x4000-0x403f] claimed by PIIX4 ACPI
[   14.120093] pci 0000:00:07.0: quirk: [io  0x4100-0x410f] claimed by PIIX4 SMB
[   14.120253] pci 0000:00:0b.0: [8086:265c] type 00 class 0x0c0320
[   14.124381] pci 0000:00:0b.0: reg 0x10: [mem 0xf0805000-0xf0805fff]
[   14.148587] pci 0000:00:0d.0: [8086:2829] type 00 class 0x010601
[   14.152504] pci 0000:00:0d.0: reg 0x10: [io  0xd240-0xd247]
[   14.160669] pci 0000:00:0d.0: reg 0x18: [io  0xd250-0xd257]
[   14.168421] pci 0000:00:0d.0: reg 0x20: [io  0xd260-0xd26f]
[   14.173232] pci 0000:00:0d.0: reg 0x24: [mem 0xf0806000-0xf0807fff]
[   14.178527] ACPI: PCI Interrupt Link [LNKA] (IRQs 5 9 10 *11)
[   14.178667] ACPI: PCI Interrupt Link [LNKB] (IRQs 5 9 10 *11)
[   14.178735] ACPI: PCI Interrupt Link [LNKC] (IRQs 5 9 *10 11)
[   14.178817] ACPI: PCI Interrupt Link [LNKD] (IRQs 5 *9 10 11)
[   14.178957] ACPI: Enabled 2 GPEs in block 00 to 07
[   14.179184] vgaarb: setting as boot device: PCI:0000:00:02.0
[   14.179186] vgaarb: device added: PCI:0000:00:02.0,decodes=io+mem,owns=io+mem,locks=none
[   14.179188] vgaarb: loaded
[   14.179189] vgaarb: bridge control possible 0000:00:02.0
[   14.179420] SCSI subsystem initialized
[   14.179452] libata version 3.00 loaded.
[   14.179469] ACPI: bus type USB registered
[   14.179488] usbcore: registered new interface driver usbfs
[   14.179493] usbcore: registered new interface driver hub
[   14.179499] usbcore: registered new device driver usb
[   14.179570] PCI: Using ACPI for IRQ routing
[   14.179571] PCI: pci_cache_line_size set to 64 bytes
[   14.179701] Expanded resource Persistent Memory (legacy) due to conflict with PCI Bus 0000:00
[   14.179702] e820: reserve RAM buffer [mem 0x0009fc00-0x0009ffff]
[   14.179778] NetLabel: Initializing
[   14.179779] NetLabel:  domain hash size = 128
[   14.179779] NetLabel:  protocols = UNLABELED CIPSOv4
[   14.179787] NetLabel:  unlabeled traffic allowed by default
[   14.179841] clocksource: Switched to clocksource kvm-clock
[   14.187807] AppArmor: AppArmor Filesystem Enabled
[   14.187852] pnp: PnP ACPI init
[   14.187905] pnp 00:00: Plug and Play ACPI device, IDs PNP0303 (active)
[   14.187965] pnp 00:01: Plug and Play ACPI device, IDs PNP0f03 (active)
[   14.188344] pnp: PnP ACPI: found 2 devices
[   14.193513] clocksource: acpi_pm: mask: 0xffffff max_cycles: 0xffffff, max_idle_ns: 2085701024 ns
[   14.193523] pci_bus 0000:00: resource 4 [io  0x0000-0x0cf7 window]
[   14.193524] pci_bus 0000:00: resource 5 [io  0x0d00-0xffff window]
[   14.193525] pci_bus 0000:00: resource 6 [mem 0x000a0000-0x000bffff window]
[   14.193526] pci_bus 0000:00: resource 7 [mem 0xe0000000-0xffdfffff window]
[   14.193546] NET: Registered protocol family 2
[   14.193646] TCP established hash table entries: 65536 (order: 7, 524288 bytes)
[   14.195093] TCP bind hash table entries: 65536 (order: 8, 1048576 bytes)
[   14.195240] TCP: Hash tables configured (established 65536 bind 65536)
[   14.195268] UDP hash table entries: 4096 (order: 5, 131072 bytes)
[   14.195291] UDP-Lite hash table entries: 4096 (order: 5, 131072 bytes)
[   14.195333] NET: Registered protocol family 1
[   14.195341] pci 0000:00:00.0: Limiting direct PCI/PCI transfers
[   14.195359] pci 0000:00:01.0: Activating ISA DMA hang workarounds
[   14.195379] pci 0000:00:02.0: Video device with shadowed ROM
[   14.195717] PCI: CLS 0 bytes, default 64
[   14.195750] Trying to unpack rootfs image as initramfs...
[   14.599259] Freeing initrd memory: 34072K (ffff880033d64000 - ffff880035eaa000)
[   14.599290] PCI-DMA: Using software bounce buffering for IO (SWIOTLB)
[   14.599292] software IO TLB [mem 0x7c000000-0x80000000] (64MB) mapped at [ffff88007c000000-ffff88007fffffff]
[   14.599349] platform rtc_cmos: registered platform RTC device (no PNP device found)
[   14.599360] RAPL PMU detected, API unit is 2^-32 Joules, 4 fixed counters 10737418240 ms ovfl timer
[   14.599361] hw unit of domain pp0-core 2^-0 Joules
[   14.599362] hw unit of domain package 2^-0 Joules
[   14.599362] hw unit of domain dram 2^-0 Joules
[   14.599363] hw unit of domain pp1-gpu 2^-0 Joules
[   14.599386] microcode: CPU0 sig=0x306c3, pf=0x40, revision=0x0
[   14.599417] microcode: Microcode Update Driver: v2.00 <tigran@aivazian.fsnet.co.uk>, Peter Oruba
[   14.599438] Scanning for low memory corruption every 60 seconds
[   14.599606] futex hash table entries: 256 (order: 2, 16384 bytes)
[   14.599621] audit: initializing netlink subsys (disabled)
[   14.599630] audit: type=2000 audit(1514465032.700:1): initialized
[   14.599773] Initialise system trusted keyring
[   14.599819] HugeTLB registered 2 MB page size, pre-allocated 0 pages
[   14.600703] zbud: loaded
[   14.600820] VFS: Disk quotas dquot_6.6.0
[   14.600838] VFS: Dquot-cache hash table entries: 512 (order 0, 4096 bytes)
[   14.601014] squashfs: version 4.0 (2009/01/31) Phillip Lougher
[   14.601136] fuse init (API version 7.23)
[   14.601206] Key type big_key registered
[   14.601592] Key type asymmetric registered
[   14.601595] Asymmetric key parser 'x509' registered
[   14.601604] Block layer SCSI generic (bsg) driver version 0.4 loaded (major 249)
[   14.601614] io scheduler noop registered
[   14.601615] io scheduler deadline registered (default)
[   14.603912] io scheduler cfq registered
[   14.603962] pci_hotplug: PCI Hot Plug PCI Core version: 0.5
[   14.603966] pciehp: PCI Express Hot Plug Controller Driver version: 0.4
[   14.604096] ACPI: AC Adapter [AC] (on-line)
[   14.604129] input: Power Button as /devices/LNXSYSTM:00/LNXPWRBN:00/input/input0
[   14.604132] ACPI: Power Button [PWRF]
[   14.604176] input: Sleep Button as /devices/LNXSYSTM:00/LNXSLPBN:00/input/input1
[   14.604178] ACPI: Sleep Button [SLPF]
[   14.604269] GHES: HEST is not enabled!
[   14.604318] Serial: 8250/16550 driver, 32 ports, IRQ sharing enabled
[   14.605032] Linux agpgart interface v0.103
[   14.609840] brd: module loaded
[   14.610527] loop: module loaded
[   14.610654] ata_piix 0000:00:01.1: version 2.13
[   14.610979] nd_pmem namespace0.0: unable to guarantee persistence of writes
[   14.613929] pmem0: detected capacity change from 0 to 1610547200
[   14.614018] nd_pmem namespace2.0: unable to guarantee persistence of writes
[   14.614021] nd_pmem namespace2.0: could not reserve region [0x0x00000000e0000000:0x1ffc0000]
[   14.614023] nd_pmem: probe of namespace2.0 failed with error -16
[   14.614079] nd_pmem namespace4.0: unable to guarantee persistence of writes
[   14.617037] scsi host0: ata_piix
[   14.617213] pmem4: detected capacity change from 0 to 2147483648
[   14.617222] scsi host1: ata_piix
[   14.617254] ata1: PATA max UDMA/33 cmd 0x1f0 ctl 0x3f6 bmdma 0xd000 irq 14
[   14.617256] ata2: PATA max UDMA/33 cmd 0x170 ctl 0x376 bmdma 0xd008 irq 15
[   14.617337] libphy: Fixed MDIO Bus: probed
[   14.617340] tun: Universal TUN/TAP device driver, 1.6
[   14.617341] tun: (C) 1999-2004 Max Krasnyansky <maxk@qualcomm.com>
[   14.617368] PPP generic driver version 2.4.2
[   14.617419] ehci_hcd: USB 2.0 'Enhanced' Host Controller (EHCI) Driver
[   14.617423] ehci-pci: EHCI PCI platform driver
[   14.618023] ehci-pci 0000:00:0b.0: EHCI Host Controller
[   14.618031] ehci-pci 0000:00:0b.0: new USB bus registered, assigned bus number 1
[   14.618219] ehci-pci 0000:00:0b.0: irq 19, io mem 0xf0805000
[   14.628392] ehci-pci 0000:00:0b.0: USB 2.0 started, EHCI 1.00
[   14.628420] usb usb1: New USB device found, idVendor=1d6b, idProduct=0002
[   14.628421] usb usb1: New USB device strings: Mfr=3, Product=2, SerialNumber=1
[   14.628422] usb usb1: Product: EHCI Host Controller
[   14.628423] usb usb1: Manufacturer: Linux 4.3.0 ehci_hcd
[   14.628424] usb usb1: SerialNumber: 0000:00:0b.0
[   14.628489] hub 1-0:1.0: USB hub found
[   14.628492] hub 1-0:1.0: 12 ports detected
[   14.628626] ehci-platform: EHCI generic platform driver
[   14.628634] ohci_hcd: USB 1.1 'Open' Host Controller (OHCI) Driver
[   14.628637] ohci-pci: OHCI PCI platform driver
[   14.628938] ohci-pci 0000:00:06.0: OHCI PCI host controller
[   14.628941] ohci-pci 0000:00:06.0: new USB bus registered, assigned bus number 2
[   14.628982] ohci-pci 0000:00:06.0: irq 22, io mem 0xf0804000
[   14.684567] usb usb2: New USB device found, idVendor=1d6b, idProduct=0001
[   14.684569] usb usb2: New USB device strings: Mfr=3, Product=2, SerialNumber=1
[   14.684571] usb usb2: Product: OHCI PCI host controller
[   14.684572] usb usb2: Manufacturer: Linux 4.3.0 ohci_hcd
[   14.684572] usb usb2: SerialNumber: 0000:00:06.0
[   14.684664] hub 2-0:1.0: USB hub found
[   14.684673] hub 2-0:1.0: 12 ports detected
[   14.684903] ohci-platform: OHCI generic platform driver
[   14.684913] uhci_hcd: USB Universal Host Controller Interface driver
[   14.684947] i8042: PNP: PS/2 Controller [PNP0303:PS2K,PNP0f03:PS2M] at 0x60,0x64 irq 1,12
[   14.685314] serio: i8042 KBD port at 0x60,0x64 irq 1
[   14.685317] serio: i8042 AUX port at 0x60,0x64 irq 12
[   14.685386] mousedev: PS/2 mouse device common for all mice
[   14.685587] input: AT Translated Set 2 keyboard as /devices/platform/i8042/serio0/input/input2
[   14.685840] rtc_cmos rtc_cmos: rtc core: registered rtc_cmos as rtc0
[   14.685877] rtc_cmos rtc_cmos: alarms up to one day, 114 bytes nvram
[   14.685881] i2c /dev entries driver
[   14.685916] device-mapper: uevent: version 1.0.3
[   14.685953] device-mapper: ioctl: 4.33.0-ioctl (2015-8-18) initialised: dm-devel@redhat.com
[   14.685966] ledtrig-cpu: registered to indicate activity on CPUs
[   14.686161] NET: Registered protocol family 10
[   14.686256] NET: Registered protocol family 17
[   14.686264] Key type dns_resolver registered
[   14.686396] registered taskstats version 1
[   14.686411] Loading compiled-in X.509 certificates
[   14.686879] Loaded X.509 cert 'Build time autogenerated kernel key: 0759ca4de3f7631372cabbbeea3b24c381c013ce'
[   14.686891] zswap: loaded using pool lzo/zbud
[   14.687931] Key type trusted registered
[   14.689565] Key type encrypted registered
[   14.689570] AppArmor: AppArmor sha1 policy hashing enabled
[   14.689573] ima: No TPM chip found, activating TPM-bypass!
[   14.689586] evm: HMAC attrs: 0x1
[   14.689793]   Magic number: 13:99:735
[   14.689849] rtc_cmos rtc_cmos: setting system clock to 2017-12-28 12:43:37 UTC (1514465017)
[   14.689886] BIOS EDD facility v0.16 2004-Jun-25, 0 devices found
[   14.689887] EDD information not available.
[   14.689916] PM: Hibernation image not present or could not be loaded.
[   14.772422] ata2.00: ATAPI: VBOX CD-ROM, 1.0, max UDMA/133
[   14.772700] ata2.00: configured for UDMA/33
[   14.773109] scsi 1:0:0:0: CD-ROM            VBOX     CD-ROM           1.0  PQ: 0 ANSI: 5
[   14.780371] sr 1:0:0:0: [sr0] scsi3-mmc drive: 32x/32x xa/form2 tray
[   14.780373] cdrom: Uniform CD-ROM driver Revision: 3.20
[   14.780445] sr 1:0:0:0: Attached scsi CD-ROM sr0
[   14.780588] sr 1:0:0:0: Attached scsi generic sg0 type 5
[   14.780862] Freeing unused kernel memory: 1456K (ffffffff81d3a000 - ffffffff81ea6000)
[   14.780871] Write protecting the kernel read-only data: 12288k
[   14.780954] Freeing unused kernel memory: 20K (ffff8800017fb000 - ffff880001800000)
[   14.781003] Freeing unused kernel memory: 216K (ffff880001bca000 - ffff880001c00000)
[   14.786640] random: udevadm urandom read with 1 bits of entropy available
[   14.810808] e1000: Intel(R) PRO/1000 Network Driver - version 7.3.21-k8-NAPI
[   14.810810] e1000: Copyright (c) 1999-2006 Intel Corporation.
[   14.814720] ACPI: Video Device [GFX0] (multi-head: yes  rom: no  post: no)
[   14.814765] input: Video Bus as /devices/LNXSYSTM:00/LNXSYBUS:00/PNP0A03:00/LNXVIDEO:00/input/input4
[   14.816354] FUJITSU Extended Socket Network Device Driver - version 1.0 - Copyright (c) 2015 FUJITSU LIMITED
[   15.104285] input: ImExPS/2 Generic Explorer Mouse as /devices/platform/i8042/serio1/input/input5
[   15.138885] e1000 0000:00:03.0 eth0: (PCI:33MHz:32-bit) 08:00:27:7d:c1:92
[   15.138889] e1000 0000:00:03.0 eth0: Intel(R) PRO/1000 Network Connection
[   15.139256] ahci 0000:00:0d.0: version 3.0
[   15.139317] ahci 0000:00:0d.0: SSS flag set, parallel bus scan disabled
[   15.139402] ahci 0000:00:0d.0: AHCI 0001.0100 32 slots 1 ports 3 Gbps 0x1 impl SATA mode
[   15.139404] ahci 0000:00:0d.0: flags: 64bit ncq stag only ccc 
[   15.141375] e1000 0000:00:03.0 enp0s3: renamed from eth0
[   15.141915] scsi host2: ahci
[   15.141955] ata3: SATA max UDMA/133 abar m8192@0xf0806000 port 0xf0806100 irq 21
[   15.312744] usb 2-1: new full-speed USB device number 2 using ohci-pci
[   15.460397] ata3: SATA link up 3.0 Gbps (SStatus 123 SControl 300)
[   15.460495] ata3.00: ATA-6: VBOX HARDDISK, 1.0, max UDMA/133
[   15.460497] ata3.00: 268435456 sectors, multi 128: LBA48 NCQ (depth 31/32)
[   15.460628] ata3.00: configured for UDMA/133
[   15.460700] scsi 2:0:0:0: Direct-Access     ATA      VBOX HARDDISK    1.0  PQ: 0 ANSI: 5
[   15.460952] sd 2:0:0:0: [sda] 268435456 512-byte logical blocks: (137 GB/128 GiB)
[   15.460965] sd 2:0:0:0: [sda] Write Protect is off
[   15.460966] sd 2:0:0:0: [sda] Mode Sense: 00 3a 00 00
[   15.460972] sd 2:0:0:0: [sda] Write cache: enabled, read cache: enabled, doesn't support DPO or FUA
[   15.461071] sd 2:0:0:0: Attached scsi generic sg1 type 0
[   15.462556]  sda: sda1 sda2 < sda5 >
[   15.462670] sd 2:0:0:0: [sda] Attached SCSI disk
[   15.596269] tsc: Refined TSC clocksource calibration: 3591.094 MHz
[   15.596273] clocksource: tsc: mask: 0xffffffffffffffff max_cycles: 0x33c375e1acf, max_idle_ns: 440795309093 ns
[   15.602133] usb 2-1: New USB device found, idVendor=80ee, idProduct=0021
[   15.602136] usb 2-1: New USB device strings: Mfr=1, Product=3, SerialNumber=0
[   15.602137] usb 2-1: Product: USB Tablet
[   15.602138] usb 2-1: Manufacturer: VirtualBox
[   15.610412] hidraw: raw HID events driver (C) Jiri Kosina
[   15.625054] usbcore: registered new interface driver usbhid
[   15.625057] usbhid: USB HID core driver
[   15.632602] input: VirtualBox USB Tablet as /devices/pci0000:00/0000:00:06.0/usb2/2-1/2-1:1.0/0003:80EE:0021.0001/input/input6
[   15.632766] hid-generic 0003:80EE:0021.0001: input,hidraw0: USB HID v1.10 Mouse [VirtualBox USB Tablet] on usb-0000:00:06.0-1/input0
[   18.136075] floppy0: no floppy controllers found
[   18.136110] work still pending
[   19.539114] random: nonblocking pool is initialized
[   19.894440] EXT4-fs (sda1): mounted filesystem with ordered data mode. Opts: (null)
[   21.760461] systemd[1]: systemd 229 running in system mode. (+PAM +AUDIT +SELINUX +IMA +APPARMOR +SMACK +SYSVINIT +UTMP +LIBCRYPTSETUP +GCRYPT +GNUTLS +ACL +XZ -LZ4 +SECCOMP +BLKID +ELFUTILS +KMOD -IDN)
[   21.760485] systemd[1]: Detected virtualization oracle.
[   21.760488] systemd[1]: Detected architecture x86-64.
[   21.775379] systemd[1]: Set hostname to <cxdir-VirtualBox>.
[   22.390266] systemd[1]: Reached target User and Group Name Lookups.
[   22.390301] systemd[1]: Reached target Encrypted Volumes.
[   22.390317] systemd[1]: Listening on fsck to fsckd communication Socket.
[   22.390392] systemd[1]: Set up automount Arbitrary Executable File Formats File System Automount Point.
[   22.390399] systemd[1]: Reached target Remote File Systems (Pre).
[   22.390419] systemd[1]: Listening on Journal Socket (/dev/log).
[   22.390439] systemd[1]: Started Forward Password Requests to Wall Directory Watch.
[   22.390458] systemd[1]: Listening on udev Control Socket.
[   22.390473] systemd[1]: Listening on Journal Socket.
[   22.390484] systemd[1]: Reached target Remote File Systems.
[   22.390535] systemd[1]: Created slice System Slice.
[   22.401127] systemd[1]: Starting Load Kernel Modules...
[   22.408089] systemd[1]: Starting Set console keymap...
[   22.408331] systemd[1]: Mounting Debug File System...
[   22.408538] systemd[1]: Started Braille Device Support.
[   22.409714] systemd[1]: Starting Create list of required static device nodes for the current kernel...
[   22.412252] systemd[1]: Mounting Huge Pages File System...
[   22.412289] systemd[1]: Listening on udev Kernel Socket.
[   22.412340] systemd[1]: Listening on Journal Audit Socket.
[   22.550297] systemd[1]: Listening on /dev/initctl Compatibility Named Pipe.
[   22.550359] systemd[1]: Listening on Syslog Socket.
[   22.550787] systemd[1]: Starting Journal Service...
[   22.551088] systemd[1]: Mounting POSIX Message Queue File System...
[   22.551343] systemd[1]: Starting Uncomplicated firewall...
[   22.551392] systemd[1]: Created slice User and Session Slice.
[   22.551404] systemd[1]: Reached target Slices.
[   22.695897] systemd[1]: Started Create list of required static device nodes for the current kernel.
[   22.696293] systemd[1]: Starting Create Static Device Nodes in /dev...
[   22.727318] systemd[1]: Started Uncomplicated firewall.
[   23.216230] systemd[1]: Started Journal Service.
[   23.324644] lp: driver loaded but no devices found
[   23.339470] ppdev: user-space parallel port driver
[   24.146543] EXT4-fs (sda1): re-mounted. Opts: errors=remount-ro
[   24.382128] systemd-journald[232]: Received request to flush runtime journal from PID 1
[   24.677870] vboxguest: module verification failed: signature and/or required key missing - tainting kernel
[   24.680427] vgdrvHeartbeatInit: Setting up heartbeat to trigger every 2000 milliseconds
[   24.680501] input: Unspecified device as /devices/pci0000:00/0000:00:04.0/input/input7
[   24.680589] vboxguest: misc device minor 56, IRQ 20, I/O port d020, MMIO at 00000000f0400000 (size 0x400000)
[   24.680590] vboxguest: Successfully loaded version 5.1.14 (interface 0x00010004)
[   25.063018] piix4_smbus 0000:00:07.0: SMBus Host Controller at 0x4100, revision 0
[   25.149304] [drm] Initialized drm 1.1.0 20060810
[   25.368891] AVX version of gcm_enc/dec engaged.
[   25.368893] AES CTR mode by8 optimization enabled
[   25.425283] [drm] VRAM 01000000
[   25.425581] [TTM] Zone  kernel: Available graphics memory: 2281612 kiB
[   25.425582] [TTM] Zone   dma32: Available graphics memory: 2097152 kiB
[   25.425583] [TTM] Initializing pool allocator
[   25.425586] [TTM] Initializing DMA pool allocator
[   25.426428] fbcon: vboxdrmfb (fb0) is primary device
[   25.433290] Console: switching to colour frame buffer device 100x37
[   25.434139] vboxvideo 0000:00:02.0: fb0: vboxdrmfb frame buffer device
[   25.434141] [drm] Initialized vboxvideo 1.0.0 20130823 for 0000:00:02.0 on minor 0
[   25.734154] intel_rapl: no valid rapl domains found in package 0
[   25.737331] snd_intel8x0 0000:00:05.0: disable (unknown or VT-d) VM optimization
[   26.007327] snd_intel8x0 0000:00:05.0: white list rate for 1028:0177 is 48000
[   27.236100] audit: type=1400 audit(1514465030.044:2): apparmor="STATUS" operation="profile_load" name="/usr/lib/lightdm/lightdm-guest-session" pid=506 comm="apparmor_parser"
[   27.236104] audit: type=1400 audit(1514465030.044:3): apparmor="STATUS" operation="profile_load" name="chromium" pid=506 comm="apparmor_parser"
[   27.471372] Adding 8386556k swap on /dev/sda5.  Priority:-1 extents:1 across:8386556k FS
[   27.519969] audit: type=1400 audit(1514465030.324:4): apparmor="STATUS" operation="profile_load" name="/sbin/dhclient" pid=644 comm="apparmor_parser"
[   27.519973] audit: type=1400 audit(1514465030.324:5): apparmor="STATUS" operation="profile_load" name="/usr/lib/NetworkManager/nm-dhcp-client.action" pid=644 comm="apparmor_parser"
[   27.519975] audit: type=1400 audit(1514465030.324:6): apparmor="STATUS" operation="profile_load" name="/usr/lib/NetworkManager/nm-dhcp-helper" pid=644 comm="apparmor_parser"
[   27.519977] audit: type=1400 audit(1514465030.324:7): apparmor="STATUS" operation="profile_load" name="/usr/lib/connman/scripts/dhclient-script" pid=644 comm="apparmor_parser"
[   27.743869] floppy0: no floppy controllers found
[   27.743901] work still pending
[   27.845341] audit: type=1400 audit(1514465030.652:8): apparmor="STATUS" operation="profile_load" name="/usr/bin/evince" pid=650 comm="apparmor_parser"
[   27.845345] audit: type=1400 audit(1514465030.652:9): apparmor="STATUS" operation="profile_load" name="sanitized_helper" pid=650 comm="apparmor_parser"
[   27.845347] audit: type=1400 audit(1514465030.652:10): apparmor="STATUS" operation="profile_load" name="/usr/bin/evince-previewer" pid=650 comm="apparmor_parser"
[   27.845349] audit: type=1400 audit(1514465030.652:11): apparmor="STATUS" operation="profile_load" name="sanitized_helper" pid=650 comm="apparmor_parser"
[   30.313328] vboxsf: Successfully loaded version 5.1.14 (interface 0x00010004)
[   35.304075] VBoxService 5.1.14 r112924 (verbosity: 0) linux.amd64 (Jan 16 2017 17:38:46) release log
               00:00:00.000062 main     Log opened 2017-12-28T12:43:58.114173000Z
[   35.304129] 00:00:00.000124 main     OS Product: Linux
[   35.304147] 00:00:00.000166 main     OS Release: 4.3.0
[   35.304243] 00:00:00.000257 main     OS Version: #2 SMP Fri Sep 8 20:52:18 CST 2017
[   35.304265] 00:00:00.000279 main     Executable: /opt/VBoxGuestAdditions-5.1.14/sbin/VBoxService
               00:00:00.000280 main     Process ID: 984
               00:00:00.000281 main     Package type: LINUX_64BITS_GENERIC
[   35.305185] 00:00:00.001197 main     5.1.14 r112924 started. Verbose level = 0
[   35.919262] IPv6: ADDRCONF(NETDEV_UP): enp0s3: link is not ready
[   35.921016] IPv6: ADDRCONF(NETDEV_UP): enp0s3: link is not ready
[   35.924288] e1000: enp0s3 NIC Link is Up 1000 Mbps Full Duplex, Flow Control: RX
[   35.924522] IPv6: ADDRCONF(NETDEV_CHANGE): enp0s3: link becomes ready
[  188.635588] nova: dafs init nova_fs
[  188.635590] nova: init_nova_fs: 1 cpus online
[  188.635591] nova: Arch new instructions support: PCOMMIT NO, CLWB NO
[  188.636772] nova: dafs register file sytem nova
[  188.636777] nova: dafs end init_fs
[  188.707032] nova: dafs start to mount
[  188.707050] nova: start init radix tree
[  188.707053] nova: finish init radix tree
[  188.707053] nova: start nova init
[  188.707054] nova: creating an empty nova of size 1610547200
[  188.707054] nova: nova: Default block size set to 4K
[  188.707057] nova: dafs init dzt block
[  188.707058] nova: dafs_get dzt blk
[  188.707060] nova: dzt alloc 1 dzt blocks from 4 to 4
[  188.707061] nova: dafs_init_dzt_block: allocate log @ 0x4
[  188.722826] nova: dafs_get dzt blk
[  188.722856] nova: dafs allocate zone blocks
[  188.722908] nova: Zone 0, alloc 1 zone blocks from 582 to 582
[  188.722909] nova: dafs_alloc_dir_zone: allocate zone @ 0x246
[  188.739656] nova: dafs make dzt pointer
[  188.739659] nova: dafs_get dzt blk
[  188.739660] nova: dafs finish make dzt bitmap pointer
[  188.739661] nova: dafs start build dzt
[  188.739663] nova: dafs finish build dzt_e
[  188.739664] nova: dafs start init dir zones
[  188.739664] nova: root ze addr is 2383872
[  188.739665] nova: the root dir hashname is 47
[  188.739665] nova: test root hash name is 47
[  188.739666] nova: dafs finish creat root directory
[  188.739669] nova: dafs finish init dir zones
[  188.739670] nova: init_dir_info start
[  188.739691] nova: init_dir_info end
[  188.739692] nova: dafs finish nova_init
[  188.739692] nova: dafs start setting sb
[  188.739693] nova: dafs end setting sb
[  188.739702] nova: root_dentry name is /
[  188.739702] nova: dafs end fill super
[  188.739704] nova: dafs finish mount
[  188.741026] nova: not found dentry in nvm
[  188.741038] nova: not found dentry in nvm
[  202.583719] nova: not found dentry in nvm
[  204.511982] nova: not found dentry in nvm
[  206.379086] nova: not found dentry in nvm
[  208.413886] nova: not found dentry in nvm
[  220.246390] nova: not found dentry in nvm
[  220.246402] nova: nova_open: dafs start open
[  220.246411] nova: nova_dax_file_write:dafs start to write
[  220.246412] nova: nova_cow_file_write:dafs start to cow file write
[  220.246417] nova: nova_append_file_write_entry end
[  220.246418] nova: nova_cow_file_write:dafs end cow write
[  227.816793] nova: nova_evict_inode start
