[    0.000000] Initializing cgroup subsys cpuset
[    0.000000] Initializing cgroup subsys cpu
[    0.000000] Initializing cgroup subsys cpuacct
[    0.000000] Linux version 4.3.0 (root@cxdir-VirtualBox) (gcc version 5.4.0 20160609 (Ubuntu 5.4.0-6ubuntu1~16.04.4) ) #2 SMP Fri Sep 8 20:52:18 CST 2017
[    0.000000] Command line: BOOT_IMAGE=/boot/vmlinuz-4.3.0 memmap=4G!2G root=UUID=8918101d-1281-40c7-aa75-72b85c4a0441 ro quiet splash
[    0.000000] KERNEL supported cpus:
[    0.000000]   Intel GenuineIntel
[    0.000000]   AMD AuthenticAMD
[    0.000000]   Centaur CentaurHauls
[    0.000000] x86/fpu: xstate_offset[2]: 0240, xstate_sizes[2]: 0100
[    0.000000] x86/fpu: Supporting XSAVE feature 0x01: 'x87 floating point registers'
[    0.000000] x86/fpu: Supporting XSAVE feature 0x02: 'SSE registers'
[    0.000000] x86/fpu: Supporting XSAVE feature 0x04: 'AVX registers'
[    0.000000] x86/fpu: Enabled xstate features 0x7, context size is 0x340 bytes, using 'standard' format.
[    0.000000] x86/fpu: Using 'lazy' FPU context switches.
[    0.000000] e820: BIOS-provided physical RAM map:
[    0.000000] BIOS-e820: [mem 0x0000000000000000-0x000000000009fbff] usable
[    0.000000] BIOS-e820: [mem 0x000000000009fc00-0x000000000009ffff] reserved
[    0.000000] BIOS-e820: [mem 0x00000000000f0000-0x00000000000fffff] reserved
[    0.000000] BIOS-e820: [mem 0x0000000000100000-0x00000000dffeffff] usable
[    0.000000] BIOS-e820: [mem 0x00000000dfff0000-0x00000000dfffffff] ACPI data
[    0.000000] BIOS-e820: [mem 0x00000000fec00000-0x00000000fec00fff] reserved
[    0.000000] BIOS-e820: [mem 0x00000000fee00000-0x00000000fee00fff] reserved
[    0.000000] BIOS-e820: [mem 0x00000000fffc0000-0x00000000ffffffff] reserved
[    0.000000] BIOS-e820: [mem 0x0000000100000000-0x000000021fffffff] usable
[    0.000000] NX (Execute Disable) protection: active
[    0.000000] e820: user-defined physical RAM map:
[    0.000000] user: [mem 0x0000000000000000-0x000000000009fbff] usable
[    0.000000] user: [mem 0x000000000009fc00-0x000000000009ffff] reserved
[    0.000000] user: [mem 0x00000000000f0000-0x00000000000fffff] reserved
[    0.000000] user: [mem 0x0000000000100000-0x000000007fffffff] usable
[    0.000000] user: [mem 0x0000000080000000-0x00000000dffeffff] persistent (type 12)
[    0.000000] user: [mem 0x00000000dfff0000-0x00000000dfffffff] persistent (type 12)
[    0.000000] user: [mem 0x00000000e0000000-0x00000000febfffff] persistent (type 12)
[    0.000000] user: [mem 0x00000000fec00000-0x00000000fec00fff] persistent (type 12)
[    0.000000] user: [mem 0x00000000fec01000-0x00000000fedfffff] persistent (type 12)
[    0.000000] user: [mem 0x00000000fee00000-0x00000000fee00fff] persistent (type 12)
[    0.000000] user: [mem 0x00000000fee01000-0x00000000fffbffff] persistent (type 12)
[    0.000000] user: [mem 0x00000000fffc0000-0x00000000ffffffff] persistent (type 12)
[    0.000000] user: [mem 0x0000000100000000-0x000000017fffffff] persistent (type 12)
[    0.000000] user: [mem 0x0000000180000000-0x000000021fffffff] usable
[    0.000000] SMBIOS 2.5 present.
[    0.000000] DMI: innotek GmbH VirtualBox/VirtualBox, BIOS VirtualBox 12/01/2006
[    0.000000] Hypervisor detected: KVM
[    0.000000] e820: update [mem 0x00000000-0x00000fff] usable ==> reserved
[    0.000000] e820: remove [mem 0x000a0000-0x000fffff] usable
[    0.000000] e820: last_pfn = 0x220000 max_arch_pfn = 0x400000000
[    0.000000] MTRR default type: uncachable
[    0.000000] MTRR variable ranges disabled:
[    0.000000] x86/PAT: Configuration [0-7]: WB  WC  UC- UC  WB  WC  UC- WT  
[    0.000000] MTRR: Disabled
[    0.000000] CPU MTRRs all blank - virtualized system.
[    0.000000] e820: last_pfn = 0x100000 max_arch_pfn = 0x400000000
[    0.000000] found SMP MP-table at [mem 0x0009fff0-0x0009ffff] mapped at [ffff88000009fff0]
[    0.000000] Scanning 1 areas for low memory corruption
[    0.000000] Base memory trampoline at [ffff880000099000] 99000 size 24576
[    0.000000] init_memory_mapping: [mem 0x00000000-0x000fffff]
[    0.000000]  [mem 0x00000000-0x000fffff] page 4k
[    0.000000] BRK [0x01ffc000, 0x01ffcfff] PGTABLE
[    0.000000] BRK [0x01ffd000, 0x01ffdfff] PGTABLE
[    0.000000] BRK [0x01ffe000, 0x01ffefff] PGTABLE
[    0.000000] init_memory_mapping: [mem 0x21fe00000-0x21fffffff]
[    0.000000]  [mem 0x21fe00000-0x21fffffff] page 2M
[    0.000000] BRK [0x01fff000, 0x01ffffff] PGTABLE
[    0.000000] init_memory_mapping: [mem 0x200000000-0x21fdfffff]
[    0.000000]  [mem 0x200000000-0x21fdfffff] page 2M
[    0.000000] init_memory_mapping: [mem 0x00100000-0x7fffffff]
[    0.000000]  [mem 0x00100000-0x001fffff] page 4k
[    0.000000]  [mem 0x00200000-0x7fffffff] page 2M
[    0.000000] init_memory_mapping: [mem 0x180000000-0x1ffffffff]
[    0.000000]  [mem 0x180000000-0x1ffffffff] page 2M
[    0.000000] BRK [0x02000000, 0x02000fff] PGTABLE
[    0.000000] BRK [0x02001000, 0x02001fff] PGTABLE
[    0.000000] RAMDISK: [mem 0x33d64000-0x35ea9fff]
[    0.000000] ACPI: Early table checksum verification disabled
[    0.000000] ACPI: RSDP 0x00000000000E0000 000024 (v02 VBOX  )
[    0.000000] ACPI: XSDT 0x00000000DFFF0030 00003C (v01 VBOX   VBOXXSDT 00000001 ASL  00000061)
[    0.000000] ACPI: FACP 0x00000000DFFF00F0 0000F4 (v04 VBOX   VBOXFACP 00000001 ASL  00000061)
[    0.000000] ACPI: DSDT 0x00000000DFFF0470 00210F (v01 VBOX   VBOXBIOS 00000002 INTL 20100528)
[    0.000000] ACPI: FACS 0x00000000DFFF0200 000040
[    0.000000] ACPI: FACS 0x00000000DFFF0200 000040
[    0.000000] ACPI: APIC 0x00000000DFFF0240 000054 (v02 VBOX   VBOXAPIC 00000001 ASL  00000061)
[    0.000000] ACPI: SSDT 0x00000000DFFF02A0 0001CC (v01 VBOX   VBOXCPUT 00000002 INTL 20100528)
[    0.000000] ACPI: Local APIC address 0xfee00000
[    0.000000] No NUMA configuration found
[    0.000000] Faking a node at [mem 0x0000000000000000-0x000000021fffffff]
[    0.000000] NODE_DATA(0) allocated [mem 0x21fffa000-0x21fffefff]
[    0.000000] kvm-clock: Using msrs 4b564d01 and 4b564d00
[    0.000000] kvm-clock: cpu 0, msr 2:1fff2001, primary cpu clock
[    0.000000] clocksource: kvm-clock: mask: 0xffffffffffffffff max_cycles: 0x1cd42e4dffb, max_idle_ns: 881590591483 ns
[    0.000000]  [ffffea0000000000-ffffea00087fffff] PMD -> [ffff88021ae00000-ffff88021f5fffff] on node 0
[    0.000000] Zone ranges:
[    0.000000]   DMA      [mem 0x0000000000001000-0x0000000000ffffff]
[    0.000000]   DMA32    [mem 0x0000000001000000-0x00000000ffffffff]
[    0.000000]   Normal   [mem 0x0000000100000000-0x000000021fffffff]
[    0.000000] Movable zone start for each node
[    0.000000] Early memory node ranges
[    0.000000]   node   0: [mem 0x0000000000001000-0x000000000009efff]
[    0.000000]   node   0: [mem 0x0000000000100000-0x000000007fffffff]
[    0.000000]   node   0: [mem 0x0000000180000000-0x000000021fffffff]
[    0.000000] Initmem setup node 0 [mem 0x0000000000001000-0x000000021fffffff]
[    0.000000] On node 0 totalpages: 1179550
[    0.000000]   DMA zone: 64 pages used for memmap
[    0.000000]   DMA zone: 21 pages reserved
[    0.000000]   DMA zone: 3998 pages, LIFO batch:0
[    0.000000]   DMA32 zone: 8128 pages used for memmap
[    0.000000]   DMA32 zone: 520192 pages, LIFO batch:31
[    0.000000]   Normal zone: 10240 pages used for memmap
[    0.000000]   Normal zone: 655360 pages, LIFO batch:31
[    0.000000] ACPI: PM-Timer IO Port: 0x4008
[    0.000000] ACPI: Local APIC address 0xfee00000
[    0.000000] IOAPIC[0]: apic_id 1, version 32, address 0xfec00000, GSI 0-23
[    0.000000] ACPI: INT_SRC_OVR (bus 0 bus_irq 0 global_irq 2 dfl dfl)
[    0.000000] ACPI: INT_SRC_OVR (bus 0 bus_irq 9 global_irq 9 high level)
[    0.000000] ACPI: IRQ0 used by override.
[    0.000000] ACPI: IRQ9 used by override.
[    0.000000] Using ACPI (MADT) for SMP configuration information
[    0.000000] smpboot: Allowing 1 CPUs, 0 hotplug CPUs
[    0.000000] PM: Registered nosave memory: [mem 0x00000000-0x00000fff]
[    0.000000] PM: Registered nosave memory: [mem 0x0009f000-0x0009ffff]
[    0.000000] PM: Registered nosave memory: [mem 0x000a0000-0x000effff]
[    0.000000] PM: Registered nosave memory: [mem 0x000f0000-0x000fffff]
[    0.000000] PM: Registered nosave memory: [mem 0x80000000-0xdffeffff]
[    0.000000] PM: Registered nosave memory: [mem 0xdfff0000-0xdfffffff]
[    0.000000] PM: Registered nosave memory: [mem 0xe0000000-0xfebfffff]
[    0.000000] PM: Registered nosave memory: [mem 0xfec00000-0xfec00fff]
[    0.000000] PM: Registered nosave memory: [mem 0xfec01000-0xfedfffff]
[    0.000000] PM: Registered nosave memory: [mem 0xfee00000-0xfee00fff]
[    0.000000] PM: Registered nosave memory: [mem 0xfee01000-0xfffbffff]
[    0.000000] PM: Registered nosave memory: [mem 0xfffc0000-0xffffffff]
[    0.000000] PM: Registered nosave memory: [mem 0x100000000-0x17fffffff]
[    0.000000] e820: cannot find a gap in the 32bit address range
               e820: PCI devices with unassigned 32bit BARs may break!
[    0.000000] e820: [mem 0x220100000-0x2204fffff] available for PCI devices
[    0.000000] Booting paravirtualized kernel on KVM
[    0.000000] clocksource: refined-jiffies: mask: 0xffffffff max_cycles: 0xffffffff, max_idle_ns: 7645519600211568 ns
[    0.000000] setup_percpu: NR_CPUS:512 nr_cpumask_bits:512 nr_cpu_ids:1 nr_node_ids:1
[    0.000000] PERCPU: Embedded 33 pages/cpu @ffff88021fc00000 s97496 r8192 d29480 u2097152
[    0.000000] pcpu-alloc: s97496 r8192 d29480 u2097152 alloc=1*2097152
[    0.000000] pcpu-alloc: [0] 0 
[    0.000000] PV qspinlock hash table entries: 256 (order: 0, 4096 bytes)
[    0.000000] Built 1 zonelists in Node order, mobility grouping on.  Total pages: 1161097
[    0.000000] Policy zone: Normal
[    0.000000] Kernel command line: BOOT_IMAGE=/boot/vmlinuz-4.3.0 memmap=4G!2G root=UUID=8918101d-1281-40c7-aa75-72b85c4a0441 ro quiet splash
[    0.000000] PID hash table entries: 4096 (order: 3, 32768 bytes)
[    0.000000] Calgary: detecting Calgary via BIOS EBDA area
[    0.000000] Calgary: Unable to locate Rio Grande table in EBDA - bailing!
[    0.000000] Memory: 4527432K/4718200K available (8158K kernel code, 1248K rwdata, 3880K rodata, 1456K init, 1332K bss, 190768K reserved, 0K cma-reserved)
[    0.000000] SLUB: HWalign=64, Order=0-3, MinObjects=0, CPUs=1, Nodes=1
[    0.000000] Hierarchical RCU implementation.
[    0.000000] 	Build-time adjustment of leaf fanout to 64.
[    0.000000] 	RCU restricting CPUs from NR_CPUS=512 to nr_cpu_ids=1.
[    0.000000] RCU: Adjusting geometry for rcu_fanout_leaf=64, nr_cpu_ids=1
[    0.000000] NR_IRQS:33024 nr_irqs:256 16
[    0.000000] Console: colour VGA+ 80x25
[    0.000000] console [tty0] enabled
[    0.000000] tsc: Detected 3591.704 MHz processor
[ 6999.931574] Calibrating delay loop (skipped) preset value.. 7183.40 BogoMIPS (lpj=14366816)
[ 6999.931576] pid_max: default: 32768 minimum: 301
[ 6999.931580] ACPI: Core revision 20150818
[ 6999.932291] ACPI: 2 ACPI AML tables successfully acquired and loaded
[ 6999.932303] Security Framework initialized
[ 6999.932305] Yama: becoming mindful.
[ 6999.932311] AppArmor: AppArmor initialized
[ 6999.932643] Dentry cache hash table entries: 1048576 (order: 11, 8388608 bytes)
[ 6999.933849] Inode-cache hash table entries: 524288 (order: 10, 4194304 bytes)
[ 6999.934539] Mount-cache hash table entries: 16384 (order: 5, 131072 bytes)
[ 6999.934545] Mountpoint-cache hash table entries: 16384 (order: 5, 131072 bytes)
[ 6999.934713] Initializing cgroup subsys io
[ 6999.934717] Initializing cgroup subsys memory
[ 6999.934722] Initializing cgroup subsys devices
[ 6999.934724] Initializing cgroup subsys freezer
[ 6999.934725] Initializing cgroup subsys net_cls
[ 6999.934727] Initializing cgroup subsys perf_event
[ 6999.934728] Initializing cgroup subsys net_prio
[ 6999.934729] Initializing cgroup subsys hugetlb
[ 6999.934732] Initializing cgroup subsys pids
[ 6999.934789] CPU: Physical Processor ID: 0
[ 6999.935529] mce: CPU supports 0 MCE banks
[ 6999.935547] process: using mwait in idle threads
[ 6999.935551] Last level iTLB entries: 4KB 1024, 2MB 1024, 4MB 1024
[ 6999.935551] Last level dTLB entries: 4KB 1024, 2MB 1024, 4MB 1024, 1GB 4
[ 6999.945687] Freeing SMP alternatives memory: 28K (ffffffff81ea6000 - ffffffff81ead000)
[ 6999.951632] ftrace: allocating 31208 entries in 122 pages
[ 6999.981609] x2apic enabled
[ 6999.981795] Switched APIC routing to physical x2apic.
[ 6999.982694] ..TIMER: vector=0x30 apic1=0 pin1=2 apic2=-1 pin2=-1
[ 7000.088031] smpboot: CPU0: Intel(R) Core(TM) i7-4790 CPU @ 3.60GHz (family: 0x6, model: 0x3c, stepping: 0x3)
[ 7000.088067] Performance Events: unsupported p6 CPU model 60 no PMU driver, software events only.
[ 7000.088076] KVM setup paravirtual spinlock
[ 7000.088718] x86: Booted up 1 node, 1 CPUs
[ 7000.088721] smpboot: Total of 1 processors activated (7183.40 BogoMIPS)
[ 7000.088990] devtmpfs: initialized
[ 7000.091525] evm: security.selinux
[ 7000.091527] evm: security.SMACK64
[ 7000.091528] evm: security.SMACK64EXEC
[ 7000.091529] evm: security.SMACK64TRANSMUTE
[ 7000.091530] evm: security.SMACK64MMAP
[ 7000.091531] evm: security.ima
[ 7000.091532] evm: security.capability
[ 7000.091633] clocksource: jiffies: mask: 0xffffffff max_cycles: 0xffffffff, max_idle_ns: 7645041785100000 ns
[ 7000.091679] pinctrl core: initialized pinctrl subsystem
[ 7000.091760] RTC time:  5:22:03, date: 12/15/17
[ 7000.091874] NET: Registered protocol family 16
[ 7000.092038] cpuidle: using governor ladder
[ 7000.092041] cpuidle: using governor menu
[ 7000.092043] PCCT header not found.
[ 7000.092101] ACPI: bus type PCI registered
[ 7000.092103] acpiphp: ACPI Hot Plug PCI Controller Driver version: 0.5
[ 7000.092235] PCI: Using configuration type 1 for base access
[ 7000.093594] ACPI: Added _OSI(Module Device)
[ 7000.093596] ACPI: Added _OSI(Processor Device)
[ 7000.093598] ACPI: Added _OSI(3.0 _SCP Extensions)
[ 7000.093599] ACPI: Added _OSI(Processor Aggregator Device)
[ 7000.094253] ACPI: Executed 1 blocks of module-level executable AML code
[ 7000.095533] ACPI: Interpreter enabled
[ 7000.095537] ACPI Exception: AE_NOT_FOUND, While evaluating Sleep State [\_S1_] (20150818/hwxface-580)
[ 7000.095539] ACPI Exception: AE_NOT_FOUND, While evaluating Sleep State [\_S2_] (20150818/hwxface-580)
[ 7000.095541] ACPI Exception: AE_NOT_FOUND, While evaluating Sleep State [\_S3_] (20150818/hwxface-580)
[ 7000.095542] ACPI Exception: AE_NOT_FOUND, While evaluating Sleep State [\_S4_] (20150818/hwxface-580)
[ 7000.095546] ACPI: (supports S0 S5)
[ 7000.095547] ACPI: Using IOAPIC for interrupt routing
[ 7000.095641] PCI: Using host bridge windows from ACPI; if necessary, use "pci=nocrs" and report a bug
[ 7000.098074] ACPI: PCI Root Bridge [PCI0] (domain 0000 [bus 00-ff])
[ 7000.098079] acpi PNP0A03:00: _OSC: OS supports [ASPM ClockPM Segments MSI]
[ 7000.098082] acpi PNP0A03:00: _OSC failed (AE_NOT_FOUND); disabling ASPM
[ 7000.098127] acpi PNP0A03:00: fail to add MMCONFIG information, can't access extended PCI configuration space under this bridge.
[ 7000.098340] PCI host bridge to bus 0000:00
[ 7000.098344] pci_bus 0000:00: root bus resource [bus 00-ff]
[ 7000.098346] pci_bus 0000:00: root bus resource [io  0x0000-0x0cf7 window]
[ 7000.098347] pci_bus 0000:00: root bus resource [io  0x0d00-0xffff window]
[ 7000.098348] pci_bus 0000:00: root bus resource [mem 0x000a0000-0x000bffff window]
[ 7000.098350] pci_bus 0000:00: root bus resource [mem 0xe0000000-0xffdfffff window]
[ 7000.098386] pci 0000:00:00.0: [8086:1237] type 00 class 0x060000
[ 7000.098762] pci 0000:00:01.0: [8086:7000] type 00 class 0x060100
[ 7000.099241] pci 0000:00:01.1: [8086:7111] type 00 class 0x01018a
[ 7000.099636] pci 0000:00:01.1: reg 0x20: [io  0xd000-0xd00f]
[ 7000.099780] pci 0000:00:01.1: legacy IDE quirk: reg 0x10: [io  0x01f0-0x01f7]
[ 7000.099782] pci 0000:00:01.1: legacy IDE quirk: reg 0x14: [io  0x03f6]
[ 7000.099784] pci 0000:00:01.1: legacy IDE quirk: reg 0x18: [io  0x0170-0x0177]
[ 7000.099785] pci 0000:00:01.1: legacy IDE quirk: reg 0x1c: [io  0x0376]
[ 7000.099984] pci 0000:00:02.0: [80ee:beef] type 00 class 0x030000
[ 7000.104588] pci 0000:00:02.0: reg 0x10: [mem 0xe0000000-0xe0ffffff pref]
[ 7000.133166] pci 0000:00:03.0: [8086:100e] type 00 class 0x020000
[ 7000.137557] pci 0000:00:03.0: reg 0x10: [mem 0xf0000000-0xf001ffff]
[ 7000.146233] pci 0000:00:03.0: reg 0x18: [io  0xd010-0xd017]
[ 7000.164907] pci 0000:00:04.0: [80ee:cafe] type 00 class 0x088000
[ 7000.169500] pci 0000:00:04.0: reg 0x10: [io  0xd020-0xd03f]
[ 7000.173799] pci 0000:00:04.0: reg 0x14: [mem 0xf0400000-0xf07fffff]
[ 7000.178369] pci 0000:00:04.0: reg 0x18: [mem 0xf0800000-0xf0803fff pref]
[ 7000.196367] pci 0000:00:05.0: [8086:2415] type 00 class 0x040100
[ 7000.196445] pci 0000:00:05.0: reg 0x10: [io  0xd100-0xd1ff]
[ 7000.196491] pci 0000:00:05.0: reg 0x14: [io  0xd200-0xd23f]
[ 7000.196849] pci 0000:00:06.0: [106b:003f] type 00 class 0x0c0310
[ 7000.201560] pci 0000:00:06.0: reg 0x10: [mem 0xf0804000-0xf0804fff]
[ 7000.227521] pci 0000:00:07.0: [8086:7113] type 00 class 0x068000
[ 7000.227858] pci 0000:00:07.0: quirk: [io  0x4000-0x403f] claimed by PIIX4 ACPI
[ 7000.227866] pci 0000:00:07.0: quirk: [io  0x4100-0x410f] claimed by PIIX4 SMB
[ 7000.228041] pci 0000:00:0b.0: [8086:265c] type 00 class 0x0c0320
[ 7000.232646] pci 0000:00:0b.0: reg 0x10: [mem 0xf0805000-0xf0805fff]
[ 7000.259654] pci 0000:00:0d.0: [8086:2829] type 00 class 0x010601
[ 7000.264086] pci 0000:00:0d.0: reg 0x10: [io  0xd240-0xd247]
[ 7000.273251] pci 0000:00:0d.0: reg 0x18: [io  0xd250-0xd257]
[ 7000.282202] pci 0000:00:0d.0: reg 0x20: [io  0xd260-0xd26f]
[ 7000.286535] pci 0000:00:0d.0: reg 0x24: [mem 0xf0806000-0xf0807fff]
[ 7000.291664] ACPI: PCI Interrupt Link [LNKA] (IRQs 5 9 10 *11)
[ 7000.291825] ACPI: PCI Interrupt Link [LNKB] (IRQs 5 9 10 *11)
[ 7000.291884] ACPI: PCI Interrupt Link [LNKC] (IRQs 5 9 *10 11)
[ 7000.291941] ACPI: PCI Interrupt Link [LNKD] (IRQs 5 *9 10 11)
[ 7000.292027] ACPI: Enabled 2 GPEs in block 00 to 07
[ 7000.292125] vgaarb: setting as boot device: PCI:0000:00:02.0
[ 7000.292127] vgaarb: device added: PCI:0000:00:02.0,decodes=io+mem,owns=io+mem,locks=none
[ 7000.292129] vgaarb: loaded
[ 7000.292130] vgaarb: bridge control possible 0000:00:02.0
[ 7000.292293] SCSI subsystem initialized
[ 7000.292322] libata version 3.00 loaded.
[ 7000.292338] ACPI: bus type USB registered
[ 7000.292348] usbcore: registered new interface driver usbfs
[ 7000.292353] usbcore: registered new interface driver hub
[ 7000.292360] usbcore: registered new device driver usb
[ 7000.292434] PCI: Using ACPI for IRQ routing
[ 7000.292435] PCI: pci_cache_line_size set to 64 bytes
[ 7000.292566] Expanded resource Persistent Memory (legacy) due to conflict with PCI Bus 0000:00
[ 7000.292567] e820: reserve RAM buffer [mem 0x0009fc00-0x0009ffff]
[ 7000.292645] NetLabel: Initializing
[ 7000.292646] NetLabel:  domain hash size = 128
[ 7000.292646] NetLabel:  protocols = UNLABELED CIPSOv4
[ 7000.292654] NetLabel:  unlabeled traffic allowed by default
[ 7000.292720] clocksource: Switched to clocksource kvm-clock
[ 7000.296529] AppArmor: AppArmor Filesystem Enabled
[ 7000.296569] pnp: PnP ACPI init
[ 7000.296613] pnp 00:00: Plug and Play ACPI device, IDs PNP0303 (active)
[ 7000.296663] pnp 00:01: Plug and Play ACPI device, IDs PNP0f03 (active)
[ 7000.297061] pnp: PnP ACPI: found 2 devices
[ 7000.302226] clocksource: acpi_pm: mask: 0xffffff max_cycles: 0xffffff, max_idle_ns: 2085701024 ns
[ 7000.302243] pci_bus 0000:00: resource 4 [io  0x0000-0x0cf7 window]
[ 7000.302245] pci_bus 0000:00: resource 5 [io  0x0d00-0xffff window]
[ 7000.302247] pci_bus 0000:00: resource 6 [mem 0x000a0000-0x000bffff window]
[ 7000.302249] pci_bus 0000:00: resource 7 [mem 0xe0000000-0xffdfffff window]
[ 7000.302282] NET: Registered protocol family 2
[ 7000.302446] TCP established hash table entries: 65536 (order: 7, 524288 bytes)
[ 7000.302591] TCP bind hash table entries: 65536 (order: 8, 1048576 bytes)
[ 7000.302783] TCP: Hash tables configured (established 65536 bind 65536)
[ 7000.302812] UDP hash table entries: 4096 (order: 5, 131072 bytes)
[ 7000.302849] UDP-Lite hash table entries: 4096 (order: 5, 131072 bytes)
[ 7000.302906] NET: Registered protocol family 1
[ 7000.302917] pci 0000:00:00.0: Limiting direct PCI/PCI transfers
[ 7000.302948] pci 0000:00:01.0: Activating ISA DMA hang workarounds
[ 7000.302978] pci 0000:00:02.0: Video device with shadowed ROM
[ 7000.303297] PCI: CLS 64 bytes, default 64
[ 7000.303348] Trying to unpack rootfs image as initramfs...
[ 7000.704929] Freeing initrd memory: 34072K (ffff880033d64000 - ffff880035eaa000)
[ 7000.704966] PCI-DMA: Using software bounce buffering for IO (SWIOTLB)
[ 7000.704969] software IO TLB [mem 0x7c000000-0x80000000] (64MB) mapped at [ffff88007c000000-ffff88007fffffff]
[ 7000.705095] platform rtc_cmos: registered platform RTC device (no PNP device found)
[ 7000.705109] RAPL PMU detected, API unit is 2^-32 Joules, 4 fixed counters 10737418240 ms ovfl timer
[ 7000.705110] hw unit of domain pp0-core 2^-0 Joules
[ 7000.705111] hw unit of domain package 2^-0 Joules
[ 7000.705112] hw unit of domain dram 2^-0 Joules
[ 7000.705113] hw unit of domain pp1-gpu 2^-0 Joules
[ 7000.705145] microcode: CPU0 sig=0x306c3, pf=0x40, revision=0x0
[ 7000.705183] microcode: Microcode Update Driver: v2.00 <tigran@aivazian.fsnet.co.uk>, Peter Oruba
[ 7000.705214] Scanning for low memory corruption every 60 seconds
[ 7000.705449] futex hash table entries: 256 (order: 2, 16384 bytes)
[ 7000.705468] audit: initializing netlink subsys (disabled)
[ 7000.705480] audit: type=2000 audit(1513322324.765:1): initialized
[ 7000.705685] Initialise system trusted keyring
[ 7000.705754] HugeTLB registered 2 MB page size, pre-allocated 0 pages
[ 7000.707134] zbud: loaded
[ 7000.707299] VFS: Disk quotas dquot_6.6.0
[ 7000.707329] VFS: Dquot-cache hash table entries: 512 (order 0, 4096 bytes)
[ 7000.707569] squashfs: version 4.0 (2009/01/31) Phillip Lougher
[ 7000.707738] fuse init (API version 7.23)
[ 7000.707847] Key type big_key registered
[ 7000.708416] Key type asymmetric registered
[ 7000.708419] Asymmetric key parser 'x509' registered
[ 7000.708432] Block layer SCSI generic (bsg) driver version 0.4 loaded (major 249)
[ 7000.708456] io scheduler noop registered
[ 7000.708458] io scheduler deadline registered (default)
[ 7000.708486] io scheduler cfq registered
[ 7000.708585] pci_hotplug: PCI Hot Plug PCI Core version: 0.5
[ 7000.708590] pciehp: PCI Express Hot Plug Controller Driver version: 0.4
[ 7000.708709] ACPI: AC Adapter [AC] (on-line)
[ 7000.708763] input: Power Button as /devices/LNXSYSTM:00/LNXPWRBN:00/input/input0
[ 7000.708766] ACPI: Power Button [PWRF]
[ 7000.708847] input: Sleep Button as /devices/LNXSYSTM:00/LNXSLPBN:00/input/input1
[ 7000.708849] ACPI: Sleep Button [SLPF]
[ 7000.708971] GHES: HEST is not enabled!
[ 7000.709060] Serial: 8250/16550 driver, 32 ports, IRQ sharing enabled
[ 7000.709964] Linux agpgart interface v0.103
[ 7000.711201] brd: module loaded
[ 7000.711665] loop: module loaded
[ 7000.711783] ata_piix 0000:00:01.1: version 2.13
[ 7000.712101] nd_pmem namespace0.0: unable to guarantee persistence of writes
[ 7000.712210] pmem0: detected capacity change from 0 to 1610547200
[ 7000.712253] nd_pmem namespace2.0: unable to guarantee persistence of writes
[ 7000.712255] nd_pmem namespace2.0: could not reserve region [0x0x00000000e0000000:0x1ffc0000]
[ 7000.712256] nd_pmem: probe of namespace2.0 failed with error -16
[ 7000.712292] nd_pmem namespace4.0: unable to guarantee persistence of writes
[ 7000.712407] pmem4: detected capacity change from 0 to 2147483648
[ 7000.712415] scsi host0: ata_piix
[ 7000.712453] scsi host1: ata_piix
[ 7000.712472] ata1: PATA max UDMA/33 cmd 0x1f0 ctl 0x3f6 bmdma 0xd000 irq 14
[ 7000.712473] ata2: PATA max UDMA/33 cmd 0x170 ctl 0x376 bmdma 0xd008 irq 15
[ 7000.712534] libphy: Fixed MDIO Bus: probed
[ 7000.712536] tun: Universal TUN/TAP device driver, 1.6
[ 7000.712537] tun: (C) 1999-2004 Max Krasnyansky <maxk@qualcomm.com>
[ 7000.712743] PPP generic driver version 2.4.2
[ 7000.712783] ehci_hcd: USB 2.0 'Enhanced' Host Controller (EHCI) Driver
[ 7000.712787] ehci-pci: EHCI PCI platform driver
[ 7000.713142] ehci-pci 0000:00:0b.0: EHCI Host Controller
[ 7000.713147] ehci-pci 0000:00:0b.0: new USB bus registered, assigned bus number 1
[ 7000.713260] ehci-pci 0000:00:0b.0: irq 19, io mem 0xf0805000
[ 7000.725038] ehci-pci 0000:00:0b.0: USB 2.0 started, EHCI 1.00
[ 7000.725073] usb usb1: New USB device found, idVendor=1d6b, idProduct=0002
[ 7000.725074] usb usb1: New USB device strings: Mfr=3, Product=2, SerialNumber=1
[ 7000.725075] usb usb1: Product: EHCI Host Controller
[ 7000.725076] usb usb1: Manufacturer: Linux 4.3.0 ehci_hcd
[ 7000.725077] usb usb1: SerialNumber: 0000:00:0b.0
[ 7000.725154] hub 1-0:1.0: USB hub found
[ 7000.725158] hub 1-0:1.0: 12 ports detected
[ 7000.725302] ehci-platform: EHCI generic platform driver
[ 7000.725312] ohci_hcd: USB 1.1 'Open' Host Controller (OHCI) Driver
[ 7000.725316] ohci-pci: OHCI PCI platform driver
[ 7000.725659] ohci-pci 0000:00:06.0: OHCI PCI host controller
[ 7000.725664] ohci-pci 0000:00:06.0: new USB bus registered, assigned bus number 2
[ 7000.725710] ohci-pci 0000:00:06.0: irq 22, io mem 0xf0804000
[ 7000.781374] usb usb2: New USB device found, idVendor=1d6b, idProduct=0001
[ 7000.781377] usb usb2: New USB device strings: Mfr=3, Product=2, SerialNumber=1
[ 7000.781379] usb usb2: Product: OHCI PCI host controller
[ 7000.781381] usb usb2: Manufacturer: Linux 4.3.0 ohci_hcd
[ 7000.781382] usb usb2: SerialNumber: 0000:00:06.0
[ 7000.781510] hub 2-0:1.0: USB hub found
[ 7000.781524] hub 2-0:1.0: 12 ports detected
[ 7000.781785] ohci-platform: OHCI generic platform driver
[ 7000.781796] uhci_hcd: USB Universal Host Controller Interface driver
[ 7000.781832] i8042: PNP: PS/2 Controller [PNP0303:PS2K,PNP0f03:PS2M] at 0x60,0x64 irq 1,12
[ 7000.782252] serio: i8042 KBD port at 0x60,0x64 irq 1
[ 7000.782257] serio: i8042 AUX port at 0x60,0x64 irq 12
[ 7000.782364] mousedev: PS/2 mouse device common for all mice
[ 7000.782610] input: AT Translated Set 2 keyboard as /devices/platform/i8042/serio0/input/input2
[ 7000.782932] rtc_cmos rtc_cmos: rtc core: registered rtc_cmos as rtc0
[ 7000.782984] rtc_cmos rtc_cmos: alarms up to one day, 114 bytes nvram
[ 7000.782991] i2c /dev entries driver
[ 7000.783052] device-mapper: uevent: version 1.0.3
[ 7000.783108] device-mapper: ioctl: 4.33.0-ioctl (2015-8-18) initialised: dm-devel@redhat.com
[ 7000.783124] ledtrig-cpu: registered to indicate activity on CPUs
[ 7000.783361] NET: Registered protocol family 10
[ 7000.783487] NET: Registered protocol family 17
[ 7000.783496] Key type dns_resolver registered
[ 7000.783683] registered taskstats version 1
[ 7000.783698] Loading compiled-in X.509 certificates
[ 7000.784189] Loaded X.509 cert 'Build time autogenerated kernel key: 0759ca4de3f7631372cabbbeea3b24c381c013ce'
[ 7000.784204] zswap: loaded using pool lzo/zbud
[ 7000.785323] Key type trusted registered
[ 7000.786999] Key type encrypted registered
[ 7000.787004] AppArmor: AppArmor sha1 policy hashing enabled
[ 7000.787007] ima: No TPM chip found, activating TPM-bypass!
[ 7000.787020] evm: HMAC attrs: 0x1
[ 7000.787245]   Magic number: 13:514:365
[ 7000.787305] rtc_cmos rtc_cmos: setting system clock to 2017-12-15 05:22:03 UTC (1513315323)
[ 7000.787346] BIOS EDD facility v0.16 2004-Jun-25, 0 devices found
[ 7000.787346] EDD information not available.
[ 7000.787377] PM: Hibernation image not present or could not be loaded.
[ 7000.869277] ata2.00: ATAPI: VBOX CD-ROM, 1.0, max UDMA/133
[ 7000.869622] ata2.00: configured for UDMA/33
[ 7000.870017] scsi 1:0:0:0: CD-ROM            VBOX     CD-ROM           1.0  PQ: 0 ANSI: 5
[ 7000.877114] sr 1:0:0:0: [sr0] scsi3-mmc drive: 32x/32x xa/form2 tray
[ 7000.877117] cdrom: Uniform CD-ROM driver Revision: 3.20
[ 7000.877191] sr 1:0:0:0: Attached scsi CD-ROM sr0
[ 7000.877308] sr 1:0:0:0: Attached scsi generic sg0 type 5
[ 7000.877510] Freeing unused kernel memory: 1456K (ffffffff81d3a000 - ffffffff81ea6000)
[ 7000.877511] Write protecting the kernel read-only data: 12288k
[ 7000.877584] Freeing unused kernel memory: 20K (ffff8800017fb000 - ffff880001800000)
[ 7000.877625] Freeing unused kernel memory: 216K (ffff880001bca000 - ffff880001c00000)
[ 7000.883043] random: udevadm urandom read with 1 bits of entropy available
[ 7000.906656] e1000: Intel(R) PRO/1000 Network Driver - version 7.3.21-k8-NAPI
[ 7000.906658] e1000: Copyright (c) 1999-2006 Intel Corporation.
[ 7000.908711] ACPI: Video Device [GFX0] (multi-head: yes  rom: no  post: no)
[ 7000.908752] input: Video Bus as /devices/LNXSYSTM:00/LNXSYBUS:00/PNP0A03:00/LNXVIDEO:00/input/input4
[ 7000.910063] FUJITSU Extended Socket Network Device Driver - version 1.0 - Copyright (c) 2015 FUJITSU LIMITED
[ 7001.208205] input: ImExPS/2 Generic Explorer Mouse as /devices/platform/i8042/serio1/input/input5
[ 7001.244124] e1000 0000:00:03.0 eth0: (PCI:33MHz:32-bit) 08:00:27:7d:c1:92
[ 7001.244128] e1000 0000:00:03.0 eth0: Intel(R) PRO/1000 Network Connection
[ 7001.244438] ahci 0000:00:0d.0: version 3.0
[ 7001.244500] ahci 0000:00:0d.0: SSS flag set, parallel bus scan disabled
[ 7001.244581] ahci 0000:00:0d.0: AHCI 0001.0100 32 slots 1 ports 3 Gbps 0x1 impl SATA mode
[ 7001.244583] ahci 0000:00:0d.0: flags: 64bit ncq stag only ccc 
[ 7001.245278] e1000 0000:00:03.0 enp0s3: renamed from eth0
[ 7001.245832] scsi host2: ahci
[ 7001.245874] ata3: SATA max UDMA/133 abar m8192@0xf0806000 port 0xf0806100 irq 21
[ 7001.385752] usb 2-1: new full-speed USB device number 2 using ohci-pci
[ 7001.564859] ata3: SATA link up 3.0 Gbps (SStatus 123 SControl 300)
[ 7001.564924] ata3.00: ATA-6: VBOX HARDDISK, 1.0, max UDMA/133
[ 7001.564926] ata3.00: 268435456 sectors, multi 128: LBA48 NCQ (depth 31/32)
[ 7001.564996] ata3.00: configured for UDMA/133
[ 7001.565077] scsi 2:0:0:0: Direct-Access     ATA      VBOX HARDDISK    1.0  PQ: 0 ANSI: 5
[ 7001.565413] sd 2:0:0:0: [sda] 268435456 512-byte logical blocks: (137 GB/128 GiB)
[ 7001.565426] sd 2:0:0:0: [sda] Write Protect is off
[ 7001.565428] sd 2:0:0:0: [sda] Mode Sense: 00 3a 00 00
[ 7001.565433] sd 2:0:0:0: [sda] Write cache: enabled, read cache: enabled, doesn't support DPO or FUA
[ 7001.565655] sd 2:0:0:0: Attached scsi generic sg1 type 0
[ 7001.581490]  sda: sda1 sda2 < sda5 >
[ 7001.581661] sd 2:0:0:0: [sda] Attached SCSI disk
[ 7001.637825] usb 2-1: New USB device found, idVendor=80ee, idProduct=0021
[ 7001.637829] usb 2-1: New USB device strings: Mfr=1, Product=3, SerialNumber=0
[ 7001.637831] usb 2-1: Product: USB Tablet
[ 7001.637833] usb 2-1: Manufacturer: VirtualBox
[ 7001.644722] hidraw: raw HID events driver (C) Jiri Kosina
[ 7001.654215] usbcore: registered new interface driver usbhid
[ 7001.654219] usbhid: USB HID core driver
[ 7001.657968] input: VirtualBox USB Tablet as /devices/pci0000:00/0000:00:06.0/usb2/2-1/2-1:1.0/0003:80EE:0021.0001/input/input6
[ 7001.658176] hid-generic 0003:80EE:0021.0001: input,hidraw0: USB HID v1.10 Mouse [VirtualBox USB Tablet] on usb-0000:00:06.0-1/input0
[ 7001.704837] tsc: Refined TSC clocksource calibration: 3591.260 MHz
[ 7001.704841] clocksource: tsc: mask: 0xffffffffffffffff max_cycles: 0x33c412e3764, max_idle_ns: 440795354943 ns
[ 7004.228769] floppy0: no floppy controllers found
[ 7004.228804] work still pending
[ 7004.309678] EXT4-fs (sda1): mounted filesystem with ordered data mode. Opts: (null)
[ 7004.993353] systemd[1]: systemd 229 running in system mode. (+PAM +AUDIT +SELINUX +IMA +APPARMOR +SMACK +SYSVINIT +UTMP +LIBCRYPTSETUP +GCRYPT +GNUTLS +ACL +XZ -LZ4 +SECCOMP +BLKID +ELFUTILS +KMOD -IDN)
[ 7004.993385] systemd[1]: Detected virtualization oracle.
[ 7004.993388] systemd[1]: Detected architecture x86-64.
[ 7005.000150] systemd[1]: Set hostname to <cxdir-VirtualBox>.
[ 7005.558870] random: nonblocking pool is initialized
[ 7005.583988] systemd[1]: Created slice User and Session Slice.
[ 7005.584049] systemd[1]: Listening on Journal Socket (/dev/log).
[ 7005.584069] systemd[1]: Listening on udev Kernel Socket.
[ 7005.584109] systemd[1]: Listening on Journal Audit Socket.
[ 7005.584115] systemd[1]: Reached target Remote File Systems (Pre).
[ 7005.584137] systemd[1]: Listening on /dev/initctl Compatibility Named Pipe.
[ 7005.584158] systemd[1]: Started Forward Password Requests to Wall Directory Watch.
[ 7005.584222] systemd[1]: Set up automount Arbitrary Executable File Formats File System Automount Point.
[ 7005.584242] systemd[1]: Listening on Journal Socket.
[ 7005.584263] systemd[1]: Listening on udev Control Socket.
[ 7005.584268] systemd[1]: Reached target Remote File Systems.
[ 7005.584277] systemd[1]: Listening on Syslog Socket.
[ 7005.584282] systemd[1]: Reached target Encrypted Volumes.
[ 7005.584318] systemd[1]: Created slice System Slice.
[ 7005.584527] systemd[1]: Starting Set console keymap...
[ 7005.584722] systemd[1]: Started Braille Device Support.
[ 7005.585755] systemd[1]: Starting Uncomplicated firewall...
[ 7005.585949] systemd[1]: Mounting POSIX Message Queue File System...
[ 7005.586181] systemd[1]: Starting Journal Service...
[ 7005.608421] systemd[1]: Starting Create list of required static device nodes for the current kernel...
[ 7005.608665] systemd[1]: Mounting Huge Pages File System...
[ 7005.608872] systemd[1]: Mounting Debug File System...
[ 7005.608893] systemd[1]: Reached target Slices.
[ 7005.608911] systemd[1]: Reached target User and Group Name Lookups.
[ 7005.616107] systemd[1]: Starting Load Kernel Modules...
[ 7005.616186] systemd[1]: Listening on fsck to fsckd communication Socket.
[ 7005.726571] systemd[1]: Started Uncomplicated firewall.
[ 7005.746347] systemd[1]: Started Create list of required static device nodes for the current kernel.
[ 7005.746709] systemd[1]: Starting Create Static Device Nodes in /dev...
[ 7006.100343] systemd[1]: Started Journal Service.
[ 7006.207245] lp: driver loaded but no devices found
[ 7006.249823] ppdev: user-space parallel port driver
[ 7006.719788] EXT4-fs (sda1): re-mounted. Opts: errors=remount-ro
[ 7007.043708] vboxguest: module verification failed: signature and/or required key missing - tainting kernel
[ 7007.048396] vgdrvHeartbeatInit: Setting up heartbeat to trigger every 2000 milliseconds
[ 7007.048465] input: Unspecified device as /devices/pci0000:00/0000:00:04.0/input/input7
[ 7007.048570] vboxguest: misc device minor 56, IRQ 20, I/O port d020, MMIO at 00000000f0400000 (size 0x400000)
[ 7007.048571] vboxguest: Successfully loaded version 5.1.14 (interface 0x00010004)
[ 7007.138698] systemd-journald[230]: Received request to flush runtime journal from PID 1
[ 7007.261389] piix4_smbus 0000:00:07.0: SMBus Host Controller at 0x4100, revision 0
[ 7007.656816] [drm] Initialized drm 1.1.0 20060810
[ 7007.771340] [drm] VRAM 01000000
[ 7007.771962] [TTM] Zone  kernel: Available graphics memory: 2281612 kiB
[ 7007.771963] [TTM] Zone   dma32: Available graphics memory: 2097152 kiB
[ 7007.771964] [TTM] Initializing pool allocator
[ 7007.771967] [TTM] Initializing DMA pool allocator
[ 7007.773258] fbcon: vboxdrmfb (fb0) is primary device
[ 7007.788202] Console: switching to colour frame buffer device 100x37
[ 7007.790442] vboxvideo 0000:00:02.0: fb0: vboxdrmfb frame buffer device
[ 7007.790446] [drm] Initialized vboxvideo 1.0.0 20130823 for 0000:00:02.0 on minor 0
[ 7008.010630] AVX version of gcm_enc/dec engaged.
[ 7008.010633] AES CTR mode by8 optimization enabled
[ 7008.171255] snd_intel8x0 0000:00:05.0: disable (unknown or VT-d) VM optimization
[ 7008.266857] intel_rapl: no valid rapl domains found in package 0
[ 7008.451968] snd_intel8x0 0000:00:05.0: white list rate for 1028:0177 is 48000
[ 7008.876753] audit: type=1400 audit(1513315331.584:2): apparmor="STATUS" operation="profile_load" name="/usr/lib/lightdm/lightdm-guest-session" pid=495 comm="apparmor_parser"
[ 7008.876758] audit: type=1400 audit(1513315331.584:3): apparmor="STATUS" operation="profile_load" name="chromium" pid=495 comm="apparmor_parser"
[ 7008.897633] audit: type=1400 audit(1513315331.608:4): apparmor="STATUS" operation="profile_load" name="/sbin/dhclient" pid=505 comm="apparmor_parser"
[ 7008.897640] audit: type=1400 audit(1513315331.608:5): apparmor="STATUS" operation="profile_load" name="/usr/lib/NetworkManager/nm-dhcp-client.action" pid=505 comm="apparmor_parser"
[ 7008.897643] audit: type=1400 audit(1513315331.608:6): apparmor="STATUS" operation="profile_load" name="/usr/lib/NetworkManager/nm-dhcp-helper" pid=505 comm="apparmor_parser"
[ 7008.897647] audit: type=1400 audit(1513315331.608:7): apparmor="STATUS" operation="profile_load" name="/usr/lib/connman/scripts/dhclient-script" pid=505 comm="apparmor_parser"
[ 7008.978307] audit: type=1400 audit(1513315331.688:8): apparmor="STATUS" operation="profile_load" name="/usr/bin/evince" pid=515 comm="apparmor_parser"
[ 7008.978313] audit: type=1400 audit(1513315331.688:9): apparmor="STATUS" operation="profile_load" name="sanitized_helper" pid=515 comm="apparmor_parser"
[ 7008.978316] audit: type=1400 audit(1513315331.688:10): apparmor="STATUS" operation="profile_load" name="/usr/bin/evince-previewer" pid=515 comm="apparmor_parser"
[ 7008.978320] audit: type=1400 audit(1513315331.688:11): apparmor="STATUS" operation="profile_load" name="sanitized_helper" pid=515 comm="apparmor_parser"
[ 7009.645995] Adding 8386556k swap on /dev/sda5.  Priority:-1 extents:1 across:8386556k FS
[ 7010.300987] floppy0: no floppy controllers found
[ 7010.301026] work still pending
[ 7011.703854] vboxsf: Successfully loaded version 5.1.14 (interface 0x00010004)
[ 7014.700925] VBoxService 5.1.14 r112924 (verbosity: 0) linux.amd64 (Jan 16 2017 17:38:46) release log
               00:00:00.000072 main     Log opened 2017-12-15T05:22:17.413571000Z
[ 7014.701044] 00:00:00.000213 main     OS Product: Linux
[ 7014.701062] 00:00:00.000240 main     OS Release: 4.3.0
[ 7014.701078] 00:00:00.000257 main     OS Version: #2 SMP Fri Sep 8 20:52:18 CST 2017
[ 7014.701099] 00:00:00.000273 main     Executable: /opt/VBoxGuestAdditions-5.1.14/sbin/VBoxService
               00:00:00.000274 main     Process ID: 980
               00:00:00.000275 main     Package type: LINUX_64BITS_GENERIC
[ 7014.701495] 00:00:00.000670 main     5.1.14 r112924 started. Verbose level = 0
[ 7014.828004] IPv6: ADDRCONF(NETDEV_UP): enp0s3: link is not ready
[ 7014.829278] IPv6: ADDRCONF(NETDEV_UP): enp0s3: link is not ready
[ 7014.830167] e1000: enp0s3 NIC Link is Up 1000 Mbps Full Duplex, Flow Control: RX
[ 7014.830404] IPv6: ADDRCONF(NETDEV_CHANGE): enp0s3: link becomes ready
[ 7095.455581] nova: dafs init nova_fs
[ 7095.455583] nova: init_nova_fs: 1 cpus online
[ 7095.455584] nova: Arch new instructions support: PCOMMIT NO, CLWB NO
[ 7095.456726] nova: dafs register file sytem nova
[ 7095.456731] nova: dafs end init_fs
[ 7095.528707] nova: dafs start to mount
[ 7095.528734] nova: nova_get_block_info: dev pmem0, phys_addr 0x80000000, virt_addr ffffc90040000000, size 1610547200
[ 7095.528750] nova: start init radix tree
[ 7095.528751] nova: finish init radix tree
[ 7095.528752] nova: start nova init
[ 7095.528753] nova: creating an empty nova of size 1610547200
[ 7095.528754] nova: nova: Default block size set to 4K
[ 7095.528758] nova: dafs init dzt block
[ 7095.528759] nova: dafs_get dzt blk
[ 7095.528762] nova: dzt alloc 1 dzt blocks from 4 to 4
[ 7095.528764] nova: dafs_init_dzt_block: allocate log @ 0x4
[ 7095.528765] nova: dafs start get journal blk
[ 7095.528766] nova: dafs_get journal blk
[ 7095.528767] nova: dafs get hard journal
[ 7095.528769] nova: nova_lite_journal_hard_init: allocate log @ 0x5
[ 7095.528770] nova: dafs get soft journal
[ 7095.528771] nova: dafs start get journal blk
[ 7095.528771] nova: dafs_get journal blk
[ 7095.528773] nova: nice journal initialize head 20480, tail 20480
[ 7095.528774] nova: dafs get inode table
[ 7095.529246] nova: nova_init_inode_table: allocate log @ 0x6
[ 7095.529248] nova: nova_init_inode_table:inode table log head is 24576
[ 7095.529250] nova: Allocate root inode
[ 7095.529251] nova: dafs_get dzt blk
[ 7095.529252] nova: dafs allocate hash table
[ 7095.726262] nova: dafs allocate zone blocks
[ 7095.726298] nova: Zone 0, alloc 1 zone blocks from 262662 to 262662
[ 7095.726301] nova: dafs_alloc_dir_zone: allocate zone @ 0x40206
[ 7095.825257] nova: dafs make dzt pointer
[ 7095.825264] nova: dafs_get dzt blk
[ 7095.825267] nova: dafs finish make dzt bitmap pointer
[ 7095.825268] nova: dafs start build dzt
[ 7095.825272] nova: dafs finish build dzt_e
[ 7095.825273] nova: dafs start init dir zones
[ 7095.825274] nova: root ze addr is 1075863552
[ 7095.825274] nova: the root dir hashname is 47
[ 7095.825276] nova: test root hash name is 47
[ 7095.825276] nova: dafs finish creat root directory
[ 7095.825277] nova: dafs record pos in hash table address is 2121728
[ 7095.825278] nova: dafs finish recording pos in hash table
[ 7095.825279] nova: dafs add dir info in radix tree
[ 7095.825280] nova: dir hash name is 47
[ 7095.825283] nova: make_zone_ptr start
[ 7095.825284] nova: dafs start adding init part in dir
[ 7095.825285] nova: par ze addr is 1075863552
[ 7095.825286] nova: make_zone_ptr start
[ 7095.825288] nova: dafs_append_dir_init_entries:fname is /., name is .
[ 7095.825289] nova: dafs record pos in hash table address is 2121728
[ 7095.825290] nova: dafs finish recording pos in hash table
[ 7095.825291] nova: par pos is 0, cur pos is 1
[ 7095.825292] nova: parent hashname is 47
[ 7095.825294] nova: dafs record pos in hash table address is 2121728
[ 7095.825295] nova: dafs finish recording pos in hash table
[ 7095.825296] nova: dafs finish add initial part in dir
[ 7095.825296] nova: dafs finish init dir zones
[ 7095.825297] nova: dafs init dir info tree
[ 7095.825298] nova: make_zone_ptr start
[ 7095.825323] nova: dafs finish initial dir info tree
[ 7095.825326] nova: dafs finish nova_init
[ 7095.825326] nova: dafs start setting sb
[ 7095.825327] nova: dafs end setting sb
[ 7095.825328] nova: nova_iget:dafs start iget
[ 7095.825341] nova: nova_iget: inode 1
[ 7095.825342] nova: nova_iget: pi_addr is 0x1024
[ 7095.825344] nova: nova_rebuild_inode:dafs start to rebuild inode
[ 7095.825345] nova: Rebuild dir 1 tree
[ 7095.825346] nova: Log head 0x0, tail 0x0
[ 7095.825347] nova: dafs_rebuild_dir_inode_tree: it is dir type
[ 7095.825348] nova: dafs_rebuild_dir_inode_tree:dafs finish rebuild dir inode
[ 7095.825350] nova: sucessfully get inode
[ 7095.825353] nova: root_dentry name is /
[ 7095.825354] nova: dafs end fill super
[ 7095.825356] nova: dafs finish mount
[ 7095.826312] nova: dafs_lookup:dafs start lookup .Trash 
[ 7095.826315] nova: dafs_lookup: .Trash
[ 7095.826318] nova: dafs_inode_by_name:dafs start to inode by name
[ 7095.826320] nova: dafs_find_direntry:dafs start to find direntry
[ 7095.826321] nova: dentry name is .Trash
[ 7095.826322] nova: get_dentry_path:dafs get dentry path
[ 7095.826324] nova: fs path is: /
[ 7095.826324] nova: fs path is: /
[ 7095.826325] nova: mount point is:/
[ 7095.826326] nova: dentry name is .Trash
[ 7095.826327] nova: get_dentry_path:dafs append file name:.Trash
[ 7095.826328] nova: buf is 
[ 7095.826328] nova: ph is /.Trash
[ 7095.826329] nova: dafs finish get dentry path
[ 7095.826330] nova: strictly full name is /.Trash
[ 7095.826331] nova: strictly full name length is 7
[ 7095.826332] nova: dafs start to find dzt
[ 7095.826333] nova: test path len is 0
[ 7095.826335] nova: dafs finish finding dzt:0, zone addr 0x1075863552
[ 7095.826335] nova: path name is /
[ 7095.826336] nova: the ze addr is 1075863552
[ 7095.826337] nova: full name is /.Trash
[ 7095.826338] nova: the ze addr is 1075863552, the ze number is 0,  the hash table head is 2121728
[ 7095.826339] nova: dafs start to lookup in hashtable
[ 7095.826341] nova: lookup_in_hashtable:not find pos
[ 7095.826341] nova: dafs finish lookup in hash table
[ 7095.826342] nova: not found dentry in nvm
[ 7095.826343] nova: dafs_find_direntry:dafs finish find direntry
[ 7095.826344] nova: dafs_lookup: look up get ino 0
[ 7095.826345] nova: dafs_lookup:dafs finish lookup 0
[ 7095.826366] nova: dafs_lookup:dafs start lookup .Trash-1000 
[ 7095.826368] nova: dafs_lookup: .Trash-1000
[ 7095.826369] nova: dafs_inode_by_name:dafs start to inode by name
[ 7095.826370] nova: dafs_find_direntry:dafs start to find direntry
[ 7095.826370] nova: dentry name is .Trash-1000
[ 7095.826371] nova: get_dentry_path:dafs get dentry path
[ 7095.826372] nova: fs path is: /
[ 7095.826372] nova: fs path is: /
[ 7095.826373] nova: mount point is:/
[ 7095.826414] nova: dentry name is .Trash-1000
[ 7095.826436] nova: get_dentry_path:dafs append file name:.Trash-1000
[ 7095.826437] nova: buf is 
[ 7095.826438] nova: ph is /.Trash-1000
[ 7095.826439] nova: dafs finish get dentry path
[ 7095.826439] nova: strictly full name is /.Trash-1000
[ 7095.826440] nova: strictly full name length is 12
[ 7095.826442] nova: dafs start to find dzt
[ 7095.826443] nova: test path len is 0
[ 7095.826444] nova: dafs finish finding dzt:0, zone addr 0x1075863552
[ 7095.826444] nova: path name is /
[ 7095.826445] nova: the ze addr is 1075863552
[ 7095.826446] nova: full name is /.Trash-1000
[ 7095.826447] nova: the ze addr is 1075863552, the ze number is 0,  the hash table head is 2121728
[ 7095.826447] nova: dafs start to lookup in hashtable
[ 7095.826448] nova: lookup_in_hashtable:not find pos
[ 7095.826449] nova: dafs finish lookup in hash table
[ 7095.826450] nova: not found dentry in nvm
[ 7095.826450] nova: dafs_find_direntry:dafs finish find direntry
[ 7095.826451] nova: dafs_lookup: look up get ino 0
[ 7095.826452] nova: dafs_lookup:dafs finish lookup 0
[ 7114.323754] nova: dafs_lookup:dafs start lookup kj 
[ 7114.323759] nova: dafs_lookup: kj
[ 7114.323760] nova: dafs_inode_by_name:dafs start to inode by name
[ 7114.323762] nova: dafs_find_direntry:dafs start to find direntry
[ 7114.323763] nova: dentry name is kj
[ 7114.323763] nova: get_dentry_path:dafs get dentry path
[ 7114.323765] nova: fs path is: /
[ 7114.323766] nova: fs path is: /
[ 7114.323766] nova: mount point is:/
[ 7114.323767] nova: dentry name is kj
[ 7114.323769] nova: par dir not root, ph is /mnt/ramdisk
[ 7114.323770] nova: get_dentry_path:dafs append file name:kj
[ 7114.323771] nova: buf is 
[ 7114.323772] nova: ph is /kj
[ 7114.323773] nova: dafs finish get dentry path
[ 7114.323773] nova: strictly full name is /kj
[ 7114.323774] nova: strictly full name length is 3
[ 7114.323775] nova: dafs start to find dzt
[ 7114.323776] nova: test path len is 0
[ 7114.323777] nova: dafs finish finding dzt:0, zone addr 0x1075863552
[ 7114.323778] nova: path name is /
[ 7114.323779] nova: the ze addr is 1075863552
[ 7114.323780] nova: full name is /kj
[ 7114.323781] nova: the ze addr is 1075863552, the ze number is 0,  the hash table head is 2121728
[ 7114.323782] nova: dafs start to lookup in hashtable
[ 7114.323783] nova: lookup_in_hashtable:not find pos
[ 7114.323784] nova: dafs finish lookup in hash table
[ 7114.323784] nova: not found dentry in nvm
[ 7114.323785] nova: dafs_find_direntry:dafs finish find direntry
[ 7114.323786] nova: dafs_lookup: look up get ino 0
[ 7114.323787] nova: dafs_lookup:dafs finish lookup 0
[ 7114.323790] nova: dafs_mkdir:dafs start to mkdir
[ 7114.323791] nova: dafs start make ino
[ 7114.323792] nova: nova_get_inode_address:dafs get inode addr
[ 7114.323793] nova: nova_get_inode_address:dbg blk_type is 6, dafs_bits is 0
[ 7114.323794] nova: nova_get_inode_address:dbg ino is16,internal_ino is 16, num cpus is 1
[ 7114.323795] nova: dafs get inode table
[ 7114.323795] nova: nova_get_inode_address:inode_table log head is 24576
[ 7114.323797] nova: nova_get_inode_address:index is 16, supercount is 0
[ 7114.323797] nova: nova_get_inode_address:inode table addr is 24576
[ 7114.323798] nova: nova_get_inode_address:dafs finish find inode at 26624
[ 7114.323799] nova: ino is 16
[ 7114.323800] nova: dafs_mkdir: name kj
[ 7114.323801] nova: dafs_mkdir: inode 16, dir 1, link 2
[ 7114.323802] nova: dafs_add_dentry:dafs start to add dentry
[ 7114.323803] nova: get_dentry_path:dafs get dentry path
[ 7114.323805] nova: fs path is: /
[ 7114.323805] nova: fs path is: /
[ 7114.323806] nova: mount point is:/
[ 7114.323807] nova: dentry name is kj
[ 7114.323808] nova: par dir not root, ph is /mnt/ramdisk
[ 7114.323809] nova: get_dentry_path:dafs append file name:kj
[ 7114.323810] nova: buf is 
[ 7114.323810] nova: ph is /kj
[ 7114.323811] nova: dafs finish get dentry path
[ 7114.323812] nova: dafs start to find dzt
[ 7114.323813] nova: test path len is 0
[ 7114.323814] nova: dafs finish finding dzt:0, zone addr 0x1075863552
[ 7114.323815] nova: make_zone_ptr start
[ 7114.323816] nova: full name is /kj, name len is 3
[ 7114.323817] nova: inode addr is 1024
[ 7114.323818] nova: dafs_add_dentry: dir i_blocks is 0
[ 7114.323819] nova: dentry pos is 3, zone num is 0
[ 7114.323820] nova: dafs_add_dentry dir links is 2
[ 7114.323821] nova: dentry not need extension
[ 7114.323821] nova: dentry name is kj
[ 7114.323822] nova: dentry is root subfile
[ 7114.323822] nova: set pos in hash table for each zone
[ 7114.323823] nova: dentry /kj hashname is 820690
[ 7114.323824] nova: dafs record pos in hash table address is 2121728
[ 7114.323825] nova: dafs finish recording pos in hash table
[ 7114.323826] nova: set pos in par_dir info
[ 7114.323827] nova: dafs_add_dentry:temlen is 1, zone num is 0
[ 7114.323827] nova: dafs_add_dentry:par is root hash 47
[ 7114.323828] nova: dafs_add_dentry:dafs add pos in par
[ 7114.323829] nova: dafs_add_dentry:sub num is 3
[ 7114.323830] nova: dafs add dir info in radix tree
[ 7114.323831] nova: dir hash name is 820690
[ 7114.323834] nova: dafs start adding init part in dir
[ 7114.323834] nova: par ze addr is 1075863552
[ 7114.323835] nova: make_zone_ptr start
[ 7114.323836] nova: dafs_append_dir_init_entries:fname is /., name is .
[ 7114.323837] nova: dafs record pos in hash table address is 2121728
[ 7114.323838] nova: dafs finish recording pos in hash table
[ 7114.323840] nova: par pos is 3, cur pos is 4
[ 7114.323841] nova: parent hashname is 820690
[ 7114.323842] nova: dafs record pos in hash table address is 2121728
[ 7114.323843] nova: dafs finish recording pos in hash table
[ 7114.323844] nova: dafs finish add initial part in dir
[ 7114.323845] nova: dafs_add_dentry:dafs finish add dentry, ino 16, parent name /
[ 7114.323846] nova: dafs start make new vfs inode
[ 7114.323848] nova: inode addr is 1024
[ 7114.323849] nova: nova_new_vfs_inode: allocating inode 16 @ 0x6800
[ 7114.323850] nova: dafs make TYPE_MKDIR
[ 7114.323852] nova: dafs end making inode
[ 7114.323852] nova: inode addr is 26624
[ 7114.323853] nova: Rebuild dir 16 tree
[ 7114.323854] nova: Log head 0x0, tail 0x0
[ 7114.323855] nova: dafs_rebuild_dir_inode_tree: it is dir type
[ 7114.323856] nova: dafs_rebuild_dir_inode_tree:dafs finish rebuild dir inode
[ 7114.323857] nova: inode addr is 1024
[ 7114.323858] nova: dafs_lite_transaction_for_new_inode: start
[ 7114.323859] nova: nova_create_lite_transaction start
[ 7114.323860] nova: dafs start get journal blk
[ 7114.323861] nova: dafs_get journal blk
[ 7114.323862] nova: journal tail 20480, with head 20480
[ 7114.323863] nova: journal tail 20544, with head 20480
[ 7114.323863] nova: nova_create_lite_transaction end
[ 7114.323864] nova: nova_commit_lite_transaction start
[ 7114.323865] nova: dafs start get journal blk
[ 7114.323866] nova: dafs_get journal blk
[ 7114.323866] nova: journal tail 20544, with head 20544
[ 7114.323867] nova: dafs_lite_transaction_for_new_inode end
[ 7114.323868] nova: dafs start get journal blk
[ 7114.323869] nova: dafs_get journal blk
[ 7114.323869] nova: journal tail 20544, with head 20544
[ 7114.323870] nova: dafs_mkdir: dafs end mkdir
[ 7126.016372] nova: dafs_readdir:dafs readdir
[ 7126.016374] nova: inode addr is 1024
[ 7126.016376] nova: dafs_readdir: ino 1, size 4096, pos 0x0
[ 7126.016377] nova: get_dentry_path:dafs get dentry path
[ 7126.016378] nova: fs path is: /
[ 7126.016379] nova: fs path is: /
[ 7126.016379] nova: mount point is:/
[ 7126.016380] nova: dentry name is /
[ 7126.016381] nova: par dir not root, ph is /mnt/ramdisk
[ 7126.016382] nova: buf is 
[ 7126.016382] nova: ph is /
[ 7126.016383] nova: dafs finish get dentry path
[ 7126.016383] nova: dafs start to find dzt
[ 7126.016384] nova: test path len is 0
[ 7126.016385] nova: dafs finish finding dzt:0, zone addr 0x1075863552
[ 7126.016386] nova: dafs_find_direntry:dafs start to find direntry
[ 7126.016386] nova: dentry name is /
[ 7126.016387] nova: get_dentry_path:dafs get dentry path
[ 7126.016387] nova: fs path is: /
[ 7126.016388] nova: fs path is: /
[ 7126.016388] nova: mount point is:/
[ 7126.016388] nova: dentry name is /
[ 7126.016389] nova: par dir not root, ph is /mnt/ramdisk
[ 7126.016390] nova: buf is 
[ 7126.016390] nova: ph is /
[ 7126.016390] nova: dafs finish get dentry path
[ 7126.016391] nova: strictly full name is /
[ 7126.016391] nova: strictly full name length is 1
[ 7126.016392] nova: dafs start to find dzt
[ 7126.016392] nova: test path len is 0
[ 7126.016393] nova: dafs finish finding dzt:0, zone addr 0x1075863552
[ 7126.016393] nova: path name is /
[ 7126.016393] nova: the ze addr is 1075863552
[ 7126.016394] nova: full name is /
[ 7126.016394] nova: the ze addr is 1075863552, the ze number is 0,  the hash table head is 2121728
[ 7126.016395] nova: dafs start to lookup in hashtable
[ 7126.016396] nova: dafs finish lookup in hash table
[ 7126.016396] nova: dir entry pos is 0
[ 7126.016397] nova: dafs_find_direntry:dafs finish find direntry
[ 7126.016398] nova: dafs_readdir:find dir name is /
[ 7126.016399] nova: dafs_readdir:dir_subfile num is3, zone addr is 1075863552
[ 7126.016399] nova: dafs_readdir:list subfile name:., pos id 1
[ 7126.016400] nova: pos 1, type 6, ino 1, name ., namelen 1, rec len 128
[ 7126.016401] nova: nova_get_inode_address:dafs get inode addr
[ 7126.016402] nova: nova_get_inode_address:dbg blk_type is 6, dafs_bits is 0
[ 7126.016403] nova: nova_get_inode_address:dbg ino is1,internal_ino is 1, num cpus is 1
[ 7126.016403] nova: dafs get inode table
[ 7126.016404] nova: nova_get_inode_address:inode_table log head is 24576
[ 7126.016404] nova: nova_get_inode_address:index is 1, supercount is 0
[ 7126.016405] nova: nova_get_inode_address:inode table addr is 24576
[ 7126.016405] nova: nova_get_inode_address:dafs finish find inode at 24704
[ 7126.016406] nova: ctx: ino 1, name ., name_len 1, de_len 128
[ 7126.016407] nova: dafs_readdir:list subfile name:.., pos id 2
[ 7126.016408] nova: pos 2, type 6, ino 1, name .., namelen 2, rec len 128
[ 7126.016409] nova: nova_get_inode_address:dafs get inode addr
[ 7126.016409] nova: nova_get_inode_address:dbg blk_type is 6, dafs_bits is 0
[ 7126.016410] nova: nova_get_inode_address:dbg ino is1,internal_ino is 1, num cpus is 1
[ 7126.016410] nova: dafs get inode table
[ 7126.016411] nova: nova_get_inode_address:inode_table log head is 24576
[ 7126.016411] nova: nova_get_inode_address:index is 1, supercount is 0
[ 7126.016412] nova: nova_get_inode_address:inode table addr is 24576
[ 7126.016412] nova: nova_get_inode_address:dafs finish find inode at 24704
[ 7126.016413] nova: ctx: ino 1, name .., name_len 2, de_len 128
[ 7126.016414] nova: dafs_readdir:list subfile name:kj, pos id 3
[ 7126.016414] nova: pos 3, type 6, ino 16, name kj, namelen 2, rec len 128
[ 7126.016415] nova: nova_get_inode_address:dafs get inode addr
[ 7126.016415] nova: nova_get_inode_address:dbg blk_type is 6, dafs_bits is 0
[ 7126.016416] nova: nova_get_inode_address:dbg ino is16,internal_ino is 16, num cpus is 1
[ 7126.016416] nova: dafs get inode table
[ 7126.016417] nova: nova_get_inode_address:inode_table log head is 24576
[ 7126.016417] nova: nova_get_inode_address:index is 16, supercount is 0
[ 7126.016418] nova: nova_get_inode_address:inode table addr is 24576
[ 7126.016418] nova: nova_get_inode_address:dafs finish find inode at 26624
[ 7126.016419] nova: ctx: ino 16, name kj, name_len 2, de_len 128
[ 7126.016420] nova: dafs ctx pos is ffffffffffffffff
[ 7126.016420] nova: dafs_readdir readdir return
[ 7126.016421] nova: inode addr is 1024
[ 7126.016425] nova: dafs_readdir:dafs readdir
[ 7126.016426] nova: inode addr is 1024
[ 7126.016426] nova: dafs_readdir: ino 1, size 4096, pos 0xffffffffffffffff
[ 7126.016427] nova: dafs readdir end
[ 7126.016427] nova: dafs_readdir readdir return
[ 7126.479131] nova: dafs_lookup:dafs start lookup Encode 
[ 7126.479133] nova: dafs_lookup: Encode
[ 7126.479136] nova: dafs_inode_by_name:dafs start to inode by name
[ 7126.479137] nova: dafs_find_direntry:dafs start to find direntry
[ 7126.479138] nova: dentry name is Encode
[ 7126.479139] nova: get_dentry_path:dafs get dentry path
[ 7126.479140] nova: fs path is: /
[ 7126.479141] nova: fs path is: /
[ 7126.479142] nova: mount point is:/
[ 7126.479142] nova: dentry name is Encode
[ 7126.479144] nova: par dir not root, ph is /mnt/ramdisk
[ 7126.479145] nova: get_dentry_path:dafs append file name:Encode
[ 7126.479146] nova: buf is 
[ 7126.479147] nova: ph is /Encode
[ 7126.479148] nova: dafs finish get dentry path
[ 7126.479148] nova: strictly full name is /Encode
[ 7126.479149] nova: strictly full name length is 7
[ 7126.479151] nova: dafs start to find dzt
[ 7126.479152] nova: test path len is 0
[ 7126.479153] nova: dafs finish finding dzt:0, zone addr 0x1075863552
[ 7126.479154] nova: path name is /
[ 7126.479155] nova: the ze addr is 1075863552
[ 7126.479156] nova: full name is /Encode
[ 7126.479157] nova: the ze addr is 1075863552, the ze number is 0,  the hash table head is 2121728
[ 7126.479158] nova: dafs start to lookup in hashtable
[ 7126.479160] nova: lookup_in_hashtable:not find pos
[ 7126.479161] nova: dafs finish lookup in hash table
[ 7126.479161] nova: not found dentry in nvm
[ 7126.479162] nova: dafs_find_direntry:dafs finish find direntry
[ 7126.479163] nova: dafs_lookup: look up get ino 0
[ 7126.479164] nova: dafs_lookup:dafs finish lookup 0
[ 7126.596491] nova: dafs_lookup:dafs start lookup mj 
[ 7126.596494] nova: dafs_lookup: mj
[ 7126.596495] nova: dafs_inode_by_name:dafs start to inode by name
[ 7126.596496] nova: dafs_find_direntry:dafs start to find direntry
[ 7126.596497] nova: dentry name is mj
[ 7126.596497] nova: get_dentry_path:dafs get dentry path
[ 7126.596498] nova: fs path is: /
[ 7126.596499] nova: fs path is: /
[ 7126.596499] nova: mount point is:/
[ 7126.596500] nova: dentry name is mj
[ 7126.596501] nova: par dir not root, ph is /mnt/ramdisk
[ 7126.596502] nova: get_dentry_path:dafs append file name:mj
[ 7126.596502] nova: buf is 
[ 7126.596503] nova: ph is /mj
[ 7126.596503] nova: dafs finish get dentry path
[ 7126.596504] nova: strictly full name is /mj
[ 7126.596504] nova: strictly full name length is 3
[ 7126.596505] nova: dafs start to find dzt
[ 7126.596506] nova: test path len is 0
[ 7126.596507] nova: dafs finish finding dzt:0, zone addr 0x1075863552
[ 7126.596507] nova: path name is /
[ 7126.596508] nova: the ze addr is 1075863552
[ 7126.596509] nova: full name is /mj
[ 7126.596509] nova: the ze addr is 1075863552, the ze number is 0,  the hash table head is 2121728
[ 7126.596510] nova: dafs start to lookup in hashtable
[ 7126.596511] nova: lookup_in_hashtable:not find pos
[ 7126.596511] nova: dafs finish lookup in hash table
[ 7126.596512] nova: not found dentry in nvm
[ 7126.596512] nova: dafs_find_direntry:dafs finish find direntry
[ 7126.596513] nova: dafs_lookup: look up get ino 0
[ 7126.596513] nova: dafs_lookup:dafs finish lookup 0
[ 7126.596521] nova: dafs_rename start
[ 7126.596522] nova: dafs reanme dir direntry
[ 7126.596522] nova: dafs_find_direntry:dafs start to find direntry
[ 7126.596523] nova: dentry name is kj
[ 7126.596523] nova: get_dentry_path:dafs get dentry path
[ 7126.596524] nova: fs path is: /
[ 7126.596524] nova: fs path is: /
[ 7126.596524] nova: mount point is:/
[ 7126.596525] nova: dentry name is kj
[ 7126.596525] nova: par dir not root, ph is /mnt/ramdisk
[ 7126.596526] nova: get_dentry_path:dafs append file name:kj
[ 7126.596526] nova: buf is 
[ 7126.596527] nova: ph is /kj
[ 7126.596527] nova: dafs finish get dentry path
[ 7126.596528] nova: strictly full name is /kj
[ 7126.596528] nova: strictly full name length is 3
[ 7126.596528] nova: dafs start to find dzt
[ 7126.596529] nova: test path len is 0
[ 7126.596529] nova: dafs finish finding dzt:0, zone addr 0x1075863552
[ 7126.596530] nova: path name is /
[ 7126.596530] nova: the ze addr is 1075863552
[ 7126.596531] nova: full name is /kj
[ 7126.596531] nova: the ze addr is 1075863552, the ze number is 0,  the hash table head is 2121728
[ 7126.596532] nova: dafs start to lookup in hashtable
[ 7126.596532] nova: dafs finish lookup in hash table
[ 7126.596533] nova: dir entry pos is 3
[ 7126.596533] nova: dafs_find_direntry:dafs finish find direntry
[ 7126.596534] nova: add_rename_dir start
[ 7126.596534] nova: get_dentry_path:dafs get dentry path
[ 7126.596535] nova: fs path is: /
[ 7126.596535] nova: fs path is: /
[ 7126.596536] nova: mount point is:/
[ 7126.596536] nova: dentry name is mj
[ 7126.596537] nova: par dir not root, ph is /mnt/ramdisk
[ 7126.596537] nova: get_dentry_path:dafs append file name:mj
[ 7126.596538] nova: buf is 
[ 7126.596538] nova: ph is /mj
[ 7126.596539] nova: dafs finish get dentry path
[ 7126.596539] nova: dafs start to find dzt
[ 7126.596540] nova: test path len is 0
[ 7126.596540] nova: dafs finish finding dzt:0, zone addr 0x1075863552
[ 7126.596541] nova: __rename_dir start
[ 7126.596542] nova: make_zone_ptr start
[ 7126.596543] nova: dafs record pos in hash table address is 2121728
[ 7126.596543] nova: dafs finish recording pos in hash table
[ 7126.596544] nova: dafs add dir info in radix tree
[ 7126.596545] nova: dir hash name is 820952
[ 7126.596547] nova: dafs record pos in hash table address is 2121728
[ 7126.596548] nova: dafs finish recording pos in hash table
[ 7126.596549] nova: dafs record pos in hash table address is 2121728
[ 7126.596549] nova: dafs finish recording pos in hash table
[ 7126.596550] nova: __rename_dir end
[ 7126.596551] nova: add_rename_dir end
[ 7126.596552] nova: dafs start removing dentry
[ 7126.596553] nova: get_dentry_path:dafs get dentry path
[ 7126.596554] nova: fs path is: /
[ 7126.596554] nova: fs path is: /
[ 7126.596555] nova: mount point is:/
[ 7126.596555] nova: dentry name is kj
[ 7126.596556] nova: par dir not root, ph is /mnt/ramdisk
[ 7126.596556] nova: get_dentry_path:dafs append file name:kj
[ 7126.596557] nova: buf is 
[ 7126.596557] nova: ph is /kj
[ 7126.596558] nova: dafs finish get dentry path
[ 7126.596558] nova: dafs start to find dzt
[ 7126.596559] nova: test path len is 0
[ 7126.596559] nova: dafs finish finding dzt:0, zone addr 0x1075863552
[ 7126.596560] nova: dafs start to lookup in hashtable
[ 7126.596560] nova: dafs finish lookup in hash table
[ 7126.596561] nova: __remove_direntry start
[ 7126.596562] nova: __remove_direntry remove dir
[ 7126.596563] nova: __remove_direntry start to delete de .
[ 7126.596563] nova: __remove_direntry start
[ 7126.596564] nova: make_zone_ptr start
[ 7126.596564] nova: make_invalid_htable start
[ 7126.596565] nova: delete_ext start
[ 7126.596565] nova: delete_ext end
[ 7126.596566] nova: __remove_direntry end
[ 7126.596596] BUG: unable to handle kernel 
[ 7126.596609] paging request at 0000000000001ff0
[ 7126.596617] IP: [<ffffffffc032057e>] __remove_direntry+0x4ce/0x530 [nova]
[ 7126.596637] PGD 216cce067 PUD 1f1847067 PMD 0 
[ 7126.596649] Oops: 0002 [#1] SMP 
[ 7126.596658] Modules linked in: nova(OE) vboxsf(OE) snd_intel8x0 snd_ac97_codec crct10dif_pclmul crc32_pclmul ac97_bus input_leds snd_pcm aesni_intel aes_x86_64 lrw glue_helper serio_raw ablk_helper cryptd vboxvideo(OE) ttm snd_seq_midi snd_seq_midi_event snd_rawmidi joydev snd_seq drm_kms_helper snd_seq_device drm snd_timer snd soundcore fb_sys_fops syscopyarea sysfillrect sysimgblt i2c_piix4 vboxguest(OE) mac_hid parport_pc ppdev lp parport autofs4 hid_generic usbhid hid psmouse ahci libahci fjes video e1000 pata_acpi
[ 7126.596789] CPU: 0 PID: 3359 Comm: rename Tainted: G           OE   4.3.0 #2
[ 7126.596803] Hardware name: innotek GmbH VirtualBox/VirtualBox, BIOS VirtualBox 12/01/2006
[ 7126.596820] task: ffff88007adbaac0 ti: ffff880216a40000 task.ti: ffff880216a40000
[ 7126.596835] RIP: 0010:[<ffffffffc032057e>]  [<ffffffffc032057e>] __remove_direntry+0x4ce/0x530 [nova]
[ 7126.596857] RSP: 0018:ffff880216a43c40  EFLAGS: 00010282
[ 7126.596868] RAX: 0000000000001ff0 RBX: ffff880216b40aa0 RCX: 000000000000001b
[ 7126.596882] RDX: ffff880216b40ba0 RSI: 0000000000000000 RDI: ffff880216b40fe0
[ 7126.596896] RBP: ffff880216a43cb8 R08: ffffffff81efc0c2 R09: 000000000000040d
[ 7126.596909] R10: ffffffffc03201e9 R11: 000000000000040d R12: ffffc90080206585
[ 7126.596923] R13: ffff880079496000 R14: ffffc90080206000 R15: ffff880216b40fe0
[ 7126.596938] FS:  00007fba996e8700(0000) GS:ffff88021fc00000(0000) knlGS:0000000000000000
[ 7126.596953] CS:  0010 DS: 0000 ES: 0000 CR0: 0000000080050033
[ 7126.596965] CR2: 0000000000001ff0 CR3: 0000000215bc1000 CR4: 00000000000406f0
[ 7126.596981] Stack:
[ 7126.596986]  ffff880216b40960 ffff880216b40ab0 0000000300000004 ffffc90080206605
[ 7126.597003]  ffff880216b79638 00000000000c85d2 ffff880216b79600 ffffffffc0328e49
[ 7126.597020]  00000000811e05c9 0000000044e6e115 ffff880216b79600 ffff8801f1874100
[ 7126.597037] Call Trace:
[ 7126.597046]  [<ffffffffc0328e49>] ? lookup_in_hashtable+0xe9/0x170 [nova]
[ 7126.597071]  [<ffffffffc0321fad>] dafs_remove_dentry+0x2bd/0x620 [nova]
[ 7126.597087]  [<ffffffffc032572a>] __rename_dir_direntry+0x9a/0x110 [nova]
[ 7126.597101]  [<ffffffffc0327957>] dafs_rename+0x257/0x380 [nova]
[ 7126.597116]  [<ffffffff8120ceb5>] vfs_rename+0x845/0x870
[ 7126.597129]  [<ffffffff81330e01>] ? security_kernel_fw_from_file+0x31/0x70
[ 7126.597144]  [<ffffffff812118eb>] SyS_rename+0x38b/0x3d0
[ 7126.597646]  [<ffffffff817f2a32>] entry_SYSCALL_64_fastpath+0x16/0x71
[ 7126.598073] Code: c0 e8 e7 36 e6 c0 44 8b 45 98 48 8b 4d b8 4c 89 f2 48 8b 75 a0 4c 89 ef e8 40 fb ff ff 49 8b 47 08 49 8b 17 4c 89 ff 48 89 42 08 <48> 89 10 48 b8 00 01 00 00 00 00 ad de 49 89 07 48 b8 00 02 00 
[ 7126.599387] RIP  [<ffffffffc032057e>] __remove_direntry+0x4ce/0x530 [nova]
[ 7126.599794]  RSP <ffff880216a43c40>
[ 7126.600197] CR2: 0000000000001ff0
[ 7126.600580] fbcon_switch: detected unhandled fb_set_par error, error code -16
[ 7126.601546] fbcon_switch: detected unhandled fb_set_par error, error code -16
[ 7126.602529] ---[ end trace 39db94c375001fe3 ]---
