[    0.000000] Initializing cgroup subsys cpuset
[    0.000000] Initializing cgroup subsys cpu
[    0.000000] Initializing cgroup subsys cpuacct
[    0.000000] Linux version 4.3.0 (root@cxdir-VirtualBox) (gcc version 5.4.0 20160609 (Ubuntu 5.4.0-6ubuntu1~16.04.4) ) #2 SMP Fri Sep 8 20:52:18 CST 2017
[    0.000000] Command line: BOOT_IMAGE=/boot/vmlinuz-4.3.0 memmap=2G!1G root=UUID=8918101d-1281-40c7-aa75-72b85c4a0441 ro quiet splash
[    0.000000] KERNEL supported cpus:
[    0.000000]   Intel GenuineIntel
[    0.000000]   AMD AuthenticAMD
[    0.000000]   Centaur CentaurHauls
[    0.000000] x86/fpu: xstate_offset[2]: 0240, xstate_sizes[2]: 0100
[    0.000000] x86/fpu: Supporting XSAVE feature 0x01: 'x87 floating point registers'
[    0.000000] x86/fpu: Supporting XSAVE feature 0x02: 'SSE registers'
[    0.000000] x86/fpu: Supporting XSAVE feature 0x04: 'AVX registers'
[    0.000000] x86/fpu: Enabled xstate features 0x7, context size is 0x340 bytes, using 'standard' format.
[    0.000000] x86/fpu: Using 'lazy' FPU context switches.
[    0.000000] e820: BIOS-provided physical RAM map:
[    0.000000] BIOS-e820: [mem 0x0000000000000000-0x000000000009fbff] usable
[    0.000000] BIOS-e820: [mem 0x000000000009fc00-0x000000000009ffff] reserved
[    0.000000] BIOS-e820: [mem 0x00000000000f0000-0x00000000000fffff] reserved
[    0.000000] BIOS-e820: [mem 0x0000000000100000-0x00000000dffeffff] usable
[    0.000000] BIOS-e820: [mem 0x00000000dfff0000-0x00000000dfffffff] ACPI data
[    0.000000] BIOS-e820: [mem 0x00000000fec00000-0x00000000fec00fff] reserved
[    0.000000] BIOS-e820: [mem 0x00000000fee00000-0x00000000fee00fff] reserved
[    0.000000] BIOS-e820: [mem 0x00000000fffc0000-0x00000000ffffffff] reserved
[    0.000000] BIOS-e820: [mem 0x0000000100000000-0x000000021fffffff] usable
[    0.000000] NX (Execute Disable) protection: active
[    0.000000] e820: user-defined physical RAM map:
[    0.000000] user: [mem 0x0000000000000000-0x000000000009fbff] usable
[    0.000000] user: [mem 0x000000000009fc00-0x000000000009ffff] reserved
[    0.000000] user: [mem 0x00000000000f0000-0x00000000000fffff] reserved
[    0.000000] user: [mem 0x0000000000100000-0x000000003fffffff] usable
[    0.000000] user: [mem 0x0000000040000000-0x00000000bfffffff] persistent (type 12)
[    0.000000] user: [mem 0x00000000c0000000-0x00000000dffeffff] usable
[    0.000000] user: [mem 0x00000000dfff0000-0x00000000dfffffff] ACPI data
[    0.000000] user: [mem 0x00000000fec00000-0x00000000fec00fff] reserved
[    0.000000] user: [mem 0x00000000fee00000-0x00000000fee00fff] reserved
[    0.000000] user: [mem 0x00000000fffc0000-0x00000000ffffffff] reserved
[    0.000000] user: [mem 0x0000000100000000-0x000000021fffffff] usable
[    0.000000] SMBIOS 2.5 present.
[    0.000000] DMI: innotek GmbH VirtualBox/VirtualBox, BIOS VirtualBox 12/01/2006
[    0.000000] Hypervisor detected: KVM
[    0.000000] e820: update [mem 0x00000000-0x00000fff] usable ==> reserved
[    0.000000] e820: remove [mem 0x000a0000-0x000fffff] usable
[    0.000000] e820: last_pfn = 0x220000 max_arch_pfn = 0x400000000
[    0.000000] MTRR default type: uncachable
[    0.000000] MTRR variable ranges disabled:
[    0.000000] x86/PAT: Configuration [0-7]: WB  WC  UC- UC  WB  WC  UC- WT  
[    0.000000] MTRR: Disabled
[    0.000000] CPU MTRRs all blank - virtualized system.
[    0.000000] e820: last_pfn = 0xdfff0 max_arch_pfn = 0x400000000
[    0.000000] found SMP MP-table at [mem 0x0009fff0-0x0009ffff] mapped at [ffff88000009fff0]
[    0.000000] Scanning 1 areas for low memory corruption
[    0.000000] Base memory trampoline at [ffff880000099000] 99000 size 24576
[    0.000000] init_memory_mapping: [mem 0x00000000-0x000fffff]
[    0.000000]  [mem 0x00000000-0x000fffff] page 4k
[    0.000000] BRK [0x01ffc000, 0x01ffcfff] PGTABLE
[    0.000000] BRK [0x01ffd000, 0x01ffdfff] PGTABLE
[    0.000000] BRK [0x01ffe000, 0x01ffefff] PGTABLE
[    0.000000] init_memory_mapping: [mem 0x21fe00000-0x21fffffff]
[    0.000000]  [mem 0x21fe00000-0x21fffffff] page 2M
[    0.000000] BRK [0x01fff000, 0x01ffffff] PGTABLE
[    0.000000] init_memory_mapping: [mem 0x200000000-0x21fdfffff]
[    0.000000]  [mem 0x200000000-0x21fdfffff] page 2M
[    0.000000] init_memory_mapping: [mem 0x00100000-0x3fffffff]
[    0.000000]  [mem 0x00100000-0x001fffff] page 4k
[    0.000000]  [mem 0x00200000-0x3fffffff] page 2M
[    0.000000] init_memory_mapping: [mem 0xc0000000-0xdffeffff]
[    0.000000]  [mem 0xc0000000-0xdfdfffff] page 2M
[    0.000000]  [mem 0xdfe00000-0xdffeffff] page 4k
[    0.000000] BRK [0x02000000, 0x02000fff] PGTABLE
[    0.000000] BRK [0x02001000, 0x02001fff] PGTABLE
[    0.000000] init_memory_mapping: [mem 0x100000000-0x1ffffffff]
[    0.000000]  [mem 0x100000000-0x1ffffffff] page 2M
[    0.000000] RAMDISK: [mem 0x33d64000-0x35ea9fff]
[    0.000000] ACPI: Early table checksum verification disabled
[    0.000000] ACPI: RSDP 0x00000000000E0000 000024 (v02 VBOX  )
[    0.000000] ACPI: XSDT 0x00000000DFFF0030 00003C (v01 VBOX   VBOXXSDT 00000001 ASL  00000061)
[    0.000000] ACPI: FACP 0x00000000DFFF00F0 0000F4 (v04 VBOX   VBOXFACP 00000001 ASL  00000061)
[    0.000000] ACPI: DSDT 0x00000000DFFF0470 00210F (v01 VBOX   VBOXBIOS 00000002 INTL 20100528)
[    0.000000] ACPI: FACS 0x00000000DFFF0200 000040
[    0.000000] ACPI: FACS 0x00000000DFFF0200 000040
[    0.000000] ACPI: APIC 0x00000000DFFF0240 000054 (v02 VBOX   VBOXAPIC 00000001 ASL  00000061)
[    0.000000] ACPI: SSDT 0x00000000DFFF02A0 0001CC (v01 VBOX   VBOXCPUT 00000002 INTL 20100528)
[    0.000000] ACPI: Local APIC address 0xfee00000
[    0.000000] No NUMA configuration found
[    0.000000] Faking a node at [mem 0x0000000000000000-0x000000021fffffff]
[    0.000000] NODE_DATA(0) allocated [mem 0x21fff7000-0x21fffbfff]
[    0.000000] kvm-clock: Using msrs 4b564d01 and 4b564d00
[    0.000000] kvm-clock: cpu 0, msr 2:1ffef001, primary cpu clock
[    0.000000] clocksource: kvm-clock: mask: 0xffffffffffffffff max_cycles: 0x1cd42e4dffb, max_idle_ns: 881590591483 ns
[    0.000000]  [ffffea0000000000-ffffea00087fffff] PMD -> [ffff880219600000-ffff88021f5fffff] on node 0
[    0.000000] Zone ranges:
[    0.000000]   DMA      [mem 0x0000000000001000-0x0000000000ffffff]
[    0.000000]   DMA32    [mem 0x0000000001000000-0x00000000ffffffff]
[    0.000000]   Normal   [mem 0x0000000100000000-0x000000021fffffff]
[    0.000000] Movable zone start for each node
[    0.000000] Early memory node ranges
[    0.000000]   node   0: [mem 0x0000000000001000-0x000000000009efff]
[    0.000000]   node   0: [mem 0x0000000000100000-0x000000003fffffff]
[    0.000000]   node   0: [mem 0x00000000c0000000-0x00000000dffeffff]
[    0.000000]   node   0: [mem 0x0000000100000000-0x000000021fffffff]
[    0.000000] Initmem setup node 0 [mem 0x0000000000001000-0x000000021fffffff]
[    0.000000] On node 0 totalpages: 1572750
[    0.000000]   DMA zone: 64 pages used for memmap
[    0.000000]   DMA zone: 21 pages reserved
[    0.000000]   DMA zone: 3998 pages, LIFO batch:0
[    0.000000]   DMA32 zone: 6080 pages used for memmap
[    0.000000]   DMA32 zone: 389104 pages, LIFO batch:31
[    0.000000]   Normal zone: 18432 pages used for memmap
[    0.000000]   Normal zone: 1179648 pages, LIFO batch:31
[    0.000000] ACPI: PM-Timer IO Port: 0x4008
[    0.000000] ACPI: Local APIC address 0xfee00000
[    0.000000] IOAPIC[0]: apic_id 1, version 32, address 0xfec00000, GSI 0-23
[    0.000000] ACPI: INT_SRC_OVR (bus 0 bus_irq 0 global_irq 2 dfl dfl)
[    0.000000] ACPI: INT_SRC_OVR (bus 0 bus_irq 9 global_irq 9 high level)
[    0.000000] ACPI: IRQ0 used by override.
[    0.000000] ACPI: IRQ9 used by override.
[    0.000000] Using ACPI (MADT) for SMP configuration information
[    0.000000] smpboot: Allowing 1 CPUs, 0 hotplug CPUs
[    0.000000] PM: Registered nosave memory: [mem 0x00000000-0x00000fff]
[    0.000000] PM: Registered nosave memory: [mem 0x0009f000-0x0009ffff]
[    0.000000] PM: Registered nosave memory: [mem 0x000a0000-0x000effff]
[    0.000000] PM: Registered nosave memory: [mem 0x000f0000-0x000fffff]
[    0.000000] PM: Registered nosave memory: [mem 0x40000000-0xbfffffff]
[    0.000000] PM: Registered nosave memory: [mem 0xdfff0000-0xdfffffff]
[    0.000000] PM: Registered nosave memory: [mem 0xe0000000-0xfebfffff]
[    0.000000] PM: Registered nosave memory: [mem 0xfec00000-0xfec00fff]
[    0.000000] PM: Registered nosave memory: [mem 0xfec01000-0xfedfffff]
[    0.000000] PM: Registered nosave memory: [mem 0xfee00000-0xfee00fff]
[    0.000000] PM: Registered nosave memory: [mem 0xfee01000-0xfffbffff]
[    0.000000] PM: Registered nosave memory: [mem 0xfffc0000-0xffffffff]
[    0.000000] e820: [mem 0xe0000000-0xfebfffff] available for PCI devices
[    0.000000] Booting paravirtualized kernel on KVM
[    0.000000] clocksource: refined-jiffies: mask: 0xffffffff max_cycles: 0xffffffff, max_idle_ns: 7645519600211568 ns
[    0.000000] setup_percpu: NR_CPUS:512 nr_cpumask_bits:512 nr_cpu_ids:1 nr_node_ids:1
[    0.000000] PERCPU: Embedded 33 pages/cpu @ffff88021fc00000 s97496 r8192 d29480 u2097152
[    0.000000] pcpu-alloc: s97496 r8192 d29480 u2097152 alloc=1*2097152
[    0.000000] pcpu-alloc: [0] 0 
[    0.000000] PV qspinlock hash table entries: 256 (order: 0, 4096 bytes)
[    0.000000] Built 1 zonelists in Node order, mobility grouping on.  Total pages: 1548153
[    0.000000] Policy zone: Normal
[    0.000000] Kernel command line: BOOT_IMAGE=/boot/vmlinuz-4.3.0 memmap=2G!1G root=UUID=8918101d-1281-40c7-aa75-72b85c4a0441 ro quiet splash
[    0.000000] PID hash table entries: 4096 (order: 3, 32768 bytes)
[    0.000000] Calgary: detecting Calgary via BIOS EBDA area
[    0.000000] Calgary: Unable to locate Rio Grande table in EBDA - bailing!
[    0.000000] Memory: 6075644K/6291000K available (8158K kernel code, 1248K rwdata, 3880K rodata, 1456K init, 1332K bss, 215356K reserved, 0K cma-reserved)
[    0.000000] SLUB: HWalign=64, Order=0-3, MinObjects=0, CPUs=1, Nodes=1
[    0.000000] Hierarchical RCU implementation.
[    0.000000] 	Build-time adjustment of leaf fanout to 64.
[    0.000000] 	RCU restricting CPUs from NR_CPUS=512 to nr_cpu_ids=1.
[    0.000000] RCU: Adjusting geometry for rcu_fanout_leaf=64, nr_cpu_ids=1
[    0.000000] NR_IRQS:33024 nr_irqs:256 16
[    0.000000] Console: colour VGA+ 80x25
[    0.000000] console [tty0] enabled
[    0.000000] tsc: Detected 3591.704 MHz processor
[    5.027659] Calibrating delay loop (skipped) preset value.. 7183.40 BogoMIPS (lpj=14366816)
[    5.027661] pid_max: default: 32768 minimum: 301
[    5.027665] ACPI: Core revision 20150818
[    5.028418] ACPI: 2 ACPI AML tables successfully acquired and loaded
[    5.028431] Security Framework initialized
[    5.028432] Yama: becoming mindful.
[    5.028438] AppArmor: AppArmor initialized
[    5.033480] Dentry cache hash table entries: 1048576 (order: 11, 8388608 bytes)
[    5.055692] Inode-cache hash table entries: 524288 (order: 10, 4194304 bytes)
[    5.063437] Mount-cache hash table entries: 16384 (order: 5, 131072 bytes)
[    5.063452] Mountpoint-cache hash table entries: 16384 (order: 5, 131072 bytes)
[    5.063732] Initializing cgroup subsys io
[    5.063738] Initializing cgroup subsys memory
[    5.063744] Initializing cgroup subsys devices
[    5.063747] Initializing cgroup subsys freezer
[    5.063749] Initializing cgroup subsys net_cls
[    5.063751] Initializing cgroup subsys perf_event
[    5.063754] Initializing cgroup subsys net_prio
[    5.063756] Initializing cgroup subsys hugetlb
[    5.063759] Initializing cgroup subsys pids
[    5.063839] CPU: Physical Processor ID: 0
[    5.064638] mce: CPU supports 0 MCE banks
[    5.064663] process: using mwait in idle threads
[    5.064669] Last level iTLB entries: 4KB 1024, 2MB 1024, 4MB 1024
[    5.064670] Last level dTLB entries: 4KB 1024, 2MB 1024, 4MB 1024, 1GB 4
[    5.077535] Freeing SMP alternatives memory: 28K (ffffffff81ea6000 - ffffffff81ead000)
[    5.083519] ftrace: allocating 31208 entries in 122 pages
[    5.112986] x2apic enabled
[    5.113151] Switched APIC routing to physical x2apic.
[    5.113975] ..TIMER: vector=0x30 apic1=0 pin1=2 apic2=-1 pin2=-1
[    5.219633] smpboot: CPU0: Intel(R) Core(TM) i7-4790 CPU @ 3.60GHz (family: 0x6, model: 0x3c, stepping: 0x3)
[    5.219661] Performance Events: unsupported p6 CPU model 60 no PMU driver, software events only.
[    5.219668] KVM setup paravirtual spinlock
[    5.220147] x86: Booted up 1 node, 1 CPUs
[    5.220149] smpboot: Total of 1 processors activated (7183.40 BogoMIPS)
[    5.226123] devtmpfs: initialized
[    5.228506] evm: security.selinux
[    5.228508] evm: security.SMACK64
[    5.228509] evm: security.SMACK64EXEC
[    5.228510] evm: security.SMACK64TRANSMUTE
[    5.228511] evm: security.SMACK64MMAP
[    5.228512] evm: security.ima
[    5.228513] evm: security.capability
[    5.228621] clocksource: jiffies: mask: 0xffffffff max_cycles: 0xffffffff, max_idle_ns: 7645041785100000 ns
[    5.228679] pinctrl core: initialized pinctrl subsystem
[    5.228836] RTC time: 12:25:30, date: 12/06/17
[    5.228950] NET: Registered protocol family 16
[    5.229095] cpuidle: using governor ladder
[    5.229097] cpuidle: using governor menu
[    5.229099] PCCT header not found.
[    5.229152] ACPI: bus type PCI registered
[    5.229154] acpiphp: ACPI Hot Plug PCI Controller Driver version: 0.5
[    5.229252] PCI: Using configuration type 1 for base access
[    5.230505] ACPI: Added _OSI(Module Device)
[    5.230507] ACPI: Added _OSI(Processor Device)
[    5.230508] ACPI: Added _OSI(3.0 _SCP Extensions)
[    5.230509] ACPI: Added _OSI(Processor Aggregator Device)
[    5.231196] ACPI: Executed 1 blocks of module-level executable AML code
[    5.233274] ACPI: Interpreter enabled
[    5.233279] ACPI Exception: AE_NOT_FOUND, While evaluating Sleep State [\_S1_] (20150818/hwxface-580)
[    5.233282] ACPI Exception: AE_NOT_FOUND, While evaluating Sleep State [\_S2_] (20150818/hwxface-580)
[    5.233285] ACPI Exception: AE_NOT_FOUND, While evaluating Sleep State [\_S3_] (20150818/hwxface-580)
[    5.233288] ACPI Exception: AE_NOT_FOUND, While evaluating Sleep State [\_S4_] (20150818/hwxface-580)
[    5.233293] ACPI: (supports S0 S5)
[    5.233294] ACPI: Using IOAPIC for interrupt routing
[    5.233454] PCI: Using host bridge windows from ACPI; if necessary, use "pci=nocrs" and report a bug
[    5.235854] ACPI: PCI Root Bridge [PCI0] (domain 0000 [bus 00-ff])
[    5.235858] acpi PNP0A03:00: _OSC: OS supports [ASPM ClockPM Segments MSI]
[    5.235860] acpi PNP0A03:00: _OSC failed (AE_NOT_FOUND); disabling ASPM
[    5.235892] acpi PNP0A03:00: fail to add MMCONFIG information, can't access extended PCI configuration space under this bridge.
[    5.236049] PCI host bridge to bus 0000:00
[    5.236051] pci_bus 0000:00: root bus resource [bus 00-ff]
[    5.236052] pci_bus 0000:00: root bus resource [io  0x0000-0x0cf7 window]
[    5.236053] pci_bus 0000:00: root bus resource [io  0x0d00-0xffff window]
[    5.236054] pci_bus 0000:00: root bus resource [mem 0x000a0000-0x000bffff window]
[    5.236055] pci_bus 0000:00: root bus resource [mem 0xe0000000-0xffdfffff window]
[    5.236082] pci 0000:00:00.0: [8086:1237] type 00 class 0x060000
[    5.236417] pci 0000:00:01.0: [8086:7000] type 00 class 0x060100
[    5.236847] pci 0000:00:01.1: [8086:7111] type 00 class 0x01018a
[    5.237100] pci 0000:00:01.1: reg 0x20: [io  0xd000-0xd00f]
[    5.237206] pci 0000:00:01.1: legacy IDE quirk: reg 0x10: [io  0x01f0-0x01f7]
[    5.237207] pci 0000:00:01.1: legacy IDE quirk: reg 0x14: [io  0x03f6]
[    5.237207] pci 0000:00:01.1: legacy IDE quirk: reg 0x18: [io  0x0170-0x0177]
[    5.237208] pci 0000:00:01.1: legacy IDE quirk: reg 0x1c: [io  0x0376]
[    5.237330] pci 0000:00:02.0: [80ee:beef] type 00 class 0x030000
[    5.241510] pci 0000:00:02.0: reg 0x10: [mem 0xe0000000-0xe0ffffff pref]
[    5.270621] pci 0000:00:03.0: [8086:100e] type 00 class 0x020000
[    5.274707] pci 0000:00:03.0: reg 0x10: [mem 0xf0000000-0xf001ffff]
[    5.283375] pci 0000:00:03.0: reg 0x18: [io  0xd010-0xd017]
[    5.300798] pci 0000:00:04.0: [80ee:cafe] type 00 class 0x088000
[    5.304999] pci 0000:00:04.0: reg 0x10: [io  0xd020-0xd03f]
[    5.309129] pci 0000:00:04.0: reg 0x14: [mem 0xf0400000-0xf07fffff]
[    5.313386] pci 0000:00:04.0: reg 0x18: [mem 0xf0800000-0xf0803fff pref]
[    5.331152] pci 0000:00:05.0: [8086:2415] type 00 class 0x040100
[    5.331235] pci 0000:00:05.0: reg 0x10: [io  0xd100-0xd1ff]
[    5.331280] pci 0000:00:05.0: reg 0x14: [io  0xd200-0xd23f]
[    5.331620] pci 0000:00:06.0: [106b:003f] type 00 class 0x0c0310
[    5.335912] pci 0000:00:06.0: reg 0x10: [mem 0xf0804000-0xf0804fff]
[    5.364307] pci 0000:00:07.0: [8086:7113] type 00 class 0x068000
[    5.364638] pci 0000:00:07.0: quirk: [io  0x4000-0x403f] claimed by PIIX4 ACPI
[    5.364645] pci 0000:00:07.0: quirk: [io  0x4100-0x410f] claimed by PIIX4 SMB
[    5.364837] pci 0000:00:0b.0: [8086:265c] type 00 class 0x0c0320
[    5.370297] pci 0000:00:0b.0: reg 0x10: [mem 0xf0805000-0xf0805fff]
[    5.399836] pci 0000:00:0d.0: [8086:2829] type 00 class 0x010601
[    5.404509] pci 0000:00:0d.0: reg 0x10: [io  0xd240-0xd247]
[    5.413680] pci 0000:00:0d.0: reg 0x18: [io  0xd250-0xd257]
[    5.422833] pci 0000:00:0d.0: reg 0x20: [io  0xd260-0xd26f]
[    5.427325] pci 0000:00:0d.0: reg 0x24: [mem 0xf0806000-0xf0807fff]
[    5.433331] ACPI: PCI Interrupt Link [LNKA] (IRQs 5 9 10 *11)
[    5.433575] ACPI: PCI Interrupt Link [LNKB] (IRQs 5 9 10 *11)
[    5.433667] ACPI: PCI Interrupt Link [LNKC] (IRQs 5 9 *10 11)
[    5.433755] ACPI: PCI Interrupt Link [LNKD] (IRQs 5 *9 10 11)
[    5.433891] ACPI: Enabled 2 GPEs in block 00 to 07
[    5.434024] vgaarb: setting as boot device: PCI:0000:00:02.0
[    5.434027] vgaarb: device added: PCI:0000:00:02.0,decodes=io+mem,owns=io+mem,locks=none
[    5.434030] vgaarb: loaded
[    5.434031] vgaarb: bridge control possible 0000:00:02.0
[    5.434269] SCSI subsystem initialized
[    5.434308] libata version 3.00 loaded.
[    5.434334] ACPI: bus type USB registered
[    5.434350] usbcore: registered new interface driver usbfs
[    5.434358] usbcore: registered new interface driver hub
[    5.434368] usbcore: registered new device driver usb
[    5.434480] PCI: Using ACPI for IRQ routing
[    5.434482] PCI: pci_cache_line_size set to 64 bytes
[    5.434676] e820: reserve RAM buffer [mem 0x0009fc00-0x0009ffff]
[    5.434679] e820: reserve RAM buffer [mem 0xdfff0000-0xdfffffff]
[    5.434795] NetLabel: Initializing
[    5.434796] NetLabel:  domain hash size = 128
[    5.434797] NetLabel:  protocols = UNLABELED CIPSOv4
[    5.434807] NetLabel:  unlabeled traffic allowed by default
[    5.434868] clocksource: Switched to clocksource kvm-clock
[    5.448017] AppArmor: AppArmor Filesystem Enabled
[    5.448068] pnp: PnP ACPI init
[    5.448119] pnp 00:00: Plug and Play ACPI device, IDs PNP0303 (active)
[    5.448173] pnp 00:01: Plug and Play ACPI device, IDs PNP0f03 (active)
[    5.448590] pnp: PnP ACPI: found 2 devices
[    5.453779] clocksource: acpi_pm: mask: 0xffffff max_cycles: 0xffffff, max_idle_ns: 2085701024 ns
[    5.453793] pci_bus 0000:00: resource 4 [io  0x0000-0x0cf7 window]
[    5.453795] pci_bus 0000:00: resource 5 [io  0x0d00-0xffff window]
[    5.453796] pci_bus 0000:00: resource 6 [mem 0x000a0000-0x000bffff window]
[    5.453797] pci_bus 0000:00: resource 7 [mem 0xe0000000-0xffdfffff window]
[    5.453823] NET: Registered protocol family 2
[    5.453962] TCP established hash table entries: 65536 (order: 7, 524288 bytes)
[    5.460648] TCP bind hash table entries: 65536 (order: 8, 1048576 bytes)
[    5.460794] TCP: Hash tables configured (established 65536 bind 65536)
[    5.460816] UDP hash table entries: 4096 (order: 5, 131072 bytes)
[    5.460843] UDP-Lite hash table entries: 4096 (order: 5, 131072 bytes)
[    5.460906] NET: Registered protocol family 1
[    5.460916] pci 0000:00:00.0: Limiting direct PCI/PCI transfers
[    5.460942] pci 0000:00:01.0: Activating ISA DMA hang workarounds
[    5.460972] pci 0000:00:02.0: Video device with shadowed ROM
[    5.461207] PCI: CLS 0 bytes, default 64
[    5.461245] Trying to unpack rootfs image as initramfs...
[    6.116312] Freeing initrd memory: 34072K (ffff880033d64000 - ffff880035eaa000)
[    6.116346] PCI-DMA: Using software bounce buffering for IO (SWIOTLB)
[    6.116348] software IO TLB [mem 0xdbff0000-0xdfff0000] (64MB) mapped at [ffff8800dbff0000-ffff8800dffeffff]
[    6.116417] platform rtc_cmos: registered platform RTC device (no PNP device found)
[    6.116428] RAPL PMU detected, API unit is 2^-32 Joules, 4 fixed counters 10737418240 ms ovfl timer
[    6.116429] hw unit of domain pp0-core 2^-0 Joules
[    6.116430] hw unit of domain package 2^-0 Joules
[    6.116430] hw unit of domain dram 2^-0 Joules
[    6.116431] hw unit of domain pp1-gpu 2^-0 Joules
[    6.116457] microcode: CPU0 sig=0x306c3, pf=0x40, revision=0x0
[    6.116487] microcode: Microcode Update Driver: v2.00 <tigran@aivazian.fsnet.co.uk>, Peter Oruba
[    6.116512] Scanning for low memory corruption every 60 seconds
[    6.116678] futex hash table entries: 256 (order: 2, 16384 bytes)
[    6.116695] audit: initializing netlink subsys (disabled)
[    6.116704] audit: type=2000 audit(1512563137.741:1): initialized
[    6.116852] Initialise system trusted keyring
[    6.116904] HugeTLB registered 2 MB page size, pre-allocated 0 pages
[    6.122890] zbud: loaded
[    6.123062] VFS: Disk quotas dquot_6.6.0
[    6.123089] VFS: Dquot-cache hash table entries: 512 (order 0, 4096 bytes)
[    6.123281] squashfs: version 4.0 (2009/01/31) Phillip Lougher
[    6.123457] fuse init (API version 7.23)
[    6.123565] Key type big_key registered
[    6.124016] Key type asymmetric registered
[    6.124019] Asymmetric key parser 'x509' registered
[    6.124029] Block layer SCSI generic (bsg) driver version 0.4 loaded (major 249)
[    6.124042] io scheduler noop registered
[    6.124043] io scheduler deadline registered (default)
[    6.124062] io scheduler cfq registered
[    6.124121] pci_hotplug: PCI Hot Plug PCI Core version: 0.5
[    6.124125] pciehp: PCI Express Hot Plug Controller Driver version: 0.4
[    6.124219] ACPI: AC Adapter [AC] (on-line)
[    6.124253] input: Power Button as /devices/LNXSYSTM:00/LNXPWRBN:00/input/input0
[    6.124255] ACPI: Power Button [PWRF]
[    6.124308] input: Sleep Button as /devices/LNXSYSTM:00/LNXSLPBN:00/input/input1
[    6.124310] ACPI: Sleep Button [SLPF]
[    6.124419] GHES: HEST is not enabled!
[    6.124489] Serial: 8250/16550 driver, 32 ports, IRQ sharing enabled
[    6.125211] Linux agpgart interface v0.103
[    6.126286] brd: module loaded
[    6.132605] loop: module loaded
[    6.132740] ata_piix 0000:00:01.1: version 2.13
[    6.133041] nd_pmem namespace0.0: unable to guarantee persistence of writes
[    6.137822] scsi host0: ata_piix
[    6.138118] pmem0: detected capacity change from 0 to 2147483648
[    6.138139] scsi host1: ata_piix
[    6.138165] ata1: PATA max UDMA/33 cmd 0x1f0 ctl 0x3f6 bmdma 0xd000 irq 14
[    6.138166] ata2: PATA max UDMA/33 cmd 0x170 ctl 0x376 bmdma 0xd008 irq 15
[    6.138236] libphy: Fixed MDIO Bus: probed
[    6.138239] tun: Universal TUN/TAP device driver, 1.6
[    6.138239] tun: (C) 1999-2004 Max Krasnyansky <maxk@qualcomm.com>
[    6.138501] PPP generic driver version 2.4.2
[    6.138564] ehci_hcd: USB 2.0 'Enhanced' Host Controller (EHCI) Driver
[    6.138570] ehci-pci: EHCI PCI platform driver
[    6.138998] ehci-pci 0000:00:0b.0: EHCI Host Controller
[    6.139003] ehci-pci 0000:00:0b.0: new USB bus registered, assigned bus number 1
[    6.139140] ehci-pci 0000:00:0b.0: irq 19, io mem 0xf0805000
[    6.151689] ehci-pci 0000:00:0b.0: USB 2.0 started, EHCI 1.00
[    6.151732] usb usb1: New USB device found, idVendor=1d6b, idProduct=0002
[    6.151733] usb usb1: New USB device strings: Mfr=3, Product=2, SerialNumber=1
[    6.151734] usb usb1: Product: EHCI Host Controller
[    6.151735] usb usb1: Manufacturer: Linux 4.3.0 ehci_hcd
[    6.151736] usb usb1: SerialNumber: 0000:00:0b.0
[    6.151821] hub 1-0:1.0: USB hub found
[    6.151824] hub 1-0:1.0: 12 ports detected
[    6.151969] ehci-platform: EHCI generic platform driver
[    6.151979] ohci_hcd: USB 1.1 'Open' Host Controller (OHCI) Driver
[    6.151983] ohci-pci: OHCI PCI platform driver
[    6.152330] ohci-pci 0000:00:06.0: OHCI PCI host controller
[    6.152335] ohci-pci 0000:00:06.0: new USB bus registered, assigned bus number 2
[    6.152379] ohci-pci 0000:00:06.0: irq 22, io mem 0xf0804000
[    6.207820] usb usb2: New USB device found, idVendor=1d6b, idProduct=0001
[    6.207823] usb usb2: New USB device strings: Mfr=3, Product=2, SerialNumber=1
[    6.207824] usb usb2: Product: OHCI PCI host controller
[    6.207825] usb usb2: Manufacturer: Linux 4.3.0 ohci_hcd
[    6.207826] usb usb2: SerialNumber: 0000:00:06.0
[    6.207911] hub 2-0:1.0: USB hub found
[    6.207919] hub 2-0:1.0: 12 ports detected
[    6.208151] ohci-platform: OHCI generic platform driver
[    6.208161] uhci_hcd: USB Universal Host Controller Interface driver
[    6.208196] i8042: PNP: PS/2 Controller [PNP0303:PS2K,PNP0f03:PS2M] at 0x60,0x64 irq 1,12
[    6.208554] serio: i8042 KBD port at 0x60,0x64 irq 1
[    6.208558] serio: i8042 AUX port at 0x60,0x64 irq 12
[    6.208625] mousedev: PS/2 mouse device common for all mice
[    6.208793] input: AT Translated Set 2 keyboard as /devices/platform/i8042/serio0/input/input2
[    6.209027] rtc_cmos rtc_cmos: rtc core: registered rtc_cmos as rtc0
[    6.209064] rtc_cmos rtc_cmos: alarms up to one day, 114 bytes nvram
[    6.209067] i2c /dev entries driver
[    6.209100] device-mapper: uevent: version 1.0.3
[    6.209136] device-mapper: ioctl: 4.33.0-ioctl (2015-8-18) initialised: dm-devel@redhat.com
[    6.209148] ledtrig-cpu: registered to indicate activity on CPUs
[    6.209303] NET: Registered protocol family 10
[    6.209430] NET: Registered protocol family 17
[    6.209444] Key type dns_resolver registered
[    6.209585] registered taskstats version 1
[    6.209600] Loading compiled-in X.509 certificates
[    6.210090] Loaded X.509 cert 'Build time autogenerated kernel key: 0759ca4de3f7631372cabbbeea3b24c381c013ce'
[    6.210103] zswap: loaded using pool lzo/zbud
[    6.211183] Key type trusted registered
[    6.212728] Key type encrypted registered
[    6.212733] AppArmor: AppArmor sha1 policy hashing enabled
[    6.212736] ima: No TPM chip found, activating TPM-bypass!
[    6.212748] evm: HMAC attrs: 0x1
[    6.212970]   Magic number: 13:134:430
[    6.213029] rtc_cmos rtc_cmos: setting system clock to 2017-12-06 12:25:31 UTC (1512563131)
[    6.213071] BIOS EDD facility v0.16 2004-Jun-25, 0 devices found
[    6.213072] EDD information not available.
[    6.213102] PM: Hibernation image not present or could not be loaded.
[    6.295944] ata2.00: ATAPI: VBOX CD-ROM, 1.0, max UDMA/133
[    6.296204] ata2.00: configured for UDMA/33
[    6.296472] scsi 1:0:0:0: CD-ROM            VBOX     CD-ROM           1.0  PQ: 0 ANSI: 5
[    6.303943] sr 1:0:0:0: [sr0] scsi3-mmc drive: 32x/32x xa/form2 tray
[    6.303946] cdrom: Uniform CD-ROM driver Revision: 3.20
[    6.304020] sr 1:0:0:0: Attached scsi CD-ROM sr0
[    6.304149] sr 1:0:0:0: Attached scsi generic sg0 type 5
[    6.304374] Freeing unused kernel memory: 1456K (ffffffff81d3a000 - ffffffff81ea6000)
[    6.304375] Write protecting the kernel read-only data: 12288k
[    6.304447] Freeing unused kernel memory: 20K (ffff8800017fb000 - ffff880001800000)
[    6.304488] Freeing unused kernel memory: 216K (ffff880001bca000 - ffff880001c00000)
[    6.309773] random: udevadm urandom read with 2 bits of entropy available
[    6.333959] ACPI: Video Device [GFX0] (multi-head: yes  rom: no  post: no)
[    6.334023] input: Video Bus as /devices/LNXSYSTM:00/LNXSYBUS:00/PNP0A03:00/LNXVIDEO:00/input/input4
[    6.336720] FUJITSU Extended Socket Network Device Driver - version 1.0 - Copyright (c) 2015 FUJITSU LIMITED
[    6.347601] e1000: Intel(R) PRO/1000 Network Driver - version 7.3.21-k8-NAPI
[    6.347604] e1000: Copyright (c) 1999-2006 Intel Corporation.
[    6.647094] input: ImExPS/2 Generic Explorer Mouse as /devices/platform/i8042/serio1/input/input5
[    6.689973] e1000 0000:00:03.0 eth0: (PCI:33MHz:32-bit) 08:00:27:7d:c1:92
[    6.689978] e1000 0000:00:03.0 eth0: Intel(R) PRO/1000 Network Connection
[    6.690286] ahci 0000:00:0d.0: version 3.0
[    6.690351] ahci 0000:00:0d.0: SSS flag set, parallel bus scan disabled
[    6.690437] ahci 0000:00:0d.0: AHCI 0001.0100 32 slots 1 ports 3 Gbps 0x1 impl SATA mode
[    6.690439] ahci 0000:00:0d.0: flags: 64bit ncq stag only ccc 
[    6.691217] e1000 0000:00:03.0 enp0s3: renamed from eth0
[    6.691801] scsi host2: ahci
[    6.691844] ata3: SATA max UDMA/133 abar m8192@0xf0806000 port 0xf0806100 irq 21
[    6.855278] usb 2-1: new full-speed USB device number 2 using ohci-pci
[    7.011158] ata3: SATA link up 3.0 Gbps (SStatus 123 SControl 300)
[    7.011268] ata3.00: ATA-6: VBOX HARDDISK, 1.0, max UDMA/133
[    7.011269] ata3.00: 268435456 sectors, multi 128: LBA48 NCQ (depth 31/32)
[    7.011412] ata3.00: configured for UDMA/133
[    7.011490] scsi 2:0:0:0: Direct-Access     ATA      VBOX HARDDISK    1.0  PQ: 0 ANSI: 5
[    7.011756] sd 2:0:0:0: [sda] 268435456 512-byte logical blocks: (137 GB/128 GiB)
[    7.011769] sd 2:0:0:0: [sda] Write Protect is off
[    7.011771] sd 2:0:0:0: [sda] Mode Sense: 00 3a 00 00
[    7.011777] sd 2:0:0:0: [sda] Write cache: enabled, read cache: enabled, doesn't support DPO or FUA
[    7.012120] sd 2:0:0:0: Attached scsi generic sg1 type 0
[    7.013414]  sda: sda1 sda2 < sda5 >
[    7.013549] sd 2:0:0:0: [sda] Attached SCSI disk
[    7.114895] tsc: Refined TSC clocksource calibration: 3591.612 MHz
[    7.114900] clocksource: tsc: mask: 0xffffffffffffffff max_cycles: 0x33c55f44953, max_idle_ns: 440795282362 ns
[    7.128402] usb 2-1: New USB device found, idVendor=80ee, idProduct=0021
[    7.128404] usb 2-1: New USB device strings: Mfr=1, Product=3, SerialNumber=0
[    7.128405] usb 2-1: Product: USB Tablet
[    7.128406] usb 2-1: Manufacturer: VirtualBox
[    7.134431] hidraw: raw HID events driver (C) Jiri Kosina
[    7.146084] usbcore: registered new interface driver usbhid
[    7.146085] usbhid: USB HID core driver
[    7.153741] input: VirtualBox USB Tablet as /devices/pci0000:00/0000:00:06.0/usb2/2-1/2-1:1.0/0003:80EE:0021.0001/input/input6
[    7.153893] hid-generic 0003:80EE:0021.0001: input,hidraw0: USB HID v1.10 Mouse [VirtualBox USB Tablet] on usb-0000:00:06.0-1/input0
[    9.646911] floppy0: no floppy controllers found
[    9.646947] work still pending
[   10.550870] EXT4-fs (sda1): mounted filesystem with ordered data mode. Opts: (null)
[   11.444968] random: nonblocking pool is initialized
[   11.665729] systemd[1]: systemd 229 running in system mode. (+PAM +AUDIT +SELINUX +IMA +APPARMOR +SMACK +SYSVINIT +UTMP +LIBCRYPTSETUP +GCRYPT +GNUTLS +ACL +XZ -LZ4 +SECCOMP +BLKID +ELFUTILS +KMOD -IDN)
[   11.665753] systemd[1]: Detected virtualization oracle.
[   11.665755] systemd[1]: Detected architecture x86-64.
[   11.669022] systemd[1]: Set hostname to <cxdir-VirtualBox>.
[   12.197443] systemd[1]: Listening on Journal Socket.
[   12.197488] systemd[1]: Listening on /dev/initctl Compatibility Named Pipe.
[   12.197506] systemd[1]: Listening on udev Control Socket.
[   12.197577] systemd[1]: Set up automount Arbitrary Executable File Formats File System Automount Point.
[   12.197614] systemd[1]: Listening on Journal Audit Socket.
[   12.197680] systemd[1]: Created slice System Slice.
[   12.197885] systemd[1]: Started Braille Device Support.
[   12.198560] systemd[1]: Mounting Debug File System...
[   12.225368] systemd[1]: Starting Load Kernel Modules...
[   12.225410] systemd[1]: Listening on fsck to fsckd communication Socket.
[   12.225429] systemd[1]: Reached target Encrypted Volumes.
[   12.225435] systemd[1]: Reached target Remote File Systems (Pre).
[   12.225459] systemd[1]: Listening on udev Kernel Socket.
[   12.225478] systemd[1]: Reached target User and Group Name Lookups.
[   12.225497] systemd[1]: Listening on Syslog Socket.
[   12.225508] systemd[1]: Reached target Remote File Systems.
[   12.225768] systemd[1]: Mounting Huge Pages File System...
[   12.225824] systemd[1]: Started Forward Password Requests to Wall Directory Watch.
[   12.226132] systemd[1]: Starting Set console keymap...
[   12.226198] systemd[1]: Created slice User and Session Slice.
[   12.226209] systemd[1]: Reached target Slices.
[   12.226236] systemd[1]: Listening on Journal Socket (/dev/log).
[   12.226479] systemd[1]: Starting Journal Service...
[   12.226720] systemd[1]: Starting Uncomplicated firewall...
[   12.227103] systemd[1]: Mounting POSIX Message Queue File System...
[   12.265556] systemd[1]: Starting Create list of required static device nodes for the current kernel...
[   12.379739] systemd[1]: Started Create list of required static device nodes for the current kernel.
[   12.380112] systemd[1]: Starting Create Static Device Nodes in /dev...
[   12.449245] systemd[1]: Started Uncomplicated firewall.
[   12.707682] systemd[1]: Mounted POSIX Message Queue File System.
[   12.707703] systemd[1]: Mounted Huge Pages File System.
[   12.707711] systemd[1]: Mounted Debug File System.
[   12.713987] lp: driver loaded but no devices found
[   12.804761] ppdev: user-space parallel port driver
[   12.845853] systemd[1]: Started Load Kernel Modules.
[   12.846143] systemd[1]: Mounting FUSE Control File System...
[   12.846378] systemd[1]: Starting Apply Kernel Variables...
[   12.848223] systemd[1]: Mounted FUSE Control File System.
[   12.916498] systemd[1]: Started Journal Service.
[   13.326107] EXT4-fs (sda1): re-mounted. Opts: errors=remount-ro
[   13.487592] systemd-journald[230]: Received request to flush runtime journal from PID 1
[   13.833881] piix4_smbus 0000:00:07.0: SMBus Host Controller at 0x4100, revision 0
[   13.856780] vboxguest: module verification failed: signature and/or required key missing - tainting kernel
[   13.859466] vgdrvHeartbeatInit: Setting up heartbeat to trigger every 2000 milliseconds
[   13.859525] input: Unspecified device as /devices/pci0000:00/0000:00:04.0/input/input7
[   13.860621] vboxguest: misc device minor 56, IRQ 20, I/O port d020, MMIO at 00000000f0400000 (size 0x400000)
[   13.860622] vboxguest: Successfully loaded version 5.1.14 (interface 0x00010004)
[   14.238343] [drm] Initialized drm 1.1.0 20060810
[   14.311966] [drm] VRAM 01000000
[   14.312078] [TTM] Zone  kernel: Available graphics memory: 3055718 kiB
[   14.312080] [TTM] Zone   dma32: Available graphics memory: 2097152 kiB
[   14.312080] [TTM] Initializing pool allocator
[   14.312083] [TTM] Initializing DMA pool allocator
[   14.312910] fbcon: vboxdrmfb (fb0) is primary device
[   14.319629] Console: switching to colour frame buffer device 100x37
[   14.320647] vboxvideo 0000:00:02.0: fb0: vboxdrmfb frame buffer device
[   14.320649] [drm] Initialized vboxvideo 1.0.0 20130823 for 0000:00:02.0 on minor 0
[   14.356885] AVX version of gcm_enc/dec engaged.
[   14.356887] AES CTR mode by8 optimization enabled
[   14.525894] snd_intel8x0 0000:00:05.0: disable (unknown or VT-d) VM optimization
[   14.731130] intel_rapl: no valid rapl domains found in package 0
[   14.810073] snd_intel8x0 0000:00:05.0: white list rate for 1028:0177 is 48000
[   15.466631] audit: type=1400 audit(1512563140.748:2): apparmor="STATUS" operation="profile_load" name="/usr/lib/lightdm/lightdm-guest-session" pid=502 comm="apparmor_parser"
[   15.466635] audit: type=1400 audit(1512563140.748:3): apparmor="STATUS" operation="profile_load" name="chromium" pid=502 comm="apparmor_parser"
[   15.492024] audit: type=1400 audit(1512563140.776:4): apparmor="STATUS" operation="profile_load" name="/sbin/dhclient" pid=558 comm="apparmor_parser"
[   15.492031] audit: type=1400 audit(1512563140.776:5): apparmor="STATUS" operation="profile_load" name="/usr/lib/NetworkManager/nm-dhcp-client.action" pid=558 comm="apparmor_parser"
[   15.492034] audit: type=1400 audit(1512563140.776:6): apparmor="STATUS" operation="profile_load" name="/usr/lib/NetworkManager/nm-dhcp-helper" pid=558 comm="apparmor_parser"
[   15.492038] audit: type=1400 audit(1512563140.776:7): apparmor="STATUS" operation="profile_load" name="/usr/lib/connman/scripts/dhclient-script" pid=558 comm="apparmor_parser"
[   15.608254] audit: type=1400 audit(1512563140.892:8): apparmor="STATUS" operation="profile_load" name="/usr/bin/evince" pid=569 comm="apparmor_parser"
[   15.608258] audit: type=1400 audit(1512563140.892:9): apparmor="STATUS" operation="profile_load" name="sanitized_helper" pid=569 comm="apparmor_parser"
[   15.608260] audit: type=1400 audit(1512563140.892:10): apparmor="STATUS" operation="profile_load" name="/usr/bin/evince-previewer" pid=569 comm="apparmor_parser"
[   15.608262] audit: type=1400 audit(1512563140.892:11): apparmor="STATUS" operation="profile_load" name="sanitized_helper" pid=569 comm="apparmor_parser"
[   15.865595] Adding 8386556k swap on /dev/sda5.  Priority:-1 extents:1 across:8386556k FS
[   17.063447] floppy0: no floppy controllers found
[   17.063496] work still pending
[   17.742820] vboxsf: Successfully loaded version 5.1.14 (interface 0x00010004)
[   20.817380] VBoxService 5.1.14 r112924 (verbosity: 0) linux.amd64 (Jan 16 2017 17:38:46) release log
               00:00:00.000060 main     Log opened 2017-12-06T12:25:46.104306000Z
[   20.817411] 00:00:00.000116 main     OS Product: Linux
[   20.817426] 00:00:00.000136 main     OS Release: 4.3.0
[   20.817440] 00:00:00.000150 main     OS Version: #2 SMP Fri Sep 8 20:52:18 CST 2017
[   20.817460] 00:00:00.000165 main     Executable: /opt/VBoxGuestAdditions-5.1.14/sbin/VBoxService
               00:00:00.000165 main     Process ID: 916
               00:00:00.000166 main     Package type: LINUX_64BITS_GENERIC
[   20.817945] 00:00:00.000646 main     5.1.14 r112924 started. Verbose level = 0
[   21.172850] IPv6: ADDRCONF(NETDEV_UP): enp0s3: link is not ready
[   21.174048] IPv6: ADDRCONF(NETDEV_UP): enp0s3: link is not ready
[   21.175375] e1000: enp0s3 NIC Link is Up 1000 Mbps Full Duplex, Flow Control: RX
[   21.175613] IPv6: ADDRCONF(NETDEV_CHANGE): enp0s3: link becomes ready
[  110.092796] nova: init_nova_fs: 1 cpus online
[  110.092798] nova: Arch new instructions support: PCOMMIT NO, CLWB NO
[  123.612875] nova: nova_get_block_info: dev pmem0, phys_addr 0x40000000, virt_addr ffffc90040000000, size 2147483648
[  123.612886] nova: start init radix tree
[  123.612888] nova: finish init radix tree
[  123.612889] nova: creating an empty nova of size 2147483648
[  123.617141] BUG: unable to handle kernel NULL pointer dereference at           (null)
[  123.617182] IP: [<ffffffff813d64c0>] strlen+0x0/0x20
[  123.617206] PGD da1b3067 PUD da1b5067 PMD 0 
[  123.617226] Oops: 0000 [#1] SMP 
[  123.617241] Modules linked in: nova(OE) vboxsf(OE) crct10dif_pclmul crc32_pclmul snd_intel8x0 snd_ac97_codec ac97_bus snd_pcm snd_seq_midi snd_seq_midi_event aesni_intel snd_rawmidi aes_x86_64 lrw vboxvideo(OE) ttm drm_kms_helper joydev drm snd_seq glue_helper ablk_helper cryptd snd_seq_device fb_sys_fops syscopyarea sysfillrect sysimgblt snd_timer snd input_leds soundcore serio_raw vboxguest(OE) i2c_piix4 mac_hid parport_pc ppdev lp parport autofs4 hid_generic usbhid hid psmouse ahci libahci e1000 pata_acpi fjes video
[  123.617473] CPU: 0 PID: 2086 Comm: gvfsd-trash Tainted: G           OE   4.3.0 #2
[  123.617503] Hardware name: innotek GmbH VirtualBox/VirtualBox, BIOS VirtualBox 12/01/2006
[  123.617534] task: ffff880213581c80 ti: ffff88021358c000 task.ti: ffff88021358c000
[  123.617563] RIP: 0010:[<ffffffff813d64c0>]  [<ffffffff813d64c0>] strlen+0x0/0x20
[  123.617593] RSP: 0018:ffff88021358fb80  EFLAGS: 00010246
[  123.617610] RAX: 0000000000000000 RBX: ffff88021482f280 RCX: 0000000000000000
[  123.617634] RDX: 0000000000000000 RSI: 000000000000002f RDI: 0000000000000000
[  123.617658] RBP: ffff88021358fbf0 R08: ffff88021fc19d40 R09: ffff88021482f280
[  123.617684] R10: ffffffffc0330547 R11: 0000000000000000 R12: 0000000000000000
[  123.617711] R13: ffff88021482f220 R14: 0000000000000000 R15: ffff88021482f240
[  123.617738] FS:  00007f2082449800(0000) GS:ffff88021fc00000(0000) knlGS:0000000000000000
[  123.617784] CS:  0010 DS: 0000 ES: 0000 CR0: 0000000080050033
[  123.617805] CR2: 0000000000000000 CR3: 000000021204f000 CR4: 00000000000406f0
[  123.617833] Stack:
[  123.617841]  ffffffffc03305c3 ffff8802148362e4 ffff88021358fbb0 00000001141aad18
[  123.617873]  ffffffff811dff01 ffff880212e78800 ffff8802122d2620 ffff8802141a2d80
[  123.617903]  000000000614b170 ffff8802141a2d80 ffff8800dab8de40 ffff8802141e4078
[  123.617934] Call Trace:
[  123.617953]  [<ffffffffc03305c3>] ? dafs_find_direntry+0x133/0x340 [nova]
[  123.617982]  [<ffffffff811dff01>] ? kmem_cache_alloc+0x31/0x140
[  123.618008]  [<ffffffffc0334b94>] dafs_lookup+0x64/0x1b0 [nova]
[  123.618033]  [<ffffffff81218762>] ? d_alloc+0x72/0x80
[  123.618056]  [<ffffffff812093fd>] lookup_real+0x1d/0x60
[  123.618077]  [<ffffffff8120acc2>] __lookup_hash+0x42/0x60
[  123.618100]  [<ffffffff8120c410>] walk_component+0x1e0/0x2a0
[  123.618123]  [<ffffffff8120c05c>] ? path_init+0x1ec/0x3c0
[  123.618145]  [<ffffffff8120d54d>] path_lookupat+0x5d/0x110
[  123.618822]  [<ffffffff8120f0d1>] filename_lookup+0xb1/0x180
[  123.619470]  [<ffffffff8120ec74>] ? putname+0x54/0x60
[  123.620142]  [<ffffffff8120f111>] ? filename_lookup+0xf1/0x180
[  123.620822]  [<ffffffff811dff01>] ? kmem_cache_alloc+0x31/0x140
[  123.621476]  [<ffffffff8120ecd6>] ? getname_flags+0x56/0x1f0
[  123.622101]  [<ffffffff8120f276>] user_path_at_empty+0x36/0x40
[  123.622753]  [<ffffffff81204736>] vfs_fstatat+0x66/0xc0
[  123.623345]  [<ffffffff81204cf1>] SYSC_newlstat+0x31/0x60
[  123.623924]  [<ffffffff8120945e>] ? path_put+0x1e/0x30
[  123.624485]  [<ffffffff81244869>] ? SyS_inotify_add_watch+0x1c9/0x340
[  123.625040]  [<ffffffff81204e2e>] SyS_newlstat+0xe/0x10
[  123.625583]  [<ffffffff817f2a32>] entry_SYSCALL_64_fastpath+0x16/0x71
[  123.626118] Code: 89 f8 48 89 e5 f6 82 40 d4 84 81 20 74 10 48 83 c0 01 0f b6 10 f6 82 40 d4 84 81 20 75 f0 5d c3 90 66 2e 0f 1f 84 00 00 00 00 00 <80> 3f 00 55 48 89 e5 74 11 48 89 f8 48 83 c0 01 80 38 00 75 f7 
[  123.627782] RIP  [<ffffffff813d64c0>] strlen+0x0/0x20
[  123.628107]  RSP <ffff88021358fb80>
[  123.628619] CR2: 0000000000000000
[  123.629141] fbcon_switch: detected unhandled fb_set_par error, error code -16
[  123.630699] fbcon_switch: detected unhandled fb_set_par error, error code -16
[  123.631809] ---[ end trace 8f637a025cd04579 ]---
