[    0.000000] Initializing cgroup subsys cpuset
[    0.000000] Initializing cgroup subsys cpu
[    0.000000] Initializing cgroup subsys cpuacct
[    0.000000] Linux version 4.3.0 (root@cxdir-VirtualBox) (gcc version 5.4.0 20160609 (Ubuntu 5.4.0-6ubuntu1~16.04.4) ) #2 SMP Fri Sep 8 20:52:18 CST 2017
[    0.000000] Command line: BOOT_IMAGE=/boot/vmlinuz-4.3.0 memmap=4G!2G root=UUID=8918101d-1281-40c7-aa75-72b85c4a0441 ro quiet splash
[    0.000000] KERNEL supported cpus:
[    0.000000]   Intel GenuineIntel
[    0.000000]   AMD AuthenticAMD
[    0.000000]   Centaur CentaurHauls
[    0.000000] x86/fpu: xstate_offset[2]: 0240, xstate_sizes[2]: 0100
[    0.000000] x86/fpu: Supporting XSAVE feature 0x01: 'x87 floating point registers'
[    0.000000] x86/fpu: Supporting XSAVE feature 0x02: 'SSE registers'
[    0.000000] x86/fpu: Supporting XSAVE feature 0x04: 'AVX registers'
[    0.000000] x86/fpu: Enabled xstate features 0x7, context size is 0x340 bytes, using 'standard' format.
[    0.000000] x86/fpu: Using 'lazy' FPU context switches.
[    0.000000] e820: BIOS-provided physical RAM map:
[    0.000000] BIOS-e820: [mem 0x0000000000000000-0x000000000009fbff] usable
[    0.000000] BIOS-e820: [mem 0x000000000009fc00-0x000000000009ffff] reserved
[    0.000000] BIOS-e820: [mem 0x00000000000f0000-0x00000000000fffff] reserved
[    0.000000] BIOS-e820: [mem 0x0000000000100000-0x00000000dffeffff] usable
[    0.000000] BIOS-e820: [mem 0x00000000dfff0000-0x00000000dfffffff] ACPI data
[    0.000000] BIOS-e820: [mem 0x00000000fec00000-0x00000000fec00fff] reserved
[    0.000000] BIOS-e820: [mem 0x00000000fee00000-0x00000000fee00fff] reserved
[    0.000000] BIOS-e820: [mem 0x00000000fffc0000-0x00000000ffffffff] reserved
[    0.000000] BIOS-e820: [mem 0x0000000100000000-0x000000021fffffff] usable
[    0.000000] NX (Execute Disable) protection: active
[    0.000000] e820: user-defined physical RAM map:
[    0.000000] user: [mem 0x0000000000000000-0x000000000009fbff] usable
[    0.000000] user: [mem 0x000000000009fc00-0x000000000009ffff] reserved
[    0.000000] user: [mem 0x00000000000f0000-0x00000000000fffff] reserved
[    0.000000] user: [mem 0x0000000000100000-0x000000007fffffff] usable
[    0.000000] user: [mem 0x0000000080000000-0x00000000dffeffff] persistent (type 12)
[    0.000000] user: [mem 0x00000000dfff0000-0x00000000dfffffff] persistent (type 12)
[    0.000000] user: [mem 0x00000000e0000000-0x00000000febfffff] persistent (type 12)
[    0.000000] user: [mem 0x00000000fec00000-0x00000000fec00fff] persistent (type 12)
[    0.000000] user: [mem 0x00000000fec01000-0x00000000fedfffff] persistent (type 12)
[    0.000000] user: [mem 0x00000000fee00000-0x00000000fee00fff] persistent (type 12)
[    0.000000] user: [mem 0x00000000fee01000-0x00000000fffbffff] persistent (type 12)
[    0.000000] user: [mem 0x00000000fffc0000-0x00000000ffffffff] persistent (type 12)
[    0.000000] user: [mem 0x0000000100000000-0x000000017fffffff] persistent (type 12)
[    0.000000] user: [mem 0x0000000180000000-0x000000021fffffff] usable
[    0.000000] SMBIOS 2.5 present.
[    0.000000] DMI: innotek GmbH VirtualBox/VirtualBox, BIOS VirtualBox 12/01/2006
[    0.000000] Hypervisor detected: KVM
[    0.000000] e820: update [mem 0x00000000-0x00000fff] usable ==> reserved
[    0.000000] e820: remove [mem 0x000a0000-0x000fffff] usable
[    0.000000] e820: last_pfn = 0x220000 max_arch_pfn = 0x400000000
[    0.000000] MTRR default type: uncachable
[    0.000000] MTRR variable ranges disabled:
[    0.000000] x86/PAT: Configuration [0-7]: WB  WC  UC- UC  WB  WC  UC- WT  
[    0.000000] MTRR: Disabled
[    0.000000] CPU MTRRs all blank - virtualized system.
[    0.000000] e820: last_pfn = 0x100000 max_arch_pfn = 0x400000000
[    0.000000] found SMP MP-table at [mem 0x0009fff0-0x0009ffff] mapped at [ffff88000009fff0]
[    0.000000] Scanning 1 areas for low memory corruption
[    0.000000] Base memory trampoline at [ffff880000099000] 99000 size 24576
[    0.000000] init_memory_mapping: [mem 0x00000000-0x000fffff]
[    0.000000]  [mem 0x00000000-0x000fffff] page 4k
[    0.000000] BRK [0x01ffc000, 0x01ffcfff] PGTABLE
[    0.000000] BRK [0x01ffd000, 0x01ffdfff] PGTABLE
[    0.000000] BRK [0x01ffe000, 0x01ffefff] PGTABLE
[    0.000000] init_memory_mapping: [mem 0x21fe00000-0x21fffffff]
[    0.000000]  [mem 0x21fe00000-0x21fffffff] page 2M
[    0.000000] BRK [0x01fff000, 0x01ffffff] PGTABLE
[    0.000000] init_memory_mapping: [mem 0x200000000-0x21fdfffff]
[    0.000000]  [mem 0x200000000-0x21fdfffff] page 2M
[    0.000000] init_memory_mapping: [mem 0x00100000-0x7fffffff]
[    0.000000]  [mem 0x00100000-0x001fffff] page 4k
[    0.000000]  [mem 0x00200000-0x7fffffff] page 2M
[    0.000000] init_memory_mapping: [mem 0x180000000-0x1ffffffff]
[    0.000000]  [mem 0x180000000-0x1ffffffff] page 2M
[    0.000000] BRK [0x02000000, 0x02000fff] PGTABLE
[    0.000000] BRK [0x02001000, 0x02001fff] PGTABLE
[    0.000000] RAMDISK: [mem 0x33d64000-0x35ea9fff]
[    0.000000] ACPI: Early table checksum verification disabled
[    0.000000] ACPI: RSDP 0x00000000000E0000 000024 (v02 VBOX  )
[    0.000000] ACPI: XSDT 0x00000000DFFF0030 00003C (v01 VBOX   VBOXXSDT 00000001 ASL  00000061)
[    0.000000] ACPI: FACP 0x00000000DFFF00F0 0000F4 (v04 VBOX   VBOXFACP 00000001 ASL  00000061)
[    0.000000] ACPI: DSDT 0x00000000DFFF0470 00210F (v01 VBOX   VBOXBIOS 00000002 INTL 20100528)
[    0.000000] ACPI: FACS 0x00000000DFFF0200 000040
[    0.000000] ACPI: FACS 0x00000000DFFF0200 000040
[    0.000000] ACPI: APIC 0x00000000DFFF0240 000054 (v02 VBOX   VBOXAPIC 00000001 ASL  00000061)
[    0.000000] ACPI: SSDT 0x00000000DFFF02A0 0001CC (v01 VBOX   VBOXCPUT 00000002 INTL 20100528)
[    0.000000] ACPI: Local APIC address 0xfee00000
[    0.000000] No NUMA configuration found
[    0.000000] Faking a node at [mem 0x0000000000000000-0x000000021fffffff]
[    0.000000] NODE_DATA(0) allocated [mem 0x21fffa000-0x21fffefff]
[    0.000000] kvm-clock: Using msrs 4b564d01 and 4b564d00
[    0.000000] kvm-clock: cpu 0, msr 2:1fff2001, primary cpu clock
[    0.000000] clocksource: kvm-clock: mask: 0xffffffffffffffff max_cycles: 0x1cd42e4dffb, max_idle_ns: 881590591483 ns
[    0.000000]  [ffffea0000000000-ffffea00087fffff] PMD -> [ffff88021ae00000-ffff88021f5fffff] on node 0
[    0.000000] Zone ranges:
[    0.000000]   DMA      [mem 0x0000000000001000-0x0000000000ffffff]
[    0.000000]   DMA32    [mem 0x0000000001000000-0x00000000ffffffff]
[    0.000000]   Normal   [mem 0x0000000100000000-0x000000021fffffff]
[    0.000000] Movable zone start for each node
[    0.000000] Early memory node ranges
[    0.000000]   node   0: [mem 0x0000000000001000-0x000000000009efff]
[    0.000000]   node   0: [mem 0x0000000000100000-0x000000007fffffff]
[    0.000000]   node   0: [mem 0x0000000180000000-0x000000021fffffff]
[    0.000000] Initmem setup node 0 [mem 0x0000000000001000-0x000000021fffffff]
[    0.000000] On node 0 totalpages: 1179550
[    0.000000]   DMA zone: 64 pages used for memmap
[    0.000000]   DMA zone: 21 pages reserved
[    0.000000]   DMA zone: 3998 pages, LIFO batch:0
[    0.000000]   DMA32 zone: 8128 pages used for memmap
[    0.000000]   DMA32 zone: 520192 pages, LIFO batch:31
[    0.000000]   Normal zone: 10240 pages used for memmap
[    0.000000]   Normal zone: 655360 pages, LIFO batch:31
[    0.000000] ACPI: PM-Timer IO Port: 0x4008
[    0.000000] ACPI: Local APIC address 0xfee00000
[    0.000000] IOAPIC[0]: apic_id 1, version 32, address 0xfec00000, GSI 0-23
[    0.000000] ACPI: INT_SRC_OVR (bus 0 bus_irq 0 global_irq 2 dfl dfl)
[    0.000000] ACPI: INT_SRC_OVR (bus 0 bus_irq 9 global_irq 9 high level)
[    0.000000] ACPI: IRQ0 used by override.
[    0.000000] ACPI: IRQ9 used by override.
[    0.000000] Using ACPI (MADT) for SMP configuration information
[    0.000000] smpboot: Allowing 1 CPUs, 0 hotplug CPUs
[    0.000000] PM: Registered nosave memory: [mem 0x00000000-0x00000fff]
[    0.000000] PM: Registered nosave memory: [mem 0x0009f000-0x0009ffff]
[    0.000000] PM: Registered nosave memory: [mem 0x000a0000-0x000effff]
[    0.000000] PM: Registered nosave memory: [mem 0x000f0000-0x000fffff]
[    0.000000] PM: Registered nosave memory: [mem 0x80000000-0xdffeffff]
[    0.000000] PM: Registered nosave memory: [mem 0xdfff0000-0xdfffffff]
[    0.000000] PM: Registered nosave memory: [mem 0xe0000000-0xfebfffff]
[    0.000000] PM: Registered nosave memory: [mem 0xfec00000-0xfec00fff]
[    0.000000] PM: Registered nosave memory: [mem 0xfec01000-0xfedfffff]
[    0.000000] PM: Registered nosave memory: [mem 0xfee00000-0xfee00fff]
[    0.000000] PM: Registered nosave memory: [mem 0xfee01000-0xfffbffff]
[    0.000000] PM: Registered nosave memory: [mem 0xfffc0000-0xffffffff]
[    0.000000] PM: Registered nosave memory: [mem 0x100000000-0x17fffffff]
[    0.000000] e820: cannot find a gap in the 32bit address range
               e820: PCI devices with unassigned 32bit BARs may break!
[    0.000000] e820: [mem 0x220100000-0x2204fffff] available for PCI devices
[    0.000000] Booting paravirtualized kernel on KVM
[    0.000000] clocksource: refined-jiffies: mask: 0xffffffff max_cycles: 0xffffffff, max_idle_ns: 7645519600211568 ns
[    0.000000] setup_percpu: NR_CPUS:512 nr_cpumask_bits:512 nr_cpu_ids:1 nr_node_ids:1
[    0.000000] PERCPU: Embedded 33 pages/cpu @ffff88021fc00000 s97496 r8192 d29480 u2097152
[    0.000000] pcpu-alloc: s97496 r8192 d29480 u2097152 alloc=1*2097152
[    0.000000] pcpu-alloc: [0] 0 
[    0.000000] PV qspinlock hash table entries: 256 (order: 0, 4096 bytes)
[    0.000000] Built 1 zonelists in Node order, mobility grouping on.  Total pages: 1161097
[    0.000000] Policy zone: Normal
[    0.000000] Kernel command line: BOOT_IMAGE=/boot/vmlinuz-4.3.0 memmap=4G!2G root=UUID=8918101d-1281-40c7-aa75-72b85c4a0441 ro quiet splash
[    0.000000] PID hash table entries: 4096 (order: 3, 32768 bytes)
[    0.000000] Calgary: detecting Calgary via BIOS EBDA area
[    0.000000] Calgary: Unable to locate Rio Grande table in EBDA - bailing!
[    0.000000] Memory: 4527432K/4718200K available (8158K kernel code, 1248K rwdata, 3880K rodata, 1456K init, 1332K bss, 190768K reserved, 0K cma-reserved)
[    0.000000] SLUB: HWalign=64, Order=0-3, MinObjects=0, CPUs=1, Nodes=1
[    0.000000] Hierarchical RCU implementation.
[    0.000000] 	Build-time adjustment of leaf fanout to 64.
[    0.000000] 	RCU restricting CPUs from NR_CPUS=512 to nr_cpu_ids=1.
[    0.000000] RCU: Adjusting geometry for rcu_fanout_leaf=64, nr_cpu_ids=1
[    0.000000] NR_IRQS:33024 nr_irqs:256 16
[    0.000000] Console: colour VGA+ 80x25
[    0.000000] console [tty0] enabled
[    0.000000] tsc: Detected 3591.704 MHz processor
[  702.157467] Calibrating delay loop (skipped) preset value.. 7183.40 BogoMIPS (lpj=14366816)
[  702.157469] pid_max: default: 32768 minimum: 301
[  702.157474] ACPI: Core revision 20150818
[  702.158187] ACPI: 2 ACPI AML tables successfully acquired and loaded
[  702.158200] Security Framework initialized
[  702.158201] Yama: becoming mindful.
[  702.158207] AppArmor: AppArmor initialized
[  702.158531] Dentry cache hash table entries: 1048576 (order: 11, 8388608 bytes)
[  702.159966] Inode-cache hash table entries: 524288 (order: 10, 4194304 bytes)
[  702.161247] Mount-cache hash table entries: 16384 (order: 5, 131072 bytes)
[  702.161254] Mountpoint-cache hash table entries: 16384 (order: 5, 131072 bytes)
[  702.161438] Initializing cgroup subsys io
[  702.161442] Initializing cgroup subsys memory
[  702.161447] Initializing cgroup subsys devices
[  702.161448] Initializing cgroup subsys freezer
[  702.161450] Initializing cgroup subsys net_cls
[  702.161451] Initializing cgroup subsys perf_event
[  702.161453] Initializing cgroup subsys net_prio
[  702.161454] Initializing cgroup subsys hugetlb
[  702.161457] Initializing cgroup subsys pids
[  702.161523] CPU: Physical Processor ID: 0
[  702.162310] mce: CPU supports 0 MCE banks
[  702.162327] process: using mwait in idle threads
[  702.162331] Last level iTLB entries: 4KB 1024, 2MB 1024, 4MB 1024
[  702.162332] Last level dTLB entries: 4KB 1024, 2MB 1024, 4MB 1024, 1GB 4
[  702.172784] Freeing SMP alternatives memory: 28K (ffffffff81ea6000 - ffffffff81ead000)
[  702.178890] ftrace: allocating 31208 entries in 122 pages
[  702.209176] x2apic enabled
[  702.209336] Switched APIC routing to physical x2apic.
[  702.210242] ..TIMER: vector=0x30 apic1=0 pin1=2 apic2=-1 pin2=-1
[  702.317778] smpboot: CPU0: Intel(R) Core(TM) i7-4790 CPU @ 3.60GHz (family: 0x6, model: 0x3c, stepping: 0x3)
[  702.317805] Performance Events: unsupported p6 CPU model 60 no PMU driver, software events only.
[  702.317813] KVM setup paravirtual spinlock
[  702.318264] x86: Booted up 1 node, 1 CPUs
[  702.318266] smpboot: Total of 1 processors activated (7183.40 BogoMIPS)
[  702.318436] devtmpfs: initialized
[  702.319637] evm: security.selinux
[  702.319637] evm: security.SMACK64
[  702.319638] evm: security.SMACK64EXEC
[  702.319638] evm: security.SMACK64TRANSMUTE
[  702.319639] evm: security.SMACK64MMAP
[  702.319640] evm: security.ima
[  702.319640] evm: security.capability
[  702.319719] clocksource: jiffies: mask: 0xffffffff max_cycles: 0xffffffff, max_idle_ns: 7645041785100000 ns
[  702.319764] pinctrl core: initialized pinctrl subsystem
[  702.319837] RTC time: 15:03:00, date: 12/08/17
[  702.319919] NET: Registered protocol family 16
[  702.320019] cpuidle: using governor ladder
[  702.320021] cpuidle: using governor menu
[  702.320023] PCCT header not found.
[  702.320062] ACPI: bus type PCI registered
[  702.320063] acpiphp: ACPI Hot Plug PCI Controller Driver version: 0.5
[  702.320133] PCI: Using configuration type 1 for base access
[  702.321826] ACPI: Added _OSI(Module Device)
[  702.321828] ACPI: Added _OSI(Processor Device)
[  702.321830] ACPI: Added _OSI(3.0 _SCP Extensions)
[  702.321831] ACPI: Added _OSI(Processor Aggregator Device)
[  702.322534] ACPI: Executed 1 blocks of module-level executable AML code
[  702.324652] ACPI: Interpreter enabled
[  702.324657] ACPI Exception: AE_NOT_FOUND, While evaluating Sleep State [\_S1_] (20150818/hwxface-580)
[  702.324661] ACPI Exception: AE_NOT_FOUND, While evaluating Sleep State [\_S2_] (20150818/hwxface-580)
[  702.324663] ACPI Exception: AE_NOT_FOUND, While evaluating Sleep State [\_S3_] (20150818/hwxface-580)
[  702.324666] ACPI Exception: AE_NOT_FOUND, While evaluating Sleep State [\_S4_] (20150818/hwxface-580)
[  702.324671] ACPI: (supports S0 S5)
[  702.324673] ACPI: Using IOAPIC for interrupt routing
[  702.324851] PCI: Using host bridge windows from ACPI; if necessary, use "pci=nocrs" and report a bug
[  702.328938] ACPI: PCI Root Bridge [PCI0] (domain 0000 [bus 00-ff])
[  702.328944] acpi PNP0A03:00: _OSC: OS supports [ASPM ClockPM Segments MSI]
[  702.328948] acpi PNP0A03:00: _OSC failed (AE_NOT_FOUND); disabling ASPM
[  702.328999] acpi PNP0A03:00: fail to add MMCONFIG information, can't access extended PCI configuration space under this bridge.
[  702.329245] PCI host bridge to bus 0000:00
[  702.329248] pci_bus 0000:00: root bus resource [bus 00-ff]
[  702.329251] pci_bus 0000:00: root bus resource [io  0x0000-0x0cf7 window]
[  702.329252] pci_bus 0000:00: root bus resource [io  0x0d00-0xffff window]
[  702.329254] pci_bus 0000:00: root bus resource [mem 0x000a0000-0x000bffff window]
[  702.329256] pci_bus 0000:00: root bus resource [mem 0xe0000000-0xffdfffff window]
[  702.329296] pci 0000:00:00.0: [8086:1237] type 00 class 0x060000
[  702.329798] pci 0000:00:01.0: [8086:7000] type 00 class 0x060100
[  702.330426] pci 0000:00:01.1: [8086:7111] type 00 class 0x01018a
[  702.330797] pci 0000:00:01.1: reg 0x20: [io  0xd000-0xd00f]
[  702.330952] pci 0000:00:01.1: legacy IDE quirk: reg 0x10: [io  0x01f0-0x01f7]
[  702.330955] pci 0000:00:01.1: legacy IDE quirk: reg 0x14: [io  0x03f6]
[  702.330956] pci 0000:00:01.1: legacy IDE quirk: reg 0x18: [io  0x0170-0x0177]
[  702.330958] pci 0000:00:01.1: legacy IDE quirk: reg 0x1c: [io  0x0376]
[  702.331143] pci 0000:00:02.0: [80ee:beef] type 00 class 0x030000
[  702.335663] pci 0000:00:02.0: reg 0x10: [mem 0xe0000000-0xe0ffffff pref]
[  702.365806] pci 0000:00:03.0: [8086:100e] type 00 class 0x020000
[  702.371088] pci 0000:00:03.0: reg 0x10: [mem 0xf0000000-0xf001ffff]
[  702.380442] pci 0000:00:03.0: reg 0x18: [io  0xd010-0xd017]
[  702.399081] pci 0000:00:04.0: [80ee:cafe] type 00 class 0x088000
[  702.404308] pci 0000:00:04.0: reg 0x10: [io  0xd020-0xd03f]
[  702.408844] pci 0000:00:04.0: reg 0x14: [mem 0xf0400000-0xf07fffff]
[  702.413442] pci 0000:00:04.0: reg 0x18: [mem 0xf0800000-0xf0803fff pref]
[  702.433401] pci 0000:00:05.0: [8086:2415] type 00 class 0x040100
[  702.433488] pci 0000:00:05.0: reg 0x10: [io  0xd100-0xd1ff]
[  702.433533] pci 0000:00:05.0: reg 0x14: [io  0xd200-0xd23f]
[  702.433894] pci 0000:00:06.0: [106b:003f] type 00 class 0x0c0310
[  702.438617] pci 0000:00:06.0: reg 0x10: [mem 0xf0804000-0xf0804fff]
[  702.468476] pci 0000:00:07.0: [8086:7113] type 00 class 0x068000
[  702.468822] pci 0000:00:07.0: quirk: [io  0x4000-0x403f] claimed by PIIX4 ACPI
[  702.468833] pci 0000:00:07.0: quirk: [io  0x4100-0x410f] claimed by PIIX4 SMB
[  702.469010] pci 0000:00:0b.0: [8086:265c] type 00 class 0x0c0320
[  702.474474] pci 0000:00:0b.0: reg 0x10: [mem 0xf0805000-0xf0805fff]
[  702.501632] pci 0000:00:0d.0: [8086:2829] type 00 class 0x010601
[  702.506708] pci 0000:00:0d.0: reg 0x10: [io  0xd240-0xd247]
[  702.516441] pci 0000:00:0d.0: reg 0x18: [io  0xd250-0xd257]
[  702.524972] pci 0000:00:0d.0: reg 0x20: [io  0xd260-0xd26f]
[  702.529725] pci 0000:00:0d.0: reg 0x24: [mem 0xf0806000-0xf0807fff]
[  702.534841] ACPI: PCI Interrupt Link [LNKA] (IRQs 5 9 10 *11)
[  702.534985] ACPI: PCI Interrupt Link [LNKB] (IRQs 5 9 10 *11)
[  702.535042] ACPI: PCI Interrupt Link [LNKC] (IRQs 5 9 *10 11)
[  702.535097] ACPI: PCI Interrupt Link [LNKD] (IRQs 5 *9 10 11)
[  702.535178] ACPI: Enabled 2 GPEs in block 00 to 07
[  702.535277] vgaarb: setting as boot device: PCI:0000:00:02.0
[  702.535279] vgaarb: device added: PCI:0000:00:02.0,decodes=io+mem,owns=io+mem,locks=none
[  702.535280] vgaarb: loaded
[  702.535281] vgaarb: bridge control possible 0000:00:02.0
[  702.535451] SCSI subsystem initialized
[  702.535485] libata version 3.00 loaded.
[  702.535501] ACPI: bus type USB registered
[  702.535520] usbcore: registered new interface driver usbfs
[  702.535525] usbcore: registered new interface driver hub
[  702.535530] usbcore: registered new device driver usb
[  702.535617] PCI: Using ACPI for IRQ routing
[  702.535619] PCI: pci_cache_line_size set to 64 bytes
[  702.535746] Expanded resource Persistent Memory (legacy) due to conflict with PCI Bus 0000:00
[  702.535747] e820: reserve RAM buffer [mem 0x0009fc00-0x0009ffff]
[  702.535823] NetLabel: Initializing
[  702.535823] NetLabel:  domain hash size = 128
[  702.535824] NetLabel:  protocols = UNLABELED CIPSOv4
[  702.535832] NetLabel:  unlabeled traffic allowed by default
[  702.535892] clocksource: Switched to clocksource kvm-clock
[  702.539593] AppArmor: AppArmor Filesystem Enabled
[  702.539631] pnp: PnP ACPI init
[  702.539673] pnp 00:00: Plug and Play ACPI device, IDs PNP0303 (active)
[  702.539717] pnp 00:01: Plug and Play ACPI device, IDs PNP0f03 (active)
[  702.540142] pnp: PnP ACPI: found 2 devices
[  702.545382] clocksource: acpi_pm: mask: 0xffffff max_cycles: 0xffffff, max_idle_ns: 2085701024 ns
[  702.545394] pci_bus 0000:00: resource 4 [io  0x0000-0x0cf7 window]
[  702.545395] pci_bus 0000:00: resource 5 [io  0x0d00-0xffff window]
[  702.545396] pci_bus 0000:00: resource 6 [mem 0x000a0000-0x000bffff window]
[  702.545397] pci_bus 0000:00: resource 7 [mem 0xe0000000-0xffdfffff window]
[  702.545419] NET: Registered protocol family 2
[  702.545522] TCP established hash table entries: 65536 (order: 7, 524288 bytes)
[  702.545614] TCP bind hash table entries: 65536 (order: 8, 1048576 bytes)
[  702.545738] TCP: Hash tables configured (established 65536 bind 65536)
[  702.545752] UDP hash table entries: 4096 (order: 5, 131072 bytes)
[  702.545771] UDP-Lite hash table entries: 4096 (order: 5, 131072 bytes)
[  702.545803] NET: Registered protocol family 1
[  702.545811] pci 0000:00:00.0: Limiting direct PCI/PCI transfers
[  702.545832] pci 0000:00:01.0: Activating ISA DMA hang workarounds
[  702.545851] pci 0000:00:02.0: Video device with shadowed ROM
[  702.546223] PCI: CLS 64 bytes, default 64
[  702.546258] Trying to unpack rootfs image as initramfs...
[  702.896030] Freeing initrd memory: 34072K (ffff880033d64000 - ffff880035eaa000)
[  702.896082] PCI-DMA: Using software bounce buffering for IO (SWIOTLB)
[  702.896084] software IO TLB [mem 0x7c000000-0x80000000] (64MB) mapped at [ffff88007c000000-ffff88007fffffff]
[  702.896228] platform rtc_cmos: registered platform RTC device (no PNP device found)
[  702.896240] RAPL PMU detected, API unit is 2^-32 Joules, 4 fixed counters 10737418240 ms ovfl timer
[  702.896241] hw unit of domain pp0-core 2^-0 Joules
[  702.896241] hw unit of domain package 2^-0 Joules
[  702.896242] hw unit of domain dram 2^-0 Joules
[  702.896242] hw unit of domain pp1-gpu 2^-0 Joules
[  702.896270] microcode: CPU0 sig=0x306c3, pf=0x40, revision=0x0
[  702.896301] microcode: Microcode Update Driver: v2.00 <tigran@aivazian.fsnet.co.uk>, Peter Oruba
[  702.896324] Scanning for low memory corruption every 60 seconds
[  702.896520] futex hash table entries: 256 (order: 2, 16384 bytes)
[  702.896534] audit: initializing netlink subsys (disabled)
[  702.896544] audit: type=2000 audit(1512746084.635:1): initialized
[  702.896698] Initialise system trusted keyring
[  702.896752] HugeTLB registered 2 MB page size, pre-allocated 0 pages
[  702.897596] zbud: loaded
[  702.897749] VFS: Disk quotas dquot_6.6.0
[  702.897768] VFS: Dquot-cache hash table entries: 512 (order 0, 4096 bytes)
[  702.897911] squashfs: version 4.0 (2009/01/31) Phillip Lougher
[  702.898022] fuse init (API version 7.23)
[  702.898093] Key type big_key registered
[  702.898478] Key type asymmetric registered
[  702.898480] Asymmetric key parser 'x509' registered
[  702.898490] Block layer SCSI generic (bsg) driver version 0.4 loaded (major 249)
[  702.898502] io scheduler noop registered
[  702.898503] io scheduler deadline registered (default)
[  702.898521] io scheduler cfq registered
[  702.898580] pci_hotplug: PCI Hot Plug PCI Core version: 0.5
[  702.898584] pciehp: PCI Express Hot Plug Controller Driver version: 0.4
[  702.898675] ACPI: AC Adapter [AC] (on-line)
[  702.898709] input: Power Button as /devices/LNXSYSTM:00/LNXPWRBN:00/input/input0
[  702.898712] ACPI: Power Button [PWRF]
[  702.898756] input: Sleep Button as /devices/LNXSYSTM:00/LNXSLPBN:00/input/input1
[  702.898757] ACPI: Sleep Button [SLPF]
[  702.898844] GHES: HEST is not enabled!
[  702.898899] Serial: 8250/16550 driver, 32 ports, IRQ sharing enabled
[  702.899563] Linux agpgart interface v0.103
[  702.900670] brd: module loaded
[  702.901107] loop: module loaded
[  702.901261] ata_piix 0000:00:01.1: version 2.13
[  702.901563] nd_pmem namespace0.0: unable to guarantee persistence of writes
[  702.901676] pmem0: detected capacity change from 0 to 1610547200
[  702.901717] nd_pmem namespace2.0: unable to guarantee persistence of writes
[  702.901719] nd_pmem namespace2.0: could not reserve region [0x0x00000000e0000000:0x1ffc0000]
[  702.901721] nd_pmem: probe of namespace2.0 failed with error -16
[  702.901755] nd_pmem namespace4.0: unable to guarantee persistence of writes
[  702.901866] pmem4: detected capacity change from 0 to 2147483648
[  702.901872] scsi host0: ata_piix
[  702.901908] scsi host1: ata_piix
[  702.901927] ata1: PATA max UDMA/33 cmd 0x1f0 ctl 0x3f6 bmdma 0xd000 irq 14
[  702.901928] ata2: PATA max UDMA/33 cmd 0x170 ctl 0x376 bmdma 0xd008 irq 15
[  702.901972] libphy: Fixed MDIO Bus: probed
[  702.901974] tun: Universal TUN/TAP device driver, 1.6
[  702.901975] tun: (C) 1999-2004 Max Krasnyansky <maxk@qualcomm.com>
[  702.902200] PPP generic driver version 2.4.2
[  702.902237] ehci_hcd: USB 2.0 'Enhanced' Host Controller (EHCI) Driver
[  702.902240] ehci-pci: EHCI PCI platform driver
[  702.902549] ehci-pci 0000:00:0b.0: EHCI Host Controller
[  702.902554] ehci-pci 0000:00:0b.0: new USB bus registered, assigned bus number 1
[  702.902669] ehci-pci 0000:00:0b.0: irq 19, io mem 0xf0805000
[  702.912217] ehci-pci 0000:00:0b.0: USB 2.0 started, EHCI 1.00
[  702.912260] usb usb1: New USB device found, idVendor=1d6b, idProduct=0002
[  702.912262] usb usb1: New USB device strings: Mfr=3, Product=2, SerialNumber=1
[  702.912263] usb usb1: Product: EHCI Host Controller
[  702.912264] usb usb1: Manufacturer: Linux 4.3.0 ehci_hcd
[  702.912265] usb usb1: SerialNumber: 0000:00:0b.0
[  702.912342] hub 1-0:1.0: USB hub found
[  702.912346] hub 1-0:1.0: 12 ports detected
[  702.912490] ehci-platform: EHCI generic platform driver
[  702.912500] ohci_hcd: USB 1.1 'Open' Host Controller (OHCI) Driver
[  702.912503] ohci-pci: OHCI PCI platform driver
[  702.912849] ohci-pci 0000:00:06.0: OHCI PCI host controller
[  702.912853] ohci-pci 0000:00:06.0: new USB bus registered, assigned bus number 2
[  702.912898] ohci-pci 0000:00:06.0: irq 22, io mem 0xf0804000
[  702.968526] usb usb2: New USB device found, idVendor=1d6b, idProduct=0001
[  702.968529] usb usb2: New USB device strings: Mfr=3, Product=2, SerialNumber=1
[  702.968530] usb usb2: Product: OHCI PCI host controller
[  702.968531] usb usb2: Manufacturer: Linux 4.3.0 ohci_hcd
[  702.968532] usb usb2: SerialNumber: 0000:00:06.0
[  702.968621] hub 2-0:1.0: USB hub found
[  702.968630] hub 2-0:1.0: 12 ports detected
[  702.968911] ohci-platform: OHCI generic platform driver
[  702.968920] uhci_hcd: USB Universal Host Controller Interface driver
[  702.968955] i8042: PNP: PS/2 Controller [PNP0303:PS2K,PNP0f03:PS2M] at 0x60,0x64 irq 1,12
[  702.969342] serio: i8042 KBD port at 0x60,0x64 irq 1
[  702.969345] serio: i8042 AUX port at 0x60,0x64 irq 12
[  702.969413] mousedev: PS/2 mouse device common for all mice
[  702.969599] input: AT Translated Set 2 keyboard as /devices/platform/i8042/serio0/input/input2
[  702.969995] rtc_cmos rtc_cmos: rtc core: registered rtc_cmos as rtc0
[  702.970070] rtc_cmos rtc_cmos: alarms up to one day, 114 bytes nvram
[  702.970074] i2c /dev entries driver
[  702.970148] device-mapper: uevent: version 1.0.3
[  702.970243] device-mapper: ioctl: 4.33.0-ioctl (2015-8-18) initialised: dm-devel@redhat.com
[  702.970257] ledtrig-cpu: registered to indicate activity on CPUs
[  702.970483] NET: Registered protocol family 10
[  702.970580] NET: Registered protocol family 17
[  702.970588] Key type dns_resolver registered
[  702.970733] registered taskstats version 1
[  702.970749] Loading compiled-in X.509 certificates
[  702.971259] Loaded X.509 cert 'Build time autogenerated kernel key: 0759ca4de3f7631372cabbbeea3b24c381c013ce'
[  702.971272] zswap: loaded using pool lzo/zbud
[  702.972275] Key type trusted registered
[  702.973842] Key type encrypted registered
[  702.973848] AppArmor: AppArmor sha1 policy hashing enabled
[  702.973850] ima: No TPM chip found, activating TPM-bypass!
[  702.973862] evm: HMAC attrs: 0x1
[  702.974071]   Magic number: 13:740:82
[  702.974125] rtc_cmos rtc_cmos: setting system clock to 2017-12-08 15:03:00 UTC (1512745380)
[  702.974160] BIOS EDD facility v0.16 2004-Jun-25, 0 devices found
[  702.974160] EDD information not available.
[  702.974189] PM: Hibernation image not present or could not be loaded.
[  703.056621] ata2.00: ATAPI: VBOX CD-ROM, 1.0, max UDMA/133
[  703.056983] ata2.00: configured for UDMA/33
[  703.057336] scsi 1:0:0:0: CD-ROM            VBOX     CD-ROM           1.0  PQ: 0 ANSI: 5
[  703.064574] sr 1:0:0:0: [sr0] scsi3-mmc drive: 32x/32x xa/form2 tray
[  703.064576] cdrom: Uniform CD-ROM driver Revision: 3.20
[  703.064642] sr 1:0:0:0: Attached scsi CD-ROM sr0
[  703.064763] sr 1:0:0:0: Attached scsi generic sg0 type 5
[  703.065027] Freeing unused kernel memory: 1456K (ffffffff81d3a000 - ffffffff81ea6000)
[  703.065029] Write protecting the kernel read-only data: 12288k
[  703.065102] Freeing unused kernel memory: 20K (ffff8800017fb000 - ffff880001800000)
[  703.065149] Freeing unused kernel memory: 216K (ffff880001bca000 - ffff880001c00000)
[  703.071089] random: udevadm urandom read with 1 bits of entropy available
[  703.097329] e1000: Intel(R) PRO/1000 Network Driver - version 7.3.21-k8-NAPI
[  703.097331] e1000: Copyright (c) 1999-2006 Intel Corporation.
[  703.099221] ACPI: Video Device [GFX0] (multi-head: yes  rom: no  post: no)
[  703.099264] input: Video Bus as /devices/LNXSYSTM:00/LNXSYBUS:00/PNP0A03:00/LNXVIDEO:00/input/input4
[  703.100992] FUJITSU Extended Socket Network Device Driver - version 1.0 - Copyright (c) 2015 FUJITSU LIMITED
[  703.398274] input: ImExPS/2 Generic Explorer Mouse as /devices/platform/i8042/serio1/input/input5
[  703.440419] e1000 0000:00:03.0 eth0: (PCI:33MHz:32-bit) 08:00:27:7d:c1:92
[  703.440424] e1000 0000:00:03.0 eth0: Intel(R) PRO/1000 Network Connection
[  703.440914] ahci 0000:00:0d.0: version 3.0
[  703.441055] ahci 0000:00:0d.0: SSS flag set, parallel bus scan disabled
[  703.441192] ahci 0000:00:0d.0: AHCI 0001.0100 32 slots 1 ports 3 Gbps 0x1 impl SATA mode
[  703.441194] ahci 0000:00:0d.0: flags: 64bit ncq stag only ccc 
[  703.442410] e1000 0000:00:03.0 enp0s3: renamed from eth0
[  703.443280] scsi host2: ahci
[  703.443336] ata3: SATA max UDMA/133 abar m8192@0xf0806000 port 0xf0806100 irq 21
[  703.572880] usb 2-1: new full-speed USB device number 2 using ohci-pci
[  703.760811] ata3: SATA link up 3.0 Gbps (SStatus 123 SControl 300)
[  703.760888] ata3.00: ATA-6: VBOX HARDDISK, 1.0, max UDMA/133
[  703.760890] ata3.00: 268435456 sectors, multi 128: LBA48 NCQ (depth 31/32)
[  703.760960] ata3.00: configured for UDMA/133
[  703.761059] scsi 2:0:0:0: Direct-Access     ATA      VBOX HARDDISK    1.0  PQ: 0 ANSI: 5
[  703.761398] sd 2:0:0:0: [sda] 268435456 512-byte logical blocks: (137 GB/128 GiB)
[  703.761413] sd 2:0:0:0: [sda] Write Protect is off
[  703.761414] sd 2:0:0:0: [sda] Mode Sense: 00 3a 00 00
[  703.761420] sd 2:0:0:0: [sda] Write cache: enabled, read cache: enabled, doesn't support DPO or FUA
[  703.761705] sd 2:0:0:0: Attached scsi generic sg1 type 0
[  703.763067]  sda: sda1 sda2 < sda5 >
[  703.763188] sd 2:0:0:0: [sda] Attached SCSI disk
[  703.841871] usb 2-1: New USB device found, idVendor=80ee, idProduct=0021
[  703.841874] usb 2-1: New USB device strings: Mfr=1, Product=3, SerialNumber=0
[  703.841875] usb 2-1: Product: USB Tablet
[  703.841876] usb 2-1: Manufacturer: VirtualBox
[  703.849114] hidraw: raw HID events driver (C) Jiri Kosina
[  703.859583] usbcore: registered new interface driver usbhid
[  703.859585] usbhid: USB HID core driver
[  703.866332] input: VirtualBox USB Tablet as /devices/pci0000:00/0000:00:06.0/usb2/2-1/2-1:1.0/0003:80EE:0021.0001/input/input6
[  703.866475] hid-generic 0003:80EE:0021.0001: input,hidraw0: USB HID v1.10 Mouse [VirtualBox USB Tablet] on usb-0000:00:06.0-1/input0
[  703.896513] tsc: Refined TSC clocksource calibration: 3589.971 MHz
[  703.896516] clocksource: tsc: mask: 0xffffffffffffffff max_cycles: 0x33bf51282cc, max_idle_ns: 440795253683 ns
[  706.420523] floppy0: no floppy controllers found
[  706.420558] work still pending
[  706.522709] EXT4-fs (sda1): mounted filesystem with ordered data mode. Opts: (null)
[  707.335601] systemd[1]: systemd 229 running in system mode. (+PAM +AUDIT +SELINUX +IMA +APPARMOR +SMACK +SYSVINIT +UTMP +LIBCRYPTSETUP +GCRYPT +GNUTLS +ACL +XZ -LZ4 +SECCOMP +BLKID +ELFUTILS +KMOD -IDN)
[  707.335626] systemd[1]: Detected virtualization oracle.
[  707.335629] systemd[1]: Detected architecture x86-64.
[  707.351701] systemd[1]: Set hostname to <cxdir-VirtualBox>.
[  707.579465] random: nonblocking pool is initialized
[  707.873879] systemd[1]: Listening on Syslog Socket.
[  707.873918] systemd[1]: Listening on fsck to fsckd communication Socket.
[  707.873973] systemd[1]: Created slice System Slice.
[  707.873997] systemd[1]: Listening on udev Control Socket.
[  707.874014] systemd[1]: Listening on /dev/initctl Compatibility Named Pipe.
[  707.874116] systemd[1]: Set up automount Arbitrary Executable File Formats File System Automount Point.
[  707.874133] systemd[1]: Listening on Journal Socket (/dev/log).
[  707.874168] systemd[1]: Listening on Journal Audit Socket.
[  707.874186] systemd[1]: Listening on Journal Socket.
[  707.889343] systemd[1]: Starting Load Kernel Modules...
[  707.889570] systemd[1]: Mounting Huge Pages File System...
[  707.889834] systemd[1]: Starting Journal Service...
[  707.890048] systemd[1]: Started Braille Device Support.
[  707.979382] systemd[1]: Starting Uncomplicated firewall...
[  707.979711] systemd[1]: Starting Set console keymap...
[  707.980000] systemd[1]: Mounting POSIX Message Queue File System...
[  707.980066] systemd[1]: Reached target Remote File Systems (Pre).
[  707.980076] systemd[1]: Reached target Remote File Systems.
[  707.980120] systemd[1]: Started Forward Password Requests to Wall Directory Watch.
[  707.980128] systemd[1]: Reached target Encrypted Volumes.
[  707.980168] systemd[1]: Created slice User and Session Slice.
[  707.980176] systemd[1]: Reached target User and Group Name Lookups.
[  707.980435] systemd[1]: Mounting Debug File System...
[  707.980727] systemd[1]: Starting Create list of required static device nodes for the current kernel...
[  707.980762] systemd[1]: Listening on udev Kernel Socket.
[  707.980786] systemd[1]: Reached target Slices.
[  708.119029] systemd[1]: Started Uncomplicated firewall.
[  708.134394] systemd[1]: Started Create list of required static device nodes for the current kernel.
[  708.134742] systemd[1]: Starting Create Static Device Nodes in /dev...
[  708.436184] systemd[1]: Started Journal Service.
[  708.518189] lp: driver loaded but no devices found
[  708.520657] ppdev: user-space parallel port driver
[  709.233819] EXT4-fs (sda1): re-mounted. Opts: errors=remount-ro
[  709.382748] systemd-journald[227]: Received request to flush runtime journal from PID 1
[  709.841571] piix4_smbus 0000:00:07.0: SMBus Host Controller at 0x4100, revision 0
[  709.962358] vboxguest: module verification failed: signature and/or required key missing - tainting kernel
[  709.964917] vgdrvHeartbeatInit: Setting up heartbeat to trigger every 2000 milliseconds
[  709.964979] input: Unspecified device as /devices/pci0000:00/0000:00:04.0/input/input7
[  709.966915] vboxguest: misc device minor 56, IRQ 20, I/O port d020, MMIO at 00000000f0400000 (size 0x400000)
[  709.966917] vboxguest: Successfully loaded version 5.1.14 (interface 0x00010004)
[  710.426633] [drm] Initialized drm 1.1.0 20060810
[  710.453492] AVX version of gcm_enc/dec engaged.
[  710.453494] AES CTR mode by8 optimization enabled
[  710.500382] snd_intel8x0 0000:00:05.0: disable (unknown or VT-d) VM optimization
[  710.630345] intel_rapl: no valid rapl domains found in package 0
[  710.773192] snd_intel8x0 0000:00:05.0: white list rate for 1028:0177 is 48000
[  710.776279] [drm] VRAM 01000000
[  710.778800] [TTM] Zone  kernel: Available graphics memory: 2281612 kiB
[  710.778802] [TTM] Zone   dma32: Available graphics memory: 2097152 kiB
[  710.778803] [TTM] Initializing pool allocator
[  710.778808] [TTM] Initializing DMA pool allocator
[  710.779027] fbcon: vboxdrmfb (fb0) is primary device
[  710.786505] Console: switching to colour frame buffer device 100x37
[  710.787483] vboxvideo 0000:00:02.0: fb0: vboxdrmfb frame buffer device
[  710.787486] [drm] Initialized vboxvideo 1.0.0 20130823 for 0000:00:02.0 on minor 0
[  711.630101] audit: type=1400 audit(1512745389.152:2): apparmor="STATUS" operation="profile_load" name="/usr/lib/lightdm/lightdm-guest-session" pid=507 comm="apparmor_parser"
[  711.630105] audit: type=1400 audit(1512745389.152:3): apparmor="STATUS" operation="profile_load" name="chromium" pid=507 comm="apparmor_parser"
[  711.644905] audit: type=1400 audit(1512745389.168:4): apparmor="STATUS" operation="profile_load" name="/sbin/dhclient" pid=564 comm="apparmor_parser"
[  711.644909] audit: type=1400 audit(1512745389.168:5): apparmor="STATUS" operation="profile_load" name="/usr/lib/NetworkManager/nm-dhcp-client.action" pid=564 comm="apparmor_parser"
[  711.644911] audit: type=1400 audit(1512745389.168:6): apparmor="STATUS" operation="profile_load" name="/usr/lib/NetworkManager/nm-dhcp-helper" pid=564 comm="apparmor_parser"
[  711.644914] audit: type=1400 audit(1512745389.168:7): apparmor="STATUS" operation="profile_load" name="/usr/lib/connman/scripts/dhclient-script" pid=564 comm="apparmor_parser"
[  711.790899] audit: type=1400 audit(1512745389.312:8): apparmor="STATUS" operation="profile_load" name="/usr/bin/evince" pid=570 comm="apparmor_parser"
[  711.790903] audit: type=1400 audit(1512745389.312:9): apparmor="STATUS" operation="profile_load" name="sanitized_helper" pid=570 comm="apparmor_parser"
[  711.790906] audit: type=1400 audit(1512745389.312:10): apparmor="STATUS" operation="profile_load" name="/usr/bin/evince-previewer" pid=570 comm="apparmor_parser"
[  711.790908] audit: type=1400 audit(1512745389.312:11): apparmor="STATUS" operation="profile_load" name="sanitized_helper" pid=570 comm="apparmor_parser"
[  711.956632] Adding 8386556k swap on /dev/sda5.  Priority:-1 extents:1 across:8386556k FS
[  713.032287] floppy0: no floppy controllers found
[  713.032315] work still pending
[  714.133977] vboxsf: Successfully loaded version 5.1.14 (interface 0x00010004)
[  718.385142] IPv6: ADDRCONF(NETDEV_UP): enp0s3: link is not ready
[  718.386550] IPv6: ADDRCONF(NETDEV_UP): enp0s3: link is not ready
[  718.388386] e1000: enp0s3 NIC Link is Up 1000 Mbps Full Duplex, Flow Control: RX
[  718.388667] IPv6: ADDRCONF(NETDEV_CHANGE): enp0s3: link becomes ready
[  718.748113] VBoxService 5.1.14 r112924 (verbosity: 0) linux.amd64 (Jan 16 2017 17:38:46) release log
               00:00:00.000077 main     Log opened 2017-12-08T15:03:16.273936000Z
[  718.748156] 00:00:00.000149 main     OS Product: Linux
[  718.748174] 00:00:00.000173 main     OS Release: 4.3.0
[  718.748189] 00:00:00.000189 main     OS Version: #2 SMP Fri Sep 8 20:52:18 CST 2017
[  718.748209] 00:00:00.000204 main     Executable: /opt/VBoxGuestAdditions-5.1.14/sbin/VBoxService
               00:00:00.000205 main     Process ID: 968
               00:00:00.000205 main     Package type: LINUX_64BITS_GENERIC
[  718.749313] 00:00:00.001304 main     5.1.14 r112924 started. Verbose level = 0
[  785.131081] nova: dafs init nova_fs
[  785.131083] nova: init_nova_fs: 1 cpus online
[  785.131084] nova: Arch new instructions support: PCOMMIT NO, CLWB NO
[  785.132261] nova: dafs register file sytem nova
[  785.132265] nova: dafs end init_fs
[  785.190064] nova: dafs start to mount
[  785.190097] nova: nova_get_block_info: dev pmem0, phys_addr 0x80000000, virt_addr ffffc90040000000, size 1610547200
[  785.190103] nova: start init radix tree
[  785.190104] nova: finish init radix tree
[  785.190113] nova: start nova init
[  785.190114] nova: creating an empty nova of size 1610547200
[  785.190115] nova: nova: Default block size set to 4K
[  785.190117] nova: dafs init dzt block
[  785.190117] nova: dafs_get dzt blk
[  785.190119] nova: dzt alloc 1 dzt blocks from 4 to 4
[  785.190120] nova: dafs_init_dzt_block: allocate log @ 0x4
[  785.190121] nova: dafs start get journal blk
[  785.190121] nova: dafs_get journal blk
[  785.190122] nova: dafs get hard journal
[  785.190123] nova: nova_lite_journal_hard_init: allocate log @ 0x5
[  785.190123] nova: dafs get soft journal
[  785.190124] nova: dafs start get journal blk
[  785.190124] nova: dafs_get journal blk
[  785.190125] nova: dafs get inode table
[  785.190490] nova: nova_init_inode_table: allocate log @ 0x6
[  785.190493] nova: Allocate root inode
[  785.190494] nova: dafs_get dzt blk
[  785.190494] nova: dafs allocate hash table
[  785.349402] nova: dafs allocate zone blocks
[  785.349440] nova: Zone 0, alloc 1 zone blocks from 262662 to 262662
[  785.349442] nova: dafs_alloc_dir_zone: allocate zone @ 0x40206
[  785.425694] nova: dafs make dzt pointer
[  785.425697] nova: dafs_get dzt blk
[  785.425699] nova: dafs finish make dzt bitmap pointer
[  785.425699] nova: dafs start build dzt
[  785.425701] nova: dafs finish build dzt_e
[  785.425701] nova: dafs start init dir zones
[  785.425702] nova: root ze addr is 1075863552
[  785.425702] nova: the root dir hashname is 47
[  785.425703] nova: test root hash name is 47
[  785.425703] nova: dafs finish creat root directory
[  785.425704] nova: dafs record pos in hash table address is 2121728
[  785.425705] nova: dafs finish recording pos in hash table
[  785.425706] nova: dafs add dir info in radix tree
[  785.425706] nova: dir hash name is 47
[  785.425707] nova: dafs start adding init part in dir
[  785.425707] nova: par ze addr is 1075863552
[  785.425708] nova: dafs record pos in hash table address is 2121728
[  785.425709] nova: dafs finish recording pos in hash table
[  785.425709] nova: par pos is 0
[  785.425710] nova: parent hashname is 47
[  785.425711] nova: dafs start to ext de name
[  785.425711] nova: dafs finish ext name
[  785.425712] nova: dafs record pos in hash table address is 2121728
[  785.425712] nova: dafs finish recording pos in hash table
[  785.425713] nova: dafs finish add initial part in dir
[  785.425713] nova: dafs finish init dir zones
[  785.425714] nova: dafs init dir info tree
[  785.425733] nova: dafs finish initial dir info tree
[  785.425734] nova: dafs finish nova_init
[  785.425734] nova: dafs start setting sb
[  785.425735] nova: dafs end setting sb
[  785.425741] nova: nova_iget: inode 1
[  785.425743] nova: sucessfully get inode
[  785.425744] nova: dafs end fill super
[  785.425745] nova: dafs finish mount
[  785.426365] nova: dafs start looup
[  785.426367] nova: dafs start to inode by name
[  785.426367] nova: dafs start to find direntry
[  785.426368] nova: dafs get dentry path
[  785.426369] nova: fs path is: /
[  785.426369] nova: fs path is: /
[  785.426370] nova: mount point is:/
[  785.426370] nova: dentry name is .Trash
[  785.426371] nova: buf is 
[  785.426371] nova: ph is /.Trash
[  785.426372] nova: dafs finish get dentry path
[  785.426372] nova: strictly full name is /.Trash
[  785.426373] nova: strictly full name length is 7
[  785.426373] nova: dafs start to find dzt
[  785.426374] nova: test path len is 0
[  785.426375] nova: dafs finish finding dzt
[  785.426375] nova: path name is /
[  785.426376] nova: the ze addr is 1075863552
[  785.426376] nova: full name is /.Trash
[  785.426377] nova: the ze addr is 1075863552, the ze number is 0,  the hash table head is 2121728
[  785.426377] nova: dafs start to lookup in hashtable
[  785.426378] nova: dafs finish lookup in hash table
[  785.426378] nova: not found dentry in nvm
[  785.426379] nova: dafs finish find direntry
[  785.426379] nova: dafs finish lookup
[  785.426389] nova: dafs start looup
[  785.426389] nova: dafs start to inode by name
[  785.426390] nova: dafs start to find direntry
[  785.426390] nova: dafs get dentry path
[  785.426391] nova: fs path is: /
[  785.426391] nova: fs path is: /
[  785.426391] nova: mount point is:/
[  785.426392] nova: dentry name is .Trash-1000
[  785.426392] nova: buf is 
[  785.426393] nova: ph is /.Trash-1000
[  785.426393] nova: dafs finish get dentry path
[  785.426394] nova: strictly full name is /.Trash-1000
[  785.426394] nova: strictly full name length is 12
[  785.426395] nova: dafs start to find dzt
[  785.426395] nova: test path len is 0
[  785.426396] nova: dafs finish finding dzt
[  785.426396] nova: path name is /
[  785.426396] nova: the ze addr is 1075863552
[  785.426397] nova: full name is /.Trash-1000
[  785.426397] nova: the ze addr is 1075863552, the ze number is 0,  the hash table head is 2121728
[  785.426398] nova: dafs start to lookup in hashtable
[  785.426398] nova: dafs finish lookup in hash table
[  785.426399] nova: not found dentry in nvm
[  785.426399] nova: dafs finish find direntry
[  785.426400] nova: dafs finish lookup
[  804.101619] nova: dafs start looup
[  804.101621] nova: dafs start to inode by name
[  804.101622] nova: dafs start to find direntry
[  804.101623] nova: dafs get dentry path
[  804.101623] nova: fs path is: /
[  804.101624] nova: fs path is: /
[  804.101624] nova: mount point is:/
[  804.101625] nova: dentry name is 1
[  804.101625] nova: buf is 
[  804.101626] nova: ph is /1
[  804.101626] nova: dafs finish get dentry path
[  804.101627] nova: strictly full name is /1
[  804.101627] nova: strictly full name length is 2
[  804.101628] nova: dafs start to find dzt
[  804.101628] nova: test path len is 0
[  804.101629] nova: dafs finish finding dzt
[  804.101630] nova: path name is /
[  804.101631] nova: the ze addr is 1075863552
[  804.101631] nova: full name is /1
[  804.101632] nova: the ze addr is 1075863552, the ze number is 0,  the hash table head is 2121728
[  804.101632] nova: dafs start to lookup in hashtable
[  804.101633] nova: dafs finish lookup in hash table
[  804.101634] nova: not found dentry in nvm
[  804.101634] nova: dafs finish find direntry
[  804.101635] nova: dafs finish lookup
[  809.579464] nova: dafs start to mmkdir
[  809.579466] nova: dafs get inode table
[  809.579469] nova: dafs_mkdir: name 1
[  809.579471] nova: dafs_mkdir: inode 16, dir 1, link 2
[  809.579472] nova: dafs add dentry
[  809.579473] nova: dafs get dentry path
[  809.579474] nova: fs path is: /
[  809.579475] nova: fs path is: /
[  809.579476] nova: mount point is:/
[  809.579476] nova: dentry name is 1
[  809.579477] nova: buf is 
[  809.579478] nova: ph is /1
[  809.579478] nova: dafs finish get dentry path
[  809.579479] nova: dafs start to find dzt
[  809.579480] nova: test path len is 0
[  809.579481] nova: dafs finish finding dzt
[  809.579483] nova: full name is /1, name len is 2
[  809.579484] nova: dentry pos is 3, zone num is 0
[  809.579485] nova: dentry not need extension
[  809.579485] nova: dentry name is 1
[  809.579486] nova: dentry is root subfile
[  809.579487] nova: set pos in hash table for each zone
[  809.579488] nova: dafs record pos in hash table address is 2121728
[  809.579488] nova: dafs finish recording pos in hash table
[  809.579489] nova: set pos in par_dir info
[  809.579490] nova: dafs add dir info in radix tree
[  809.579491] nova: dir hash name is 6206
[  809.579502] nova: dafs start adding init part in dir
[  809.579503] nova: par ze addr is 1075863552
[  809.579504] nova: dafs record pos in hash table address is 2121728
[  809.579505] nova: dafs finish recording pos in hash table
[  809.579505] nova: par pos is 3
[  809.579533] nova: parent hashname is 0
[  809.579534] nova: dafs not find dir entry
[  809.579535] nova: dafs finish add dentrynova error: dafs_mkdir return -13
[  817.924267] nova: dafs start to mmkdir
[  817.924269] nova: dafs get inode table
[  817.924271] nova: dafs_mkdir: name 1
[  817.924272] nova: dafs_mkdir: inode 17, dir 1, link 2
[  817.924273] nova: dafs add dentry
[  817.924274] nova: dafs get dentry path
[  817.924274] nova: fs path is: /
[  817.924275] nova: fs path is: /
[  817.924275] nova: mount point is:/
[  817.924276] nova: dentry name is 1
[  817.924276] nova: buf is 
[  817.924277] nova: ph is /1
[  817.924277] nova: dafs finish get dentry path
[  817.924278] nova: dafs start to find dzt
[  817.924279] nova: test path len is 0
[  817.924279] nova: dafs finish finding dzt
[  817.924281] nova: full name is /1, name len is 2
[  817.924281] nova: dentry pos is 5, zone num is 0
[  817.924282] nova: dentry not need extension
[  817.924282] nova: dentry name is 1
[  817.924282] nova: dentry is root subfile
[  817.924283] nova: set pos in hash table for each zone
[  817.924284] nova: dafs record pos in hash table address is 2121728
[  817.924284] nova: dafs finish recording pos in hash table
[  817.924285] nova: set pos in par_dir info
[  817.924285] nova: dafs add dir info in radix tree
[  817.924286] nova: dir hash name is 6206
[  817.924287] nova: dafs start adding init part in dir
[  817.924287] nova: par ze addr is 1075863552
[  817.924288] nova: dafs record pos in hash table address is 2121728
[  817.924289] nova: dafs finish recording pos in hash table
[  817.924289] nova: par pos is 5
[  817.924290] nova: parent hashname is 0
[  817.924290] nova: dafs not find dir entry
[  817.924291] nova: dafs finish add dentrynova error: dafs_mkdir return -13
