[    0.000000] Initializing cgroup subsys cpuset
[    0.000000] Initializing cgroup subsys cpu
[    0.000000] Initializing cgroup subsys cpuacct
[    0.000000] Linux version 4.3.0 (root@cxdir-VirtualBox) (gcc version 5.4.0 20160609 (Ubuntu 5.4.0-6ubuntu1~16.04.4) ) #2 SMP Fri Sep 8 20:52:18 CST 2017
[    0.000000] Command line: BOOT_IMAGE=/boot/vmlinuz-4.3.0 memmap=4G!2G root=UUID=8918101d-1281-40c7-aa75-72b85c4a0441 ro quiet splash
[    0.000000] KERNEL supported cpus:
[    0.000000]   Intel GenuineIntel
[    0.000000]   AMD AuthenticAMD
[    0.000000]   Centaur CentaurHauls
[    0.000000] x86/fpu: xstate_offset[2]: 0240, xstate_sizes[2]: 0100
[    0.000000] x86/fpu: Supporting XSAVE feature 0x01: 'x87 floating point registers'
[    0.000000] x86/fpu: Supporting XSAVE feature 0x02: 'SSE registers'
[    0.000000] x86/fpu: Supporting XSAVE feature 0x04: 'AVX registers'
[    0.000000] x86/fpu: Enabled xstate features 0x7, context size is 0x340 bytes, using 'standard' format.
[    0.000000] x86/fpu: Using 'lazy' FPU context switches.
[    0.000000] e820: BIOS-provided physical RAM map:
[    0.000000] BIOS-e820: [mem 0x0000000000000000-0x000000000009fbff] usable
[    0.000000] BIOS-e820: [mem 0x000000000009fc00-0x000000000009ffff] reserved
[    0.000000] BIOS-e820: [mem 0x00000000000f0000-0x00000000000fffff] reserved
[    0.000000] BIOS-e820: [mem 0x0000000000100000-0x00000000dffeffff] usable
[    0.000000] BIOS-e820: [mem 0x00000000dfff0000-0x00000000dfffffff] ACPI data
[    0.000000] BIOS-e820: [mem 0x00000000fec00000-0x00000000fec00fff] reserved
[    0.000000] BIOS-e820: [mem 0x00000000fee00000-0x00000000fee00fff] reserved
[    0.000000] BIOS-e820: [mem 0x00000000fffc0000-0x00000000ffffffff] reserved
[    0.000000] BIOS-e820: [mem 0x0000000100000000-0x000000021fffffff] usable
[    0.000000] NX (Execute Disable) protection: active
[    0.000000] e820: user-defined physical RAM map:
[    0.000000] user: [mem 0x0000000000000000-0x000000000009fbff] usable
[    0.000000] user: [mem 0x000000000009fc00-0x000000000009ffff] reserved
[    0.000000] user: [mem 0x00000000000f0000-0x00000000000fffff] reserved
[    0.000000] user: [mem 0x0000000000100000-0x000000007fffffff] usable
[    0.000000] user: [mem 0x0000000080000000-0x00000000dffeffff] persistent (type 12)
[    0.000000] user: [mem 0x00000000dfff0000-0x00000000dfffffff] persistent (type 12)
[    0.000000] user: [mem 0x00000000e0000000-0x00000000febfffff] persistent (type 12)
[    0.000000] user: [mem 0x00000000fec00000-0x00000000fec00fff] persistent (type 12)
[    0.000000] user: [mem 0x00000000fec01000-0x00000000fedfffff] persistent (type 12)
[    0.000000] user: [mem 0x00000000fee00000-0x00000000fee00fff] persistent (type 12)
[    0.000000] user: [mem 0x00000000fee01000-0x00000000fffbffff] persistent (type 12)
[    0.000000] user: [mem 0x00000000fffc0000-0x00000000ffffffff] persistent (type 12)
[    0.000000] user: [mem 0x0000000100000000-0x000000017fffffff] persistent (type 12)
[    0.000000] user: [mem 0x0000000180000000-0x000000021fffffff] usable
[    0.000000] SMBIOS 2.5 present.
[    0.000000] DMI: innotek GmbH VirtualBox/VirtualBox, BIOS VirtualBox 12/01/2006
[    0.000000] Hypervisor detected: KVM
[    0.000000] e820: update [mem 0x00000000-0x00000fff] usable ==> reserved
[    0.000000] e820: remove [mem 0x000a0000-0x000fffff] usable
[    0.000000] e820: last_pfn = 0x220000 max_arch_pfn = 0x400000000
[    0.000000] MTRR default type: uncachable
[    0.000000] MTRR variable ranges disabled:
[    0.000000] x86/PAT: Configuration [0-7]: WB  WC  UC- UC  WB  WC  UC- WT  
[    0.000000] MTRR: Disabled
[    0.000000] CPU MTRRs all blank - virtualized system.
[    0.000000] e820: last_pfn = 0x100000 max_arch_pfn = 0x400000000
[    0.000000] found SMP MP-table at [mem 0x0009fff0-0x0009ffff] mapped at [ffff88000009fff0]
[    0.000000] Scanning 1 areas for low memory corruption
[    0.000000] Base memory trampoline at [ffff880000099000] 99000 size 24576
[    0.000000] init_memory_mapping: [mem 0x00000000-0x000fffff]
[    0.000000]  [mem 0x00000000-0x000fffff] page 4k
[    0.000000] BRK [0x01ffc000, 0x01ffcfff] PGTABLE
[    0.000000] BRK [0x01ffd000, 0x01ffdfff] PGTABLE
[    0.000000] BRK [0x01ffe000, 0x01ffefff] PGTABLE
[    0.000000] init_memory_mapping: [mem 0x21fe00000-0x21fffffff]
[    0.000000]  [mem 0x21fe00000-0x21fffffff] page 2M
[    0.000000] BRK [0x01fff000, 0x01ffffff] PGTABLE
[    0.000000] init_memory_mapping: [mem 0x200000000-0x21fdfffff]
[    0.000000]  [mem 0x200000000-0x21fdfffff] page 2M
[    0.000000] init_memory_mapping: [mem 0x00100000-0x7fffffff]
[    0.000000]  [mem 0x00100000-0x001fffff] page 4k
[    0.000000]  [mem 0x00200000-0x7fffffff] page 2M
[    0.000000] init_memory_mapping: [mem 0x180000000-0x1ffffffff]
[    0.000000]  [mem 0x180000000-0x1ffffffff] page 2M
[    0.000000] BRK [0x02000000, 0x02000fff] PGTABLE
[    0.000000] BRK [0x02001000, 0x02001fff] PGTABLE
[    0.000000] RAMDISK: [mem 0x33d64000-0x35ea9fff]
[    0.000000] ACPI: Early table checksum verification disabled
[    0.000000] ACPI: RSDP 0x00000000000E0000 000024 (v02 VBOX  )
[    0.000000] ACPI: XSDT 0x00000000DFFF0030 00003C (v01 VBOX   VBOXXSDT 00000001 ASL  00000061)
[    0.000000] ACPI: FACP 0x00000000DFFF00F0 0000F4 (v04 VBOX   VBOXFACP 00000001 ASL  00000061)
[    0.000000] ACPI: DSDT 0x00000000DFFF0470 00210F (v01 VBOX   VBOXBIOS 00000002 INTL 20100528)
[    0.000000] ACPI: FACS 0x00000000DFFF0200 000040
[    0.000000] ACPI: FACS 0x00000000DFFF0200 000040
[    0.000000] ACPI: APIC 0x00000000DFFF0240 000054 (v02 VBOX   VBOXAPIC 00000001 ASL  00000061)
[    0.000000] ACPI: SSDT 0x00000000DFFF02A0 0001CC (v01 VBOX   VBOXCPUT 00000002 INTL 20100528)
[    0.000000] ACPI: Local APIC address 0xfee00000
[    0.000000] No NUMA configuration found
[    0.000000] Faking a node at [mem 0x0000000000000000-0x000000021fffffff]
[    0.000000] NODE_DATA(0) allocated [mem 0x21fffa000-0x21fffefff]
[    0.000000] kvm-clock: Using msrs 4b564d01 and 4b564d00
[    0.000000] kvm-clock: cpu 0, msr 2:1fff2001, primary cpu clock
[    0.000000] clocksource: kvm-clock: mask: 0xffffffffffffffff max_cycles: 0x1cd42e4dffb, max_idle_ns: 881590591483 ns
[    0.000000]  [ffffea0000000000-ffffea00087fffff] PMD -> [ffff88021ae00000-ffff88021f5fffff] on node 0
[    0.000000] Zone ranges:
[    0.000000]   DMA      [mem 0x0000000000001000-0x0000000000ffffff]
[    0.000000]   DMA32    [mem 0x0000000001000000-0x00000000ffffffff]
[    0.000000]   Normal   [mem 0x0000000100000000-0x000000021fffffff]
[    0.000000] Movable zone start for each node
[    0.000000] Early memory node ranges
[    0.000000]   node   0: [mem 0x0000000000001000-0x000000000009efff]
[    0.000000]   node   0: [mem 0x0000000000100000-0x000000007fffffff]
[    0.000000]   node   0: [mem 0x0000000180000000-0x000000021fffffff]
[    0.000000] Initmem setup node 0 [mem 0x0000000000001000-0x000000021fffffff]
[    0.000000] On node 0 totalpages: 1179550
[    0.000000]   DMA zone: 64 pages used for memmap
[    0.000000]   DMA zone: 21 pages reserved
[    0.000000]   DMA zone: 3998 pages, LIFO batch:0
[    0.000000]   DMA32 zone: 8128 pages used for memmap
[    0.000000]   DMA32 zone: 520192 pages, LIFO batch:31
[    0.000000]   Normal zone: 10240 pages used for memmap
[    0.000000]   Normal zone: 655360 pages, LIFO batch:31
[    0.000000] ACPI: PM-Timer IO Port: 0x4008
[    0.000000] ACPI: Local APIC address 0xfee00000
[    0.000000] IOAPIC[0]: apic_id 1, version 32, address 0xfec00000, GSI 0-23
[    0.000000] ACPI: INT_SRC_OVR (bus 0 bus_irq 0 global_irq 2 dfl dfl)
[    0.000000] ACPI: INT_SRC_OVR (bus 0 bus_irq 9 global_irq 9 high level)
[    0.000000] ACPI: IRQ0 used by override.
[    0.000000] ACPI: IRQ9 used by override.
[    0.000000] Using ACPI (MADT) for SMP configuration information
[    0.000000] smpboot: Allowing 1 CPUs, 0 hotplug CPUs
[    0.000000] PM: Registered nosave memory: [mem 0x00000000-0x00000fff]
[    0.000000] PM: Registered nosave memory: [mem 0x0009f000-0x0009ffff]
[    0.000000] PM: Registered nosave memory: [mem 0x000a0000-0x000effff]
[    0.000000] PM: Registered nosave memory: [mem 0x000f0000-0x000fffff]
[    0.000000] PM: Registered nosave memory: [mem 0x80000000-0xdffeffff]
[    0.000000] PM: Registered nosave memory: [mem 0xdfff0000-0xdfffffff]
[    0.000000] PM: Registered nosave memory: [mem 0xe0000000-0xfebfffff]
[    0.000000] PM: Registered nosave memory: [mem 0xfec00000-0xfec00fff]
[    0.000000] PM: Registered nosave memory: [mem 0xfec01000-0xfedfffff]
[    0.000000] PM: Registered nosave memory: [mem 0xfee00000-0xfee00fff]
[    0.000000] PM: Registered nosave memory: [mem 0xfee01000-0xfffbffff]
[    0.000000] PM: Registered nosave memory: [mem 0xfffc0000-0xffffffff]
[    0.000000] PM: Registered nosave memory: [mem 0x100000000-0x17fffffff]
[    0.000000] e820: cannot find a gap in the 32bit address range
               e820: PCI devices with unassigned 32bit BARs may break!
[    0.000000] e820: [mem 0x220100000-0x2204fffff] available for PCI devices
[    0.000000] Booting paravirtualized kernel on KVM
[    0.000000] clocksource: refined-jiffies: mask: 0xffffffff max_cycles: 0xffffffff, max_idle_ns: 7645519600211568 ns
[    0.000000] setup_percpu: NR_CPUS:512 nr_cpumask_bits:512 nr_cpu_ids:1 nr_node_ids:1
[    0.000000] PERCPU: Embedded 33 pages/cpu @ffff88021fc00000 s97496 r8192 d29480 u2097152
[    0.000000] pcpu-alloc: s97496 r8192 d29480 u2097152 alloc=1*2097152
[    0.000000] pcpu-alloc: [0] 0 
[    0.000000] PV qspinlock hash table entries: 256 (order: 0, 4096 bytes)
[    0.000000] Built 1 zonelists in Node order, mobility grouping on.  Total pages: 1161097
[    0.000000] Policy zone: Normal
[    0.000000] Kernel command line: BOOT_IMAGE=/boot/vmlinuz-4.3.0 memmap=4G!2G root=UUID=8918101d-1281-40c7-aa75-72b85c4a0441 ro quiet splash
[    0.000000] PID hash table entries: 4096 (order: 3, 32768 bytes)
[    0.000000] Calgary: detecting Calgary via BIOS EBDA area
[    0.000000] Calgary: Unable to locate Rio Grande table in EBDA - bailing!
[    0.000000] Memory: 4527432K/4718200K available (8158K kernel code, 1248K rwdata, 3880K rodata, 1456K init, 1332K bss, 190768K reserved, 0K cma-reserved)
[    0.000000] SLUB: HWalign=64, Order=0-3, MinObjects=0, CPUs=1, Nodes=1
[    0.000000] Hierarchical RCU implementation.
[    0.000000] 	Build-time adjustment of leaf fanout to 64.
[    0.000000] 	RCU restricting CPUs from NR_CPUS=512 to nr_cpu_ids=1.
[    0.000000] RCU: Adjusting geometry for rcu_fanout_leaf=64, nr_cpu_ids=1
[    0.000000] NR_IRQS:33024 nr_irqs:256 16
[    0.000000] Console: colour VGA+ 80x25
[    0.000000] console [tty0] enabled
[    0.000000] tsc: Detected 3591.704 MHz processor
[ 4669.482920] Calibrating delay loop (skipped) preset value.. 7183.40 BogoMIPS (lpj=14366816)
[ 4669.482923] pid_max: default: 32768 minimum: 301
[ 4669.482929] ACPI: Core revision 20150818
[ 4669.483790] ACPI: 2 ACPI AML tables successfully acquired and loaded
[ 4669.483804] Security Framework initialized
[ 4669.483806] Yama: becoming mindful.
[ 4669.483811] AppArmor: AppArmor initialized
[ 4669.484141] Dentry cache hash table entries: 1048576 (order: 11, 8388608 bytes)
[ 4669.485575] Inode-cache hash table entries: 524288 (order: 10, 4194304 bytes)
[ 4669.486257] Mount-cache hash table entries: 16384 (order: 5, 131072 bytes)
[ 4669.486263] Mountpoint-cache hash table entries: 16384 (order: 5, 131072 bytes)
[ 4669.486419] Initializing cgroup subsys io
[ 4669.486423] Initializing cgroup subsys memory
[ 4669.486427] Initializing cgroup subsys devices
[ 4669.486428] Initializing cgroup subsys freezer
[ 4669.486430] Initializing cgroup subsys net_cls
[ 4669.486431] Initializing cgroup subsys perf_event
[ 4669.486432] Initializing cgroup subsys net_prio
[ 4669.486434] Initializing cgroup subsys hugetlb
[ 4669.486436] Initializing cgroup subsys pids
[ 4669.486495] CPU: Physical Processor ID: 0
[ 4669.487204] mce: CPU supports 0 MCE banks
[ 4669.487222] process: using mwait in idle threads
[ 4669.487226] Last level iTLB entries: 4KB 1024, 2MB 1024, 4MB 1024
[ 4669.487227] Last level dTLB entries: 4KB 1024, 2MB 1024, 4MB 1024, 1GB 4
[ 4669.497280] Freeing SMP alternatives memory: 28K (ffffffff81ea6000 - ffffffff81ead000)
[ 4669.503226] ftrace: allocating 31208 entries in 122 pages
[ 4669.533716] x2apic enabled
[ 4669.533883] Switched APIC routing to physical x2apic.
[ 4669.534714] ..TIMER: vector=0x30 apic1=0 pin1=2 apic2=-1 pin2=-1
[ 4669.639950] smpboot: CPU0: Intel(R) Core(TM) i7-4790 CPU @ 3.60GHz (family: 0x6, model: 0x3c, stepping: 0x3)
[ 4669.639988] Performance Events: unsupported p6 CPU model 60 no PMU driver, software events only.
[ 4669.639999] KVM setup paravirtual spinlock
[ 4669.640767] x86: Booted up 1 node, 1 CPUs
[ 4669.640770] smpboot: Total of 1 processors activated (7183.40 BogoMIPS)
[ 4669.641062] devtmpfs: initialized
[ 4669.643261] evm: security.selinux
[ 4669.643263] evm: security.SMACK64
[ 4669.643264] evm: security.SMACK64EXEC
[ 4669.643265] evm: security.SMACK64TRANSMUTE
[ 4669.643266] evm: security.SMACK64MMAP
[ 4669.643267] evm: security.ima
[ 4669.643267] evm: security.capability
[ 4669.643401] clocksource: jiffies: mask: 0xffffffff max_cycles: 0xffffffff, max_idle_ns: 7645041785100000 ns
[ 4669.643457] pinctrl core: initialized pinctrl subsystem
[ 4669.643561] RTC time: 12:37:49, date: 12/14/17
[ 4669.643673] NET: Registered protocol family 16
[ 4669.643825] cpuidle: using governor ladder
[ 4669.643827] cpuidle: using governor menu
[ 4669.643830] PCCT header not found.
[ 4669.643915] ACPI: bus type PCI registered
[ 4669.643917] acpiphp: ACPI Hot Plug PCI Controller Driver version: 0.5
[ 4669.644013] PCI: Using configuration type 1 for base access
[ 4669.645318] ACPI: Added _OSI(Module Device)
[ 4669.645320] ACPI: Added _OSI(Processor Device)
[ 4669.645321] ACPI: Added _OSI(3.0 _SCP Extensions)
[ 4669.645323] ACPI: Added _OSI(Processor Aggregator Device)
[ 4669.646120] ACPI: Executed 1 blocks of module-level executable AML code
[ 4669.648292] ACPI: Interpreter enabled
[ 4669.648297] ACPI Exception: AE_NOT_FOUND, While evaluating Sleep State [\_S1_] (20150818/hwxface-580)
[ 4669.648301] ACPI Exception: AE_NOT_FOUND, While evaluating Sleep State [\_S2_] (20150818/hwxface-580)
[ 4669.648304] ACPI Exception: AE_NOT_FOUND, While evaluating Sleep State [\_S3_] (20150818/hwxface-580)
[ 4669.648307] ACPI Exception: AE_NOT_FOUND, While evaluating Sleep State [\_S4_] (20150818/hwxface-580)
[ 4669.648312] ACPI: (supports S0 S5)
[ 4669.648313] ACPI: Using IOAPIC for interrupt routing
[ 4669.648517] PCI: Using host bridge windows from ACPI; if necessary, use "pci=nocrs" and report a bug
[ 4669.652667] ACPI: PCI Root Bridge [PCI0] (domain 0000 [bus 00-ff])
[ 4669.652673] acpi PNP0A03:00: _OSC: OS supports [ASPM ClockPM Segments MSI]
[ 4669.652677] acpi PNP0A03:00: _OSC failed (AE_NOT_FOUND); disabling ASPM
[ 4669.652726] acpi PNP0A03:00: fail to add MMCONFIG information, can't access extended PCI configuration space under this bridge.
[ 4669.652955] PCI host bridge to bus 0000:00
[ 4669.652959] pci_bus 0000:00: root bus resource [bus 00-ff]
[ 4669.652961] pci_bus 0000:00: root bus resource [io  0x0000-0x0cf7 window]
[ 4669.652963] pci_bus 0000:00: root bus resource [io  0x0d00-0xffff window]
[ 4669.652964] pci_bus 0000:00: root bus resource [mem 0x000a0000-0x000bffff window]
[ 4669.652966] pci_bus 0000:00: root bus resource [mem 0xe0000000-0xffdfffff window]
[ 4669.653007] pci 0000:00:00.0: [8086:1237] type 00 class 0x060000
[ 4669.653554] pci 0000:00:01.0: [8086:7000] type 00 class 0x060100
[ 4669.654169] pci 0000:00:01.1: [8086:7111] type 00 class 0x01018a
[ 4669.654539] pci 0000:00:01.1: reg 0x20: [io  0xd000-0xd00f]
[ 4669.654697] pci 0000:00:01.1: legacy IDE quirk: reg 0x10: [io  0x01f0-0x01f7]
[ 4669.654700] pci 0000:00:01.1: legacy IDE quirk: reg 0x14: [io  0x03f6]
[ 4669.654701] pci 0000:00:01.1: legacy IDE quirk: reg 0x18: [io  0x0170-0x0177]
[ 4669.654703] pci 0000:00:01.1: legacy IDE quirk: reg 0x1c: [io  0x0376]
[ 4669.654910] pci 0000:00:02.0: [80ee:beef] type 00 class 0x030000
[ 4669.659205] pci 0000:00:02.0: reg 0x10: [mem 0xe0000000-0xe0ffffff pref]
[ 4669.686886] pci 0000:00:03.0: [8086:100e] type 00 class 0x020000
[ 4669.691070] pci 0000:00:03.0: reg 0x10: [mem 0xf0000000-0xf001ffff]
[ 4669.699616] pci 0000:00:03.0: reg 0x18: [io  0xd010-0xd017]
[ 4669.717126] pci 0000:00:04.0: [80ee:cafe] type 00 class 0x088000
[ 4669.721386] pci 0000:00:04.0: reg 0x10: [io  0xd020-0xd03f]
[ 4669.725673] pci 0000:00:04.0: reg 0x14: [mem 0xf0400000-0xf07fffff]
[ 4669.730282] pci 0000:00:04.0: reg 0x18: [mem 0xf0800000-0xf0803fff pref]
[ 4669.748804] pci 0000:00:05.0: [8086:2415] type 00 class 0x040100
[ 4669.748885] pci 0000:00:05.0: reg 0x10: [io  0xd100-0xd1ff]
[ 4669.748943] pci 0000:00:05.0: reg 0x14: [io  0xd200-0xd23f]
[ 4669.749300] pci 0000:00:06.0: [106b:003f] type 00 class 0x0c0310
[ 4669.754111] pci 0000:00:06.0: reg 0x10: [mem 0xf0804000-0xf0804fff]
[ 4669.780977] pci 0000:00:07.0: [8086:7113] type 00 class 0x068000
[ 4669.781302] pci 0000:00:07.0: quirk: [io  0x4000-0x403f] claimed by PIIX4 ACPI
[ 4669.781309] pci 0000:00:07.0: quirk: [io  0x4100-0x410f] claimed by PIIX4 SMB
[ 4669.781483] pci 0000:00:0b.0: [8086:265c] type 00 class 0x0c0320
[ 4669.785563] pci 0000:00:0b.0: reg 0x10: [mem 0xf0805000-0xf0805fff]
[ 4669.815073] pci 0000:00:0d.0: [8086:2829] type 00 class 0x010601
[ 4669.819277] pci 0000:00:0d.0: reg 0x10: [io  0xd240-0xd247]
[ 4669.827795] pci 0000:00:0d.0: reg 0x18: [io  0xd250-0xd257]
[ 4669.836154] pci 0000:00:0d.0: reg 0x20: [io  0xd260-0xd26f]
[ 4669.840261] pci 0000:00:0d.0: reg 0x24: [mem 0xf0806000-0xf0807fff]
[ 4669.845258] ACPI: PCI Interrupt Link [LNKA] (IRQs 5 9 10 *11)
[ 4669.845406] ACPI: PCI Interrupt Link [LNKB] (IRQs 5 9 10 *11)
[ 4669.845463] ACPI: PCI Interrupt Link [LNKC] (IRQs 5 9 *10 11)
[ 4669.845535] ACPI: PCI Interrupt Link [LNKD] (IRQs 5 *9 10 11)
[ 4669.845626] ACPI: Enabled 2 GPEs in block 00 to 07
[ 4669.845722] vgaarb: setting as boot device: PCI:0000:00:02.0
[ 4669.845724] vgaarb: device added: PCI:0000:00:02.0,decodes=io+mem,owns=io+mem,locks=none
[ 4669.845725] vgaarb: loaded
[ 4669.845726] vgaarb: bridge control possible 0000:00:02.0
[ 4669.845879] SCSI subsystem initialized
[ 4669.845908] libata version 3.00 loaded.
[ 4669.845923] ACPI: bus type USB registered
[ 4669.845933] usbcore: registered new interface driver usbfs
[ 4669.845938] usbcore: registered new interface driver hub
[ 4669.845943] usbcore: registered new device driver usb
[ 4669.846052] PCI: Using ACPI for IRQ routing
[ 4669.846054] PCI: pci_cache_line_size set to 64 bytes
[ 4669.846181] Expanded resource Persistent Memory (legacy) due to conflict with PCI Bus 0000:00
[ 4669.846182] e820: reserve RAM buffer [mem 0x0009fc00-0x0009ffff]
[ 4669.846259] NetLabel: Initializing
[ 4669.846260] NetLabel:  domain hash size = 128
[ 4669.846260] NetLabel:  protocols = UNLABELED CIPSOv4
[ 4669.846268] NetLabel:  unlabeled traffic allowed by default
[ 4669.846322] clocksource: Switched to clocksource kvm-clock
[ 4669.850255] AppArmor: AppArmor Filesystem Enabled
[ 4669.850289] pnp: PnP ACPI init
[ 4669.850325] pnp 00:00: Plug and Play ACPI device, IDs PNP0303 (active)
[ 4669.850391] pnp 00:01: Plug and Play ACPI device, IDs PNP0f03 (active)
[ 4669.850794] pnp: PnP ACPI: found 2 devices
[ 4669.855951] clocksource: acpi_pm: mask: 0xffffff max_cycles: 0xffffff, max_idle_ns: 2085701024 ns
[ 4669.855962] pci_bus 0000:00: resource 4 [io  0x0000-0x0cf7 window]
[ 4669.855964] pci_bus 0000:00: resource 5 [io  0x0d00-0xffff window]
[ 4669.855965] pci_bus 0000:00: resource 6 [mem 0x000a0000-0x000bffff window]
[ 4669.855967] pci_bus 0000:00: resource 7 [mem 0xe0000000-0xffdfffff window]
[ 4669.856005] NET: Registered protocol family 2
[ 4669.856141] TCP established hash table entries: 65536 (order: 7, 524288 bytes)
[ 4669.856294] TCP bind hash table entries: 65536 (order: 8, 1048576 bytes)
[ 4669.856518] TCP: Hash tables configured (established 65536 bind 65536)
[ 4669.856545] UDP hash table entries: 4096 (order: 5, 131072 bytes)
[ 4669.856583] UDP-Lite hash table entries: 4096 (order: 5, 131072 bytes)
[ 4669.856632] NET: Registered protocol family 1
[ 4669.856641] pci 0000:00:00.0: Limiting direct PCI/PCI transfers
[ 4669.856663] pci 0000:00:01.0: Activating ISA DMA hang workarounds
[ 4669.856683] pci 0000:00:02.0: Video device with shadowed ROM
[ 4669.856906] PCI: CLS 64 bytes, default 64
[ 4669.856943] Trying to unpack rootfs image as initramfs...
[ 4670.226722] Freeing initrd memory: 34072K (ffff880033d64000 - ffff880035eaa000)
[ 4670.226730] PCI-DMA: Using software bounce buffering for IO (SWIOTLB)
[ 4670.226733] software IO TLB [mem 0x7c000000-0x80000000] (64MB) mapped at [ffff88007c000000-ffff88007fffffff]
[ 4670.226861] platform rtc_cmos: registered platform RTC device (no PNP device found)
[ 4670.226874] RAPL PMU detected, API unit is 2^-32 Joules, 4 fixed counters 10737418240 ms ovfl timer
[ 4670.226876] hw unit of domain pp0-core 2^-0 Joules
[ 4670.226877] hw unit of domain package 2^-0 Joules
[ 4670.226878] hw unit of domain dram 2^-0 Joules
[ 4670.226879] hw unit of domain pp1-gpu 2^-0 Joules
[ 4670.226911] microcode: CPU0 sig=0x306c3, pf=0x40, revision=0x0
[ 4670.226948] microcode: Microcode Update Driver: v2.00 <tigran@aivazian.fsnet.co.uk>, Peter Oruba
[ 4670.226982] Scanning for low memory corruption every 60 seconds
[ 4670.227210] futex hash table entries: 256 (order: 2, 16384 bytes)
[ 4670.227227] audit: initializing netlink subsys (disabled)
[ 4670.227238] audit: type=2000 audit(1513259740.922:1): initialized
[ 4670.227452] Initialise system trusted keyring
[ 4670.227515] HugeTLB registered 2 MB page size, pre-allocated 0 pages
[ 4670.229008] zbud: loaded
[ 4670.229173] VFS: Disk quotas dquot_6.6.0
[ 4670.229202] VFS: Dquot-cache hash table entries: 512 (order 0, 4096 bytes)
[ 4670.229452] squashfs: version 4.0 (2009/01/31) Phillip Lougher
[ 4670.229628] fuse init (API version 7.23)
[ 4670.229736] Key type big_key registered
[ 4670.230318] Key type asymmetric registered
[ 4670.230322] Asymmetric key parser 'x509' registered
[ 4670.230334] Block layer SCSI generic (bsg) driver version 0.4 loaded (major 249)
[ 4670.230350] io scheduler noop registered
[ 4670.230353] io scheduler deadline registered (default)
[ 4670.230388] io scheduler cfq registered
[ 4670.230463] pci_hotplug: PCI Hot Plug PCI Core version: 0.5
[ 4670.230469] pciehp: PCI Express Hot Plug Controller Driver version: 0.4
[ 4670.230604] ACPI: AC Adapter [AC] (on-line)
[ 4670.230658] input: Power Button as /devices/LNXSYSTM:00/LNXPWRBN:00/input/input0
[ 4670.230661] ACPI: Power Button [PWRF]
[ 4670.230726] input: Sleep Button as /devices/LNXSYSTM:00/LNXSLPBN:00/input/input1
[ 4670.230728] ACPI: Sleep Button [SLPF]
[ 4670.230877] GHES: HEST is not enabled!
[ 4670.230956] Serial: 8250/16550 driver, 32 ports, IRQ sharing enabled
[ 4670.232027] Linux agpgart interface v0.103
[ 4670.233708] brd: module loaded
[ 4670.234451] loop: module loaded
[ 4670.234614] ata_piix 0000:00:01.1: version 2.13
[ 4670.235100] nd_pmem namespace0.0: unable to guarantee persistence of writes
[ 4670.235259] pmem0: detected capacity change from 0 to 1610547200
[ 4670.235340] nd_pmem namespace2.0: unable to guarantee persistence of writes
[ 4670.235343] nd_pmem namespace2.0: could not reserve region [0x0x00000000e0000000:0x1ffc0000]
[ 4670.235345] nd_pmem: probe of namespace2.0 failed with error -16
[ 4670.235407] nd_pmem namespace4.0: unable to guarantee persistence of writes
[ 4670.235577] pmem4: detected capacity change from 0 to 2147483648
[ 4670.235587] scsi host0: ata_piix
[ 4670.235642] scsi host1: ata_piix
[ 4670.235673] ata1: PATA max UDMA/33 cmd 0x1f0 ctl 0x3f6 bmdma 0xd000 irq 14
[ 4670.235675] ata2: PATA max UDMA/33 cmd 0x170 ctl 0x376 bmdma 0xd008 irq 15
[ 4670.235744] libphy: Fixed MDIO Bus: probed
[ 4670.235747] tun: Universal TUN/TAP device driver, 1.6
[ 4670.235748] tun: (C) 1999-2004 Max Krasnyansky <maxk@qualcomm.com>
[ 4670.235976] PPP generic driver version 2.4.2
[ 4670.236019] ehci_hcd: USB 2.0 'Enhanced' Host Controller (EHCI) Driver
[ 4670.236023] ehci-pci: EHCI PCI platform driver
[ 4670.236363] ehci-pci 0000:00:0b.0: EHCI Host Controller
[ 4670.236368] ehci-pci 0000:00:0b.0: new USB bus registered, assigned bus number 1
[ 4670.236482] ehci-pci 0000:00:0b.0: irq 19, io mem 0xf0805000
[ 4670.246338] ehci-pci 0000:00:0b.0: USB 2.0 started, EHCI 1.00
[ 4670.246369] usb usb1: New USB device found, idVendor=1d6b, idProduct=0002
[ 4670.246370] usb usb1: New USB device strings: Mfr=3, Product=2, SerialNumber=1
[ 4670.246371] usb usb1: Product: EHCI Host Controller
[ 4670.246372] usb usb1: Manufacturer: Linux 4.3.0 ehci_hcd
[ 4670.246373] usb usb1: SerialNumber: 0000:00:0b.0
[ 4670.246440] hub 1-0:1.0: USB hub found
[ 4670.246443] hub 1-0:1.0: 12 ports detected
[ 4670.246581] ehci-platform: EHCI generic platform driver
[ 4670.246589] ohci_hcd: USB 1.1 'Open' Host Controller (OHCI) Driver
[ 4670.246592] ohci-pci: OHCI PCI platform driver
[ 4670.246905] ohci-pci 0000:00:06.0: OHCI PCI host controller
[ 4670.246909] ohci-pci 0000:00:06.0: new USB bus registered, assigned bus number 2
[ 4670.246952] ohci-pci 0000:00:06.0: irq 22, io mem 0xf0804000
[ 4670.302558] usb usb2: New USB device found, idVendor=1d6b, idProduct=0001
[ 4670.302561] usb usb2: New USB device strings: Mfr=3, Product=2, SerialNumber=1
[ 4670.302562] usb usb2: Product: OHCI PCI host controller
[ 4670.302563] usb usb2: Manufacturer: Linux 4.3.0 ohci_hcd
[ 4670.302564] usb usb2: SerialNumber: 0000:00:06.0
[ 4670.302657] hub 2-0:1.0: USB hub found
[ 4670.302666] hub 2-0:1.0: 12 ports detected
[ 4670.302905] ohci-platform: OHCI generic platform driver
[ 4670.302915] uhci_hcd: USB Universal Host Controller Interface driver
[ 4670.302949] i8042: PNP: PS/2 Controller [PNP0303:PS2K,PNP0f03:PS2M] at 0x60,0x64 irq 1,12
[ 4670.303304] serio: i8042 KBD port at 0x60,0x64 irq 1
[ 4670.303306] serio: i8042 AUX port at 0x60,0x64 irq 12
[ 4670.303388] mousedev: PS/2 mouse device common for all mice
[ 4670.303554] input: AT Translated Set 2 keyboard as /devices/platform/i8042/serio0/input/input2
[ 4670.303795] rtc_cmos rtc_cmos: rtc core: registered rtc_cmos as rtc0
[ 4670.303834] rtc_cmos rtc_cmos: alarms up to one day, 114 bytes nvram
[ 4670.303838] i2c /dev entries driver
[ 4670.303873] device-mapper: uevent: version 1.0.3
[ 4670.303909] device-mapper: ioctl: 4.33.0-ioctl (2015-8-18) initialised: dm-devel@redhat.com
[ 4670.303921] ledtrig-cpu: registered to indicate activity on CPUs
[ 4670.304083] NET: Registered protocol family 10
[ 4670.304175] NET: Registered protocol family 17
[ 4670.304182] Key type dns_resolver registered
[ 4670.304313] registered taskstats version 1
[ 4670.304340] Loading compiled-in X.509 certificates
[ 4670.304829] Loaded X.509 cert 'Build time autogenerated kernel key: 0759ca4de3f7631372cabbbeea3b24c381c013ce'
[ 4670.304842] zswap: loaded using pool lzo/zbud
[ 4670.305931] Key type trusted registered
[ 4670.307580] Key type encrypted registered
[ 4670.307586] AppArmor: AppArmor sha1 policy hashing enabled
[ 4670.307589] ima: No TPM chip found, activating TPM-bypass!
[ 4670.307601] evm: HMAC attrs: 0x1
[ 4670.307815]   Magic number: 13:940:632
[ 4670.307881] rtc_cmos rtc_cmos: setting system clock to 2017-12-14 12:37:50 UTC (1513255070)
[ 4670.307919] BIOS EDD facility v0.16 2004-Jun-25, 0 devices found
[ 4670.307920] EDD information not available.
[ 4670.307950] PM: Hibernation image not present or could not be loaded.
[ 4670.390659] ata2.00: ATAPI: VBOX CD-ROM, 1.0, max UDMA/133
[ 4670.390933] ata2.00: configured for UDMA/33
[ 4670.391196] scsi 1:0:0:0: CD-ROM            VBOX     CD-ROM           1.0  PQ: 0 ANSI: 5
[ 4670.398854] sr 1:0:0:0: [sr0] scsi3-mmc drive: 32x/32x xa/form2 tray
[ 4670.398856] cdrom: Uniform CD-ROM driver Revision: 3.20
[ 4670.398956] sr 1:0:0:0: Attached scsi CD-ROM sr0
[ 4670.399094] sr 1:0:0:0: Attached scsi generic sg0 type 5
[ 4670.399345] Freeing unused kernel memory: 1456K (ffffffff81d3a000 - ffffffff81ea6000)
[ 4670.399346] Write protecting the kernel read-only data: 12288k
[ 4670.399446] Freeing unused kernel memory: 20K (ffff8800017fb000 - ffff880001800000)
[ 4670.399493] Freeing unused kernel memory: 216K (ffff880001bca000 - ffff880001c00000)
[ 4670.405462] random: udevadm urandom read with 1 bits of entropy available
[ 4670.426543] e1000: Intel(R) PRO/1000 Network Driver - version 7.3.21-k8-NAPI
[ 4670.426544] e1000: Copyright (c) 1999-2006 Intel Corporation.
[ 4670.433481] ACPI: Video Device [GFX0] (multi-head: yes  rom: no  post: no)
[ 4670.433525] input: Video Bus as /devices/LNXSYSTM:00/LNXSYBUS:00/PNP0A03:00/LNXVIDEO:00/input/input4
[ 4670.434825] FUJITSU Extended Socket Network Device Driver - version 1.0 - Copyright (c) 2015 FUJITSU LIMITED
[ 4670.739078] input: ImExPS/2 Generic Explorer Mouse as /devices/platform/i8042/serio1/input/input5
[ 4670.773920] e1000 0000:00:03.0 eth0: (PCI:33MHz:32-bit) 08:00:27:7d:c1:92
[ 4670.773924] e1000 0000:00:03.0 eth0: Intel(R) PRO/1000 Network Connection
[ 4670.774234] ahci 0000:00:0d.0: version 3.0
[ 4670.774307] ahci 0000:00:0d.0: SSS flag set, parallel bus scan disabled
[ 4670.774404] ahci 0000:00:0d.0: AHCI 0001.0100 32 slots 1 ports 3 Gbps 0x1 impl SATA mode
[ 4670.774406] ahci 0000:00:0d.0: flags: 64bit ncq stag only ccc 
[ 4670.775195] e1000 0000:00:03.0 enp0s3: renamed from eth0
[ 4670.775799] scsi host2: ahci
[ 4670.775842] ata3: SATA max UDMA/133 abar m8192@0xf0806000 port 0xf0806100 irq 21
[ 4670.915237] usb 2-1: new full-speed USB device number 2 using ohci-pci
[ 4671.094563] ata3: SATA link up 3.0 Gbps (SStatus 123 SControl 300)
[ 4671.094657] ata3.00: ATA-6: VBOX HARDDISK, 1.0, max UDMA/133
[ 4671.094660] ata3.00: 268435456 sectors, multi 128: LBA48 NCQ (depth 31/32)
[ 4671.094763] ata3.00: configured for UDMA/133
[ 4671.094860] scsi 2:0:0:0: Direct-Access     ATA      VBOX HARDDISK    1.0  PQ: 0 ANSI: 5
[ 4671.095314] sd 2:0:0:0: [sda] 268435456 512-byte logical blocks: (137 GB/128 GiB)
[ 4671.095338] sd 2:0:0:0: [sda] Write Protect is off
[ 4671.095340] sd 2:0:0:0: [sda] Mode Sense: 00 3a 00 00
[ 4671.095351] sd 2:0:0:0: [sda] Write cache: enabled, read cache: enabled, doesn't support DPO or FUA
[ 4671.095749] sd 2:0:0:0: Attached scsi generic sg1 type 0
[ 4671.114044]  sda: sda1 sda2 < sda5 >
[ 4671.114172] sd 2:0:0:0: [sda] Attached SCSI disk
[ 4671.167180] usb 2-1: New USB device found, idVendor=80ee, idProduct=0021
[ 4671.167183] usb 2-1: New USB device strings: Mfr=1, Product=3, SerialNumber=0
[ 4671.167184] usb 2-1: Product: USB Tablet
[ 4671.167185] usb 2-1: Manufacturer: VirtualBox
[ 4671.174463] hidraw: raw HID events driver (C) Jiri Kosina
[ 4671.184351] usbcore: registered new interface driver usbhid
[ 4671.184353] usbhid: USB HID core driver
[ 4671.188240] input: VirtualBox USB Tablet as /devices/pci0000:00/0000:00:06.0/usb2/2-1/2-1:1.0/0003:80EE:0021.0001/input/input6
[ 4671.188378] hid-generic 0003:80EE:0021.0001: input,hidraw0: USB HID v1.10 Mouse [VirtualBox USB Tablet] on usb-0000:00:06.0-1/input0
[ 4671.226368] tsc: Refined TSC clocksource calibration: 3588.638 MHz
[ 4671.226371] clocksource: tsc: mask: 0xffffffffffffffff max_cycles: 0x33ba65d6093, max_idle_ns: 440795246029 ns
[ 4673.758373] floppy0: no floppy controllers found
[ 4673.758411] work still pending
[ 4673.833066] EXT4-fs (sda1): mounted filesystem with ordered data mode. Opts: (null)
[ 4674.492325] systemd[1]: systemd 229 running in system mode. (+PAM +AUDIT +SELINUX +IMA +APPARMOR +SMACK +SYSVINIT +UTMP +LIBCRYPTSETUP +GCRYPT +GNUTLS +ACL +XZ -LZ4 +SECCOMP +BLKID +ELFUTILS +KMOD -IDN)
[ 4674.492349] systemd[1]: Detected virtualization oracle.
[ 4674.492352] systemd[1]: Detected architecture x86-64.
[ 4674.499283] systemd[1]: Set hostname to <cxdir-VirtualBox>.
[ 4675.082948] systemd[1]: Reached target Encrypted Volumes.
[ 4675.082998] systemd[1]: Listening on fsck to fsckd communication Socket.
[ 4675.083074] systemd[1]: Set up automount Arbitrary Executable File Formats File System Automount Point.
[ 4675.083113] systemd[1]: Listening on Journal Audit Socket.
[ 4675.083130] systemd[1]: Listening on Syslog Socket.
[ 4675.083150] systemd[1]: Started Forward Password Requests to Wall Directory Watch.
[ 4675.083155] systemd[1]: Reached target User and Group Name Lookups.
[ 4675.083171] systemd[1]: Listening on udev Control Socket.
[ 4675.083188] systemd[1]: Listening on /dev/initctl Compatibility Named Pipe.
[ 4675.083193] systemd[1]: Reached target Remote File Systems (Pre).
[ 4675.083197] systemd[1]: Reached target Remote File Systems.
[ 4675.083207] systemd[1]: Listening on udev Kernel Socket.
[ 4675.083222] systemd[1]: Listening on Journal Socket.
[ 4675.083239] systemd[1]: Listening on Journal Socket (/dev/log).
[ 4675.083296] systemd[1]: Created slice System Slice.
[ 4675.083532] systemd[1]: Starting Journal Service...
[ 4675.083763] systemd[1]: Mounting POSIX Message Queue File System...
[ 4675.084026] systemd[1]: Starting Uncomplicated firewall...
[ 4675.084252] systemd[1]: Started Braille Device Support.
[ 4675.085875] systemd[1]: Mounting Huge Pages File System...
[ 4675.086095] systemd[1]: Mounting Debug File System...
[ 4675.096368] random: nonblocking pool is initialized
[ 4675.167236] systemd[1]: Starting Load Kernel Modules...
[ 4675.167299] systemd[1]: Created slice User and Session Slice.
[ 4675.167312] systemd[1]: Reached target Slices.
[ 4675.167578] systemd[1]: Starting Set console keymap...
[ 4675.167868] systemd[1]: Starting Create list of required static device nodes for the current kernel...
[ 4675.234149] systemd[1]: Started Uncomplicated firewall.
[ 4675.278889] systemd[1]: Started Create list of required static device nodes for the current kernel.
[ 4675.279260] systemd[1]: Starting Create Static Device Nodes in /dev...
[ 4675.516118] systemd[1]: Started Journal Service.
[ 4675.639757] lp: driver loaded but no devices found
[ 4675.673194] ppdev: user-space parallel port driver
[ 4676.228643] EXT4-fs (sda1): re-mounted. Opts: errors=remount-ro
[ 4676.321349] systemd-journald[225]: Received request to flush runtime journal from PID 1
[ 4676.842997] vboxguest: module verification failed: signature and/or required key missing - tainting kernel
[ 4676.846149] vgdrvHeartbeatInit: Setting up heartbeat to trigger every 2000 milliseconds
[ 4676.846217] input: Unspecified device as /devices/pci0000:00/0000:00:04.0/input/input7
[ 4676.847449] vboxguest: misc device minor 56, IRQ 20, I/O port d020, MMIO at 00000000f0400000 (size 0x400000)
[ 4676.847451] vboxguest: Successfully loaded version 5.1.14 (interface 0x00010004)
[ 4676.994744] piix4_smbus 0000:00:07.0: SMBus Host Controller at 0x4100, revision 0
[ 4677.320656] [drm] Initialized drm 1.1.0 20060810
[ 4677.453018] [drm] VRAM 01000000
[ 4677.456066] [TTM] Zone  kernel: Available graphics memory: 2281612 kiB
[ 4677.456067] [TTM] Zone   dma32: Available graphics memory: 2097152 kiB
[ 4677.456067] [TTM] Initializing pool allocator
[ 4677.456070] [TTM] Initializing DMA pool allocator
[ 4677.458139] fbcon: vboxdrmfb (fb0) is primary device
[ 4677.465160] Console: switching to colour frame buffer device 100x37
[ 4677.465973] vboxvideo 0000:00:02.0: fb0: vboxdrmfb frame buffer device
[ 4677.471145] [drm] Initialized vboxvideo 1.0.0 20130823 for 0000:00:02.0 on minor 0
[ 4677.520123] AVX version of gcm_enc/dec engaged.
[ 4677.520143] AES CTR mode by8 optimization enabled
[ 4677.744066] snd_intel8x0 0000:00:05.0: disable (unknown or VT-d) VM optimization
[ 4677.758291] intel_rapl: no valid rapl domains found in package 0
[ 4678.015798] snd_intel8x0 0000:00:05.0: white list rate for 1028:0177 is 48000
[ 4678.494835] audit: type=1400 audit(1513255078.684:2): apparmor="STATUS" operation="profile_load" name="/usr/lib/lightdm/lightdm-guest-session" pid=492 comm="apparmor_parser"
[ 4678.494839] audit: type=1400 audit(1513255078.684:3): apparmor="STATUS" operation="profile_load" name="chromium" pid=492 comm="apparmor_parser"
[ 4678.505742] audit: type=1400 audit(1513255078.692:4): apparmor="STATUS" operation="profile_load" name="/sbin/dhclient" pid=543 comm="apparmor_parser"
[ 4678.505746] audit: type=1400 audit(1513255078.692:5): apparmor="STATUS" operation="profile_load" name="/usr/lib/NetworkManager/nm-dhcp-client.action" pid=543 comm="apparmor_parser"
[ 4678.505748] audit: type=1400 audit(1513255078.692:6): apparmor="STATUS" operation="profile_load" name="/usr/lib/NetworkManager/nm-dhcp-helper" pid=543 comm="apparmor_parser"
[ 4678.505750] audit: type=1400 audit(1513255078.692:7): apparmor="STATUS" operation="profile_load" name="/usr/lib/connman/scripts/dhclient-script" pid=543 comm="apparmor_parser"
[ 4678.528582] audit: type=1400 audit(1513255078.716:8): apparmor="STATUS" operation="profile_load" name="/usr/bin/evince" pid=549 comm="apparmor_parser"
[ 4678.528586] audit: type=1400 audit(1513255078.716:9): apparmor="STATUS" operation="profile_load" name="sanitized_helper" pid=549 comm="apparmor_parser"
[ 4678.528589] audit: type=1400 audit(1513255078.716:10): apparmor="STATUS" operation="profile_load" name="/usr/bin/evince-previewer" pid=549 comm="apparmor_parser"
[ 4678.528591] audit: type=1400 audit(1513255078.716:11): apparmor="STATUS" operation="profile_load" name="sanitized_helper" pid=549 comm="apparmor_parser"
[ 4679.089243] Adding 8386556k swap on /dev/sda5.  Priority:-1 extents:1 across:8386556k FS
[ 4679.923154] floppy0: no floppy controllers found
[ 4679.923188] work still pending
[ 4682.220080] vboxsf: Successfully loaded version 5.1.14 (interface 0x00010004)
[ 4684.875499] IPv6: ADDRCONF(NETDEV_UP): enp0s3: link is not ready
[ 4684.876740] IPv6: ADDRCONF(NETDEV_UP): enp0s3: link is not ready
[ 4684.879001] e1000: enp0s3 NIC Link is Up 1000 Mbps Full Duplex, Flow Control: RX
[ 4684.879249] IPv6: ADDRCONF(NETDEV_CHANGE): enp0s3: link becomes ready
[ 4685.300284] VBoxService 5.1.14 r112924 (verbosity: 0) linux.amd64 (Jan 16 2017 17:38:46) release log
               00:00:00.000066 main     Log opened 2017-12-14T12:38:05.492357000Z
[ 4685.300322] 00:00:00.000129 main     OS Product: Linux
[ 4685.300338] 00:00:00.000151 main     OS Release: 4.3.0
[ 4685.300353] 00:00:00.000166 main     OS Version: #2 SMP Fri Sep 8 20:52:18 CST 2017
[ 4685.300373] 00:00:00.000180 main     Executable: /opt/VBoxGuestAdditions-5.1.14/sbin/VBoxService
               00:00:00.000181 main     Process ID: 979
               00:00:00.000182 main     Package type: LINUX_64BITS_GENERIC
[ 4685.300871] 00:00:00.000678 main     5.1.14 r112924 started. Verbose level = 0
[ 4753.858430] nova: dafs init nova_fs
[ 4753.858432] nova: init_nova_fs: 1 cpus online
[ 4753.858434] nova: Arch new instructions support: PCOMMIT NO, CLWB NO
[ 4753.859481] nova: dafs register file sytem nova
[ 4753.859486] nova: dafs end init_fs
[ 4753.959204] nova: dafs start to mount
[ 4753.959215] nova: nova_get_block_info: dev pmem0, phys_addr 0x80000000, virt_addr ffffc90040000000, size 1610547200
[ 4753.959222] nova: start init radix tree
[ 4753.959223] nova: finish init radix tree
[ 4753.959224] nova: start nova init
[ 4753.959224] nova: creating an empty nova of size 1610547200
[ 4753.959225] nova: nova: Default block size set to 4K
[ 4753.959227] nova: dafs init dzt block
[ 4753.959227] nova: dafs_get dzt blk
[ 4753.959229] nova: dzt alloc 1 dzt blocks from 4 to 4
[ 4753.959230] nova: dafs_init_dzt_block: allocate log @ 0x4
[ 4753.959231] nova: dafs start get journal blk
[ 4753.959231] nova: dafs_get journal blk
[ 4753.959232] nova: dafs get hard journal
[ 4753.959233] nova: nova_lite_journal_hard_init: allocate log @ 0x5
[ 4753.959233] nova: dafs get soft journal
[ 4753.959234] nova: dafs start get journal blk
[ 4753.959234] nova: dafs_get journal blk
[ 4753.959235] nova: nice journal initialize head 20480, tail 20480
[ 4753.959236] nova: dafs get inode table
[ 4753.959585] nova: nova_init_inode_table: allocate log @ 0x6
[ 4753.959586] nova: nova_init_inode_table:inode table log head is 24576
[ 4753.959588] nova: Allocate root inode
[ 4753.959589] nova: dafs_get dzt blk
[ 4753.959590] nova: dafs allocate hash table
[ 4754.126898] nova: dafs allocate zone blocks
[ 4754.126935] nova: Zone 0, alloc 1 zone blocks from 262662 to 262662
[ 4754.126937] nova: dafs_alloc_dir_zone: allocate zone @ 0x40206
[ 4754.127662] nova: dafs make dzt pointer
[ 4754.127663] nova: dafs_get dzt blk
[ 4754.127665] nova: dafs finish make dzt bitmap pointer
[ 4754.127666] nova: dafs start build dzt
[ 4754.127667] nova: dafs finish build dzt_e
[ 4754.127667] nova: dafs start init dir zones
[ 4754.127668] nova: root ze addr is 1075863552
[ 4754.127669] nova: the root dir hashname is 47
[ 4754.127670] nova: test root hash name is 47
[ 4754.127670] nova: dafs finish creat root directory
[ 4754.127671] nova: dafs record pos in hash table address is 2121728
[ 4754.127672] nova: dafs finish recording pos in hash table
[ 4754.127673] nova: dafs add dir info in radix tree
[ 4754.127673] nova: dir hash name is 47
[ 4754.127675] nova: make_zone_ptr start
[ 4754.127676] nova: dafs start adding init part in dir
[ 4754.127676] nova: par ze addr is 1075863552
[ 4754.127677] nova: make_zone_ptr start
[ 4754.127679] nova: dafs_append_dir_init_entries:fname is /., name is .
[ 4754.127679] nova: dafs record pos in hash table address is 2121728
[ 4754.127680] nova: dafs finish recording pos in hash table
[ 4754.127681] nova: par pos is 0, cur pos is 1
[ 4754.127681] nova: parent hashname is 47
[ 4754.127682] nova: dafs record pos in hash table address is 2121728
[ 4754.127683] nova: dafs finish recording pos in hash table
[ 4754.127683] nova: dafs finish add initial part in dir
[ 4754.127684] nova: dafs finish init dir zones
[ 4754.127684] nova: dafs init dir info tree
[ 4754.127684] nova: make_zone_ptr start
[ 4754.127705] nova: dafs finish initial dir info tree
[ 4754.127706] nova: dafs finish nova_init
[ 4754.127706] nova: dafs start setting sb
[ 4754.127707] nova: dafs end setting sb
[ 4754.127708] nova: nova_iget:dafs start iget
[ 4754.127713] nova: nova_iget: inode 1
[ 4754.127714] nova: nova_iget: pi_addr is 0x1024
[ 4754.127715] nova: nova_rebuild_inode:dafs start to rebuild inode
[ 4754.127716] nova: Rebuild dir 1 tree
[ 4754.127716] nova: Log head 0x0, tail 0x0
[ 4754.127717] nova: dafs_rebuild_dir_inode_tree: it is dir type
[ 4754.127718] nova: dafs_rebuild_dir_inode_tree:dafs finish rebuild dir inode
[ 4754.127718] nova: sucessfully get inode
[ 4754.127720] nova: root_dentry name is /
[ 4754.127721] nova: dafs end fill super
[ 4754.127722] nova: dafs finish mount
[ 4754.128241] nova: dafs_lookup:dafs start lookup .Trash 
[ 4754.128242] nova: dafs_lookup: .Trash
[ 4754.128243] nova: dafs_inode_by_name:dafs start to inode by name
[ 4754.128244] nova: dafs_find_direntry:dafs start to find direntry
[ 4754.128245] nova: dentry name is .Trash
[ 4754.128245] nova: get_dentry_path:dafs get dentry path
[ 4754.128246] nova: fs path is: /
[ 4754.128246] nova: fs path is: /
[ 4754.128247] nova: mount point is:/
[ 4754.128247] nova: dentry name is .Trash
[ 4754.128248] nova: get_dentry_path:dafs append file name:.Trash
[ 4754.128248] nova: buf is 
[ 4754.128249] nova: ph is /.Trash
[ 4754.128249] nova: dafs finish get dentry path
[ 4754.128250] nova: strictly full name is /.Trash
[ 4754.128250] nova: strictly full name length is 7
[ 4754.128251] nova: dafs start to find dzt
[ 4754.128251] nova: test path len is 0
[ 4754.128252] nova: dafs finish finding dzt:0, zone addr 0x1075863552
[ 4754.128252] nova: path name is /
[ 4754.128253] nova: the ze addr is 1075863552
[ 4754.128253] nova: full name is /.Trash
[ 4754.128254] nova: the ze addr is 1075863552, the ze number is 0,  the hash table head is 2121728
[ 4754.128255] nova: dafs start to lookup in hashtable
[ 4754.128256] nova: lookup_in_hashtable:not find pos
[ 4754.128256] nova: dafs finish lookup in hash table
[ 4754.128257] nova: not found dentry in nvm
[ 4754.128257] nova: dafs_find_direntry:dafs finish find direntry
[ 4754.128258] nova: dafs_lookup: look up get ino 0
[ 4754.128258] nova: dafs_lookup:dafs finish lookup 0
[ 4754.128269] nova: dafs_lookup:dafs start lookup .Trash-1000 
[ 4754.128270] nova: dafs_lookup: .Trash-1000
[ 4754.128270] nova: dafs_inode_by_name:dafs start to inode by name
[ 4754.128271] nova: dafs_find_direntry:dafs start to find direntry
[ 4754.128271] nova: dentry name is .Trash-1000
[ 4754.128272] nova: get_dentry_path:dafs get dentry path
[ 4754.128272] nova: fs path is: /
[ 4754.128273] nova: fs path is: /
[ 4754.128273] nova: mount point is:/
[ 4754.128273] nova: dentry name is .Trash-1000
[ 4754.128274] nova: get_dentry_path:dafs append file name:.Trash-1000
[ 4754.128274] nova: buf is 
[ 4754.128275] nova: ph is /.Trash-1000
[ 4754.128275] nova: dafs finish get dentry path
[ 4754.128276] nova: strictly full name is /.Trash-1000
[ 4754.128276] nova: strictly full name length is 12
[ 4754.128277] nova: dafs start to find dzt
[ 4754.128277] nova: test path len is 0
[ 4754.128278] nova: dafs finish finding dzt:0, zone addr 0x1075863552
[ 4754.128278] nova: path name is /
[ 4754.128279] nova: the ze addr is 1075863552
[ 4754.128279] nova: full name is /.Trash-1000
[ 4754.128280] nova: the ze addr is 1075863552, the ze number is 0,  the hash table head is 2121728
[ 4754.128280] nova: dafs start to lookup in hashtable
[ 4754.128281] nova: lookup_in_hashtable:not find pos
[ 4754.128281] nova: dafs finish lookup in hash table
[ 4754.128281] nova: not found dentry in nvm
[ 4754.128282] nova: dafs_find_direntry:dafs finish find direntry
[ 4754.128282] nova: dafs_lookup: look up get ino 0
[ 4754.128283] nova: dafs_lookup:dafs finish lookup 0
[ 5219.763508] nova: inode addr is 1024
[ 5219.763513] nova: nova_allocate_inode_log_pages start
[ 5219.763514] nova: Pi 0: Alloc 1 log blocks @ 0x40286
[ 5219.763517] nova: nova_save_inode_list_to_log: 1 inode nodes, pi head 0x40286000, tail 0x40286010
[ 5219.763518] nova: nova_allocate_inode_log_pages start
[ 5219.763519] nova: Pi 3: Alloc 1 log blocks @ 0x40287
[ 5219.763520] nova: nova_save_blocknode_mappings_to_log: 1 blocknodes, 1 log pages, pi head 0x40287000, tail 0x40287010
[ 5233.025003] nova: dafs init nova_fs
[ 5233.025005] nova: init_nova_fs: 1 cpus online
[ 5233.025006] nova: Arch new instructions support: PCOMMIT NO, CLWB NO
[ 5233.026110] nova: dafs register file sytem nova
[ 5233.026114] nova: dafs end init_fs
[ 5233.030219] nova: dafs start to mount
[ 5233.030228] nova: nova_get_block_info: dev pmem0, phys_addr 0x80000000, virt_addr ffffc90040000000, size 1610547200
[ 5233.030233] nova: start init radix tree
[ 5233.030233] nova: finish init radix tree
[ 5233.030234] nova: start nova init
[ 5233.030234] nova: creating an empty nova of size 1610547200
[ 5233.030235] nova: nova: Default block size set to 4K
[ 5233.030237] nova: dafs init dzt block
[ 5233.030237] nova: dafs_get dzt blk
[ 5233.030239] nova: dzt alloc 1 dzt blocks from 4 to 4
[ 5233.030240] nova: dafs_init_dzt_block: allocate log @ 0x4
[ 5233.030241] nova: dafs start get journal blk
[ 5233.030241] nova: dafs_get journal blk
[ 5233.030242] nova: dafs get hard journal
[ 5233.030243] nova: nova_lite_journal_hard_init: allocate log @ 0x5
[ 5233.030243] nova: dafs get soft journal
[ 5233.030244] nova: dafs start get journal blk
[ 5233.030244] nova: dafs_get journal blk
[ 5233.030245] nova: nice journal initialize head 20480, tail 20480
[ 5233.030246] nova: dafs get inode table
[ 5233.030420] nova: nova_init_inode_table: allocate log @ 0x6
[ 5233.030421] nova: nova_init_inode_table:inode table log head is 24576
[ 5233.030422] nova: Allocate root inode
[ 5233.030422] nova: dafs_get dzt blk
[ 5233.030423] nova: dafs allocate hash table
[ 5233.092677] nova: dafs allocate zone blocks
[ 5233.092708] nova: Zone 0, alloc 1 zone blocks from 262662 to 262662
[ 5233.092711] nova: dafs_alloc_dir_zone: allocate zone @ 0x40206
[ 5233.094708] nova: dafs make dzt pointer
[ 5233.094710] nova: dafs_get dzt blk
[ 5233.094712] nova: dafs finish make dzt bitmap pointer
[ 5233.094713] nova: dafs start build dzt
[ 5233.094714] nova: dafs finish build dzt_e
[ 5233.094715] nova: dafs start init dir zones
[ 5233.094716] nova: root ze addr is 1075863552
[ 5233.094716] nova: the root dir hashname is 47
[ 5233.094717] nova: test root hash name is 47
[ 5233.094718] nova: dafs finish creat root directory
[ 5233.094719] nova: dafs record pos in hash table address is 2121728
[ 5233.094720] nova: dafs finish recording pos in hash table
[ 5233.094720] nova: dafs add dir info in radix tree
[ 5233.094721] nova: dir hash name is 47
[ 5233.094722] nova: make_zone_ptr start
[ 5233.094723] nova: dafs start adding init part in dir
[ 5233.094724] nova: par ze addr is 1075863552
[ 5233.094725] nova: make_zone_ptr start
[ 5233.094726] nova: dafs_append_dir_init_entries:fname is /., name is .
[ 5233.094727] nova: dafs record pos in hash table address is 2121728
[ 5233.094728] nova: dafs finish recording pos in hash table
[ 5233.094728] nova: par pos is 0, cur pos is 1
[ 5233.094729] nova: parent hashname is 47
[ 5233.094730] nova: dafs record pos in hash table address is 2121728
[ 5233.094731] nova: dafs finish recording pos in hash table
[ 5233.094732] nova: dafs finish add initial part in dir
[ 5233.094732] nova: dafs finish init dir zones
[ 5233.094733] nova: dafs init dir info tree
[ 5233.094734] nova: make_zone_ptr start
[ 5233.094767] nova: dafs finish initial dir info tree
[ 5233.094769] nova: dafs finish nova_init
[ 5233.094769] nova: dafs start setting sb
[ 5233.094770] nova: dafs end setting sb
[ 5233.094771] nova: nova_iget:dafs start iget
[ 5233.094778] nova: nova_iget: inode 1
[ 5233.094779] nova: nova_iget: pi_addr is 0x1024
[ 5233.094780] nova: nova_rebuild_inode:dafs start to rebuild inode
[ 5233.094781] nova: Rebuild dir 1 tree
[ 5233.094782] nova: Log head 0x0, tail 0x0
[ 5233.094783] nova: dafs_rebuild_dir_inode_tree: it is dir type
[ 5233.094784] nova: dafs_rebuild_dir_inode_tree:dafs finish rebuild dir inode
[ 5233.094785] nova: sucessfully get inode
[ 5233.094786] nova: root_dentry name is /
[ 5233.094787] nova: dafs end fill super
[ 5233.094788] nova: dafs finish mount
[ 5233.096120] nova: dafs_lookup:dafs start lookup .Trash 
[ 5233.096121] nova: dafs_lookup: .Trash
[ 5233.096123] nova: dafs_inode_by_name:dafs start to inode by name
[ 5233.096124] nova: dafs_find_direntry:dafs start to find direntry
[ 5233.096125] nova: dentry name is .Trash
[ 5233.096126] nova: get_dentry_path:dafs get dentry path
[ 5233.096127] nova: fs path is: /
[ 5233.096128] nova: fs path is: /
[ 5233.096129] nova: mount point is:/
[ 5233.096129] nova: dentry name is .Trash
[ 5233.096130] nova: get_dentry_path:dafs append file name:.Trash
[ 5233.096131] nova: buf is 
[ 5233.096132] nova: ph is /.Trash
[ 5233.096133] nova: dafs finish get dentry path
[ 5233.096133] nova: strictly full name is /.Trash
[ 5233.096134] nova: strictly full name length is 7
[ 5233.096135] nova: dafs start to find dzt
[ 5233.096136] nova: test path len is 0
[ 5233.096137] nova: dafs finish finding dzt:0, zone addr 0x1075863552
[ 5233.096138] nova: path name is /
[ 5233.096138] nova: the ze addr is 1075863552
[ 5233.096139] nova: full name is /.Trash
[ 5233.096140] nova: the ze addr is 1075863552, the ze number is 0,  the hash table head is 2121728
[ 5233.096141] nova: dafs start to lookup in hashtable
[ 5233.096142] nova: lookup_in_hashtable:not find pos
[ 5233.096143] nova: dafs finish lookup in hash table
[ 5233.096143] nova: not found dentry in nvm
[ 5233.096144] nova: dafs_find_direntry:dafs finish find direntry
[ 5233.096145] nova: dafs_lookup: look up get ino 0
[ 5233.096146] nova: dafs_lookup:dafs finish lookup 0
[ 5233.096164] nova: dafs_lookup:dafs start lookup .Trash-1000 
[ 5233.096165] nova: dafs_lookup: .Trash-1000
[ 5233.096166] nova: dafs_inode_by_name:dafs start to inode by name
[ 5233.096167] nova: dafs_find_direntry:dafs start to find direntry
[ 5233.096168] nova: dentry name is .Trash-1000
[ 5233.096168] nova: get_dentry_path:dafs get dentry path
[ 5233.096169] nova: fs path is: /
[ 5233.096170] nova: fs path is: /
[ 5233.096170] nova: mount point is:/
[ 5233.096171] nova: dentry name is .Trash-1000
[ 5233.096172] nova: get_dentry_path:dafs append file name:.Trash-1000
[ 5233.096173] nova: buf is 
[ 5233.096173] nova: ph is /.Trash-1000
[ 5233.096174] nova: dafs finish get dentry path
[ 5233.096175] nova: strictly full name is /.Trash-1000
[ 5233.096175] nova: strictly full name length is 12
[ 5233.096176] nova: dafs start to find dzt
[ 5233.096177] nova: test path len is 0
[ 5233.096178] nova: dafs finish finding dzt:0, zone addr 0x1075863552
[ 5233.096178] nova: path name is /
[ 5233.096179] nova: the ze addr is 1075863552
[ 5233.096180] nova: full name is /.Trash-1000
[ 5233.096181] nova: the ze addr is 1075863552, the ze number is 0,  the hash table head is 2121728
[ 5233.096181] nova: dafs start to lookup in hashtable
[ 5233.096182] nova: lookup_in_hashtable:not find pos
[ 5233.096183] nova: dafs finish lookup in hash table
[ 5233.096183] nova: not found dentry in nvm
[ 5233.096184] nova: dafs_find_direntry:dafs finish find direntry
[ 5233.096185] nova: dafs_lookup: look up get ino 0
[ 5233.096186] nova: dafs_lookup:dafs finish lookup 0
[ 5247.853573] nova: dafs_lookup:dafs start lookup kj 
[ 5247.853576] nova: dafs_lookup: kj
[ 5247.853577] nova: dafs_inode_by_name:dafs start to inode by name
[ 5247.853578] nova: dafs_find_direntry:dafs start to find direntry
[ 5247.853578] nova: dentry name is kj
[ 5247.853579] nova: get_dentry_path:dafs get dentry path
[ 5247.853580] nova: fs path is: /
[ 5247.853580] nova: fs path is: /
[ 5247.853580] nova: mount point is:/
[ 5247.853581] nova: dentry name is kj
[ 5247.853582] nova: par dir not root, ph is /mnt/ramdisk
[ 5247.853582] nova: get_dentry_path:dafs append file name:kj
[ 5247.853583] nova: buf is 
[ 5247.853584] nova: ph is /kj
[ 5247.853584] nova: dafs finish get dentry path
[ 5247.853584] nova: strictly full name is /kj
[ 5247.853585] nova: strictly full name length is 3
[ 5247.853586] nova: dafs start to find dzt
[ 5247.853586] nova: test path len is 0
[ 5247.853588] nova: dafs finish finding dzt:0, zone addr 0x1075863552
[ 5247.853588] nova: path name is /
[ 5247.853589] nova: the ze addr is 1075863552
[ 5247.853589] nova: full name is /kj
[ 5247.853590] nova: the ze addr is 1075863552, the ze number is 0,  the hash table head is 2121728
[ 5247.853590] nova: dafs start to lookup in hashtable
[ 5247.853591] nova: lookup_in_hashtable:not find pos
[ 5247.853592] nova: dafs finish lookup in hash table
[ 5247.853592] nova: not found dentry in nvm
[ 5247.853593] nova: dafs_find_direntry:dafs finish find direntry
[ 5247.853593] nova: dafs_lookup: look up get ino 0
[ 5247.853594] nova: dafs_lookup:dafs finish lookup 0
[ 5256.101496] nova: dafs_mkdir:dafs start to mkdir
[ 5256.101498] nova: dafs start make ino
[ 5256.101500] nova: nova_get_inode_address:dafs get inode addr
[ 5256.101501] nova: nova_get_inode_address:dbg blk_type is 6, dafs_bits is 0
[ 5256.101502] nova: nova_get_inode_address:dbg ino is16,internal_ino is 16, num cpus is 1
[ 5256.101503] nova: dafs get inode table
[ 5256.101503] nova: nova_get_inode_address:inode_table log head is 24576
[ 5256.101504] nova: nova_get_inode_address:index is 16, supercount is 0
[ 5256.101504] nova: nova_get_inode_address:inode table addr is 24576
[ 5256.101505] nova: nova_get_inode_address:dafs finish find inode at 26624
[ 5256.101506] nova: ino is 16
[ 5256.101506] nova: dafs_mkdir: name kj
[ 5256.101507] nova: dafs_mkdir: inode 16, dir 1, link 2
[ 5256.101508] nova: dafs_add_dentry:dafs start to add dentry
[ 5256.101509] nova: get_dentry_path:dafs get dentry path
[ 5256.101510] nova: fs path is: /
[ 5256.101510] nova: fs path is: /
[ 5256.101510] nova: mount point is:/
[ 5256.101511] nova: dentry name is kj
[ 5256.101512] nova: par dir not root, ph is /mnt/ramdisk
[ 5256.101512] nova: get_dentry_path:dafs append file name:kj
[ 5256.101513] nova: buf is 
[ 5256.101513] nova: ph is /kj
[ 5256.101514] nova: dafs finish get dentry path
[ 5256.101514] nova: dafs start to find dzt
[ 5256.101515] nova: test path len is 0
[ 5256.101516] nova: dafs finish finding dzt:0, zone addr 0x1075863552
[ 5256.101517] nova: make_zone_ptr start
[ 5256.101518] nova: full name is /kj, name len is 3
[ 5256.101518] nova: inode addr is 1024
[ 5256.101519] nova: dafs_add_dentry: dir i_blocks is 0
[ 5256.101519] nova: dentry pos is 3, zone num is 0
[ 5256.101520] nova: dafs_add_dentry dir links is 2
[ 5256.101520] nova: dentry not need extension
[ 5256.101521] nova: dentry name is kj
[ 5256.101521] nova: dentry is root subfile
[ 5256.101522] nova: set pos in hash table for each zone
[ 5256.101523] nova: dentry /kj hashname is 820690
[ 5256.101523] nova: dafs record pos in hash table address is 2121728
[ 5256.101524] nova: dafs finish recording pos in hash table
[ 5256.101524] nova: set pos in par_dir info
[ 5256.101525] nova: dafs_add_dentry:temlen is 1, zone num is 0
[ 5256.101525] nova: dafs_add_dentry:par is root hash 47
[ 5256.101526] nova: dafs_add_dentry:dafs add pos in par
[ 5256.101527] nova: dafs_add_dentry:sub num is 3
[ 5256.101527] nova: dafs add dir info in radix tree
[ 5256.101528] nova: dir hash name is 820690
[ 5256.101529] nova: dafs start adding init part in dir
[ 5256.101530] nova: par ze addr is 1075863552
[ 5256.101530] nova: make_zone_ptr start
[ 5256.101531] nova: dafs_append_dir_init_entries:fname is /., name is .
[ 5256.101532] nova: dafs record pos in hash table address is 2121728
[ 5256.101532] nova: dafs finish recording pos in hash table
[ 5256.101533] nova: par pos is 3, cur pos is 4
[ 5256.101533] nova: parent hashname is 820690
[ 5256.101534] nova: dafs record pos in hash table address is 2121728
[ 5256.101535] nova: dafs finish recording pos in hash table
[ 5256.101535] nova: dafs finish add initial part in dir
[ 5256.101536] nova: dafs_add_dentry:dafs finish add dentry, ino 16, parent name /
[ 5256.101537] nova: dafs start make new vfs inode
[ 5256.101538] nova: inode addr is 1024
[ 5256.101538] nova: nova_new_vfs_inode: allocating inode 16 @ 0x6800
[ 5256.101539] nova: dafs make TYPE_MKDIR
[ 5256.101540] nova: dafs end making inode
[ 5256.101541] nova: inode addr is 26624
[ 5256.101542] nova: Rebuild dir 16 tree
[ 5256.101542] nova: Log head 0x0, tail 0x0
[ 5256.101543] nova: dafs_rebuild_dir_inode_tree: it is dir type
[ 5256.101544] nova: dafs_rebuild_dir_inode_tree:dafs finish rebuild dir inode
[ 5256.101544] nova: inode addr is 1024
[ 5256.101545] nova: dafs_lite_transaction_for_new_inode: start
[ 5256.101546] nova: nova_create_lite_transaction start
[ 5256.101546] nova: dafs start get journal blk
[ 5256.101547] nova: dafs_get journal blk
[ 5256.101548] nova: journal tail 20480, with head 20480
[ 5256.101548] nova: journal tail 20544, with head 20480
[ 5256.101549] nova: nova_create_lite_transaction end
[ 5256.101549] nova: nova_commit_lite_transaction start
[ 5256.101550] nova: dafs start get journal blk
[ 5256.101550] nova: dafs_get journal blk
[ 5256.101550] nova: journal tail 20544, with head 20544
[ 5256.101551] nova: dafs_lite_transaction_for_new_inode end
[ 5256.101551] nova: dafs start get journal blk
[ 5256.101552] nova: dafs_get journal blk
[ 5256.101552] nova: journal tail 20544, with head 20544
[ 5256.101553] nova: dafs_mkdir: dafs end mkdir
[ 5258.611514] nova: inode addr is 26624
[ 5258.611517] nova: dafs_rmdir:dafs start to rmdir
[ 5258.611517] nova: inode addr is 1024
[ 5258.611518] nova: dafs_rmdir:dafs start to rmdir
[ 5258.611519] nova: dafs_inode_by_name:dafs start to inode by name
[ 5258.611520] nova: dafs_find_direntry:dafs start to find direntry
[ 5258.611520] nova: dentry name is kj
[ 5258.611521] nova: get_dentry_path:dafs get dentry path
[ 5258.611521] nova: fs path is: /
[ 5258.611522] nova: fs path is: /
[ 5258.611522] nova: mount point is:/
[ 5258.611523] nova: dentry name is kj
[ 5258.611524] nova: par dir not root, ph is /mnt/ramdisk
[ 5258.611524] nova: get_dentry_path:dafs append file name:kj
[ 5258.611525] nova: buf is 
[ 5258.611525] nova: ph is /kj
[ 5258.611526] nova: dafs finish get dentry path
[ 5258.611526] nova: strictly full name is /kj
[ 5258.611526] nova: strictly full name length is 3
[ 5258.611527] nova: dafs start to find dzt
[ 5258.611528] nova: test path len is 0
[ 5258.611529] nova: dafs finish finding dzt:0, zone addr 0x1075863552
[ 5258.611530] nova: path name is /
[ 5258.611530] nova: the ze addr is 1075863552
[ 5258.611530] nova: full name is /kj
[ 5258.611531] nova: the ze addr is 1075863552, the ze number is 0,  the hash table head is 2121728
[ 5258.611532] nova: dafs start to lookup in hashtable
[ 5258.611532] nova: dafs finish lookup in hash table
[ 5258.611533] nova: dir entry pos is 3
[ 5258.611534] nova: dafs_find_direntry:dafs finish find direntry
[ 5258.611534] nova: dafs_inode_by_name:dafs finish inode by name, ino is 16
[ 5258.611535] nova: dafs_empty_dir dafs start test empty dir
[ 5258.611536] nova: get_dentry_path:dafs get dentry path
[ 5258.611536] nova: fs path is: /
[ 5258.611537] nova: fs path is: /
[ 5258.611537] nova: mount point is:/
[ 5258.611537] nova: dentry name is kj
[ 5258.611538] nova: par dir not root, ph is /mnt/ramdisk
[ 5258.611539] nova: get_dentry_path:dafs append file name:kj
[ 5258.611539] nova: buf is 
[ 5258.611540] nova: ph is /kj
[ 5258.611540] nova: dafs finish get dentry path
[ 5258.611540] nova: dafs start to find dzt
[ 5258.611541] nova: test path len is 0
[ 5258.611541] nova: dafs finish finding dzt:0, zone addr 0x1075863552
[ 5258.611542] nova: dafs start to lookup in hashtable
[ 5258.611542] nova: dafs finish lookup in hash table
[ 5258.611543] nova: dafs_empty_dir dafs find par dir, num is 2
[ 5258.611544] nova: dafs_empty_dir dir is empty
[ 5258.611544] nova: dafs start rm dir
[ 5258.611545] nova: get_dentry_path:dafs get dentry path
[ 5258.611545] nova: fs path is: /
[ 5258.611546] nova: fs path is: /
[ 5258.611546] nova: mount point is:/
[ 5258.611546] nova: dentry name is kj
[ 5258.611547] nova: par dir not root, ph is /mnt/ramdisk
[ 5258.611548] nova: get_dentry_path:dafs append file name:kj
[ 5258.611548] nova: buf is 
[ 5258.611548] nova: ph is /kj
[ 5258.611549] nova: dafs finish get dentry path
[ 5258.611549] nova: dafs start to find dzt
[ 5258.611550] nova: test path len is 0
[ 5258.611550] nova: dafs finish finding dzt:0, zone addr 0x1075863552
[ 5258.611551] nova: dafs start to lookup in hashtable
[ 5258.611551] nova: dafs finish lookup in hash table
[ 5258.611552] nova: dafs_rm_dir get rm pos 3
[ 5258.611553] nova: make_zone_ptr start
[ 5258.611553] nova: make_invalid_htable start
[ 5258.611554] nova: delete_ext start
[ 5258.611554] nova: make_invalid_htable start
[ 5258.611555] nova: delete_ext start
[ 5258.611555] nova: make_invalid_htable start
[ 5258.611556] nova: delete_ext start
[ 5258.611556] nova: dafs_rm_dir end
[ 5258.611557] nova: dafs_append_link_change_entry start
[ 5258.611558] nova: dafs_append_link_change_entry: inode 16 attr change
[ 5258.611559] nova: nova_get_append_head start
[ 5258.611559] nova: nova_get_append_head curr_p is 0
[ 5258.611560] nova: nova_get_append_head curr_p is 0
[ 5258.611560] nova: nova_extend_inode_log start
[ 5258.611561] nova: nova_allocate_inode_log_pages start
[ 5258.611563] nova: Pi 16: Alloc 1 log blocks @ 0x40286
[ 5258.611564] nova: nova_extend_inode_log pi log tail is 1076387840
[ 5258.611565] nova: nova_get_append_head curr_p is 1076387840
[ 5258.611565] nova: nova_get_append_head end
[ 5258.611566] nova: dafs_append_link_change_entry end
[ 5258.611566] nova: dafs_lite_transaction_for_time_and_link start
[ 5258.611567] nova: dafs start get journal blk
[ 5258.611567] nova: dafs_get journal blk
[ 5258.611568] nova: journal tail 20544, with head 20544
[ 5258.611569] nova: dafs_lite_transaction_for_time_and_link finish commit transaction
[ 5258.611569] nova: nova_create_lite_transaction start
[ 5258.611570] nova: dafs start get journal blk
[ 5258.611570] nova: dafs_get journal blk
[ 5258.611571] nova: journal tail 20544, with head 20544
[ 5258.611571] nova: journal tail 20608, with head 20544
[ 5258.611572] nova: nova_create_lite_transaction end
[ 5258.611572] nova: nova_commit_lite_transaction start
[ 5258.611573] nova: dafs start get journal blk
[ 5258.611573] nova: dafs_get journal blk
[ 5258.611574] nova: journal tail 20608, with head 20608
[ 5258.611574] nova: dafs_lite_transaction_for_time_and_link end
[ 5258.611575] nova: dafs_rmdir:dafs end rmdir
[ 5258.611576] nova: inode addr is 26624
[ 5258.611577] nova: nova_free_inode start
[ 5258.611577] nova: inode addr is 26624
[ 5258.611578] nova: nova_free_inode_log start
[ 5264.002430] nova: dafs_readdir:dafs readdir
[ 5264.002432] nova: inode addr is 1024
[ 5264.002433] nova: dafs_readdir: ino 1, size 4096, pos 0x0
[ 5264.002434] nova: get_dentry_path:dafs get dentry path
[ 5264.002435] nova: fs path is: /
[ 5264.002436] nova: fs path is: /
[ 5264.002436] nova: mount point is:/
[ 5264.002437] nova: dentry name is /
[ 5264.002438] nova: par dir not root, ph is /mnt/ramdisk
[ 5264.002438] nova: buf is 
[ 5264.002439] nova: ph is /
[ 5264.002439] nova: dafs finish get dentry path
[ 5264.002440] nova: dafs start to find dzt
[ 5264.002441] nova: test path len is 0
[ 5264.002442] nova: dafs finish finding dzt:0, zone addr 0x1075863552
[ 5264.002443] nova: dafs_find_direntry:dafs start to find direntry
[ 5264.002443] nova: dentry name is /
[ 5264.002443] nova: get_dentry_path:dafs get dentry path
[ 5264.002444] nova: fs path is: /
[ 5264.002444] nova: fs path is: /
[ 5264.002445] nova: mount point is:/
[ 5264.002445] nova: dentry name is /
[ 5264.002446] nova: par dir not root, ph is /mnt/ramdisk
[ 5264.002446] nova: buf is 
[ 5264.002447] nova: ph is /
[ 5264.002447] nova: dafs finish get dentry path
[ 5264.002447] nova: strictly full name is /
[ 5264.002448] nova: strictly full name length is 1
[ 5264.002448] nova: dafs start to find dzt
[ 5264.002449] nova: test path len is 0
[ 5264.002449] nova: dafs finish finding dzt:0, zone addr 0x1075863552
[ 5264.002450] nova: path name is /
[ 5264.002450] nova: the ze addr is 1075863552
[ 5264.002451] nova: full name is /
[ 5264.002451] nova: the ze addr is 1075863552, the ze number is 0,  the hash table head is 2121728
[ 5264.002452] nova: dafs start to lookup in hashtable
[ 5264.002452] nova: dafs finish lookup in hash table
[ 5264.002453] nova: dir entry pos is 0
[ 5264.002454] nova: dafs_find_direntry:dafs finish find direntry
[ 5264.002455] nova: dafs_readdir:find dir name is /
[ 5264.002455] nova: dafs_readdir:dir_subfile num is3, zone addr is 1075863552
[ 5264.002456] nova: dafs_readdir:list subfile name:., pos id 1
[ 5264.002457] nova: pos 1, type 6, ino 1, name ., namelen 1, rec len 128
[ 5264.002458] nova: nova_get_inode_address:dafs get inode addr
[ 5264.002459] nova: nova_get_inode_address:dbg blk_type is 6, dafs_bits is 0
[ 5264.002460] nova: nova_get_inode_address:dbg ino is1,internal_ino is 1, num cpus is 1
[ 5264.002460] nova: dafs get inode table
[ 5264.002461] nova: nova_get_inode_address:inode_table log head is 24576
[ 5264.002461] nova: nova_get_inode_address:index is 1, supercount is 0
[ 5264.002462] nova: nova_get_inode_address:inode table addr is 24576
[ 5264.002462] nova: nova_get_inode_address:dafs finish find inode at 24704
[ 5264.002463] nova: ctx: ino 1, name ., name_len 1, de_len 128
[ 5264.002464] nova: dafs_readdir:list subfile name:.., pos id 2
[ 5264.002465] nova: pos 2, type 6, ino 1, name .., namelen 2, rec len 128
[ 5264.002465] nova: nova_get_inode_address:dafs get inode addr
[ 5264.002466] nova: nova_get_inode_address:dbg blk_type is 6, dafs_bits is 0
[ 5264.002466] nova: nova_get_inode_address:dbg ino is1,internal_ino is 1, num cpus is 1
[ 5264.002467] nova: dafs get inode table
[ 5264.002467] nova: nova_get_inode_address:inode_table log head is 24576
[ 5264.002468] nova: nova_get_inode_address:index is 1, supercount is 0
[ 5264.002468] nova: nova_get_inode_address:inode table addr is 24576
[ 5264.002468] nova: nova_get_inode_address:dafs finish find inode at 24704
[ 5264.002469] nova: ctx: ino 1, name .., name_len 2, de_len 128
[ 5264.002470] nova: dafs_readdir:list subfile name:kj, pos id 3
[ 5264.002471] nova: pos 3, type 6, ino 16, name kj, namelen 2, rec len 128
[ 5264.002471] nova: nova_get_inode_address:dafs get inode addr
[ 5264.002472] nova: nova_get_inode_address:dbg blk_type is 6, dafs_bits is 0
[ 5264.002472] nova: nova_get_inode_address:dbg ino is16,internal_ino is 16, num cpus is 1
[ 5264.002473] nova: dafs get inode table
[ 5264.002473] nova: nova_get_inode_address:inode_table log head is 24576
[ 5264.002474] nova: nova_get_inode_address:index is 16, supercount is 0
[ 5264.002474] nova: nova_get_inode_address:inode table addr is 24576
[ 5264.002475] nova: nova_get_inode_address:dafs finish find inode at 26624
[ 5264.002475] nova: ctx: ino 16, name kj, name_len 2, de_len 128
[ 5264.002476] nova: dafs ctx pos is ffffffffffffffff
[ 5264.002477] nova: dafs_readdir readdir return
[ 5264.002488] nova: inode addr is 1024
[ 5264.002545] nova: dafs_readdir:dafs readdir
[ 5264.002546] nova: inode addr is 1024
[ 5264.002547] nova: dafs_readdir: ino 1, size 4096, pos 0xffffffffffffffff
[ 5264.002548] nova: dafs readdir end
[ 5264.002548] nova: dafs_readdir readdir return
