[    0.000000] Initializing cgroup subsys cpuset
[    0.000000] Initializing cgroup subsys cpu
[    0.000000] Initializing cgroup subsys cpuacct
[    0.000000] Linux version 4.3.0 (root@cxdir-VirtualBox) (gcc version 5.4.0 20160609 (Ubuntu 5.4.0-6ubuntu1~16.04.4) ) #2 SMP Fri Sep 8 20:52:18 CST 2017
[    0.000000] Command line: BOOT_IMAGE=/boot/vmlinuz-4.3.0 memmap=6G!2G root=UUID=8918101d-1281-40c7-aa75-72b85c4a0441 ro quiet splash
[    0.000000] KERNEL supported cpus:
[    0.000000]   Intel GenuineIntel
[    0.000000]   AMD AuthenticAMD
[    0.000000]   Centaur CentaurHauls
[    0.000000] x86/fpu: xstate_offset[2]: 0240, xstate_sizes[2]: 0100
[    0.000000] x86/fpu: Supporting XSAVE feature 0x01: 'x87 floating point registers'
[    0.000000] x86/fpu: Supporting XSAVE feature 0x02: 'SSE registers'
[    0.000000] x86/fpu: Supporting XSAVE feature 0x04: 'AVX registers'
[    0.000000] x86/fpu: Enabled xstate features 0x7, context size is 0x340 bytes, using 'standard' format.
[    0.000000] x86/fpu: Using 'lazy' FPU context switches.
[    0.000000] e820: BIOS-provided physical RAM map:
[    0.000000] BIOS-e820: [mem 0x0000000000000000-0x000000000009fbff] usable
[    0.000000] BIOS-e820: [mem 0x000000000009fc00-0x000000000009ffff] reserved
[    0.000000] BIOS-e820: [mem 0x00000000000f0000-0x00000000000fffff] reserved
[    0.000000] BIOS-e820: [mem 0x0000000000100000-0x00000000dffeffff] usable
[    0.000000] BIOS-e820: [mem 0x00000000dfff0000-0x00000000dfffffff] ACPI data
[    0.000000] BIOS-e820: [mem 0x00000000fec00000-0x00000000fec00fff] reserved
[    0.000000] BIOS-e820: [mem 0x00000000fee00000-0x00000000fee00fff] reserved
[    0.000000] BIOS-e820: [mem 0x00000000fffc0000-0x00000000ffffffff] reserved
[    0.000000] BIOS-e820: [mem 0x0000000100000000-0x000000021fffffff] usable
[    0.000000] NX (Execute Disable) protection: active
[    0.000000] e820: user-defined physical RAM map:
[    0.000000] user: [mem 0x0000000000000000-0x000000000009fbff] usable
[    0.000000] user: [mem 0x000000000009fc00-0x000000000009ffff] reserved
[    0.000000] user: [mem 0x00000000000f0000-0x00000000000fffff] reserved
[    0.000000] user: [mem 0x0000000000100000-0x000000007fffffff] usable
[    0.000000] user: [mem 0x0000000080000000-0x00000000dffeffff] persistent (type 12)
[    0.000000] user: [mem 0x00000000dfff0000-0x00000000dfffffff] persistent (type 12)
[    0.000000] user: [mem 0x00000000e0000000-0x00000000febfffff] persistent (type 12)
[    0.000000] user: [mem 0x00000000fec00000-0x00000000fec00fff] persistent (type 12)
[    0.000000] user: [mem 0x00000000fec01000-0x00000000fedfffff] persistent (type 12)
[    0.000000] user: [mem 0x00000000fee00000-0x00000000fee00fff] persistent (type 12)
[    0.000000] user: [mem 0x00000000fee01000-0x00000000fffbffff] persistent (type 12)
[    0.000000] user: [mem 0x00000000fffc0000-0x00000000ffffffff] persistent (type 12)
[    0.000000] user: [mem 0x0000000100000000-0x00000001ffffffff] persistent (type 12)
[    0.000000] user: [mem 0x0000000200000000-0x000000021fffffff] usable
[    0.000000] SMBIOS 2.5 present.
[    0.000000] DMI: innotek GmbH VirtualBox/VirtualBox, BIOS VirtualBox 12/01/2006
[    0.000000] Hypervisor detected: KVM
[    0.000000] e820: update [mem 0x00000000-0x00000fff] usable ==> reserved
[    0.000000] e820: remove [mem 0x000a0000-0x000fffff] usable
[    0.000000] e820: last_pfn = 0x220000 max_arch_pfn = 0x400000000
[    0.000000] MTRR default type: uncachable
[    0.000000] MTRR variable ranges disabled:
[    0.000000] x86/PAT: Configuration [0-7]: WB  WC  UC- UC  WB  WC  UC- WT  
[    0.000000] MTRR: Disabled
[    0.000000] CPU MTRRs all blank - virtualized system.
[    0.000000] e820: last_pfn = 0x100000 max_arch_pfn = 0x400000000
[    0.000000] found SMP MP-table at [mem 0x0009fff0-0x0009ffff] mapped at [ffff88000009fff0]
[    0.000000] Scanning 1 areas for low memory corruption
[    0.000000] Base memory trampoline at [ffff880000099000] 99000 size 24576
[    0.000000] init_memory_mapping: [mem 0x00000000-0x000fffff]
[    0.000000]  [mem 0x00000000-0x000fffff] page 4k
[    0.000000] BRK [0x01ffc000, 0x01ffcfff] PGTABLE
[    0.000000] BRK [0x01ffd000, 0x01ffdfff] PGTABLE
[    0.000000] BRK [0x01ffe000, 0x01ffefff] PGTABLE
[    0.000000] init_memory_mapping: [mem 0x21fe00000-0x21fffffff]
[    0.000000]  [mem 0x21fe00000-0x21fffffff] page 2M
[    0.000000] BRK [0x01fff000, 0x01ffffff] PGTABLE
[    0.000000] init_memory_mapping: [mem 0x200000000-0x21fdfffff]
[    0.000000]  [mem 0x200000000-0x21fdfffff] page 2M
[    0.000000] init_memory_mapping: [mem 0x00100000-0x7fffffff]
[    0.000000]  [mem 0x00100000-0x001fffff] page 4k
[    0.000000]  [mem 0x00200000-0x7fffffff] page 2M
[    0.000000] RAMDISK: [mem 0x33d64000-0x35ea9fff]
[    0.000000] ACPI: Early table checksum verification disabled
[    0.000000] ACPI: RSDP 0x00000000000E0000 000024 (v02 VBOX  )
[    0.000000] ACPI: XSDT 0x00000000DFFF0030 00003C (v01 VBOX   VBOXXSDT 00000001 ASL  00000061)
[    0.000000] ACPI: FACP 0x00000000DFFF00F0 0000F4 (v04 VBOX   VBOXFACP 00000001 ASL  00000061)
[    0.000000] ACPI: DSDT 0x00000000DFFF0470 00210F (v01 VBOX   VBOXBIOS 00000002 INTL 20100528)
[    0.000000] ACPI: FACS 0x00000000DFFF0200 000040
[    0.000000] ACPI: FACS 0x00000000DFFF0200 000040
[    0.000000] ACPI: APIC 0x00000000DFFF0240 000054 (v02 VBOX   VBOXAPIC 00000001 ASL  00000061)
[    0.000000] ACPI: SSDT 0x00000000DFFF02A0 0001CC (v01 VBOX   VBOXCPUT 00000002 INTL 20100528)
[    0.000000] ACPI: Local APIC address 0xfee00000
[    0.000000] No NUMA configuration found
[    0.000000] Faking a node at [mem 0x0000000000000000-0x000000021fffffff]
[    0.000000] NODE_DATA(0) allocated [mem 0x21fffa000-0x21fffefff]
[    0.000000] kvm-clock: Using msrs 4b564d01 and 4b564d00
[    0.000000] kvm-clock: cpu 0, msr 2:1fff2001, primary cpu clock
[    0.000000] clocksource: kvm-clock: mask: 0xffffffffffffffff max_cycles: 0x1cd42e4dffb, max_idle_ns: 881590591483 ns
[    0.000000]  [ffffea0000000000-ffffea00087fffff] PMD -> [ffff88021ce00000-ffff88021f5fffff] on node 0
[    0.000000] Zone ranges:
[    0.000000]   DMA      [mem 0x0000000000001000-0x0000000000ffffff]
[    0.000000]   DMA32    [mem 0x0000000001000000-0x00000000ffffffff]
[    0.000000]   Normal   [mem 0x0000000100000000-0x000000021fffffff]
[    0.000000] Movable zone start for each node
[    0.000000] Early memory node ranges
[    0.000000]   node   0: [mem 0x0000000000001000-0x000000000009efff]
[    0.000000]   node   0: [mem 0x0000000000100000-0x000000007fffffff]
[    0.000000]   node   0: [mem 0x0000000200000000-0x000000021fffffff]
[    0.000000] Initmem setup node 0 [mem 0x0000000000001000-0x000000021fffffff]
[    0.000000] On node 0 totalpages: 655262
[    0.000000]   DMA zone: 64 pages used for memmap
[    0.000000]   DMA zone: 21 pages reserved
[    0.000000]   DMA zone: 3998 pages, LIFO batch:0
[    0.000000]   DMA32 zone: 8128 pages used for memmap
[    0.000000]   DMA32 zone: 520192 pages, LIFO batch:31
[    0.000000]   Normal zone: 2048 pages used for memmap
[    0.000000]   Normal zone: 131072 pages, LIFO batch:31
[    0.000000] ACPI: PM-Timer IO Port: 0x4008
[    0.000000] ACPI: Local APIC address 0xfee00000
[    0.000000] IOAPIC[0]: apic_id 1, version 32, address 0xfec00000, GSI 0-23
[    0.000000] ACPI: INT_SRC_OVR (bus 0 bus_irq 0 global_irq 2 dfl dfl)
[    0.000000] ACPI: INT_SRC_OVR (bus 0 bus_irq 9 global_irq 9 high level)
[    0.000000] ACPI: IRQ0 used by override.
[    0.000000] ACPI: IRQ9 used by override.
[    0.000000] Using ACPI (MADT) for SMP configuration information
[    0.000000] smpboot: Allowing 1 CPUs, 0 hotplug CPUs
[    0.000000] PM: Registered nosave memory: [mem 0x00000000-0x00000fff]
[    0.000000] PM: Registered nosave memory: [mem 0x0009f000-0x0009ffff]
[    0.000000] PM: Registered nosave memory: [mem 0x000a0000-0x000effff]
[    0.000000] PM: Registered nosave memory: [mem 0x000f0000-0x000fffff]
[    0.000000] PM: Registered nosave memory: [mem 0x80000000-0xdffeffff]
[    0.000000] PM: Registered nosave memory: [mem 0xdfff0000-0xdfffffff]
[    0.000000] PM: Registered nosave memory: [mem 0xe0000000-0xfebfffff]
[    0.000000] PM: Registered nosave memory: [mem 0xfec00000-0xfec00fff]
[    0.000000] PM: Registered nosave memory: [mem 0xfec01000-0xfedfffff]
[    0.000000] PM: Registered nosave memory: [mem 0xfee00000-0xfee00fff]
[    0.000000] PM: Registered nosave memory: [mem 0xfee01000-0xfffbffff]
[    0.000000] PM: Registered nosave memory: [mem 0xfffc0000-0xffffffff]
[    0.000000] PM: Registered nosave memory: [mem 0x100000000-0x1ffffffff]
[    0.000000] e820: cannot find a gap in the 32bit address range
               e820: PCI devices with unassigned 32bit BARs may break!
[    0.000000] e820: [mem 0x220100000-0x2204fffff] available for PCI devices
[    0.000000] Booting paravirtualized kernel on KVM
[    0.000000] clocksource: refined-jiffies: mask: 0xffffffff max_cycles: 0xffffffff, max_idle_ns: 7645519600211568 ns
[    0.000000] setup_percpu: NR_CPUS:512 nr_cpumask_bits:512 nr_cpu_ids:1 nr_node_ids:1
[    0.000000] PERCPU: Embedded 33 pages/cpu @ffff88021fc00000 s97496 r8192 d29480 u2097152
[    0.000000] pcpu-alloc: s97496 r8192 d29480 u2097152 alloc=1*2097152
[    0.000000] pcpu-alloc: [0] 0 
[    0.000000] PV qspinlock hash table entries: 256 (order: 0, 4096 bytes)
[    0.000000] Built 1 zonelists in Node order, mobility grouping on.  Total pages: 645001
[    0.000000] Policy zone: Normal
[    0.000000] Kernel command line: BOOT_IMAGE=/boot/vmlinuz-4.3.0 memmap=6G!2G root=UUID=8918101d-1281-40c7-aa75-72b85c4a0441 ro quiet splash
[    0.000000] PID hash table entries: 4096 (order: 3, 32768 bytes)
[    0.000000] Calgary: detecting Calgary via BIOS EBDA area
[    0.000000] Calgary: Unable to locate Rio Grande table in EBDA - bailing!
[    0.000000] Memory: 2463048K/2621048K available (8158K kernel code, 1248K rwdata, 3880K rodata, 1456K init, 1332K bss, 158000K reserved, 0K cma-reserved)
[    0.000000] SLUB: HWalign=64, Order=0-3, MinObjects=0, CPUs=1, Nodes=1
[    0.000000] Hierarchical RCU implementation.
[    0.000000] 	Build-time adjustment of leaf fanout to 64.
[    0.000000] 	RCU restricting CPUs from NR_CPUS=512 to nr_cpu_ids=1.
[    0.000000] RCU: Adjusting geometry for rcu_fanout_leaf=64, nr_cpu_ids=1
[    0.000000] NR_IRQS:33024 nr_irqs:256 16
[    0.000000] Console: colour VGA+ 80x25
[    0.000000] console [tty0] enabled
[    0.000000] tsc: Detected 3591.704 MHz processor
[22537.820954] Calibrating delay loop (skipped) preset value.. 7183.40 BogoMIPS (lpj=14366816)
[22537.820956] pid_max: default: 32768 minimum: 301
[22537.820970] ACPI: Core revision 20150818
[22537.821760] ACPI: 2 ACPI AML tables successfully acquired and loaded
[22537.821773] Security Framework initialized
[22537.821774] Yama: becoming mindful.
[22537.821781] AppArmor: AppArmor initialized
[22537.821964] Dentry cache hash table entries: 524288 (order: 10, 4194304 bytes)
[22537.822724] Inode-cache hash table entries: 262144 (order: 9, 2097152 bytes)
[22537.823028] Mount-cache hash table entries: 8192 (order: 4, 65536 bytes)
[22537.823032] Mountpoint-cache hash table entries: 8192 (order: 4, 65536 bytes)
[22537.823184] Initializing cgroup subsys io
[22537.823187] Initializing cgroup subsys memory
[22537.823191] Initializing cgroup subsys devices
[22537.823193] Initializing cgroup subsys freezer
[22537.823194] Initializing cgroup subsys net_cls
[22537.823196] Initializing cgroup subsys perf_event
[22537.823197] Initializing cgroup subsys net_prio
[22537.823199] Initializing cgroup subsys hugetlb
[22537.823201] Initializing cgroup subsys pids
[22537.823255] CPU: Physical Processor ID: 0
[22537.823991] mce: CPU supports 0 MCE banks
[22537.824007] process: using mwait in idle threads
[22537.824010] Last level iTLB entries: 4KB 1024, 2MB 1024, 4MB 1024
[22537.824011] Last level dTLB entries: 4KB 1024, 2MB 1024, 4MB 1024, 1GB 4
[22537.834205] Freeing SMP alternatives memory: 28K (ffffffff81ea6000 - ffffffff81ead000)
[22537.840932] ftrace: allocating 31208 entries in 122 pages
[22537.870837] x2apic enabled
[22537.871007] Switched APIC routing to physical x2apic.
[22537.871849] ..TIMER: vector=0x30 apic1=0 pin1=2 apic2=-1 pin2=-1
[22537.976851] smpboot: CPU0: Intel(R) Core(TM) i7-4790 CPU @ 3.60GHz (family: 0x6, model: 0x3c, stepping: 0x3)
[22537.976879] Performance Events: unsupported p6 CPU model 60 no PMU driver, software events only.
[22537.976888] KVM setup paravirtual spinlock
[22537.977353] x86: Booted up 1 node, 1 CPUs
[22537.977355] smpboot: Total of 1 processors activated (7183.40 BogoMIPS)
[22537.977527] devtmpfs: initialized
[22537.978618] evm: security.selinux
[22537.978619] evm: security.SMACK64
[22537.978619] evm: security.SMACK64EXEC
[22537.978620] evm: security.SMACK64TRANSMUTE
[22537.978620] evm: security.SMACK64MMAP
[22537.978621] evm: security.ima
[22537.978621] evm: security.capability
[22537.978695] clocksource: jiffies: mask: 0xffffffff max_cycles: 0xffffffff, max_idle_ns: 7645041785100000 ns
[22537.978746] pinctrl core: initialized pinctrl subsystem
[22537.978848] RTC time:  8:44:09, date: 12/25/17
[22537.978928] NET: Registered protocol family 16
[22537.979029] cpuidle: using governor ladder
[22537.979030] cpuidle: using governor menu
[22537.979032] PCCT header not found.
[22537.979072] ACPI: bus type PCI registered
[22537.979073] acpiphp: ACPI Hot Plug PCI Controller Driver version: 0.5
[22537.979141] PCI: Using configuration type 1 for base access
[22537.979921] ACPI: Added _OSI(Module Device)
[22537.979922] ACPI: Added _OSI(Processor Device)
[22537.979923] ACPI: Added _OSI(3.0 _SCP Extensions)
[22537.979924] ACPI: Added _OSI(Processor Aggregator Device)
[22537.980345] ACPI: Executed 1 blocks of module-level executable AML code
[22537.981705] ACPI: Interpreter enabled
[22537.981708] ACPI Exception: AE_NOT_FOUND, While evaluating Sleep State [\_S1_] (20150818/hwxface-580)
[22537.981711] ACPI Exception: AE_NOT_FOUND, While evaluating Sleep State [\_S2_] (20150818/hwxface-580)
[22537.981712] ACPI Exception: AE_NOT_FOUND, While evaluating Sleep State [\_S3_] (20150818/hwxface-580)
[22537.981714] ACPI Exception: AE_NOT_FOUND, While evaluating Sleep State [\_S4_] (20150818/hwxface-580)
[22537.981718] ACPI: (supports S0 S5)
[22537.981718] ACPI: Using IOAPIC for interrupt routing
[22537.981847] PCI: Using host bridge windows from ACPI; if necessary, use "pci=nocrs" and report a bug
[22537.984217] ACPI: PCI Root Bridge [PCI0] (domain 0000 [bus 00-ff])
[22537.984221] acpi PNP0A03:00: _OSC: OS supports [ASPM ClockPM Segments MSI]
[22537.984224] acpi PNP0A03:00: _OSC failed (AE_NOT_FOUND); disabling ASPM
[22537.984263] acpi PNP0A03:00: fail to add MMCONFIG information, can't access extended PCI configuration space under this bridge.
[22537.984434] PCI host bridge to bus 0000:00
[22537.984436] pci_bus 0000:00: root bus resource [bus 00-ff]
[22537.984438] pci_bus 0000:00: root bus resource [io  0x0000-0x0cf7 window]
[22537.984439] pci_bus 0000:00: root bus resource [io  0x0d00-0xffff window]
[22537.984440] pci_bus 0000:00: root bus resource [mem 0x000a0000-0x000bffff window]
[22537.984441] pci_bus 0000:00: root bus resource [mem 0xe0000000-0xffdfffff window]
[22537.984467] pci 0000:00:00.0: [8086:1237] type 00 class 0x060000
[22537.984833] pci 0000:00:01.0: [8086:7000] type 00 class 0x060100
[22537.985311] pci 0000:00:01.1: [8086:7111] type 00 class 0x01018a
[22537.985584] pci 0000:00:01.1: reg 0x20: [io  0xd000-0xd00f]
[22537.985701] pci 0000:00:01.1: legacy IDE quirk: reg 0x10: [io  0x01f0-0x01f7]
[22537.985702] pci 0000:00:01.1: legacy IDE quirk: reg 0x14: [io  0x03f6]
[22537.985703] pci 0000:00:01.1: legacy IDE quirk: reg 0x18: [io  0x0170-0x0177]
[22537.985703] pci 0000:00:01.1: legacy IDE quirk: reg 0x1c: [io  0x0376]
[22537.985864] pci 0000:00:02.0: [80ee:beef] type 00 class 0x030000
[22537.990992] pci 0000:00:02.0: reg 0x10: [mem 0xe0000000-0xe0ffffff pref]
[22538.020446] pci 0000:00:03.0: [8086:100e] type 00 class 0x020000
[22538.025167] pci 0000:00:03.0: reg 0x10: [mem 0xf0000000-0xf001ffff]
[22538.034471] pci 0000:00:03.0: reg 0x18: [io  0xd010-0xd017]
[22538.052111] pci 0000:00:04.0: [80ee:cafe] type 00 class 0x088000
[22538.056202] pci 0000:00:04.0: reg 0x10: [io  0xd020-0xd03f]
[22538.060283] pci 0000:00:04.0: reg 0x14: [mem 0xf0400000-0xf07fffff]
[22538.064658] pci 0000:00:04.0: reg 0x18: [mem 0xf0800000-0xf0803fff pref]
[22538.081261] pci 0000:00:05.0: [8086:2415] type 00 class 0x040100
[22538.081345] pci 0000:00:05.0: reg 0x10: [io  0xd100-0xd1ff]
[22538.081395] pci 0000:00:05.0: reg 0x14: [io  0xd200-0xd23f]
[22538.081723] pci 0000:00:06.0: [106b:003f] type 00 class 0x0c0310
[22538.085933] pci 0000:00:06.0: reg 0x10: [mem 0xf0804000-0xf0804fff]
[22538.111214] pci 0000:00:07.0: [8086:7113] type 00 class 0x068000
[22538.111537] pci 0000:00:07.0: quirk: [io  0x4000-0x403f] claimed by PIIX4 ACPI
[22538.111544] pci 0000:00:07.0: quirk: [io  0x4100-0x410f] claimed by PIIX4 SMB
[22538.111709] pci 0000:00:0b.0: [8086:265c] type 00 class 0x0c0320
[22538.115775] pci 0000:00:0b.0: reg 0x10: [mem 0xf0805000-0xf0805fff]
[22538.142124] pci 0000:00:0d.0: [8086:2829] type 00 class 0x010601
[22538.146463] pci 0000:00:0d.0: reg 0x10: [io  0xd240-0xd247]
[22538.154825] pci 0000:00:0d.0: reg 0x18: [io  0xd250-0xd257]
[22538.163221] pci 0000:00:0d.0: reg 0x20: [io  0xd260-0xd26f]
[22538.167283] pci 0000:00:0d.0: reg 0x24: [mem 0xf0806000-0xf0807fff]
[22538.172337] ACPI: PCI Interrupt Link [LNKA] (IRQs 5 9 10 *11)
[22538.172509] ACPI: PCI Interrupt Link [LNKB] (IRQs 5 9 10 *11)
[22538.172563] ACPI: PCI Interrupt Link [LNKC] (IRQs 5 9 *10 11)
[22538.172616] ACPI: PCI Interrupt Link [LNKD] (IRQs 5 *9 10 11)
[22538.172707] ACPI: Enabled 2 GPEs in block 00 to 07
[22538.172830] vgaarb: setting as boot device: PCI:0000:00:02.0
[22538.172832] vgaarb: device added: PCI:0000:00:02.0,decodes=io+mem,owns=io+mem,locks=none
[22538.172833] vgaarb: loaded
[22538.172834] vgaarb: bridge control possible 0000:00:02.0
[22538.173007] SCSI subsystem initialized
[22538.173036] libata version 3.00 loaded.
[22538.173050] ACPI: bus type USB registered
[22538.173061] usbcore: registered new interface driver usbfs
[22538.173065] usbcore: registered new interface driver hub
[22538.173070] usbcore: registered new device driver usb
[22538.173142] PCI: Using ACPI for IRQ routing
[22538.173143] PCI: pci_cache_line_size set to 64 bytes
[22538.173267] Expanded resource Persistent Memory (legacy) due to conflict with PCI Bus 0000:00
[22538.173268] e820: reserve RAM buffer [mem 0x0009fc00-0x0009ffff]
[22538.173344] NetLabel: Initializing
[22538.173345] NetLabel:  domain hash size = 128
[22538.173345] NetLabel:  protocols = UNLABELED CIPSOv4
[22538.173353] NetLabel:  unlabeled traffic allowed by default
[22538.173429] clocksource: Switched to clocksource kvm-clock
[22538.177565] AppArmor: AppArmor Filesystem Enabled
[22538.177599] pnp: PnP ACPI init
[22538.177633] pnp 00:00: Plug and Play ACPI device, IDs PNP0303 (active)
[22538.177687] pnp 00:01: Plug and Play ACPI device, IDs PNP0f03 (active)
[22538.178073] pnp: PnP ACPI: found 2 devices
[22538.183224] clocksource: acpi_pm: mask: 0xffffff max_cycles: 0xffffff, max_idle_ns: 2085701024 ns
[22538.183233] pci_bus 0000:00: resource 4 [io  0x0000-0x0cf7 window]
[22538.183234] pci_bus 0000:00: resource 5 [io  0x0d00-0xffff window]
[22538.183235] pci_bus 0000:00: resource 6 [mem 0x000a0000-0x000bffff window]
[22538.183236] pci_bus 0000:00: resource 7 [mem 0xe0000000-0xffdfffff window]
[22538.183256] NET: Registered protocol family 2
[22538.183343] TCP established hash table entries: 32768 (order: 6, 262144 bytes)
[22538.183394] TCP bind hash table entries: 32768 (order: 7, 524288 bytes)
[22538.183481] TCP: Hash tables configured (established 32768 bind 32768)
[22538.183498] UDP hash table entries: 2048 (order: 4, 65536 bytes)
[22538.183511] UDP-Lite hash table entries: 2048 (order: 4, 65536 bytes)
[22538.183542] NET: Registered protocol family 1
[22538.183549] pci 0000:00:00.0: Limiting direct PCI/PCI transfers
[22538.183568] pci 0000:00:01.0: Activating ISA DMA hang workarounds
[22538.183588] pci 0000:00:02.0: Video device with shadowed ROM
[22538.183960] PCI: CLS 64 bytes, default 64
[22538.183991] Trying to unpack rootfs image as initramfs...
[22538.516432] Freeing initrd memory: 34072K (ffff880033d64000 - ffff880035eaa000)
[22538.516451] PCI-DMA: Using software bounce buffering for IO (SWIOTLB)
[22538.516452] software IO TLB [mem 0x7c000000-0x80000000] (64MB) mapped at [ffff88007c000000-ffff88007fffffff]
[22538.516512] platform rtc_cmos: registered platform RTC device (no PNP device found)
[22538.516524] RAPL PMU detected, API unit is 2^-32 Joules, 4 fixed counters 10737418240 ms ovfl timer
[22538.516525] hw unit of domain pp0-core 2^-0 Joules
[22538.516526] hw unit of domain package 2^-0 Joules
[22538.516526] hw unit of domain dram 2^-0 Joules
[22538.516527] hw unit of domain pp1-gpu 2^-0 Joules
[22538.516549] microcode: CPU0 sig=0x306c3, pf=0x40, revision=0x0
[22538.516584] microcode: Microcode Update Driver: v2.00 <tigran@aivazian.fsnet.co.uk>, Peter Oruba
[22538.516608] Scanning for low memory corruption every 60 seconds
[22538.516796] futex hash table entries: 256 (order: 2, 16384 bytes)
[22538.516812] audit: initializing netlink subsys (disabled)
[22538.516830] audit: type=2000 audit(1514213989.739:1): initialized
[22538.516975] Initialise system trusted keyring
[22538.517025] HugeTLB registered 2 MB page size, pre-allocated 0 pages
[22538.517946] zbud: loaded
[22538.518064] VFS: Disk quotas dquot_6.6.0
[22538.518084] VFS: Dquot-cache hash table entries: 512 (order 0, 4096 bytes)
[22538.518255] squashfs: version 4.0 (2009/01/31) Phillip Lougher
[22538.518369] fuse init (API version 7.23)
[22538.518442] Key type big_key registered
[22538.518858] Key type asymmetric registered
[22538.518860] Asymmetric key parser 'x509' registered
[22538.518871] Block layer SCSI generic (bsg) driver version 0.4 loaded (major 249)
[22538.518882] io scheduler noop registered
[22538.518884] io scheduler deadline registered (default)
[22538.518901] io scheduler cfq registered
[22538.518954] pci_hotplug: PCI Hot Plug PCI Core version: 0.5
[22538.518958] pciehp: PCI Express Hot Plug Controller Driver version: 0.4
[22538.519049] ACPI: AC Adapter [AC] (on-line)
[22538.519085] input: Power Button as /devices/LNXSYSTM:00/LNXPWRBN:00/input/input0
[22538.519088] ACPI: Power Button [PWRF]
[22538.519133] input: Sleep Button as /devices/LNXSYSTM:00/LNXSLPBN:00/input/input1
[22538.519134] ACPI: Sleep Button [SLPF]
[22538.519244] GHES: HEST is not enabled!
[22538.519316] Serial: 8250/16550 driver, 32 ports, IRQ sharing enabled
[22538.520006] Linux agpgart interface v0.103
[22538.521081] brd: module loaded
[22538.521545] loop: module loaded
[22538.521655] ata_piix 0000:00:01.1: version 2.13
[22538.521975] nd_pmem namespace0.0: unable to guarantee persistence of writes
[22538.522076] pmem0: detected capacity change from 0 to 1610547200
[22538.522116] nd_pmem namespace2.0: unable to guarantee persistence of writes
[22538.522118] nd_pmem namespace2.0: could not reserve region [0x0x00000000e0000000:0x1ffc0000]
[22538.522119] nd_pmem: probe of namespace2.0 failed with error -16
[22538.522153] nd_pmem namespace4.0: unable to guarantee persistence of writes
[22538.522285] pmem4: detected capacity change from 0 to 4294967296
[22538.522292] scsi host0: ata_piix
[22538.522328] scsi host1: ata_piix
[22538.522346] ata1: PATA max UDMA/33 cmd 0x1f0 ctl 0x3f6 bmdma 0xd000 irq 14
[22538.522347] ata2: PATA max UDMA/33 cmd 0x170 ctl 0x376 bmdma 0xd008 irq 15
[22538.522390] libphy: Fixed MDIO Bus: probed
[22538.522392] tun: Universal TUN/TAP device driver, 1.6
[22538.522393] tun: (C) 1999-2004 Max Krasnyansky <maxk@qualcomm.com>
[22538.522592] PPP generic driver version 2.4.2
[22538.522627] ehci_hcd: USB 2.0 'Enhanced' Host Controller (EHCI) Driver
[22538.522630] ehci-pci: EHCI PCI platform driver
[22538.522957] ehci-pci 0000:00:0b.0: EHCI Host Controller
[22538.522961] ehci-pci 0000:00:0b.0: new USB bus registered, assigned bus number 1
[22538.523069] ehci-pci 0000:00:0b.0: irq 19, io mem 0xf0805000
[22538.533712] ehci-pci 0000:00:0b.0: USB 2.0 started, EHCI 1.00
[22538.533739] usb usb1: New USB device found, idVendor=1d6b, idProduct=0002
[22538.533741] usb usb1: New USB device strings: Mfr=3, Product=2, SerialNumber=1
[22538.533742] usb usb1: Product: EHCI Host Controller
[22538.533743] usb usb1: Manufacturer: Linux 4.3.0 ehci_hcd
[22538.533744] usb usb1: SerialNumber: 0000:00:0b.0
[22538.533810] hub 1-0:1.0: USB hub found
[22538.533813] hub 1-0:1.0: 12 ports detected
[22538.533954] ehci-platform: EHCI generic platform driver
[22538.533961] ohci_hcd: USB 1.1 'Open' Host Controller (OHCI) Driver
[22538.533965] ohci-pci: OHCI PCI platform driver
[22538.534291] ohci-pci 0000:00:06.0: OHCI PCI host controller
[22538.534295] ohci-pci 0000:00:06.0: new USB bus registered, assigned bus number 2
[22538.534338] ohci-pci 0000:00:06.0: irq 22, io mem 0xf0804000
[22538.591247] usb usb2: New USB device found, idVendor=1d6b, idProduct=0001
[22538.591257] usb usb2: New USB device strings: Mfr=3, Product=2, SerialNumber=1
[22538.591263] usb usb2: Product: OHCI PCI host controller
[22538.591268] usb usb2: Manufacturer: Linux 4.3.0 ohci_hcd
[22538.591273] usb usb2: SerialNumber: 0000:00:06.0
[22538.591572] hub 2-0:1.0: USB hub found
[22538.591611] hub 2-0:1.0: 12 ports detected
[22538.592695] ohci-platform: OHCI generic platform driver
[22538.592727] uhci_hcd: USB Universal Host Controller Interface driver
[22538.592854] i8042: PNP: PS/2 Controller [PNP0303:PS2K,PNP0f03:PS2M] at 0x60,0x64 irq 1,12
[22538.594065] serio: i8042 KBD port at 0x60,0x64 irq 1
[22538.594077] serio: i8042 AUX port at 0x60,0x64 irq 12
[22538.594363] mousedev: PS/2 mouse device common for all mice
[22538.595197] input: AT Translated Set 2 keyboard as /devices/platform/i8042/serio0/input/input2
[22538.596128] rtc_cmos rtc_cmos: rtc core: registered rtc_cmos as rtc0
[22538.596300] rtc_cmos rtc_cmos: alarms up to one day, 114 bytes nvram
[22538.596319] i2c /dev entries driver
[22538.596446] device-mapper: uevent: version 1.0.3
[22538.596647] device-mapper: ioctl: 4.33.0-ioctl (2015-8-18) initialised: dm-devel@redhat.com
[22538.596693] ledtrig-cpu: registered to indicate activity on CPUs
[22538.597616] NET: Registered protocol family 10
[22538.598108] NET: Registered protocol family 17
[22538.598135] Key type dns_resolver registered
[22538.598765] registered taskstats version 1
[22538.598830] Loading compiled-in X.509 certificates
[22538.601166] Loaded X.509 cert 'Build time autogenerated kernel key: 0759ca4de3f7631372cabbbeea3b24c381c013ce'
[22538.601212] zswap: loaded using pool lzo/zbud
[22538.605857] Key type trusted registered
[22538.613818] Key type encrypted registered
[22538.613838] AppArmor: AppArmor sha1 policy hashing enabled
[22538.613850] ima: No TPM chip found, activating TPM-bypass!
[22538.613892] evm: HMAC attrs: 0x1
[22538.614862]   Magic number: 13:447:726
[22538.614889] block loop6: hash matches
[22538.615043] rtc_cmos rtc_cmos: setting system clock to 2017-12-25 08:44:10 UTC (1514191450)
[22538.615185] BIOS EDD facility v0.16 2004-Jun-25, 0 devices found
[22538.615188] EDD information not available.
[22538.615310] PM: Hibernation image not present or could not be loaded.
[22538.678619] ata2.00: ATAPI: VBOX CD-ROM, 1.0, max UDMA/133
[22538.679355] ata2.00: configured for UDMA/33
[22538.680231] scsi 1:0:0:0: CD-ROM            VBOX     CD-ROM           1.0  PQ: 0 ANSI: 5
[22538.686655] sr 1:0:0:0: [sr0] scsi3-mmc drive: 32x/32x xa/form2 tray
[22538.686662] cdrom: Uniform CD-ROM driver Revision: 3.20
[22538.686910] sr 1:0:0:0: Attached scsi CD-ROM sr0
[22538.687423] sr 1:0:0:0: Attached scsi generic sg0 type 5
[22538.688202] Freeing unused kernel memory: 1456K (ffffffff81d3a000 - ffffffff81ea6000)
[22538.688207] Write protecting the kernel read-only data: 12288k
[22538.688584] Freeing unused kernel memory: 20K (ffff8800017fb000 - ffff880001800000)
[22538.688777] Freeing unused kernel memory: 216K (ffff880001bca000 - ffff880001c00000)
[22538.706507] random: systemd-udevd urandom read with 1 bits of entropy available
[22538.743367] e1000: Intel(R) PRO/1000 Network Driver - version 7.3.21-k8-NAPI
[22538.743369] e1000: Copyright (c) 1999-2006 Intel Corporation.
[22538.745903] ACPI: Video Device [GFX0] (multi-head: yes  rom: no  post: no)
[22538.745949] input: Video Bus as /devices/LNXSYSTM:00/LNXSYBUS:00/PNP0A03:00/LNXVIDEO:00/input/input4
[22538.747375] FUJITSU Extended Socket Network Device Driver - version 1.0 - Copyright (c) 2015 FUJITSU LIMITED
[22539.039397] input: ImExPS/2 Generic Explorer Mouse as /devices/platform/i8042/serio1/input/input5
[22539.077157] e1000 0000:00:03.0 eth0: (PCI:33MHz:32-bit) 08:00:27:7d:c1:92
[22539.077161] e1000 0000:00:03.0 eth0: Intel(R) PRO/1000 Network Connection
[22539.077461] ahci 0000:00:0d.0: version 3.0
[22539.077538] ahci 0000:00:0d.0: SSS flag set, parallel bus scan disabled
[22539.077631] ahci 0000:00:0d.0: AHCI 0001.0100 32 slots 1 ports 3 Gbps 0x1 impl SATA mode
[22539.077632] ahci 0000:00:0d.0: flags: 64bit ncq stag only ccc 
[22539.078274] e1000 0000:00:03.0 enp0s3: renamed from eth0
[22539.078865] scsi host2: ahci
[22539.078906] ata3: SATA max UDMA/133 abar m8192@0xf0806000 port 0xf0806100 irq 21
[22539.233480] usb 2-1: new full-speed USB device number 2 using ohci-pci
[22539.398546] ata3: SATA link up 3.0 Gbps (SStatus 123 SControl 300)
[22539.398867] ata3.00: ATA-6: VBOX HARDDISK, 1.0, max UDMA/133
[22539.398874] ata3.00: 268435456 sectors, multi 128: LBA48 NCQ (depth 31/32)
[22539.399370] ata3.00: configured for UDMA/133
[22539.399584] scsi 2:0:0:0: Direct-Access     ATA      VBOX HARDDISK    1.0  PQ: 0 ANSI: 5
[22539.400590] sd 2:0:0:0: [sda] 268435456 512-byte logical blocks: (137 GB/128 GiB)
[22539.400650] sd 2:0:0:0: [sda] Write Protect is off
[22539.400657] sd 2:0:0:0: [sda] Mode Sense: 00 3a 00 00
[22539.400683] sd 2:0:0:0: [sda] Write cache: enabled, read cache: enabled, doesn't support DPO or FUA
[22539.401055] sd 2:0:0:0: Attached scsi generic sg1 type 0
[22539.403198]  sda: sda1 sda2 < sda5 >
[22539.403952] sd 2:0:0:0: [sda] Attached SCSI disk
[22539.499824] usb 2-1: New USB device found, idVendor=80ee, idProduct=0021
[22539.499826] usb 2-1: New USB device strings: Mfr=1, Product=3, SerialNumber=0
[22539.499827] usb 2-1: Product: USB Tablet
[22539.499828] usb 2-1: Manufacturer: VirtualBox
[22539.508263] hidraw: raw HID events driver (C) Jiri Kosina
[22539.513493] tsc: Refined TSC clocksource calibration: 3594.429 MHz
[22539.513495] clocksource: tsc: mask: 0xffffffffffffffff max_cycles: 0x33cfc4a63ff, max_idle_ns: 440795337870 ns
[22539.521610] usbcore: registered new interface driver usbhid
[22539.521612] usbhid: USB HID core driver
[22539.529247] input: VirtualBox USB Tablet as /devices/pci0000:00/0000:00:06.0/usb2/2-1/2-1:1.0/0003:80EE:0021.0001/input/input6
[22539.529394] hid-generic 0003:80EE:0021.0001: input,hidraw0: USB HID v1.10 Mouse [VirtualBox USB Tablet] on usb-0000:00:06.0-1/input0
[22542.061571] floppy0: no floppy controllers found
[22542.061709] work still pending
[22542.146158] EXT4-fs (sda1): mounted filesystem with ordered data mode. Opts: (null)
[22542.873803] systemd[1]: systemd 229 running in system mode. (+PAM +AUDIT +SELINUX +IMA +APPARMOR +SMACK +SYSVINIT +UTMP +LIBCRYPTSETUP +GCRYPT +GNUTLS +ACL +XZ -LZ4 +SECCOMP +BLKID +ELFUTILS +KMOD -IDN)
[22542.873825] systemd[1]: Detected virtualization oracle.
[22542.873828] systemd[1]: Detected architecture x86-64.
[22542.882285] systemd[1]: Set hostname to <cxdir-VirtualBox>.
[22543.304041] random: nonblocking pool is initialized
[22543.523073] systemd[1]: Listening on udev Control Socket.
[22543.523240] systemd[1]: Created slice System Slice.
[22543.523302] systemd[1]: Created slice User and Session Slice.
[22543.523312] systemd[1]: Reached target Encrypted Volumes.
[22543.523334] systemd[1]: Listening on udev Kernel Socket.
[22543.523369] systemd[1]: Started Forward Password Requests to Wall Directory Watch.
[22543.523391] systemd[1]: Listening on Syslog Socket.
[22543.523454] systemd[1]: Listening on Journal Audit Socket.
[22543.523483] systemd[1]: Listening on /dev/initctl Compatibility Named Pipe.
[22543.523500] systemd[1]: Listening on Journal Socket (/dev/log).
[22543.523508] systemd[1]: Reached target Slices.
[22543.523532] systemd[1]: Listening on Journal Socket.
[22543.547868] systemd[1]: Starting Load Kernel Modules...
[22543.548186] systemd[1]: Started Braille Device Support.
[22543.549837] systemd[1]: Starting Set console keymap...
[22543.550217] systemd[1]: Starting Create list of required static device nodes for the current kernel...
[22543.550603] systemd[1]: Mounting POSIX Message Queue File System...
[22543.550956] systemd[1]: Starting Journal Service...
[22543.551312] systemd[1]: Mounting Debug File System...
[22543.551670] systemd[1]: Mounting Huge Pages File System...
[22543.551692] systemd[1]: Reached target Remote File Systems (Pre).
[22543.551710] systemd[1]: Reached target Remote File Systems.
[22543.552176] systemd[1]: Starting Uncomplicated firewall...
[22543.552215] systemd[1]: Listening on fsck to fsckd communication Socket.
[22543.552343] systemd[1]: Set up automount Arbitrary Executable File Formats File System Automount Point.
[22543.579455] systemd[1]: Reached target User and Group Name Lookups.
[22543.691419] systemd[1]: Started Create list of required static device nodes for the current kernel.
[22543.691965] systemd[1]: Starting Create Static Device Nodes in /dev...
[22543.815776] systemd[1]: Started Uncomplicated firewall.
[22543.958305] systemd[1]: Mounted POSIX Message Queue File System.
[22543.958334] systemd[1]: Mounted Huge Pages File System.
[22543.958346] systemd[1]: Mounted Debug File System.
[22544.057336] systemd[1]: Started Journal Service.
[22544.171417] lp: driver loaded but no devices found
[22544.213860] ppdev: user-space parallel port driver
[22544.625807] EXT4-fs (sda1): re-mounted. Opts: errors=remount-ro
[22544.737787] systemd-journald[231]: Received request to flush runtime journal from PID 1
[22545.066152] vboxguest: module verification failed: signature and/or required key missing - tainting kernel
[22545.068619] vgdrvHeartbeatInit: Setting up heartbeat to trigger every 2000 milliseconds
[22545.068785] input: Unspecified device as /devices/pci0000:00/0000:00:04.0/input/input7
[22545.068854] vboxguest: misc device minor 56, IRQ 20, I/O port d020, MMIO at 00000000f0400000 (size 0x400000)
[22545.068855] vboxguest: Successfully loaded version 5.1.14 (interface 0x00010004)
[22545.209038] piix4_smbus 0000:00:07.0: SMBus Host Controller at 0x4100, revision 0
[22545.460587] [drm] Initialized drm 1.1.0 20060810
[22545.618112] [drm] VRAM 01000000
[22545.618431] [TTM] Zone  kernel: Available graphics memory: 1249420 kiB
[22545.618432] [TTM] Initializing pool allocator
[22545.618435] [TTM] Initializing DMA pool allocator
[22545.619168] fbcon: vboxdrmfb (fb0) is primary device
[22545.631640] Console: switching to colour frame buffer device 100x37
[22545.633422] vboxvideo 0000:00:02.0: fb0: vboxdrmfb frame buffer device
[22545.633425] [drm] Initialized vboxvideo 1.0.0 20130823 for 0000:00:02.0 on minor 0
[22545.670173] AVX version of gcm_enc/dec engaged.
[22545.670175] AES CTR mode by8 optimization enabled
[22545.851094] snd_intel8x0 0000:00:05.0: disable (unknown or VT-d) VM optimization
[22546.023066] intel_rapl: no valid rapl domains found in package 0
[22546.120021] snd_intel8x0 0000:00:05.0: white list rate for 1028:0177 is 48000
[22546.704247] audit: type=1400 audit(1514191458.584:2): apparmor="STATUS" operation="profile_load" name="/usr/lib/lightdm/lightdm-guest-session" pid=482 comm="apparmor_parser"
[22546.704251] audit: type=1400 audit(1514191458.584:3): apparmor="STATUS" operation="profile_load" name="chromium" pid=482 comm="apparmor_parser"
[22546.711818] audit: type=1400 audit(1514191458.592:4): apparmor="STATUS" operation="profile_load" name="/sbin/dhclient" pid=492 comm="apparmor_parser"
[22546.711821] audit: type=1400 audit(1514191458.592:5): apparmor="STATUS" operation="profile_load" name="/usr/lib/NetworkManager/nm-dhcp-client.action" pid=492 comm="apparmor_parser"
[22546.711824] audit: type=1400 audit(1514191458.592:6): apparmor="STATUS" operation="profile_load" name="/usr/lib/NetworkManager/nm-dhcp-helper" pid=492 comm="apparmor_parser"
[22546.711826] audit: type=1400 audit(1514191458.592:7): apparmor="STATUS" operation="profile_load" name="/usr/lib/connman/scripts/dhclient-script" pid=492 comm="apparmor_parser"
[22546.782951] audit: type=1400 audit(1514191458.664:8): apparmor="STATUS" operation="profile_load" name="/usr/bin/evince" pid=496 comm="apparmor_parser"
[22546.782955] audit: type=1400 audit(1514191458.664:9): apparmor="STATUS" operation="profile_load" name="sanitized_helper" pid=496 comm="apparmor_parser"
[22546.782957] audit: type=1400 audit(1514191458.664:10): apparmor="STATUS" operation="profile_load" name="/usr/bin/evince-previewer" pid=496 comm="apparmor_parser"
[22546.782959] audit: type=1400 audit(1514191458.664:11): apparmor="STATUS" operation="profile_load" name="sanitized_helper" pid=496 comm="apparmor_parser"
[22547.244752] Adding 8386556k swap on /dev/sda5.  Priority:-1 extents:1 across:8386556k FS
[22548.229500] floppy0: no floppy controllers found
[22548.229528] work still pending
[22550.118252] vboxsf: Successfully loaded version 5.1.14 (interface 0x00010004)
[22553.013041] VBoxService 5.1.14 r112924 (verbosity: 0) linux.amd64 (Jan 16 2017 17:38:46) release log
               00:00:00.000070 main     Log opened 2017-12-25T08:44:24.897961000Z
[22553.013075] 00:00:00.000137 main     OS Product: Linux
[22553.013115] 00:00:00.000157 main     OS Release: 4.3.0
[22553.013201] 00:00:00.000198 main     OS Version: #2 SMP Fri Sep 8 20:52:18 CST 2017
[22553.013606] 00:00:00.000653 main     Executable: /opt/VBoxGuestAdditions-5.1.14/sbin/VBoxService
               00:00:00.000655 main     Process ID: 968
               00:00:00.000655 main     Package type: LINUX_64BITS_GENERIC
[22553.014679] 00:00:00.001738 main     5.1.14 r112924 started. Verbose level = 0
[22553.199952] IPv6: ADDRCONF(NETDEV_UP): enp0s3: link is not ready
[22553.204789] IPv6: ADDRCONF(NETDEV_UP): enp0s3: link is not ready
[22553.206682] e1000: enp0s3 NIC Link is Up 1000 Mbps Full Duplex, Flow Control: RX
[22553.207189] IPv6: ADDRCONF(NETDEV_CHANGE): enp0s3: link becomes ready
[22646.772742] nova: dafs init nova_fs
[22646.772744] nova: init_nova_fs: 1 cpus online
[22646.772746] nova: Arch new instructions support: PCOMMIT NO, CLWB NO
[22646.773624] nova: dafs register file sytem nova
[22646.773628] nova: dafs end init_fs
[22646.819917] nova: dafs start to mount
[22646.819940] nova: nova_get_block_info: dev pmem0, phys_addr 0x80000000, virt_addr ffffc90040000000, size 1610547200
[22646.819951] nova: start init radix tree
[22646.819952] nova: finish init radix tree
[22646.819953] nova: start nova init
[22646.819953] nova: creating an empty nova of size 1610547200
[22646.819954] nova: nova: Default block size set to 4K
[22646.819957] nova: dafs init dzt block
[22646.819958] nova: dafs_get dzt blk
[22646.819960] nova: dzt alloc 1 dzt blocks from 4 to 4
[22646.819961] nova: dafs_init_dzt_block: allocate log @ 0x4
[22646.819962] nova: dafs get hard journal
[22646.819963] nova: nova_lite_journal_hard_init: allocate log @ 0x5
[22646.819964] nova: dafs get soft journal
[22646.819965] nova: nice journal initialize head 20480, tail 20480
[22646.819967] nova: dafs get inode table
[22646.820196] nova: nova_init_inode_table: allocate log @ 0x6
[22646.820197] nova: nova_init_inode_table:inode table log head is 24576
[22646.820200] nova: Allocate root inode
[22646.820201] nova: dafs_get dzt blk
[22646.820201] nova: dafs allocate hash table
[22646.820229] nova: get_hash_table: allocate zone @ 0x206
[22646.820229] nova: dafs allocate zone blocks
[22646.820283] nova: Zone 0, alloc 1 zone blocks from 582 to 582
[22646.820284] nova: dafs_alloc_dir_zone: allocate zone @ 0x246
[22646.820285] nova: dafs make dzt pointer
[22646.820285] nova: dafs_get dzt blk
[22646.820286] nova: dafs finish make dzt bitmap pointer
[22646.820286] nova: dafs start build dzt
[22646.820288] nova: dafs finish build dzt_e
[22646.820288] nova: dafs start init dir zones
[22646.820289] nova: root ze addr is 2383872
[22646.820289] nova: the root dir hashname is 47
[22646.820290] nova: test root hash name is 47
[22646.820290] nova: dafs finish creat root directory
[22646.820291] nova: dafs record pos in hash table address is 2121728
[22646.820291] nova: dafs finish recording pos in hash table
[22646.820294] nova: dafs_append_dir_init_entries start ino is 1, par_ino is 1
[22646.820295] nova: dafs record pos in hash table address is 2121728
[22646.820295] nova: dafs finish recording pos in hash table
[22646.820296] nova: dafs_append_dir_init_entries . pos is 1
[22646.820297] nova: dafs record pos in hash table address is 2121728
[22646.820297] nova: dafs finish recording pos in hash table
[22646.820298] nova: dafs_append_dir_init_entries .. pos is 2
[22646.820299] nova: dafs finish init dir zones
[22646.820299] nova: init_dir_info start
[22646.820317] nova: init_dir_info end
[22646.820318] nova: dafs finish nova_init
[22646.820318] nova: dafs start setting sb
[22646.820319] nova: dafs end setting sb
[22646.820319] nova: nova_iget:dafs start iget
[22646.820328] nova: nova_iget: inode 1
[22646.820329] nova: nova_iget: pi_addr is 0x1024
[22646.820330] nova: nova_rebuild_inode:dafs start to rebuild inode
[22646.820331] nova: nova_rebuild_inode s_ifdir
[22646.820332] nova: sucessfully get inode
[22646.820334] nova: root_dentry name is /
[22646.820334] nova: dafs end fill super
[22646.820335] nova: dafs finish mount
[22646.821362] nova: dafs_lookup:dafs start lookup .Trash 
[22646.821364] nova: dafs_lookup: .Trash
[22646.821365] nova: dafs_inode_by_name:dafs start to inode by name
[22646.821367] nova: dafs_find_direntry dentry name is .Trash
[22646.821368] nova: dafs_find_direntry ph is /.Trash
[22646.821370] nova: dafs_find_direntry phn is /
[22646.821371] nova: dafs_find_direntry dentry full name is /.Trash
[22646.821372] nova: dafs_lookup: look up get ino 0
[22646.821373] nova: dafs_lookup:dafs finish lookup 0
[22646.821385] nova: dafs_lookup:dafs start lookup .Trash-1000 
[22646.821386] nova: dafs_lookup: .Trash-1000
[22646.821386] nova: dafs_inode_by_name:dafs start to inode by name
[22646.821387] nova: dafs_find_direntry dentry name is .Trash-1000
[22646.821387] nova: dafs_find_direntry ph is /.Trash-1000
[22646.821388] nova: dafs_find_direntry phn is /
[22646.821389] nova: dafs_find_direntry dentry full name is /.Trash-1000
[22646.821389] nova: dafs_lookup: look up get ino 0
[22646.821390] nova: dafs_lookup:dafs finish lookup 0
[22654.545457] nova: dafs_readdir: inode ino 1, dentry ino 1
[22654.545460] nova: inode addr is 1024
[22654.545462] nova: get_dentry_path: dafs remove / 
[22654.545464] nova: dafs_find_direntry dentry name is /
[22654.545465] nova: get_dentry_path: dafs remove / 
[22654.545465] nova: dafs_find_direntry ph is /
[22654.545466] nova: dafs_find_direntry phn is /
[22654.545467] nova: dafs_find_direntry dentry full name is /
[22654.545468] nova: dafs_readdir:find dir name is /, hashname is 47
[22654.545470] nova: nova_get_inode_address:dafs get inode addr
[22654.545471] nova: nova_get_inode_address:dbg blk_type is 6, dafs_bits is 0
[22654.545472] nova: nova_get_inode_address:dbg ino is1,internal_ino is 1, num cpus is 1
[22654.545472] nova: dafs get inode table
[22654.545473] nova: nova_get_inode_address:inode_table log head is 24576
[22654.545474] nova: nova_get_inode_address:index is 1, supercount is 0
[22654.545474] nova: nova_get_inode_address:inode table addr is 24576
[22654.545475] nova: nova_get_inode_address:dafs finish find inode at 24704
[22654.545476] nova: ctx: pos 1 ino 1, name ., name_len 1, de_len 128
[22654.545477] nova: nova_get_inode_address:dafs get inode addr
[22654.545478] nova: nova_get_inode_address:dbg blk_type is 6, dafs_bits is 0
[22654.545478] nova: nova_get_inode_address:dbg ino is1,internal_ino is 1, num cpus is 1
[22654.545479] nova: dafs get inode table
[22654.545479] nova: nova_get_inode_address:inode_table log head is 24576
[22654.545480] nova: nova_get_inode_address:index is 1, supercount is 0
[22654.545480] nova: nova_get_inode_address:inode table addr is 24576
[22654.545481] nova: nova_get_inode_address:dafs finish find inode at 24704
[22654.545482] nova: ctx: pos 2 ino 1, name .., name_len 2, de_len 128
[22654.545482] nova: dafs_readdir readdir return
[22654.545484] nova: inode addr is 1024
[22654.545487] nova: dafs_readdir: inode ino 1, dentry ino 1
[22654.545488] nova: inode addr is 1024
[22654.545488] nova: dafs_readdir readdir return
[22654.545571] nova: dafs_readdir: inode ino 1, dentry ino 1
[22654.545572] nova: inode addr is 1024
[22654.545573] nova: get_dentry_path: dafs remove / 
[22654.545574] nova: dafs_find_direntry dentry name is /
[22654.545575] nova: get_dentry_path: dafs remove / 
[22654.545576] nova: dafs_find_direntry ph is /
[22654.545577] nova: dafs_find_direntry phn is /
[22654.545577] nova: dafs_find_direntry dentry full name is /
[22654.545578] nova: dafs_readdir:find dir name is /, hashname is 47
[22654.545579] nova: nova_get_inode_address:dafs get inode addr
[22654.545579] nova: nova_get_inode_address:dbg blk_type is 6, dafs_bits is 0
[22654.545580] nova: nova_get_inode_address:dbg ino is1,internal_ino is 1, num cpus is 1
[22654.545581] nova: dafs get inode table
[22654.545581] nova: nova_get_inode_address:inode_table log head is 24576
[22654.545582] nova: nova_get_inode_address:index is 1, supercount is 0
[22654.545582] nova: nova_get_inode_address:inode table addr is 24576
[22654.545583] nova: nova_get_inode_address:dafs finish find inode at 24704
[22654.545584] nova: ctx: pos 1 ino 1, name ., name_len 1, de_len 128
[22654.545584] nova: nova_get_inode_address:dafs get inode addr
[22654.545585] nova: nova_get_inode_address:dbg blk_type is 6, dafs_bits is 0
[22654.545586] nova: nova_get_inode_address:dbg ino is1,internal_ino is 1, num cpus is 1
[22654.545586] nova: dafs get inode table
[22654.545587] nova: nova_get_inode_address:inode_table log head is 24576
[22654.545587] nova: nova_get_inode_address:index is 1, supercount is 0
[22654.545588] nova: nova_get_inode_address:inode table addr is 24576
[22654.545588] nova: nova_get_inode_address:dafs finish find inode at 24704
[22654.545589] nova: ctx: pos 2 ino 1, name .., name_len 2, de_len 128
[22654.545590] nova: dafs_readdir readdir return
[22654.545591] nova: dafs_readdir: inode ino 1, dentry ino 1
[22654.545592] nova: inode addr is 1024
[22654.545592] nova: dafs_readdir readdir return
[22654.546642] nova: dafs_readdir: inode ino 1, dentry ino 1
[22654.546643] nova: inode addr is 1024
[22654.546667] nova: get_dentry_path: dafs remove / 
[22654.546668] nova: dafs_find_direntry dentry name is /
[22654.546670] nova: get_dentry_path: dafs remove / 
[22654.546671] nova: dafs_find_direntry ph is /
[22654.546672] nova: dafs_find_direntry phn is /
[22654.546672] nova: dafs_find_direntry dentry full name is /
[22654.546673] nova: dafs_readdir:find dir name is /, hashname is 47
[22654.546674] nova: nova_get_inode_address:dafs get inode addr
[22654.546675] nova: nova_get_inode_address:dbg blk_type is 6, dafs_bits is 0
[22654.546675] nova: nova_get_inode_address:dbg ino is1,internal_ino is 1, num cpus is 1
[22654.546676] nova: dafs get inode table
[22654.546676] nova: nova_get_inode_address:inode_table log head is 24576
[22654.546677] nova: nova_get_inode_address:index is 1, supercount is 0
[22654.546678] nova: nova_get_inode_address:inode table addr is 24576
[22654.546678] nova: nova_get_inode_address:dafs finish find inode at 24704
[22654.546679] nova: ctx: pos 1 ino 1, name ., name_len 1, de_len 128
[22654.546680] nova: nova_get_inode_address:dafs get inode addr
[22654.546680] nova: nova_get_inode_address:dbg blk_type is 6, dafs_bits is 0
[22654.546681] nova: nova_get_inode_address:dbg ino is1,internal_ino is 1, num cpus is 1
[22654.546681] nova: dafs get inode table
[22654.546682] nova: nova_get_inode_address:inode_table log head is 24576
[22654.546683] nova: nova_get_inode_address:index is 1, supercount is 0
[22654.546683] nova: nova_get_inode_address:inode table addr is 24576
[22654.546684] nova: nova_get_inode_address:dafs finish find inode at 24704
[22654.546685] nova: ctx: pos 2 ino 1, name .., name_len 2, de_len 128
[22654.546685] nova: dafs_readdir readdir return
[22654.546687] nova: dafs_readdir: inode ino 1, dentry ino 1
[22654.546688] nova: inode addr is 1024
[22654.546688] nova: dafs_readdir readdir return
[22664.810512] nova: dafs_lookup:dafs start lookup 1 
[22664.810513] nova: dafs_lookup: 1
[22664.810515] nova: dafs_inode_by_name:dafs start to inode by name
[22664.810516] nova: dafs_find_direntry dentry name is 1
[22664.810518] nova: dafs_find_direntry ph is /1
[22664.810519] nova: dafs_find_direntry phn is /
[22664.810520] nova: dafs_find_direntry dentry full name is /1
[22664.810521] nova: dafs_lookup: look up get ino 0
[22664.810522] nova: dafs_lookup:dafs finish lookup 0
[22664.810523] nova: dafs_mkdir:dafs start to mkdir
[22664.810524] nova: dafs start make ino
[22664.810526] nova: nova_get_inode_address:dafs get inode addr
[22664.810527] nova: nova_get_inode_address:dbg blk_type is 6, dafs_bits is 0
[22664.810527] nova: nova_get_inode_address:dbg ino is16,internal_ino is 16, num cpus is 1
[22664.810528] nova: dafs get inode table
[22664.810528] nova: nova_get_inode_address:inode_table log head is 24576
[22664.810529] nova: nova_get_inode_address:index is 16, supercount is 0
[22664.810529] nova: nova_get_inode_address:inode table addr is 24576
[22664.810530] nova: nova_get_inode_address:dafs finish find inode at 26624
[22664.810532] nova: full name is /1, name len is 2
[22664.810532] nova: inode addr is 1024
[22664.810533] nova: dentry /1 hashname is 6206
[22664.810534] nova: dafs record pos in hash table address is 2121728
[22664.810534] nova: dafs finish recording pos in hash table
[22664.810535] nova: dafs_add_dentry:temlen is 1, zone num is 0
[22664.810535] nova: dafs_add_dentry:par is root hash 47
[22664.810536] nova: dafs_add_dentry:sub num is 3
[22664.810538] nova: dafs_append_dir_init_entries start ino is 16, par_ino is 1
[22664.810538] nova: dafs record pos in hash table address is 2121728
[22664.810539] nova: dafs finish recording pos in hash table
[22664.810539] nova: dafs_append_dir_init_entries . pos is 4
[22664.810540] nova: dafs record pos in hash table address is 2121728
[22664.810541] nova: dafs finish recording pos in hash table
[22664.810541] nova: dafs_append_dir_init_entries .. pos is 5
[22664.810542] nova: dafs_add_dentry:dafs finish add dentry, ino 16, parent name /
[22664.810543] nova: dafs start make new vfs inode
[22664.810544] nova: inode addr is 1024
[22664.810545] nova: dafs end making inode
[22664.810546] nova: inode addr is 26624
[22664.810546] nova: inode addr is 1024
[22664.810547] nova: nova_create_lite_transaction start
[22664.810548] nova: journal tail 20480, with head 20480
[22664.810549] nova: journal tail 20544, with head 20480
[22664.810549] nova: nova_create_lite_transaction end
[22664.810550] nova: nova_commit_lite_transaction start
[22664.810550] nova: journal tail 20544, with head 20544
[22670.027551] nova: dafs_readdir: inode ino 16, dentry ino 16
[22670.027552] nova: inode addr is 26624
[22670.027555] nova: dafs_find_direntry dentry name is 1
[22670.027556] nova: dafs_find_direntry ph is /1
[22670.027557] nova: dafs_find_direntry phn is /
[22670.027558] nova: dafs_find_direntry dentry full name is /1
[22670.027560] nova: dafs_readdir:find dir name is /1, hashname is 6206
[22670.027561] nova: nova_get_inode_address:dafs get inode addr
[22670.027562] nova: nova_get_inode_address:dbg blk_type is 6, dafs_bits is 0
[22670.027562] nova: nova_get_inode_address:dbg ino is16,internal_ino is 16, num cpus is 1
[22670.027563] nova: dafs get inode table
[22670.027564] nova: nova_get_inode_address:inode_table log head is 24576
[22670.027564] nova: nova_get_inode_address:index is 16, supercount is 0
[22670.027565] nova: nova_get_inode_address:inode table addr is 24576
[22670.027566] nova: nova_get_inode_address:dafs finish find inode at 26624
[22670.027566] nova: ctx: pos 4 ino 16, name ., name_len 1, de_len 128
[22670.027567] nova: nova_get_inode_address:dafs get inode addr
[22670.027568] nova: nova_get_inode_address:dbg blk_type is 6, dafs_bits is 0
[22670.027569] nova: nova_get_inode_address:dbg ino is1,internal_ino is 1, num cpus is 1
[22670.027569] nova: dafs get inode table
[22670.027570] nova: nova_get_inode_address:inode_table log head is 24576
[22670.027570] nova: nova_get_inode_address:index is 1, supercount is 0
[22670.027571] nova: nova_get_inode_address:inode table addr is 24576
[22670.027571] nova: nova_get_inode_address:dafs finish find inode at 24704
[22670.027572] nova: ctx: pos 5 ino 1, name .., name_len 2, de_len 128
[22670.027573] nova: dafs_readdir readdir return
[22670.027574] nova: inode addr is 26624
[22670.027576] nova: dafs_readdir: inode ino 16, dentry ino 16
[22670.027576] nova: inode addr is 26624
[22670.027577] nova: dafs_readdir readdir return
[22670.027581] nova: inode addr is 26624
[22670.027582] nova: dafs_rmdir:dafs start to rmdir
[22670.027583] nova: inode addr is 1024
[22670.027583] nova: dafs_inode_by_name:dafs start to inode by name
[22670.027584] nova: dafs_find_direntry dentry name is 1
[22670.027585] nova: dafs_find_direntry ph is /1
[22670.027585] nova: dafs_find_direntry phn is /
[22670.027586] nova: dafs_find_direntry dentry full name is /1
[22670.027587] nova: dafs_inode_by_name:dafs finish inode by name, ino is 16
[22670.027592] nova: nova_extend_inode_log start
[22670.027593] nova: nova_allocate_inode_log_pages start
[22670.027595] nova: Pi 16: Alloc 1 log blocks @ 0x2c6
[22670.027596] nova: nova_extend_inode_log pi log tail is 2908160
[22670.027597] nova: dafs_lite_transaction_for_time_and_link start
[22670.027598] nova: journal tail 20544, with head 20544
[22670.027598] nova: dafs_lite_transaction_for_time_and_link finish commit transaction
[22670.027599] nova: nova_create_lite_transaction start
[22670.027600] nova: journal tail 20544, with head 20544
[22670.027601] nova: journal tail 20608, with head 20544
[22670.027601] nova: nova_create_lite_transaction end
[22670.027602] nova: nova_commit_lite_transaction start
[22670.027603] nova: journal tail 20608, with head 20608
[22670.027603] nova: dafs_lite_transaction_for_time_and_link end
[22670.027605] nova: inode addr is 26624
[22670.027605] nova: nova_evict_inode start
[22670.027606] nova: nova_evict_inode: dir ino 16
[22670.027607] nova: nova_free_inode start
[22670.027607] nova: inode addr is 26624
[22670.027608] nova: nova_free_inode_log start
[22670.027609] nova: nova_free_inuse_inode start
[22670.027610] nova: Free inuse ino: 16
[22670.027611] nova: nova_free_inuse_inode end
[22670.027611] nova: nova_free_inode end
[22674.115586] nova: dafs_readdir: inode ino 1, dentry ino 1
[22674.115587] nova: inode addr is 1024
[22674.115590] nova: get_dentry_path: dafs remove / 
[22674.115592] nova: dafs_find_direntry dentry name is /
[22674.115593] nova: get_dentry_path: dafs remove / 
[22674.115594] nova: dafs_find_direntry ph is /
[22674.115594] nova: dafs_find_direntry phn is /
[22674.115595] nova: dafs_find_direntry dentry full name is /
[22674.115597] nova: dafs_readdir:find dir name is /, hashname is 47
[22674.115598] nova: nova_get_inode_address:dafs get inode addr
[22674.115599] nova: nova_get_inode_address:dbg blk_type is 6, dafs_bits is 0
[22674.115599] nova: nova_get_inode_address:dbg ino is1,internal_ino is 1, num cpus is 1
[22674.115600] nova: dafs get inode table
[22674.115601] nova: nova_get_inode_address:inode_table log head is 24576
[22674.115601] nova: nova_get_inode_address:index is 1, supercount is 0
[22674.115602] nova: nova_get_inode_address:inode table addr is 24576
[22674.115603] nova: nova_get_inode_address:dafs finish find inode at 24704
[22674.115603] nova: ctx: pos 1 ino 1, name ., name_len 1, de_len 128
[22674.115604] nova: nova_get_inode_address:dafs get inode addr
[22674.115605] nova: nova_get_inode_address:dbg blk_type is 6, dafs_bits is 0
[22674.115606] nova: nova_get_inode_address:dbg ino is1,internal_ino is 1, num cpus is 1
[22674.115606] nova: dafs get inode table
[22674.115606] nova: nova_get_inode_address:inode_table log head is 24576
[22674.115607] nova: nova_get_inode_address:index is 1, supercount is 0
[22674.115607] nova: nova_get_inode_address:inode table addr is 24576
[22674.115608] nova: nova_get_inode_address:dafs finish find inode at 24704
[22674.115609] nova: ctx: pos 2 ino 1, name .., name_len 2, de_len 128
[22674.115610] nova: dafs_readdir readdir return
[22674.115611] nova: inode addr is 1024
[22674.115612] nova: dafs_readdir: inode ino 1, dentry ino 1
[22674.115613] nova: inode addr is 1024
[22674.115613] nova: dafs_readdir readdir return
[22680.107534] nova: dafs_mkdir:dafs start to mkdir
[22680.107537] nova: dafs start make ino
[22680.107538] nova: nova_get_inode_address:dafs get inode addr
[22680.107540] nova: nova_get_inode_address:dbg blk_type is 6, dafs_bits is 0
[22680.107540] nova: nova_get_inode_address:dbg ino is16,internal_ino is 16, num cpus is 1
[22680.107541] nova: dafs get inode table
[22680.107542] nova: nova_get_inode_address:inode_table log head is 24576
[22680.107542] nova: nova_get_inode_address:index is 16, supercount is 0
[22680.107543] nova: nova_get_inode_address:inode table addr is 24576
[22680.107543] nova: nova_get_inode_address:dafs finish find inode at 26624
[22680.107546] nova: full name is /1, name len is 2
[22680.107547] nova: inode addr is 1024
[22680.107548] nova: dentry /1 hashname is 6206
[22680.107549] nova: dafs record pos in hash table address is 2121728
[22680.107549] nova: dafs finish recording pos in hash table
[22680.107550] nova: dafs_add_dentry:temlen is 1, zone num is 0
[22680.107550] nova: dafs_add_dentry:par is root hash 47
[22680.107551] nova: dafs_add_dentry:sub num is 3
[22680.107553] nova: dafs_append_dir_init_entries start ino is 16, par_ino is 1
[22680.107554] nova: dafs record pos in hash table address is 2121728
[22680.107554] nova: dafs finish recording pos in hash table
[22680.107555] nova: dafs_append_dir_init_entries . pos is 4
[22680.107556] nova: dafs record pos in hash table address is 2121728
[22680.107556] nova: dafs finish recording pos in hash table
[22680.107557] nova: dafs_append_dir_init_entries .. pos is 5
[22680.107558] nova: dafs_add_dentry:dafs finish add dentry, ino 16, parent name /
[22680.107558] nova: dafs start make new vfs inode
[22680.107560] nova: inode addr is 1024
[22680.107561] nova: dafs end making inode
[22680.107561] nova: inode addr is 26624
[22680.107562] nova: inode addr is 1024
[22680.107563] nova: nova_create_lite_transaction start
[22680.107564] nova: journal tail 20608, with head 20608
[22680.107565] nova: journal tail 20672, with head 20608
[22680.107565] nova: nova_create_lite_transaction end
[22680.107566] nova: nova_commit_lite_transaction start
[22680.107566] nova: journal tail 20672, with head 20672
[22681.260373] nova: dafs_readdir: inode ino 1, dentry ino 1
[22681.260374] nova: inode addr is 1024
[22681.260376] nova: get_dentry_path: dafs remove / 
[22681.260378] nova: dafs_find_direntry dentry name is /
[22681.260379] nova: get_dentry_path: dafs remove / 
[22681.260379] nova: dafs_find_direntry ph is /
[22681.260380] nova: dafs_find_direntry phn is /
[22681.260380] nova: dafs_find_direntry dentry full name is /
[22681.260382] nova: dafs_readdir:find dir name is /, hashname is 47
[22681.260383] nova: nova_get_inode_address:dafs get inode addr
[22681.260384] nova: nova_get_inode_address:dbg blk_type is 6, dafs_bits is 0
[22681.260385] nova: nova_get_inode_address:dbg ino is1,internal_ino is 1, num cpus is 1
[22681.260385] nova: dafs get inode table
[22681.260386] nova: nova_get_inode_address:inode_table log head is 24576
[22681.260387] nova: nova_get_inode_address:index is 1, supercount is 0
[22681.260387] nova: nova_get_inode_address:inode table addr is 24576
[22681.260388] nova: nova_get_inode_address:dafs finish find inode at 24704
[22681.260389] nova: ctx: pos 1 ino 1, name ., name_len 1, de_len 128
[22681.260389] nova: nova_get_inode_address:dafs get inode addr
[22681.260390] nova: nova_get_inode_address:dbg blk_type is 6, dafs_bits is 0
[22681.260391] nova: nova_get_inode_address:dbg ino is1,internal_ino is 1, num cpus is 1
[22681.260391] nova: dafs get inode table
[22681.260391] nova: nova_get_inode_address:inode_table log head is 24576
[22681.260392] nova: nova_get_inode_address:index is 1, supercount is 0
[22681.260392] nova: nova_get_inode_address:inode table addr is 24576
[22681.260393] nova: nova_get_inode_address:dafs finish find inode at 24704
[22681.260394] nova: ctx: pos 2 ino 1, name .., name_len 2, de_len 128
[22681.260395] nova: nova_get_inode_address:dafs get inode addr
[22681.260395] nova: nova_get_inode_address:dbg blk_type is 6, dafs_bits is 0
[22681.260396] nova: nova_get_inode_address:dbg ino is16,internal_ino is 16, num cpus is 1
[22681.260396] nova: dafs get inode table
[22681.260397] nova: nova_get_inode_address:inode_table log head is 24576
[22681.260397] nova: nova_get_inode_address:index is 16, supercount is 0
[22681.260398] nova: nova_get_inode_address:inode table addr is 24576
[22681.260398] nova: nova_get_inode_address:dafs finish find inode at 26624
[22681.260399] nova: ctx: pos 3 ino 16, name 1, name_len 1, de_len 128
[22681.260399] nova: dafs_readdir readdir return
[22681.260400] nova: inode addr is 1024
[22681.260404] nova: dafs_readdir: inode ino 1, dentry ino 1
[22681.260404] nova: inode addr is 1024
[22681.260405] nova: dafs_readdir readdir return
[22904.399226] nova: dafs_readdir: inode ino 1, dentry ino 1
[22904.399234] nova: inode addr is 1024
[22904.399240] nova: get_dentry_path: dafs remove / 
[22904.399247] nova: dafs_find_direntry dentry name is /
[22904.399251] nova: get_dentry_path: dafs remove / 
[22904.399254] nova: dafs_find_direntry ph is /
[22904.399257] nova: dafs_find_direntry phn is /
[22904.399261] nova: dafs_find_direntry dentry full name is /
[22904.399265] nova: dafs_readdir:find dir name is /, hashname is 47
[22904.399269] nova: nova_get_inode_address:dafs get inode addr
[22904.399272] nova: nova_get_inode_address:dbg blk_type is 6, dafs_bits is 0
[22904.399276] nova: nova_get_inode_address:dbg ino is1,internal_ino is 1, num cpus is 1
[22904.399278] nova: dafs get inode table
[22904.399281] nova: nova_get_inode_address:inode_table log head is 24576
[22904.399283] nova: nova_get_inode_address:index is 1, supercount is 0
[22904.399286] nova: nova_get_inode_address:inode table addr is 24576
[22904.399288] nova: nova_get_inode_address:dafs finish find inode at 24704
[22904.399292] nova: ctx: pos 1 ino 1, name ., name_len 1, de_len 128
[22904.399296] nova: nova_get_inode_address:dafs get inode addr
[22904.399299] nova: nova_get_inode_address:dbg blk_type is 6, dafs_bits is 0
[22904.399302] nova: nova_get_inode_address:dbg ino is1,internal_ino is 1, num cpus is 1
[22904.399304] nova: dafs get inode table
[22904.399306] nova: nova_get_inode_address:inode_table log head is 24576
[22904.399308] nova: nova_get_inode_address:index is 1, supercount is 0
[22904.399311] nova: nova_get_inode_address:inode table addr is 24576
[22904.399313] nova: nova_get_inode_address:dafs finish find inode at 24704
[22904.399317] nova: ctx: pos 2 ino 1, name .., name_len 2, de_len 128
[22904.399321] nova: nova_get_inode_address:dafs get inode addr
[22904.399325] nova: nova_get_inode_address:dbg blk_type is 6, dafs_bits is 0
[22904.399330] nova: nova_get_inode_address:dbg ino is16,internal_ino is 16, num cpus is 1
[22904.399332] nova: dafs get inode table
[22904.399383] nova: nova_get_inode_address:inode_table log head is 24576
[22904.399385] nova: nova_get_inode_address:index is 16, supercount is 0
[22904.399388] nova: nova_get_inode_address:inode table addr is 24576
[22904.399390] nova: nova_get_inode_address:dafs finish find inode at 26624
[22904.399394] nova: ctx: pos 3 ino 16, name 1, name_len 1, de_len 128
[22904.399397] nova: dafs_readdir readdir return
[22904.399411] nova: dafs_readdir: inode ino 1, dentry ino 1
[22904.399414] nova: inode addr is 1024
[22904.399416] nova: dafs_readdir readdir return
[22904.399758] nova: dafs_readdir: inode ino 1, dentry ino 1
[22904.399761] nova: inode addr is 1024
[22904.399767] nova: get_dentry_path: dafs remove / 
[22904.399772] nova: dafs_find_direntry dentry name is /
[22904.399776] nova: get_dentry_path: dafs remove / 
[22904.399778] nova: dafs_find_direntry ph is /
[22904.399781] nova: dafs_find_direntry phn is /
[22904.399783] nova: dafs_find_direntry dentry full name is /
[22904.399787] nova: dafs_readdir:find dir name is /, hashname is 47
[22904.399790] nova: nova_get_inode_address:dafs get inode addr
[22904.399793] nova: nova_get_inode_address:dbg blk_type is 6, dafs_bits is 0
[22904.399795] nova: nova_get_inode_address:dbg ino is1,internal_ino is 1, num cpus is 1
[22904.399798] nova: dafs get inode table
[22904.399800] nova: nova_get_inode_address:inode_table log head is 24576
[22904.399803] nova: nova_get_inode_address:index is 1, supercount is 0
[22904.399805] nova: nova_get_inode_address:inode table addr is 24576
[22904.399807] nova: nova_get_inode_address:dafs finish find inode at 24704
[22904.399811] nova: ctx: pos 1 ino 1, name ., name_len 1, de_len 128
[22904.399813] nova: nova_get_inode_address:dafs get inode addr
[22904.399816] nova: nova_get_inode_address:dbg blk_type is 6, dafs_bits is 0
[22904.399819] nova: nova_get_inode_address:dbg ino is1,internal_ino is 1, num cpus is 1
[22904.399821] nova: dafs get inode table
[22904.399824] nova: nova_get_inode_address:inode_table log head is 24576
[22904.399827] nova: nova_get_inode_address:index is 1, supercount is 0
[22904.399831] nova: nova_get_inode_address:inode table addr is 24576
[22904.399834] nova: nova_get_inode_address:dafs finish find inode at 24704
[22904.399886] nova: ctx: pos 2 ino 1, name .., name_len 2, de_len 128
[22904.399890] nova: nova_get_inode_address:dafs get inode addr
[22904.399892] nova: nova_get_inode_address:dbg blk_type is 6, dafs_bits is 0
[22904.399896] nova: nova_get_inode_address:dbg ino is16,internal_ino is 16, num cpus is 1
[22904.399897] nova: dafs get inode table
[22904.399899] nova: nova_get_inode_address:inode_table log head is 24576
[22904.399902] nova: nova_get_inode_address:index is 16, supercount is 0
[22904.399904] nova: nova_get_inode_address:inode table addr is 24576
[22904.399906] nova: nova_get_inode_address:dafs finish find inode at 26624
[22904.399909] nova: ctx: pos 3 ino 16, name 1, name_len 1, de_len 128
[22904.399912] nova: dafs_readdir readdir return
[22904.399923] nova: dafs_readdir: inode ino 1, dentry ino 1
[22904.399926] nova: inode addr is 1024
[22904.399928] nova: dafs_readdir readdir return
[22904.412495] nova: dafs_lookup:dafs start lookup ~ 
[22904.412499] nova: dafs_lookup: ~
[22904.412506] nova: dafs_inode_by_name:dafs start to inode by name
[22904.412509] nova: dafs_find_direntry dentry name is ~
[22904.412516] nova: dafs_find_direntry ph is /~
[22904.412520] nova: dafs_find_direntry phn is /
[22904.412524] nova: dafs_find_direntry dentry full name is /~
[22904.412527] nova: dafs_lookup: look up get ino 0
[22904.412530] nova: dafs_lookup:dafs finish lookup 0
[22946.471057] nova: dafs_readdir: inode ino 16, dentry ino 16
[22946.471059] nova: inode addr is 26624
[22946.471062] nova: dafs_find_direntry dentry name is 1
[22946.471063] nova: dafs_find_direntry ph is /1
[22946.471064] nova: dafs_find_direntry phn is /
[22946.471064] nova: dafs_find_direntry dentry full name is /1
[22946.471066] nova: dafs_readdir:find dir name is /1, hashname is 6206
[22946.471067] nova: nova_get_inode_address:dafs get inode addr
[22946.471068] nova: nova_get_inode_address:dbg blk_type is 6, dafs_bits is 0
[22946.471069] nova: nova_get_inode_address:dbg ino is16,internal_ino is 16, num cpus is 1
[22946.471069] nova: dafs get inode table
[22946.471070] nova: nova_get_inode_address:inode_table log head is 24576
[22946.471070] nova: nova_get_inode_address:index is 16, supercount is 0
[22946.471071] nova: nova_get_inode_address:inode table addr is 24576
[22946.471072] nova: nova_get_inode_address:dafs finish find inode at 26624
[22946.471073] nova: ctx: pos 4 ino 16, name ., name_len 1, de_len 128
[22946.471073] nova: nova_get_inode_address:dafs get inode addr
[22946.471074] nova: nova_get_inode_address:dbg blk_type is 6, dafs_bits is 0
[22946.471075] nova: nova_get_inode_address:dbg ino is1,internal_ino is 1, num cpus is 1
[22946.471075] nova: dafs get inode table
[22946.471076] nova: nova_get_inode_address:inode_table log head is 24576
[22946.471076] nova: nova_get_inode_address:index is 1, supercount is 0
[22946.471077] nova: nova_get_inode_address:inode table addr is 24576
[22946.471077] nova: nova_get_inode_address:dafs finish find inode at 24704
[22946.471078] nova: ctx: pos 5 ino 1, name .., name_len 2, de_len 128
[22946.471079] nova: dafs_readdir readdir return
[22946.471080] nova: inode addr is 26624
[22946.471092] nova: dafs_readdir: inode ino 16, dentry ino 16
[22946.471093] nova: inode addr is 26624
[22946.471093] nova: dafs_readdir readdir return
[22946.471121] nova: inode addr is 26624
[22946.471122] nova: dafs_rmdir:dafs start to rmdir
[22946.471122] nova: inode addr is 1024
[22946.471123] nova: dafs_inode_by_name:dafs start to inode by name
[22946.471123] nova: dafs_find_direntry dentry name is 1
[22946.471124] nova: dafs_find_direntry ph is /1
[22946.471125] nova: dafs_find_direntry phn is /
[22946.471126] nova: dafs_find_direntry dentry full name is /1
[22946.471126] nova: dafs_inode_by_name:dafs finish inode by name, ino is 16
[22946.471132] nova: nova_extend_inode_log start
[22946.471132] nova: nova_allocate_inode_log_pages start
[22946.471134] nova: Pi 16: Alloc 1 log blocks @ 0x2c6
[22946.471135] nova: nova_extend_inode_log pi log tail is 2908160
[22946.471136] nova: dafs_lite_transaction_for_time_and_link start
[22946.471136] nova: journal tail 20672, with head 20672
[22946.471137] nova: dafs_lite_transaction_for_time_and_link finish commit transaction
[22946.471138] nova: nova_create_lite_transaction start
[22946.471151] nova: journal tail 20672, with head 20672
[22946.471152] nova: journal tail 20736, with head 20672
[22946.471153] nova: nova_create_lite_transaction end
[22946.471153] nova: nova_commit_lite_transaction start
[22946.471154] nova: journal tail 20736, with head 20736
[22946.471155] nova: dafs_lite_transaction_for_time_and_link end
[22946.471157] nova: inode addr is 26624
[22946.471157] nova: nova_evict_inode start
[22946.471158] nova: nova_evict_inode: dir ino 16
[22946.471159] nova: nova_free_inode start
[22946.471159] nova: inode addr is 26624
[22946.471160] nova: nova_free_inode_log start
[22946.471162] nova: nova_free_inuse_inode start
[22946.471162] nova: Free inuse ino: 16
[22946.471163] nova: nova_free_inuse_inode end
[22946.471163] nova: nova_free_inode end
[22982.717736] nova: dafs_lookup:dafs start lookup fi 
[22982.717738] nova: dafs_lookup: fi
[22982.717741] nova: dafs_inode_by_name:dafs start to inode by name
[22982.717743] nova: dafs_find_direntry dentry name is fi
[22982.717746] nova: dafs_find_direntry ph is /fi
[22982.717748] nova: dafs_find_direntry phn is /
[22982.717749] nova: dafs_find_direntry dentry full name is /fi
[22982.717751] nova: dafs_lookup: look up get ino 0
[22982.717752] nova: dafs_lookup:dafs finish lookup 0
[22984.233784] nova: dafs_lookup:dafs start lookup file 
[22984.233794] nova: dafs_lookup: file
[22984.233856] nova: dafs_inode_by_name:dafs start to inode by name
[22984.233887] nova: dafs_find_direntry dentry name is file
[22984.233900] nova: dafs_find_direntry ph is /file
[22984.233905] nova: dafs_find_direntry phn is /
[22984.233909] nova: dafs_find_direntry dentry full name is /file
[22984.233913] nova: dafs_lookup: look up get ino 0
[22984.233916] nova: dafs_lookup:dafs finish lookup 0
[22985.172050] nova: dafs_lookup:dafs start lookup fileb 
[22985.172053] nova: dafs_lookup: fileb
[22985.172054] nova: dafs_inode_by_name:dafs start to inode by name
[22985.172055] nova: dafs_find_direntry dentry name is fileb
[22985.172057] nova: dafs_find_direntry ph is /fileb
[22985.172059] nova: dafs_find_direntry phn is /
[22985.172060] nova: dafs_find_direntry dentry full name is /fileb
[22985.172061] nova: dafs_lookup: look up get ino 0
[22985.172062] nova: dafs_lookup:dafs finish lookup 0
[22985.172994] nova: dafs_lookup:dafs start lookup filebench 
[22985.172996] nova: dafs_lookup: filebench
[22985.172996] nova: dafs_inode_by_name:dafs start to inode by name
[22985.172997] nova: dafs_find_direntry dentry name is filebench
[22985.172998] nova: dafs_find_direntry ph is /filebench
[22985.172999] nova: dafs_find_direntry phn is /
[22985.173000] nova: dafs_find_direntry dentry full name is /filebench
[22985.173001] nova: dafs_lookup: look up get ino 0
[22985.173001] nova: dafs_lookup:dafs finish lookup 0
[22992.708032] nova: dafs_readdir: inode ino 1, dentry ino 1
[22992.708037] nova: inode addr is 1024
[22992.708042] nova: get_dentry_path: dafs remove / 
[22992.708046] nova: dafs_find_direntry dentry name is /
[22992.708049] nova: get_dentry_path: dafs remove / 
[22992.708051] nova: dafs_find_direntry ph is /
[22992.708053] nova: dafs_find_direntry phn is /
[22992.708055] nova: dafs_find_direntry dentry full name is /
[22992.708058] nova: dafs_readdir:find dir name is /, hashname is 47
[22992.708060] nova: nova_get_inode_address:dafs get inode addr
[22992.708062] nova: nova_get_inode_address:dbg blk_type is 6, dafs_bits is 0
[22992.708064] nova: nova_get_inode_address:dbg ino is1,internal_ino is 1, num cpus is 1
[22992.708065] nova: dafs get inode table
[22992.708067] nova: nova_get_inode_address:inode_table log head is 24576
[22992.708068] nova: nova_get_inode_address:index is 1, supercount is 0
[22992.708070] nova: nova_get_inode_address:inode table addr is 24576
[22992.708071] nova: nova_get_inode_address:dafs finish find inode at 24704
[22992.708074] nova: ctx: pos 1 ino 1, name ., name_len 1, de_len 128
[22992.708076] nova: nova_get_inode_address:dafs get inode addr
[22992.708078] nova: nova_get_inode_address:dbg blk_type is 6, dafs_bits is 0
[22992.708079] nova: nova_get_inode_address:dbg ino is1,internal_ino is 1, num cpus is 1
[22992.708080] nova: dafs get inode table
[22992.708082] nova: nova_get_inode_address:inode_table log head is 24576
[22992.708083] nova: nova_get_inode_address:index is 1, supercount is 0
[22992.708084] nova: nova_get_inode_address:inode table addr is 24576
[22992.708085] nova: nova_get_inode_address:dafs finish find inode at 24704
[22992.708087] nova: ctx: pos 2 ino 1, name .., name_len 2, de_len 128
[22992.708089] nova: dafs_readdir readdir return
[22992.708093] nova: inode addr is 1024
[22992.708100] nova: dafs_readdir: inode ino 1, dentry ino 1
[22992.708100] nova: inode addr is 1024
[22992.708102] nova: dafs_readdir readdir return
[22992.708300] nova: dafs_readdir: inode ino 1, dentry ino 1
[22992.708302] nova: inode addr is 1024
[22992.708306] nova: get_dentry_path: dafs remove / 
[22992.708308] nova: dafs_find_direntry dentry name is /
[22992.708311] nova: get_dentry_path: dafs remove / 
[22992.708313] nova: dafs_find_direntry ph is /
[22992.708314] nova: dafs_find_direntry phn is /
[22992.708316] nova: dafs_find_direntry dentry full name is /
[22992.708318] nova: dafs_readdir:find dir name is /, hashname is 47
[22992.708319] nova: nova_get_inode_address:dafs get inode addr
[22992.708321] nova: nova_get_inode_address:dbg blk_type is 6, dafs_bits is 0
[22992.708323] nova: nova_get_inode_address:dbg ino is1,internal_ino is 1, num cpus is 1
[22992.708324] nova: dafs get inode table
[22992.708325] nova: nova_get_inode_address:inode_table log head is 24576
[22992.708326] nova: nova_get_inode_address:index is 1, supercount is 0
[22992.708328] nova: nova_get_inode_address:inode table addr is 24576
[22992.708329] nova: nova_get_inode_address:dafs finish find inode at 24704
[22992.708331] nova: ctx: pos 1 ino 1, name ., name_len 1, de_len 128
[22992.708333] nova: nova_get_inode_address:dafs get inode addr
[22992.708334] nova: nova_get_inode_address:dbg blk_type is 6, dafs_bits is 0
[22992.708336] nova: nova_get_inode_address:dbg ino is1,internal_ino is 1, num cpus is 1
[22992.708337] nova: dafs get inode table
[22992.708338] nova: nova_get_inode_address:inode_table log head is 24576
[22992.708339] nova: nova_get_inode_address:index is 1, supercount is 0
[22992.708341] nova: nova_get_inode_address:inode table addr is 24576
[22992.708342] nova: nova_get_inode_address:dafs finish find inode at 24704
[22992.708344] nova: ctx: pos 2 ino 1, name .., name_len 2, de_len 128
[22992.708346] nova: dafs_readdir readdir return
[22992.708349] nova: dafs_readdir: inode ino 1, dentry ino 1
[22992.708350] nova: inode addr is 1024
[22992.708351] nova: dafs_readdir readdir return
[22992.708546] nova: dafs_readdir: inode ino 1, dentry ino 1
[22992.708547] nova: inode addr is 1024
[22992.708552] nova: get_dentry_path: dafs remove / 
[22992.708554] nova: dafs_find_direntry dentry name is /
[22992.708557] nova: get_dentry_path: dafs remove / 
[22992.708558] nova: dafs_find_direntry ph is /
[22992.708560] nova: dafs_find_direntry phn is /
[22992.708562] nova: dafs_find_direntry dentry full name is /
[22992.708564] nova: dafs_readdir:find dir name is /, hashname is 47
[22992.708565] nova: nova_get_inode_address:dafs get inode addr
[22992.708567] nova: nova_get_inode_address:dbg blk_type is 6, dafs_bits is 0
[22992.708568] nova: nova_get_inode_address:dbg ino is1,internal_ino is 1, num cpus is 1
[22992.708570] nova: dafs get inode table
[22992.708571] nova: nova_get_inode_address:inode_table log head is 24576
[22992.708573] nova: nova_get_inode_address:index is 1, supercount is 0
[22992.708574] nova: nova_get_inode_address:inode table addr is 24576
[22992.708575] nova: nova_get_inode_address:dafs finish find inode at 24704
[22992.708577] nova: ctx: pos 1 ino 1, name ., name_len 1, de_len 128
[22992.708579] nova: nova_get_inode_address:dafs get inode addr
[22992.708580] nova: nova_get_inode_address:dbg blk_type is 6, dafs_bits is 0
[22992.708582] nova: nova_get_inode_address:dbg ino is1,internal_ino is 1, num cpus is 1
[22992.708583] nova: dafs get inode table
[22992.708584] nova: nova_get_inode_address:inode_table log head is 24576
[22992.708585] nova: nova_get_inode_address:index is 1, supercount is 0
[22992.708587] nova: nova_get_inode_address:inode table addr is 24576
[22992.708588] nova: nova_get_inode_address:dafs finish find inode at 24704
[22992.708590] nova: ctx: pos 2 ino 1, name .., name_len 2, de_len 128
[22992.708592] nova: dafs_readdir readdir return
[22992.708596] nova: dafs_readdir: inode ino 1, dentry ino 1
[22992.708597] nova: inode addr is 1024
[22992.708598] nova: dafs_readdir readdir return
[22994.752783] nova: dafs_readdir: inode ino 1, dentry ino 1
[22994.752786] nova: inode addr is 1024
[22994.752794] nova: get_dentry_path: dafs remove / 
[22994.752798] nova: dafs_find_direntry dentry name is /
[22994.752801] nova: get_dentry_path: dafs remove / 
[22994.752802] nova: dafs_find_direntry ph is /
[22994.752805] nova: dafs_find_direntry phn is /
[22994.752806] nova: dafs_find_direntry dentry full name is /
[22994.752809] nova: dafs_readdir:find dir name is /, hashname is 47
[22994.752811] nova: nova_get_inode_address:dafs get inode addr
[22994.752814] nova: nova_get_inode_address:dbg blk_type is 6, dafs_bits is 0
[22994.752815] nova: nova_get_inode_address:dbg ino is1,internal_ino is 1, num cpus is 1
[22994.752817] nova: dafs get inode table
[22994.752818] nova: nova_get_inode_address:inode_table log head is 24576
[22994.752820] nova: nova_get_inode_address:index is 1, supercount is 0
[22994.752821] nova: nova_get_inode_address:inode table addr is 24576
[22994.752822] nova: nova_get_inode_address:dafs finish find inode at 24704
[22994.752824] nova: ctx: pos 1 ino 1, name ., name_len 1, de_len 128
[22994.752826] nova: nova_get_inode_address:dafs get inode addr
[22994.752828] nova: nova_get_inode_address:dbg blk_type is 6, dafs_bits is 0
[22994.752830] nova: nova_get_inode_address:dbg ino is1,internal_ino is 1, num cpus is 1
[22994.752831] nova: dafs get inode table
[22994.752832] nova: nova_get_inode_address:inode_table log head is 24576
[22994.752834] nova: nova_get_inode_address:index is 1, supercount is 0
[22994.752835] nova: nova_get_inode_address:inode table addr is 24576
[22994.752836] nova: nova_get_inode_address:dafs finish find inode at 24704
[22994.752838] nova: ctx: pos 2 ino 1, name .., name_len 2, de_len 128
[22994.752841] nova: dafs_readdir readdir return
[22994.752846] nova: dafs_readdir: inode ino 1, dentry ino 1
[22994.752847] nova: inode addr is 1024
[22994.752848] nova: dafs_readdir readdir return
[22994.754283] nova: dafs_readdir: inode ino 1, dentry ino 1
[22994.754285] nova: inode addr is 1024
[22994.754291] nova: get_dentry_path: dafs remove / 
[22994.754293] nova: dafs_find_direntry dentry name is /
[22994.754297] nova: get_dentry_path: dafs remove / 
[22994.754298] nova: dafs_find_direntry ph is /
[22994.754300] nova: dafs_find_direntry phn is /
[22994.754301] nova: dafs_find_direntry dentry full name is /
[22994.754304] nova: dafs_readdir:find dir name is /, hashname is 47
[22994.754305] nova: nova_get_inode_address:dafs get inode addr
[22994.754307] nova: nova_get_inode_address:dbg blk_type is 6, dafs_bits is 0
[22994.754309] nova: nova_get_inode_address:dbg ino is1,internal_ino is 1, num cpus is 1
[22994.754310] nova: dafs get inode table
[22994.754311] nova: nova_get_inode_address:inode_table log head is 24576
[22994.754313] nova: nova_get_inode_address:index is 1, supercount is 0
[22994.754314] nova: nova_get_inode_address:inode table addr is 24576
[22994.754316] nova: nova_get_inode_address:dafs finish find inode at 24704
[22994.754318] nova: ctx: pos 1 ino 1, name ., name_len 1, de_len 128
[22994.754319] nova: nova_get_inode_address:dafs get inode addr
[22994.754321] nova: nova_get_inode_address:dbg blk_type is 6, dafs_bits is 0
[22994.754323] nova: nova_get_inode_address:dbg ino is1,internal_ino is 1, num cpus is 1
[22994.754324] nova: dafs get inode table
[22994.754325] nova: nova_get_inode_address:inode_table log head is 24576
[22994.754326] nova: nova_get_inode_address:index is 1, supercount is 0
[22994.754328] nova: nova_get_inode_address:inode table addr is 24576
[22994.754329] nova: nova_get_inode_address:dafs finish find inode at 24704
[22994.754331] nova: ctx: pos 2 ino 1, name .., name_len 2, de_len 128
[22994.754333] nova: dafs_readdir readdir return
[22994.754337] nova: dafs_readdir: inode ino 1, dentry ino 1
[22994.754339] nova: inode addr is 1024
[22994.754340] nova: dafs_readdir readdir return
[22994.754530] nova: dafs_readdir: inode ino 1, dentry ino 1
[22994.754532] nova: inode addr is 1024
[22994.754536] nova: get_dentry_path: dafs remove / 
[22994.754538] nova: dafs_find_direntry dentry name is /
[22994.754540] nova: get_dentry_path: dafs remove / 
[22994.754542] nova: dafs_find_direntry ph is /
[22994.754544] nova: dafs_find_direntry phn is /
[22994.754545] nova: dafs_find_direntry dentry full name is /
[22994.754547] nova: dafs_readdir:find dir name is /, hashname is 47
[22994.754548] nova: nova_get_inode_address:dafs get inode addr
[22994.754550] nova: nova_get_inode_address:dbg blk_type is 6, dafs_bits is 0
[22994.754552] nova: nova_get_inode_address:dbg ino is1,internal_ino is 1, num cpus is 1
[22994.754553] nova: dafs get inode table
[22994.754554] nova: nova_get_inode_address:inode_table log head is 24576
[22994.754556] nova: nova_get_inode_address:index is 1, supercount is 0
[22994.754557] nova: nova_get_inode_address:inode table addr is 24576
[22994.754558] nova: nova_get_inode_address:dafs finish find inode at 24704
[22994.754560] nova: ctx: pos 1 ino 1, name ., name_len 1, de_len 128
[22994.754562] nova: nova_get_inode_address:dafs get inode addr
[22994.754563] nova: nova_get_inode_address:dbg blk_type is 6, dafs_bits is 0
[22994.754565] nova: nova_get_inode_address:dbg ino is1,internal_ino is 1, num cpus is 1
[22994.754566] nova: dafs get inode table
[22994.754567] nova: nova_get_inode_address:inode_table log head is 24576
[22994.754568] nova: nova_get_inode_address:index is 1, supercount is 0
[22994.754570] nova: nova_get_inode_address:inode table addr is 24576
[22994.754571] nova: nova_get_inode_address:dafs finish find inode at 24704
[22994.754573] nova: ctx: pos 2 ino 1, name .., name_len 2, de_len 128
[22994.754575] nova: dafs_readdir readdir return
[22994.754578] nova: dafs_readdir: inode ino 1, dentry ino 1
[22994.754579] nova: inode addr is 1024
[22994.754580] nova: dafs_readdir readdir return
[22996.246679] nova: dafs_readdir: inode ino 1, dentry ino 1
[22996.246680] nova: inode addr is 1024
[22996.246684] nova: get_dentry_path: dafs remove / 
[22996.246685] nova: dafs_find_direntry dentry name is /
[22996.246687] nova: get_dentry_path: dafs remove / 
[22996.246687] nova: dafs_find_direntry ph is /
[22996.246688] nova: dafs_find_direntry phn is /
[22996.246689] nova: dafs_find_direntry dentry full name is /
[22996.246690] nova: dafs_readdir:find dir name is /, hashname is 47
[22996.246691] nova: nova_get_inode_address:dafs get inode addr
[22996.246692] nova: nova_get_inode_address:dbg blk_type is 6, dafs_bits is 0
[22996.246693] nova: nova_get_inode_address:dbg ino is1,internal_ino is 1, num cpus is 1
[22996.246693] nova: dafs get inode table
[22996.246694] nova: nova_get_inode_address:inode_table log head is 24576
[22996.246695] nova: nova_get_inode_address:index is 1, supercount is 0
[22996.246695] nova: nova_get_inode_address:inode table addr is 24576
[22996.246696] nova: nova_get_inode_address:dafs finish find inode at 24704
[22996.246697] nova: ctx: pos 1 ino 1, name ., name_len 1, de_len 128
[22996.246698] nova: nova_get_inode_address:dafs get inode addr
[22996.246698] nova: nova_get_inode_address:dbg blk_type is 6, dafs_bits is 0
[22996.246699] nova: nova_get_inode_address:dbg ino is1,internal_ino is 1, num cpus is 1
[22996.246699] nova: dafs get inode table
[22996.246700] nova: nova_get_inode_address:inode_table log head is 24576
[22996.246700] nova: nova_get_inode_address:index is 1, supercount is 0
[22996.246701] nova: nova_get_inode_address:inode table addr is 24576
[22996.246701] nova: nova_get_inode_address:dafs finish find inode at 24704
[22996.246702] nova: ctx: pos 2 ino 1, name .., name_len 2, de_len 128
[22996.246703] nova: dafs_readdir readdir return
[22996.246705] nova: dafs_readdir: inode ino 1, dentry ino 1
[22996.246705] nova: inode addr is 1024
[22996.246706] nova: dafs_readdir readdir return
[22996.246782] nova: dafs_readdir: inode ino 1, dentry ino 1
[22996.246783] nova: inode addr is 1024
[22996.246784] nova: get_dentry_path: dafs remove / 
[22996.246785] nova: dafs_find_direntry dentry name is /
[22996.246786] nova: get_dentry_path: dafs remove / 
[22996.246786] nova: dafs_find_direntry ph is /
[22996.246787] nova: dafs_find_direntry phn is /
[22996.246788] nova: dafs_find_direntry dentry full name is /
[22996.246788] nova: dafs_readdir:find dir name is /, hashname is 47
[22996.246789] nova: nova_get_inode_address:dafs get inode addr
[22996.246789] nova: nova_get_inode_address:dbg blk_type is 6, dafs_bits is 0
[22996.246790] nova: nova_get_inode_address:dbg ino is1,internal_ino is 1, num cpus is 1
[22996.246790] nova: dafs get inode table
[22996.246791] nova: nova_get_inode_address:inode_table log head is 24576
[22996.246791] nova: nova_get_inode_address:index is 1, supercount is 0
[22996.246792] nova: nova_get_inode_address:inode table addr is 24576
[22996.246792] nova: nova_get_inode_address:dafs finish find inode at 24704
[22996.246793] nova: ctx: pos 1 ino 1, name ., name_len 1, de_len 128
[22996.246794] nova: nova_get_inode_address:dafs get inode addr
[22996.246794] nova: nova_get_inode_address:dbg blk_type is 6, dafs_bits is 0
[22996.246795] nova: nova_get_inode_address:dbg ino is1,internal_ino is 1, num cpus is 1
[22996.246795] nova: dafs get inode table
[22996.246796] nova: nova_get_inode_address:inode_table log head is 24576
[22996.246796] nova: nova_get_inode_address:index is 1, supercount is 0
[22996.246797] nova: nova_get_inode_address:inode table addr is 24576
[22996.246797] nova: nova_get_inode_address:dafs finish find inode at 24704
[22996.246798] nova: ctx: pos 2 ino 1, name .., name_len 2, de_len 128
[22996.246798] nova: dafs_readdir readdir return
[22996.246800] nova: dafs_readdir: inode ino 1, dentry ino 1
[22996.246800] nova: inode addr is 1024
[22996.246800] nova: dafs_readdir readdir return
[22996.246866] nova: dafs_readdir: inode ino 1, dentry ino 1
[22996.246866] nova: inode addr is 1024
[22996.246868] nova: get_dentry_path: dafs remove / 
[22996.246868] nova: dafs_find_direntry dentry name is /
[22996.246869] nova: get_dentry_path: dafs remove / 
[22996.246870] nova: dafs_find_direntry ph is /
[22996.246871] nova: dafs_find_direntry phn is /
[22996.246871] nova: dafs_find_direntry dentry full name is /
[22996.246872] nova: dafs_readdir:find dir name is /, hashname is 47
[22996.246872] nova: nova_get_inode_address:dafs get inode addr
[22996.246873] nova: nova_get_inode_address:dbg blk_type is 6, dafs_bits is 0
[22996.246873] nova: nova_get_inode_address:dbg ino is1,internal_ino is 1, num cpus is 1
[22996.246874] nova: dafs get inode table
[22996.246874] nova: nova_get_inode_address:inode_table log head is 24576
[22996.246875] nova: nova_get_inode_address:index is 1, supercount is 0
[22996.246875] nova: nova_get_inode_address:inode table addr is 24576
[22996.246876] nova: nova_get_inode_address:dafs finish find inode at 24704
[22996.246876] nova: ctx: pos 1 ino 1, name ., name_len 1, de_len 128
[22996.246877] nova: nova_get_inode_address:dafs get inode addr
[22996.246877] nova: nova_get_inode_address:dbg blk_type is 6, dafs_bits is 0
[22996.246878] nova: nova_get_inode_address:dbg ino is1,internal_ino is 1, num cpus is 1
[22996.246878] nova: dafs get inode table
[22996.246879] nova: nova_get_inode_address:inode_table log head is 24576
[22996.246879] nova: nova_get_inode_address:index is 1, supercount is 0
[22996.246880] nova: nova_get_inode_address:inode table addr is 24576
[22996.246880] nova: nova_get_inode_address:dafs finish find inode at 24704
[22996.246881] nova: ctx: pos 2 ino 1, name .., name_len 2, de_len 128
[22996.246881] nova: dafs_readdir readdir return
[22996.246883] nova: dafs_readdir: inode ino 1, dentry ino 1
[22996.246883] nova: inode addr is 1024
[22996.246883] nova: dafs_readdir readdir return
[22998.197692] nova: dafs_readdir: inode ino 1, dentry ino 1
[22998.197697] nova: inode addr is 1024
[22998.197708] nova: get_dentry_path: dafs remove / 
[22998.197713] nova: dafs_find_direntry dentry name is /
[22998.197719] nova: get_dentry_path: dafs remove / 
[22998.197721] nova: dafs_find_direntry ph is /
[22998.197725] nova: dafs_find_direntry phn is /
[22998.197727] nova: dafs_find_direntry dentry full name is /
[22998.197732] nova: dafs_readdir:find dir name is /, hashname is 47
[22998.197735] nova: nova_get_inode_address:dafs get inode addr
[22998.197739] nova: nova_get_inode_address:dbg blk_type is 6, dafs_bits is 0
[22998.197742] nova: nova_get_inode_address:dbg ino is1,internal_ino is 1, num cpus is 1
[22998.197745] nova: dafs get inode table
[22998.197747] nova: nova_get_inode_address:inode_table log head is 24576
[22998.197750] nova: nova_get_inode_address:index is 1, supercount is 0
[22998.197752] nova: nova_get_inode_address:inode table addr is 24576
[22998.197755] nova: nova_get_inode_address:dafs finish find inode at 24704
[22998.197759] nova: ctx: pos 1 ino 1, name ., name_len 1, de_len 128
[22998.197762] nova: nova_get_inode_address:dafs get inode addr
[22998.197765] nova: nova_get_inode_address:dbg blk_type is 6, dafs_bits is 0
[22998.197768] nova: nova_get_inode_address:dbg ino is1,internal_ino is 1, num cpus is 1
[22998.197770] nova: dafs get inode table
[22998.197772] nova: nova_get_inode_address:inode_table log head is 24576
[22998.197775] nova: nova_get_inode_address:index is 1, supercount is 0
[22998.197777] nova: nova_get_inode_address:inode table addr is 24576
[22998.197779] nova: nova_get_inode_address:dafs finish find inode at 24704
[22998.197783] nova: ctx: pos 2 ino 1, name .., name_len 2, de_len 128
[22998.197787] nova: dafs_readdir readdir return
[22998.197795] nova: dafs_readdir: inode ino 1, dentry ino 1
[22998.197797] nova: inode addr is 1024
[22998.197799] nova: dafs_readdir readdir return
[22998.198479] nova: dafs_readdir: inode ino 1, dentry ino 1
[22998.198483] nova: inode addr is 1024
[22998.198491] nova: get_dentry_path: dafs remove / 
[22998.198496] nova: dafs_find_direntry dentry name is /
[22998.198500] nova: get_dentry_path: dafs remove / 
[22998.198502] nova: dafs_find_direntry ph is /
[22998.198506] nova: dafs_find_direntry phn is /
[22998.198508] nova: dafs_find_direntry dentry full name is /
[22998.198513] nova: dafs_readdir:find dir name is /, hashname is 47
[22998.198515] nova: nova_get_inode_address:dafs get inode addr
[22998.198518] nova: nova_get_inode_address:dbg blk_type is 6, dafs_bits is 0
[22998.198521] nova: nova_get_inode_address:dbg ino is1,internal_ino is 1, num cpus is 1
[22998.198523] nova: dafs get inode table
[22998.198525] nova: nova_get_inode_address:inode_table log head is 24576
[22998.198528] nova: nova_get_inode_address:index is 1, supercount is 0
[22998.198530] nova: nova_get_inode_address:inode table addr is 24576
[22998.198533] nova: nova_get_inode_address:dafs finish find inode at 24704
[22998.198536] nova: ctx: pos 1 ino 1, name ., name_len 1, de_len 128
[22998.198538] nova: nova_get_inode_address:dafs get inode addr
[22998.198541] nova: nova_get_inode_address:dbg blk_type is 6, dafs_bits is 0
[22998.198544] nova: nova_get_inode_address:dbg ino is1,internal_ino is 1, num cpus is 1
[22998.198546] nova: dafs get inode table
[22998.198548] nova: nova_get_inode_address:inode_table log head is 24576
[22998.198550] nova: nova_get_inode_address:index is 1, supercount is 0
[22998.198553] nova: nova_get_inode_address:inode table addr is 24576
[22998.198555] nova: nova_get_inode_address:dafs finish find inode at 24704
[22998.198558] nova: ctx: pos 2 ino 1, name .., name_len 2, de_len 128
[22998.198561] nova: dafs_readdir readdir return
[22998.198568] nova: dafs_readdir: inode ino 1, dentry ino 1
[22998.198571] nova: inode addr is 1024
[22998.198572] nova: dafs_readdir readdir return
[22998.202276] nova: dafs_readdir: inode ino 1, dentry ino 1
[22998.202280] nova: inode addr is 1024
[22998.202290] nova: get_dentry_path: dafs remove / 
[22998.202294] nova: dafs_find_direntry dentry name is /
[22998.202300] nova: get_dentry_path: dafs remove / 
[22998.202303] nova: dafs_find_direntry ph is /
[22998.202307] nova: dafs_find_direntry phn is /
[22998.202309] nova: dafs_find_direntry dentry full name is /
[22998.202314] nova: dafs_readdir:find dir name is /, hashname is 47
[22998.202316] nova: nova_get_inode_address:dafs get inode addr
[22998.202320] nova: nova_get_inode_address:dbg blk_type is 6, dafs_bits is 0
[22998.202322] nova: nova_get_inode_address:dbg ino is1,internal_ino is 1, num cpus is 1
[22998.202325] nova: dafs get inode table
[22998.202327] nova: nova_get_inode_address:inode_table log head is 24576
[22998.202330] nova: nova_get_inode_address:index is 1, supercount is 0
[22998.202332] nova: nova_get_inode_address:inode table addr is 24576
[22998.202335] nova: nova_get_inode_address:dafs finish find inode at 24704
[22998.202338] nova: ctx: pos 1 ino 1, name ., name_len 1, de_len 128
[22998.202341] nova: nova_get_inode_address:dafs get inode addr
[22998.202344] nova: nova_get_inode_address:dbg blk_type is 6, dafs_bits is 0
[22998.202347] nova: nova_get_inode_address:dbg ino is1,internal_ino is 1, num cpus is 1
[22998.202348] nova: dafs get inode table
[22998.202351] nova: nova_get_inode_address:inode_table log head is 24576
[22998.202353] nova: nova_get_inode_address:index is 1, supercount is 0
[22998.202356] nova: nova_get_inode_address:inode table addr is 24576
[22998.202358] nova: nova_get_inode_address:dafs finish find inode at 24704
[22998.202361] nova: ctx: pos 2 ino 1, name .., name_len 2, de_len 128
[22998.202365] nova: dafs_readdir readdir return
[22998.202372] nova: dafs_readdir: inode ino 1, dentry ino 1
[22998.202375] nova: inode addr is 1024
[22998.202377] nova: dafs_readdir readdir return
[22999.627284] nova: dafs_readdir: inode ino 1, dentry ino 1
[22999.627289] nova: inode addr is 1024
[22999.627299] nova: get_dentry_path: dafs remove / 
[22999.627305] nova: dafs_find_direntry dentry name is /
[22999.627310] nova: get_dentry_path: dafs remove / 
[22999.627312] nova: dafs_find_direntry ph is /
[22999.627316] nova: dafs_find_direntry phn is /
[22999.627319] nova: dafs_find_direntry dentry full name is /
[22999.627324] nova: dafs_readdir:find dir name is /, hashname is 47
[22999.627327] nova: nova_get_inode_address:dafs get inode addr
[22999.627331] nova: nova_get_inode_address:dbg blk_type is 6, dafs_bits is 0
[22999.627334] nova: nova_get_inode_address:dbg ino is1,internal_ino is 1, num cpus is 1
[22999.627337] nova: dafs get inode table
[22999.627339] nova: nova_get_inode_address:inode_table log head is 24576
[22999.627343] nova: nova_get_inode_address:index is 1, supercount is 0
[22999.627345] nova: nova_get_inode_address:inode table addr is 24576
[22999.627348] nova: nova_get_inode_address:dafs finish find inode at 24704
[22999.627351] nova: ctx: pos 1 ino 1, name ., name_len 1, de_len 128
[22999.627355] nova: nova_get_inode_address:dafs get inode addr
[22999.627358] nova: nova_get_inode_address:dbg blk_type is 6, dafs_bits is 0
[22999.627361] nova: nova_get_inode_address:dbg ino is1,internal_ino is 1, num cpus is 1
[22999.627363] nova: dafs get inode table
[22999.627365] nova: nova_get_inode_address:inode_table log head is 24576
[22999.627367] nova: nova_get_inode_address:index is 1, supercount is 0
[22999.627370] nova: nova_get_inode_address:inode table addr is 24576
[22999.627372] nova: nova_get_inode_address:dafs finish find inode at 24704
[22999.627376] nova: ctx: pos 2 ino 1, name .., name_len 2, de_len 128
[22999.627379] nova: dafs_readdir readdir return
[22999.627388] nova: dafs_readdir: inode ino 1, dentry ino 1
[22999.627391] nova: inode addr is 1024
[22999.627393] nova: dafs_readdir readdir return
[22999.627819] nova: dafs_readdir: inode ino 1, dentry ino 1
[22999.627822] nova: inode addr is 1024
[22999.627829] nova: get_dentry_path: dafs remove / 
[22999.627833] nova: dafs_find_direntry dentry name is /
[22999.627837] nova: get_dentry_path: dafs remove / 
[22999.627839] nova: dafs_find_direntry ph is /
[22999.627842] nova: dafs_find_direntry phn is /
[22999.627845] nova: dafs_find_direntry dentry full name is /
[22999.627849] nova: dafs_readdir:find dir name is /, hashname is 47
[22999.627851] nova: nova_get_inode_address:dafs get inode addr
[22999.627855] nova: nova_get_inode_address:dbg blk_type is 6, dafs_bits is 0
[22999.627857] nova: nova_get_inode_address:dbg ino is1,internal_ino is 1, num cpus is 1
[22999.627859] nova: dafs get inode table
[22999.627861] nova: nova_get_inode_address:inode_table log head is 24576
[22999.627864] nova: nova_get_inode_address:index is 1, supercount is 0
