[    0.000000] Initializing cgroup subsys cpuset
[    0.000000] Initializing cgroup subsys cpu
[    0.000000] Initializing cgroup subsys cpuacct
[    0.000000] Linux version 4.3.0 (root@cxdir-VirtualBox) (gcc version 5.4.0 20160609 (Ubuntu 5.4.0-6ubuntu1~16.04.4) ) #2 SMP Fri Sep 8 20:52:18 CST 2017
[    0.000000] Command line: BOOT_IMAGE=/boot/vmlinuz-4.3.0 memmap=4G!2G root=UUID=8918101d-1281-40c7-aa75-72b85c4a0441 ro quiet splash
[    0.000000] KERNEL supported cpus:
[    0.000000]   Intel GenuineIntel
[    0.000000]   AMD AuthenticAMD
[    0.000000]   Centaur CentaurHauls
[    0.000000] x86/fpu: xstate_offset[2]: 0240, xstate_sizes[2]: 0100
[    0.000000] x86/fpu: Supporting XSAVE feature 0x01: 'x87 floating point registers'
[    0.000000] x86/fpu: Supporting XSAVE feature 0x02: 'SSE registers'
[    0.000000] x86/fpu: Supporting XSAVE feature 0x04: 'AVX registers'
[    0.000000] x86/fpu: Enabled xstate features 0x7, context size is 0x340 bytes, using 'standard' format.
[    0.000000] x86/fpu: Using 'lazy' FPU context switches.
[    0.000000] e820: BIOS-provided physical RAM map:
[    0.000000] BIOS-e820: [mem 0x0000000000000000-0x000000000009fbff] usable
[    0.000000] BIOS-e820: [mem 0x000000000009fc00-0x000000000009ffff] reserved
[    0.000000] BIOS-e820: [mem 0x00000000000f0000-0x00000000000fffff] reserved
[    0.000000] BIOS-e820: [mem 0x0000000000100000-0x00000000dffeffff] usable
[    0.000000] BIOS-e820: [mem 0x00000000dfff0000-0x00000000dfffffff] ACPI data
[    0.000000] BIOS-e820: [mem 0x00000000fec00000-0x00000000fec00fff] reserved
[    0.000000] BIOS-e820: [mem 0x00000000fee00000-0x00000000fee00fff] reserved
[    0.000000] BIOS-e820: [mem 0x00000000fffc0000-0x00000000ffffffff] reserved
[    0.000000] BIOS-e820: [mem 0x0000000100000000-0x000000021fffffff] usable
[    0.000000] NX (Execute Disable) protection: active
[    0.000000] e820: user-defined physical RAM map:
[    0.000000] user: [mem 0x0000000000000000-0x000000000009fbff] usable
[    0.000000] user: [mem 0x000000000009fc00-0x000000000009ffff] reserved
[    0.000000] user: [mem 0x00000000000f0000-0x00000000000fffff] reserved
[    0.000000] user: [mem 0x0000000000100000-0x000000007fffffff] usable
[    0.000000] user: [mem 0x0000000080000000-0x00000000dffeffff] persistent (type 12)
[    0.000000] user: [mem 0x00000000dfff0000-0x00000000dfffffff] persistent (type 12)
[    0.000000] user: [mem 0x00000000e0000000-0x00000000febfffff] persistent (type 12)
[    0.000000] user: [mem 0x00000000fec00000-0x00000000fec00fff] persistent (type 12)
[    0.000000] user: [mem 0x00000000fec01000-0x00000000fedfffff] persistent (type 12)
[    0.000000] user: [mem 0x00000000fee00000-0x00000000fee00fff] persistent (type 12)
[    0.000000] user: [mem 0x00000000fee01000-0x00000000fffbffff] persistent (type 12)
[    0.000000] user: [mem 0x00000000fffc0000-0x00000000ffffffff] persistent (type 12)
[    0.000000] user: [mem 0x0000000100000000-0x000000017fffffff] persistent (type 12)
[    0.000000] user: [mem 0x0000000180000000-0x000000021fffffff] usable
[    0.000000] SMBIOS 2.5 present.
[    0.000000] DMI: innotek GmbH VirtualBox/VirtualBox, BIOS VirtualBox 12/01/2006
[    0.000000] Hypervisor detected: KVM
[    0.000000] e820: update [mem 0x00000000-0x00000fff] usable ==> reserved
[    0.000000] e820: remove [mem 0x000a0000-0x000fffff] usable
[    0.000000] e820: last_pfn = 0x220000 max_arch_pfn = 0x400000000
[    0.000000] MTRR default type: uncachable
[    0.000000] MTRR variable ranges disabled:
[    0.000000] x86/PAT: Configuration [0-7]: WB  WC  UC- UC  WB  WC  UC- WT  
[    0.000000] MTRR: Disabled
[    0.000000] CPU MTRRs all blank - virtualized system.
[    0.000000] e820: last_pfn = 0x100000 max_arch_pfn = 0x400000000
[    0.000000] found SMP MP-table at [mem 0x0009fff0-0x0009ffff] mapped at [ffff88000009fff0]
[    0.000000] Scanning 1 areas for low memory corruption
[    0.000000] Base memory trampoline at [ffff880000099000] 99000 size 24576
[    0.000000] init_memory_mapping: [mem 0x00000000-0x000fffff]
[    0.000000]  [mem 0x00000000-0x000fffff] page 4k
[    0.000000] BRK [0x01ffc000, 0x01ffcfff] PGTABLE
[    0.000000] BRK [0x01ffd000, 0x01ffdfff] PGTABLE
[    0.000000] BRK [0x01ffe000, 0x01ffefff] PGTABLE
[    0.000000] init_memory_mapping: [mem 0x21fe00000-0x21fffffff]
[    0.000000]  [mem 0x21fe00000-0x21fffffff] page 2M
[    0.000000] BRK [0x01fff000, 0x01ffffff] PGTABLE
[    0.000000] init_memory_mapping: [mem 0x200000000-0x21fdfffff]
[    0.000000]  [mem 0x200000000-0x21fdfffff] page 2M
[    0.000000] init_memory_mapping: [mem 0x00100000-0x7fffffff]
[    0.000000]  [mem 0x00100000-0x001fffff] page 4k
[    0.000000]  [mem 0x00200000-0x7fffffff] page 2M
[    0.000000] init_memory_mapping: [mem 0x180000000-0x1ffffffff]
[    0.000000]  [mem 0x180000000-0x1ffffffff] page 2M
[    0.000000] BRK [0x02000000, 0x02000fff] PGTABLE
[    0.000000] BRK [0x02001000, 0x02001fff] PGTABLE
[    0.000000] RAMDISK: [mem 0x33d64000-0x35ea9fff]
[    0.000000] ACPI: Early table checksum verification disabled
[    0.000000] ACPI: RSDP 0x00000000000E0000 000024 (v02 VBOX  )
[    0.000000] ACPI: XSDT 0x00000000DFFF0030 00003C (v01 VBOX   VBOXXSDT 00000001 ASL  00000061)
[    0.000000] ACPI: FACP 0x00000000DFFF00F0 0000F4 (v04 VBOX   VBOXFACP 00000001 ASL  00000061)
[    0.000000] ACPI: DSDT 0x00000000DFFF0470 00210F (v01 VBOX   VBOXBIOS 00000002 INTL 20100528)
[    0.000000] ACPI: FACS 0x00000000DFFF0200 000040
[    0.000000] ACPI: FACS 0x00000000DFFF0200 000040
[    0.000000] ACPI: APIC 0x00000000DFFF0240 000054 (v02 VBOX   VBOXAPIC 00000001 ASL  00000061)
[    0.000000] ACPI: SSDT 0x00000000DFFF02A0 0001CC (v01 VBOX   VBOXCPUT 00000002 INTL 20100528)
[    0.000000] ACPI: Local APIC address 0xfee00000
[    0.000000] No NUMA configuration found
[    0.000000] Faking a node at [mem 0x0000000000000000-0x000000021fffffff]
[    0.000000] NODE_DATA(0) allocated [mem 0x21fffa000-0x21fffefff]
[    0.000000] kvm-clock: Using msrs 4b564d01 and 4b564d00
[    0.000000] kvm-clock: cpu 0, msr 2:1fff2001, primary cpu clock
[    0.000000] clocksource: kvm-clock: mask: 0xffffffffffffffff max_cycles: 0x1cd42e4dffb, max_idle_ns: 881590591483 ns
[    0.000000]  [ffffea0000000000-ffffea00087fffff] PMD -> [ffff88021ae00000-ffff88021f5fffff] on node 0
[    0.000000] Zone ranges:
[    0.000000]   DMA      [mem 0x0000000000001000-0x0000000000ffffff]
[    0.000000]   DMA32    [mem 0x0000000001000000-0x00000000ffffffff]
[    0.000000]   Normal   [mem 0x0000000100000000-0x000000021fffffff]
[    0.000000] Movable zone start for each node
[    0.000000] Early memory node ranges
[    0.000000]   node   0: [mem 0x0000000000001000-0x000000000009efff]
[    0.000000]   node   0: [mem 0x0000000000100000-0x000000007fffffff]
[    0.000000]   node   0: [mem 0x0000000180000000-0x000000021fffffff]
[    0.000000] Initmem setup node 0 [mem 0x0000000000001000-0x000000021fffffff]
[    0.000000] On node 0 totalpages: 1179550
[    0.000000]   DMA zone: 64 pages used for memmap
[    0.000000]   DMA zone: 21 pages reserved
[    0.000000]   DMA zone: 3998 pages, LIFO batch:0
[    0.000000]   DMA32 zone: 8128 pages used for memmap
[    0.000000]   DMA32 zone: 520192 pages, LIFO batch:31
[    0.000000]   Normal zone: 10240 pages used for memmap
[    0.000000]   Normal zone: 655360 pages, LIFO batch:31
[    0.000000] ACPI: PM-Timer IO Port: 0x4008
[    0.000000] ACPI: Local APIC address 0xfee00000
[    0.000000] IOAPIC[0]: apic_id 1, version 32, address 0xfec00000, GSI 0-23
[    0.000000] ACPI: INT_SRC_OVR (bus 0 bus_irq 0 global_irq 2 dfl dfl)
[    0.000000] ACPI: INT_SRC_OVR (bus 0 bus_irq 9 global_irq 9 high level)
[    0.000000] ACPI: IRQ0 used by override.
[    0.000000] ACPI: IRQ9 used by override.
[    0.000000] Using ACPI (MADT) for SMP configuration information
[    0.000000] smpboot: Allowing 1 CPUs, 0 hotplug CPUs
[    0.000000] PM: Registered nosave memory: [mem 0x00000000-0x00000fff]
[    0.000000] PM: Registered nosave memory: [mem 0x0009f000-0x0009ffff]
[    0.000000] PM: Registered nosave memory: [mem 0x000a0000-0x000effff]
[    0.000000] PM: Registered nosave memory: [mem 0x000f0000-0x000fffff]
[    0.000000] PM: Registered nosave memory: [mem 0x80000000-0xdffeffff]
[    0.000000] PM: Registered nosave memory: [mem 0xdfff0000-0xdfffffff]
[    0.000000] PM: Registered nosave memory: [mem 0xe0000000-0xfebfffff]
[    0.000000] PM: Registered nosave memory: [mem 0xfec00000-0xfec00fff]
[    0.000000] PM: Registered nosave memory: [mem 0xfec01000-0xfedfffff]
[    0.000000] PM: Registered nosave memory: [mem 0xfee00000-0xfee00fff]
[    0.000000] PM: Registered nosave memory: [mem 0xfee01000-0xfffbffff]
[    0.000000] PM: Registered nosave memory: [mem 0xfffc0000-0xffffffff]
[    0.000000] PM: Registered nosave memory: [mem 0x100000000-0x17fffffff]
[    0.000000] e820: cannot find a gap in the 32bit address range
               e820: PCI devices with unassigned 32bit BARs may break!
[    0.000000] e820: [mem 0x220100000-0x2204fffff] available for PCI devices
[    0.000000] Booting paravirtualized kernel on KVM
[    0.000000] clocksource: refined-jiffies: mask: 0xffffffff max_cycles: 0xffffffff, max_idle_ns: 7645519600211568 ns
[    0.000000] setup_percpu: NR_CPUS:512 nr_cpumask_bits:512 nr_cpu_ids:1 nr_node_ids:1
[    0.000000] PERCPU: Embedded 33 pages/cpu @ffff88021fc00000 s97496 r8192 d29480 u2097152
[    0.000000] pcpu-alloc: s97496 r8192 d29480 u2097152 alloc=1*2097152
[    0.000000] pcpu-alloc: [0] 0 
[    0.000000] PV qspinlock hash table entries: 256 (order: 0, 4096 bytes)
[    0.000000] Built 1 zonelists in Node order, mobility grouping on.  Total pages: 1161097
[    0.000000] Policy zone: Normal
[    0.000000] Kernel command line: BOOT_IMAGE=/boot/vmlinuz-4.3.0 memmap=4G!2G root=UUID=8918101d-1281-40c7-aa75-72b85c4a0441 ro quiet splash
[    0.000000] PID hash table entries: 4096 (order: 3, 32768 bytes)
[    0.000000] Calgary: detecting Calgary via BIOS EBDA area
[    0.000000] Calgary: Unable to locate Rio Grande table in EBDA - bailing!
[    0.000000] Memory: 4527432K/4718200K available (8158K kernel code, 1248K rwdata, 3880K rodata, 1456K init, 1332K bss, 190768K reserved, 0K cma-reserved)
[    0.000000] SLUB: HWalign=64, Order=0-3, MinObjects=0, CPUs=1, Nodes=1
[    0.000000] Hierarchical RCU implementation.
[    0.000000] 	Build-time adjustment of leaf fanout to 64.
[    0.000000] 	RCU restricting CPUs from NR_CPUS=512 to nr_cpu_ids=1.
[    0.000000] RCU: Adjusting geometry for rcu_fanout_leaf=64, nr_cpu_ids=1
[    0.000000] NR_IRQS:33024 nr_irqs:256 16
[    0.000000] Console: colour VGA+ 80x25
[    0.000000] console [tty0] enabled
[    0.000000] tsc: Detected 3591.704 MHz processor
[    5.591513] Calibrating delay loop (skipped) preset value.. 7183.40 BogoMIPS (lpj=14366816)
[    5.591516] pid_max: default: 32768 minimum: 301
[    5.591522] ACPI: Core revision 20150818
[    5.592906] ACPI: 2 ACPI AML tables successfully acquired and loaded
[    5.592924] Security Framework initialized
[    5.592926] Yama: becoming mindful.
[    5.592934] AppArmor: AppArmor initialized
[    5.594881] Dentry cache hash table entries: 1048576 (order: 11, 8388608 bytes)
[    5.602127] Inode-cache hash table entries: 524288 (order: 10, 4194304 bytes)
[    5.603779] Mount-cache hash table entries: 16384 (order: 5, 131072 bytes)
[    5.603786] Mountpoint-cache hash table entries: 16384 (order: 5, 131072 bytes)
[    5.603929] Initializing cgroup subsys io
[    5.603933] Initializing cgroup subsys memory
[    5.603937] Initializing cgroup subsys devices
[    5.603938] Initializing cgroup subsys freezer
[    5.603940] Initializing cgroup subsys net_cls
[    5.603941] Initializing cgroup subsys perf_event
[    5.603942] Initializing cgroup subsys net_prio
[    5.603944] Initializing cgroup subsys hugetlb
[    5.603946] Initializing cgroup subsys pids
[    5.604004] CPU: Physical Processor ID: 0
[    5.604757] mce: CPU supports 0 MCE banks
[    5.604775] process: using mwait in idle threads
[    5.604779] Last level iTLB entries: 4KB 1024, 2MB 1024, 4MB 1024
[    5.604780] Last level dTLB entries: 4KB 1024, 2MB 1024, 4MB 1024, 1GB 4
[    5.615320] Freeing SMP alternatives memory: 28K (ffffffff81ea6000 - ffffffff81ead000)
[    5.621503] ftrace: allocating 31208 entries in 122 pages
[    5.655416] x2apic enabled
[    5.655581] Switched APIC routing to physical x2apic.
[    5.656403] ..TIMER: vector=0x30 apic1=0 pin1=2 apic2=-1 pin2=-1
[    5.759458] smpboot: CPU0: Intel(R) Core(TM) i7-4790 CPU @ 3.60GHz (family: 0x6, model: 0x3c, stepping: 0x3)
[    5.759485] Performance Events: unsupported p6 CPU model 60 no PMU driver, software events only.
[    5.759493] KVM setup paravirtual spinlock
[    5.759962] x86: Booted up 1 node, 1 CPUs
[    5.759964] smpboot: Total of 1 processors activated (7183.40 BogoMIPS)
[    5.761020] devtmpfs: initialized
[    5.762184] evm: security.selinux
[    5.762185] evm: security.SMACK64
[    5.762185] evm: security.SMACK64EXEC
[    5.762186] evm: security.SMACK64TRANSMUTE
[    5.762186] evm: security.SMACK64MMAP
[    5.762187] evm: security.ima
[    5.762187] evm: security.capability
[    5.762260] clocksource: jiffies: mask: 0xffffffff max_cycles: 0xffffffff, max_idle_ns: 7645041785100000 ns
[    5.762304] pinctrl core: initialized pinctrl subsystem
[    5.762376] RTC time: 14:52:54, date: 12/18/17
[    5.762456] NET: Registered protocol family 16
[    5.762565] cpuidle: using governor ladder
[    5.762567] cpuidle: using governor menu
[    5.762569] PCCT header not found.
[    5.762608] ACPI: bus type PCI registered
[    5.762609] acpiphp: ACPI Hot Plug PCI Controller Driver version: 0.5
[    5.762676] PCI: Using configuration type 1 for base access
[    5.763413] ACPI: Added _OSI(Module Device)
[    5.763414] ACPI: Added _OSI(Processor Device)
[    5.763415] ACPI: Added _OSI(3.0 _SCP Extensions)
[    5.763415] ACPI: Added _OSI(Processor Aggregator Device)
[    5.763831] ACPI: Executed 1 blocks of module-level executable AML code
[    5.765151] ACPI: Interpreter enabled
[    5.765154] ACPI Exception: AE_NOT_FOUND, While evaluating Sleep State [\_S1_] (20150818/hwxface-580)
[    5.765156] ACPI Exception: AE_NOT_FOUND, While evaluating Sleep State [\_S2_] (20150818/hwxface-580)
[    5.765167] ACPI Exception: AE_NOT_FOUND, While evaluating Sleep State [\_S3_] (20150818/hwxface-580)
[    5.765169] ACPI Exception: AE_NOT_FOUND, While evaluating Sleep State [\_S4_] (20150818/hwxface-580)
[    5.765172] ACPI: (supports S0 S5)
[    5.765173] ACPI: Using IOAPIC for interrupt routing
[    5.765278] PCI: Using host bridge windows from ACPI; if necessary, use "pci=nocrs" and report a bug
[    5.767682] ACPI: PCI Root Bridge [PCI0] (domain 0000 [bus 00-ff])
[    5.767686] acpi PNP0A03:00: _OSC: OS supports [ASPM ClockPM Segments MSI]
[    5.767689] acpi PNP0A03:00: _OSC failed (AE_NOT_FOUND); disabling ASPM
[    5.767721] acpi PNP0A03:00: fail to add MMCONFIG information, can't access extended PCI configuration space under this bridge.
[    5.767872] PCI host bridge to bus 0000:00
[    5.767874] pci_bus 0000:00: root bus resource [bus 00-ff]
[    5.767875] pci_bus 0000:00: root bus resource [io  0x0000-0x0cf7 window]
[    5.767876] pci_bus 0000:00: root bus resource [io  0x0d00-0xffff window]
[    5.767877] pci_bus 0000:00: root bus resource [mem 0x000a0000-0x000bffff window]
[    5.767878] pci_bus 0000:00: root bus resource [mem 0xe0000000-0xffdfffff window]
[    5.767905] pci 0000:00:00.0: [8086:1237] type 00 class 0x060000
[    5.768241] pci 0000:00:01.0: [8086:7000] type 00 class 0x060100
[    5.768659] pci 0000:00:01.1: [8086:7111] type 00 class 0x01018a
[    5.768915] pci 0000:00:01.1: reg 0x20: [io  0xd000-0xd00f]
[    5.769021] pci 0000:00:01.1: legacy IDE quirk: reg 0x10: [io  0x01f0-0x01f7]
[    5.769022] pci 0000:00:01.1: legacy IDE quirk: reg 0x14: [io  0x03f6]
[    5.769023] pci 0000:00:01.1: legacy IDE quirk: reg 0x18: [io  0x0170-0x0177]
[    5.769024] pci 0000:00:01.1: legacy IDE quirk: reg 0x1c: [io  0x0376]
[    5.769149] pci 0000:00:02.0: [80ee:beef] type 00 class 0x030000
[    5.773625] pci 0000:00:02.0: reg 0x10: [mem 0xe0000000-0xe0ffffff pref]
[    5.802633] pci 0000:00:03.0: [8086:100e] type 00 class 0x020000
[    5.807189] pci 0000:00:03.0: reg 0x10: [mem 0xf0000000-0xf001ffff]
[    5.817474] pci 0000:00:03.0: reg 0x18: [io  0xd010-0xd017]
[    5.836199] pci 0000:00:04.0: [80ee:cafe] type 00 class 0x088000
[    5.840647] pci 0000:00:04.0: reg 0x10: [io  0xd020-0xd03f]
[    5.845472] pci 0000:00:04.0: reg 0x14: [mem 0xf0400000-0xf07fffff]
[    5.850331] pci 0000:00:04.0: reg 0x18: [mem 0xf0800000-0xf0803fff pref]
[    5.869919] pci 0000:00:05.0: [8086:2415] type 00 class 0x040100
[    5.869996] pci 0000:00:05.0: reg 0x10: [io  0xd100-0xd1ff]
[    5.870042] pci 0000:00:05.0: reg 0x14: [io  0xd200-0xd23f]
[    5.870396] pci 0000:00:06.0: [106b:003f] type 00 class 0x0c0310
[    5.874688] pci 0000:00:06.0: reg 0x10: [mem 0xf0804000-0xf0804fff]
[    5.903553] pci 0000:00:07.0: [8086:7113] type 00 class 0x068000
[    5.903925] pci 0000:00:07.0: quirk: [io  0x4000-0x403f] claimed by PIIX4 ACPI
[    5.903935] pci 0000:00:07.0: quirk: [io  0x4100-0x410f] claimed by PIIX4 SMB
[    5.904120] pci 0000:00:0b.0: [8086:265c] type 00 class 0x0c0320
[    5.909254] pci 0000:00:0b.0: reg 0x10: [mem 0xf0805000-0xf0805fff]
[    5.938931] pci 0000:00:0d.0: [8086:2829] type 00 class 0x010601
[    5.943423] pci 0000:00:0d.0: reg 0x10: [io  0xd240-0xd247]
[    5.952564] pci 0000:00:0d.0: reg 0x18: [io  0xd250-0xd257]
[    5.961905] pci 0000:00:0d.0: reg 0x20: [io  0xd260-0xd26f]
[    5.966693] pci 0000:00:0d.0: reg 0x24: [mem 0xf0806000-0xf0807fff]
[    5.972053] ACPI: PCI Interrupt Link [LNKA] (IRQs 5 9 10 *11)
[    5.972191] ACPI: PCI Interrupt Link [LNKB] (IRQs 5 9 10 *11)
[    5.972249] ACPI: PCI Interrupt Link [LNKC] (IRQs 5 9 *10 11)
[    5.972307] ACPI: PCI Interrupt Link [LNKD] (IRQs 5 *9 10 11)
[    5.972388] ACPI: Enabled 2 GPEs in block 00 to 07
[    5.972480] vgaarb: setting as boot device: PCI:0000:00:02.0
[    5.972482] vgaarb: device added: PCI:0000:00:02.0,decodes=io+mem,owns=io+mem,locks=none
[    5.972484] vgaarb: loaded
[    5.972484] vgaarb: bridge control possible 0000:00:02.0
[    5.972640] SCSI subsystem initialized
[    5.972668] libata version 3.00 loaded.
[    5.972684] ACPI: bus type USB registered
[    5.972693] usbcore: registered new interface driver usbfs
[    5.972698] usbcore: registered new interface driver hub
[    5.972704] usbcore: registered new device driver usb
[    5.972785] PCI: Using ACPI for IRQ routing
[    5.972786] PCI: pci_cache_line_size set to 64 bytes
[    5.972917] Expanded resource Persistent Memory (legacy) due to conflict with PCI Bus 0000:00
[    5.972918] e820: reserve RAM buffer [mem 0x0009fc00-0x0009ffff]
[    5.972995] NetLabel: Initializing
[    5.972996] NetLabel:  domain hash size = 128
[    5.972996] NetLabel:  protocols = UNLABELED CIPSOv4
[    5.973004] NetLabel:  unlabeled traffic allowed by default
[    5.973055] clocksource: Switched to clocksource kvm-clock
[    5.978623] AppArmor: AppArmor Filesystem Enabled
[    5.978671] pnp: PnP ACPI init
[    5.978723] pnp 00:00: Plug and Play ACPI device, IDs PNP0303 (active)
[    5.978771] pnp 00:01: Plug and Play ACPI device, IDs PNP0f03 (active)
[    5.979183] pnp: PnP ACPI: found 2 devices
[    5.984375] clocksource: acpi_pm: mask: 0xffffff max_cycles: 0xffffff, max_idle_ns: 2085701024 ns
[    5.984387] pci_bus 0000:00: resource 4 [io  0x0000-0x0cf7 window]
[    5.984388] pci_bus 0000:00: resource 5 [io  0x0d00-0xffff window]
[    5.984389] pci_bus 0000:00: resource 6 [mem 0x000a0000-0x000bffff window]
[    5.984390] pci_bus 0000:00: resource 7 [mem 0xe0000000-0xffdfffff window]
[    5.984414] NET: Registered protocol family 2
[    5.984551] TCP established hash table entries: 65536 (order: 7, 524288 bytes)
[    5.985634] TCP bind hash table entries: 65536 (order: 8, 1048576 bytes)
[    5.985686] TCP: Hash tables configured (established 65536 bind 65536)
[    5.985701] UDP hash table entries: 4096 (order: 5, 131072 bytes)
[    5.985714] UDP-Lite hash table entries: 4096 (order: 5, 131072 bytes)
[    5.985748] NET: Registered protocol family 1
[    5.985757] pci 0000:00:00.0: Limiting direct PCI/PCI transfers
[    5.985807] pci 0000:00:01.0: Activating ISA DMA hang workarounds
[    5.985828] pci 0000:00:02.0: Video device with shadowed ROM
[    5.986067] PCI: CLS 0 bytes, default 64
[    5.986113] Trying to unpack rootfs image as initramfs...
[    6.413431] Freeing initrd memory: 34072K (ffff880033d64000 - ffff880035eaa000)
[    6.413441] PCI-DMA: Using software bounce buffering for IO (SWIOTLB)
[    6.413443] software IO TLB [mem 0x7c000000-0x80000000] (64MB) mapped at [ffff88007c000000-ffff88007fffffff]
[    6.413587] platform rtc_cmos: registered platform RTC device (no PNP device found)
[    6.413600] RAPL PMU detected, API unit is 2^-32 Joules, 4 fixed counters 10737418240 ms ovfl timer
[    6.413601] hw unit of domain pp0-core 2^-0 Joules
[    6.413602] hw unit of domain package 2^-0 Joules
[    6.413603] hw unit of domain dram 2^-0 Joules
[    6.413604] hw unit of domain pp1-gpu 2^-0 Joules
[    6.413640] microcode: CPU0 sig=0x306c3, pf=0x40, revision=0x0
[    6.413682] microcode: Microcode Update Driver: v2.00 <tigran@aivazian.fsnet.co.uk>, Peter Oruba
[    6.413713] Scanning for low memory corruption every 60 seconds
[    6.413937] futex hash table entries: 256 (order: 2, 16384 bytes)
[    6.413955] audit: initializing netlink subsys (disabled)
[    6.413967] audit: type=2000 audit(1513608781.965:1): initialized
[    6.414160] Initialise system trusted keyring
[    6.414219] HugeTLB registered 2 MB page size, pre-allocated 0 pages
[    6.415589] zbud: loaded
[    6.415748] VFS: Disk quotas dquot_6.6.0
[    6.415776] VFS: Dquot-cache hash table entries: 512 (order 0, 4096 bytes)
[    6.416002] squashfs: version 4.0 (2009/01/31) Phillip Lougher
[    6.416167] fuse init (API version 7.23)
[    6.416270] Key type big_key registered
[    6.416829] Key type asymmetric registered
[    6.416832] Asymmetric key parser 'x509' registered
[    6.416844] Block layer SCSI generic (bsg) driver version 0.4 loaded (major 249)
[    6.418349] io scheduler noop registered
[    6.418351] io scheduler deadline registered (default)
[    6.418383] io scheduler cfq registered
[    6.418460] pci_hotplug: PCI Hot Plug PCI Core version: 0.5
[    6.418465] pciehp: PCI Express Hot Plug Controller Driver version: 0.4
[    6.418638] ACPI: AC Adapter [AC] (on-line)
[    6.418687] input: Power Button as /devices/LNXSYSTM:00/LNXPWRBN:00/input/input0
[    6.418691] ACPI: Power Button [PWRF]
[    6.418755] input: Sleep Button as /devices/LNXSYSTM:00/LNXSLPBN:00/input/input1
[    6.418757] ACPI: Sleep Button [SLPF]
[    6.418885] GHES: HEST is not enabled!
[    6.418964] Serial: 8250/16550 driver, 32 ports, IRQ sharing enabled
[    6.419984] Linux agpgart interface v0.103
[    6.423104] brd: module loaded
[    6.423808] loop: module loaded
[    6.423975] ata_piix 0000:00:01.1: version 2.13
[    6.424465] nd_pmem namespace0.0: unable to guarantee persistence of writes
[    6.426140] pmem0: detected capacity change from 0 to 1610547200
[    6.426212] nd_pmem namespace2.0: unable to guarantee persistence of writes
[    6.426215] nd_pmem namespace2.0: could not reserve region [0x0x00000000e0000000:0x1ffc0000]
[    6.426217] nd_pmem: probe of namespace2.0 failed with error -16
[    6.426278] nd_pmem namespace4.0: unable to guarantee persistence of writes
[    6.427845] pmem4: detected capacity change from 0 to 2147483648
[    6.427855] scsi host0: ata_piix
[    6.427916] scsi host1: ata_piix
[    6.427946] ata1: PATA max UDMA/33 cmd 0x1f0 ctl 0x3f6 bmdma 0xd000 irq 14
[    6.427947] ata2: PATA max UDMA/33 cmd 0x170 ctl 0x376 bmdma 0xd008 irq 15
[    6.428028] libphy: Fixed MDIO Bus: probed
[    6.428031] tun: Universal TUN/TAP device driver, 1.6
[    6.428032] tun: (C) 1999-2004 Max Krasnyansky <maxk@qualcomm.com>
[    6.428309] PPP generic driver version 2.4.2
[    6.428366] ehci_hcd: USB 2.0 'Enhanced' Host Controller (EHCI) Driver
[    6.428370] ehci-pci: EHCI PCI platform driver
[    6.428875] ehci-pci 0000:00:0b.0: EHCI Host Controller
[    6.428882] ehci-pci 0000:00:0b.0: new USB bus registered, assigned bus number 1
[    6.429077] ehci-pci 0000:00:0b.0: irq 19, io mem 0xf0805000
[    6.441073] ehci-pci 0000:00:0b.0: USB 2.0 started, EHCI 1.00
[    6.441107] usb usb1: New USB device found, idVendor=1d6b, idProduct=0002
[    6.441108] usb usb1: New USB device strings: Mfr=3, Product=2, SerialNumber=1
[    6.441110] usb usb1: Product: EHCI Host Controller
[    6.441110] usb usb1: Manufacturer: Linux 4.3.0 ehci_hcd
[    6.441111] usb usb1: SerialNumber: 0000:00:0b.0
[    6.441186] hub 1-0:1.0: USB hub found
[    6.441189] hub 1-0:1.0: 12 ports detected
[    6.441327] ehci-platform: EHCI generic platform driver
[    6.441337] ohci_hcd: USB 1.1 'Open' Host Controller (OHCI) Driver
[    6.441341] ohci-pci: OHCI PCI platform driver
[    6.441676] ohci-pci 0000:00:06.0: OHCI PCI host controller
[    6.441680] ohci-pci 0000:00:06.0: new USB bus registered, assigned bus number 2
[    6.441724] ohci-pci 0000:00:06.0: irq 22, io mem 0xf0804000
[    6.497475] usb usb2: New USB device found, idVendor=1d6b, idProduct=0001
[    6.497478] usb usb2: New USB device strings: Mfr=3, Product=2, SerialNumber=1
[    6.497480] usb usb2: Product: OHCI PCI host controller
[    6.497482] usb usb2: Manufacturer: Linux 4.3.0 ohci_hcd
[    6.497483] usb usb2: SerialNumber: 0000:00:06.0
[    6.497610] hub 2-0:1.0: USB hub found
[    6.497624] hub 2-0:1.0: 12 ports detected
[    6.497929] ohci-platform: OHCI generic platform driver
[    6.497939] uhci_hcd: USB Universal Host Controller Interface driver
[    6.497974] i8042: PNP: PS/2 Controller [PNP0303:PS2K,PNP0f03:PS2M] at 0x60,0x64 irq 1,12
[    6.498330] serio: i8042 KBD port at 0x60,0x64 irq 1
[    6.498332] serio: i8042 AUX port at 0x60,0x64 irq 12
[    6.498518] mousedev: PS/2 mouse device common for all mice
[    6.498762] input: AT Translated Set 2 keyboard as /devices/platform/i8042/serio0/input/input2
[    6.499090] rtc_cmos rtc_cmos: rtc core: registered rtc_cmos as rtc0
[    6.499145] rtc_cmos rtc_cmos: alarms up to one day, 114 bytes nvram
[    6.499152] i2c /dev entries driver
[    6.499200] device-mapper: uevent: version 1.0.3
[    6.499255] device-mapper: ioctl: 4.33.0-ioctl (2015-8-18) initialised: dm-devel@redhat.com
[    6.499271] ledtrig-cpu: registered to indicate activity on CPUs
[    6.499531] NET: Registered protocol family 10
[    6.499665] NET: Registered protocol family 17
[    6.499677] Key type dns_resolver registered
[    6.499863] registered taskstats version 1
[    6.499881] Loading compiled-in X.509 certificates
[    6.500656] Loaded X.509 cert 'Build time autogenerated kernel key: 0759ca4de3f7631372cabbbeea3b24c381c013ce'
[    6.500674] zswap: loaded using pool lzo/zbud
[    6.502279] Key type trusted registered
[    6.504756] Key type encrypted registered
[    6.504763] AppArmor: AppArmor sha1 policy hashing enabled
[    6.504766] ima: No TPM chip found, activating TPM-bypass!
[    6.504783] evm: HMAC attrs: 0x1
[    6.505068]   Magic number: 13:214:890
[    6.505166] rtc_cmos rtc_cmos: setting system clock to 2017-12-18 14:52:55 UTC (1513608775)
[    6.505224] BIOS EDD facility v0.16 2004-Jun-25, 0 devices found
[    6.505225] EDD information not available.
[    6.505267] PM: Hibernation image not present or could not be loaded.
[    6.585895] ata2.00: ATAPI: VBOX CD-ROM, 1.0, max UDMA/133
[    6.586158] ata2.00: configured for UDMA/33
[    6.586429] scsi 1:0:0:0: CD-ROM            VBOX     CD-ROM           1.0  PQ: 0 ANSI: 5
[    6.593384] sr 1:0:0:0: [sr0] scsi3-mmc drive: 32x/32x xa/form2 tray
[    6.593386] cdrom: Uniform CD-ROM driver Revision: 3.20
[    6.593458] sr 1:0:0:0: Attached scsi CD-ROM sr0
[    6.593608] sr 1:0:0:0: Attached scsi generic sg0 type 5
[    6.593835] Freeing unused kernel memory: 1456K (ffffffff81d3a000 - ffffffff81ea6000)
[    6.593836] Write protecting the kernel read-only data: 12288k
[    6.593910] Freeing unused kernel memory: 20K (ffff8800017fb000 - ffff880001800000)
[    6.593960] Freeing unused kernel memory: 216K (ffff880001bca000 - ffff880001c00000)
[    6.599950] random: udevadm urandom read with 1 bits of entropy available
[    6.626968] e1000: Intel(R) PRO/1000 Network Driver - version 7.3.21-k8-NAPI
[    6.626970] e1000: Copyright (c) 1999-2006 Intel Corporation.
[    6.629842] ACPI: Video Device [GFX0] (multi-head: yes  rom: no  post: no)
[    6.629889] input: Video Bus as /devices/LNXSYSTM:00/LNXSYBUS:00/PNP0A03:00/LNXVIDEO:00/input/input4
[    6.631236] FUJITSU Extended Socket Network Device Driver - version 1.0 - Copyright (c) 2015 FUJITSU LIMITED
[    6.930830] input: ImExPS/2 Generic Explorer Mouse as /devices/platform/i8042/serio1/input/input5
[    6.972434] e1000 0000:00:03.0 eth0: (PCI:33MHz:32-bit) 08:00:27:7d:c1:92
[    6.972439] e1000 0000:00:03.0 eth0: Intel(R) PRO/1000 Network Connection
[    6.972752] ahci 0000:00:0d.0: version 3.0
[    6.972819] ahci 0000:00:0d.0: SSS flag set, parallel bus scan disabled
[    6.972903] ahci 0000:00:0d.0: AHCI 0001.0100 32 slots 1 ports 3 Gbps 0x1 impl SATA mode
[    6.972905] ahci 0000:00:0d.0: flags: 64bit ncq stag only ccc 
[    6.973715] e1000 0000:00:03.0 enp0s3: renamed from eth0
[    6.974352] scsi host2: ahci
[    6.974396] ata3: SATA max UDMA/133 abar m8192@0xf0806000 port 0xf0806100 irq 21
[    7.138152] usb 2-1: new full-speed USB device number 2 using ohci-pci
[    7.293600] ata3: SATA link up 3.0 Gbps (SStatus 123 SControl 300)
[    7.293676] ata3.00: ATA-6: VBOX HARDDISK, 1.0, max UDMA/133
[    7.293678] ata3.00: 268435456 sectors, multi 128: LBA48 NCQ (depth 31/32)
[    7.293741] ata3.00: configured for UDMA/133
[    7.293810] scsi 2:0:0:0: Direct-Access     ATA      VBOX HARDDISK    1.0  PQ: 0 ANSI: 5
[    7.294066] sd 2:0:0:0: [sda] 268435456 512-byte logical blocks: (137 GB/128 GiB)
[    7.294079] sd 2:0:0:0: [sda] Write Protect is off
[    7.294081] sd 2:0:0:0: [sda] Mode Sense: 00 3a 00 00
[    7.294087] sd 2:0:0:0: [sda] Write cache: enabled, read cache: enabled, doesn't support DPO or FUA
[    7.294180] sd 2:0:0:0: Attached scsi generic sg1 type 0
[    7.309363]  sda: sda1 sda2 < sda5 >
[    7.309525] sd 2:0:0:0: [sda] Attached SCSI disk
[    7.409126] tsc: Refined TSC clocksource calibration: 3589.215 MHz
[    7.409130] clocksource: tsc: mask: 0xffffffffffffffff max_cycles: 0x33bc8767b7f, max_idle_ns: 440795299491 ns
[    7.414740] usb 2-1: New USB device found, idVendor=80ee, idProduct=0021
[    7.414741] usb 2-1: New USB device strings: Mfr=1, Product=3, SerialNumber=0
[    7.414742] usb 2-1: Product: USB Tablet
[    7.414743] usb 2-1: Manufacturer: VirtualBox
[    7.424562] hidraw: raw HID events driver (C) Jiri Kosina
[    7.439441] usbcore: registered new interface driver usbhid
[    7.439443] usbhid: USB HID core driver
[    7.447102] input: VirtualBox USB Tablet as /devices/pci0000:00/0000:00:06.0/usb2/2-1/2-1:1.0/0003:80EE:0021.0001/input/input6
[    7.447227] hid-generic 0003:80EE:0021.0001: input,hidraw0: USB HID v1.10 Mouse [VirtualBox USB Tablet] on usb-0000:00:06.0-1/input0
[    9.953613] floppy0: no floppy controllers found
[    9.953648] work still pending
[   10.663275] EXT4-fs (sda1): mounted filesystem with ordered data mode. Opts: (null)
[   11.705676] random: nonblocking pool is initialized
[   11.762774] systemd[1]: systemd 229 running in system mode. (+PAM +AUDIT +SELINUX +IMA +APPARMOR +SMACK +SYSVINIT +UTMP +LIBCRYPTSETUP +GCRYPT +GNUTLS +ACL +XZ -LZ4 +SECCOMP +BLKID +ELFUTILS +KMOD -IDN)
[   11.762796] systemd[1]: Detected virtualization oracle.
[   11.762799] systemd[1]: Detected architecture x86-64.
[   11.769840] systemd[1]: Set hostname to <cxdir-VirtualBox>.
[   12.327318] systemd[1]: Set up automount Arbitrary Executable File Formats File System Automount Point.
[   12.327372] systemd[1]: Listening on Journal Audit Socket.
[   12.327378] systemd[1]: Reached target Encrypted Volumes.
[   12.327430] systemd[1]: Created slice System Slice.
[   12.327447] systemd[1]: Listening on udev Kernel Socket.
[   12.327463] systemd[1]: Listening on /dev/initctl Compatibility Named Pipe.
[   12.327473] systemd[1]: Listening on fsck to fsckd communication Socket.
[   12.327486] systemd[1]: Listening on Syslog Socket.
[   12.327501] systemd[1]: Listening on Journal Socket.
[   12.336315] systemd[1]: Starting Set console keymap...
[   12.336353] systemd[1]: Started Forward Password Requests to Wall Directory Watch.
[   12.336542] systemd[1]: Started Braille Device Support.
[   12.337311] systemd[1]: Created slice User and Session Slice.
[   12.337322] systemd[1]: Reached target Slices.
[   12.337354] systemd[1]: Listening on udev Control Socket.
[   12.337542] systemd[1]: Mounting Debug File System...
[   12.337551] systemd[1]: Reached target Remote File Systems (Pre).
[   12.337560] systemd[1]: Reached target Remote File Systems.
[   12.355163] systemd[1]: Starting Load Kernel Modules...
[   12.355460] systemd[1]: Mounting POSIX Message Queue File System...
[   12.355497] systemd[1]: Listening on Journal Socket (/dev/log).
[   12.355716] systemd[1]: Starting Journal Service...
[   12.355732] systemd[1]: Reached target User and Group Name Lookups.
[   12.355941] systemd[1]: Starting Uncomplicated firewall...
[   12.357276] systemd[1]: Mounting Huge Pages File System...
[   12.357611] systemd[1]: Starting Create list of required static device nodes for the current kernel...
[   12.596416] systemd[1]: Started Uncomplicated firewall.
[   12.674409] systemd[1]: Started Create list of required static device nodes for the current kernel.
[   12.674716] systemd[1]: Starting Create Static Device Nodes in /dev...
[   12.897543] lp: driver loaded but no devices found
[   12.927866] ppdev: user-space parallel port driver
[   12.938814] systemd[1]: Mounted POSIX Message Queue File System.
[   12.938845] systemd[1]: Mounted Huge Pages File System.
[   12.938859] systemd[1]: Mounted Debug File System.
[   12.980365] systemd[1]: Started Journal Service.
[   13.665452] EXT4-fs (sda1): re-mounted. Opts: errors=remount-ro
[   13.862332] systemd-journald[231]: Received request to flush runtime journal from PID 1
[   14.273586] piix4_smbus 0000:00:07.0: SMBus Host Controller at 0x4100, revision 0
[   14.288571] vboxguest: module verification failed: signature and/or required key missing - tainting kernel
[   14.291028] vgdrvHeartbeatInit: Setting up heartbeat to trigger every 2000 milliseconds
[   14.291084] input: Unspecified device as /devices/pci0000:00/0000:00:04.0/input/input7
[   14.292298] vboxguest: misc device minor 56, IRQ 20, I/O port d020, MMIO at 00000000f0400000 (size 0x400000)
[   14.292300] vboxguest: Successfully loaded version 5.1.14 (interface 0x00010004)
[   14.716749] [drm] Initialized drm 1.1.0 20060810
[   14.775511] AVX version of gcm_enc/dec engaged.
[   14.775513] AES CTR mode by8 optimization enabled
[   14.940176] [drm] VRAM 01000000
[   14.940540] [TTM] Zone  kernel: Available graphics memory: 2281612 kiB
[   14.940542] [TTM] Zone   dma32: Available graphics memory: 2097152 kiB
[   14.940543] [TTM] Initializing pool allocator
[   14.940547] [TTM] Initializing DMA pool allocator
[   14.942477] fbcon: vboxdrmfb (fb0) is primary device
[   14.948779] Console: switching to colour frame buffer device 100x37
[   14.953929] vboxvideo 0000:00:02.0: fb0: vboxdrmfb frame buffer device
[   14.953937] [drm] Initialized vboxvideo 1.0.0 20130823 for 0000:00:02.0 on minor 0
[   15.065609] snd_intel8x0 0000:00:05.0: disable (unknown or VT-d) VM optimization
[   15.161377] intel_rapl: no valid rapl domains found in package 0
[   15.334311] snd_intel8x0 0000:00:05.0: white list rate for 1028:0177 is 48000
[   15.972625] audit: type=1400 audit(1513608784.960:2): apparmor="STATUS" operation="profile_load" name="/usr/lib/lightdm/lightdm-guest-session" pid=499 comm="apparmor_parser"
[   15.972632] audit: type=1400 audit(1513608784.960:3): apparmor="STATUS" operation="profile_load" name="chromium" pid=499 comm="apparmor_parser"
[   16.023563] audit: type=1400 audit(1513608785.016:4): apparmor="STATUS" operation="profile_load" name="/sbin/dhclient" pid=504 comm="apparmor_parser"
[   16.023570] audit: type=1400 audit(1513608785.016:5): apparmor="STATUS" operation="profile_load" name="/usr/lib/NetworkManager/nm-dhcp-client.action" pid=504 comm="apparmor_parser"
[   16.023573] audit: type=1400 audit(1513608785.016:6): apparmor="STATUS" operation="profile_load" name="/usr/lib/NetworkManager/nm-dhcp-helper" pid=504 comm="apparmor_parser"
[   16.023577] audit: type=1400 audit(1513608785.016:7): apparmor="STATUS" operation="profile_load" name="/usr/lib/connman/scripts/dhclient-script" pid=504 comm="apparmor_parser"
[   16.064022] audit: type=1400 audit(1513608785.052:8): apparmor="STATUS" operation="profile_load" name="/usr/bin/evince" pid=533 comm="apparmor_parser"
[   16.064026] audit: type=1400 audit(1513608785.052:9): apparmor="STATUS" operation="profile_load" name="sanitized_helper" pid=533 comm="apparmor_parser"
[   16.064029] audit: type=1400 audit(1513608785.052:10): apparmor="STATUS" operation="profile_load" name="/usr/bin/evince-previewer" pid=533 comm="apparmor_parser"
[   16.064030] audit: type=1400 audit(1513608785.052:11): apparmor="STATUS" operation="profile_load" name="sanitized_helper" pid=533 comm="apparmor_parser"
[   16.560759] Adding 8386556k swap on /dev/sda5.  Priority:-1 extents:1 across:8386556k FS
[   17.221083] floppy0: no floppy controllers found
[   17.221112] work still pending
[   18.615989] vboxsf: Successfully loaded version 5.1.14 (interface 0x00010004)
[   22.748743] IPv6: ADDRCONF(NETDEV_UP): enp0s3: link is not ready
[   22.750033] IPv6: ADDRCONF(NETDEV_UP): enp0s3: link is not ready
[   22.753966] e1000: enp0s3 NIC Link is Up 1000 Mbps Full Duplex, Flow Control: RX
[   22.754211] IPv6: ADDRCONF(NETDEV_CHANGE): enp0s3: link becomes ready
[   22.879454] VBoxService 5.1.14 r112924 (verbosity: 0) linux.amd64 (Jan 16 2017 17:38:46) release log
               00:00:00.000080 main     Log opened 2017-12-18T14:53:11.874226000Z
[   22.879497] 00:00:00.000155 main     OS Product: Linux
[   22.879518] 00:00:00.000180 main     OS Release: 4.3.0
[   22.879538] 00:00:00.000201 main     OS Version: #2 SMP Fri Sep 8 20:52:18 CST 2017
[   22.879582] 00:00:00.000235 main     Executable: /opt/VBoxGuestAdditions-5.1.14/sbin/VBoxService
               00:00:00.000235 main     Process ID: 964
               00:00:00.000236 main     Package type: LINUX_64BITS_GENERIC
[   22.880111] 00:00:00.000771 main     5.1.14 r112924 started. Verbose level = 0
[   95.841219] nova: dafs init nova_fs
[   95.841222] nova: init_nova_fs: 1 cpus online
[   95.841225] nova: Arch new instructions support: PCOMMIT NO, CLWB NO
[   95.842582] nova: dafs register file sytem nova
[   95.842595] nova: dafs end init_fs
[   95.888862] nova: dafs start to mount
[   95.888875] nova: nova_get_block_info: dev pmem0, phys_addr 0x80000000, virt_addr ffffc90040000000, size 1610547200
[   95.888894] nova: start init radix tree
[   95.888895] nova: finish init radix tree
[   95.888895] nova: start nova init
[   95.888896] nova: creating an empty nova of size 1610547200
[   95.888897] nova: nova: Default block size set to 4K
[   95.888899] nova: dafs init dzt block
[   95.888900] nova: dafs_get dzt blk
[   95.888901] nova: dzt alloc 1 dzt blocks from 4 to 4
[   95.888902] nova: dafs_init_dzt_block: allocate log @ 0x4
[   95.888903] nova: dafs start get journal blk
[   95.888904] nova: dafs_get journal blk
[   95.888904] nova: dafs get hard journal
[   95.888905] nova: nova_lite_journal_hard_init: allocate log @ 0x5
[   95.888906] nova: dafs get soft journal
[   95.888906] nova: dafs start get journal blk
[   95.888907] nova: dafs_get journal blk
[   95.888907] nova: nice journal initialize head 20480, tail 20480
[   95.888908] nova: dafs get inode table
[   95.891840] nova: nova_init_inode_table: allocate log @ 0x6
[   95.891841] nova: nova_init_inode_table:inode table log head is 24576
[   95.891843] nova: Allocate root inode
[   95.891844] nova: dafs_get dzt blk
[   95.891845] nova: dafs allocate hash table
[   97.430770] nova: dafs allocate zone blocks
[   97.430809] nova: Zone 0, alloc 1 zone blocks from 262662 to 262662
[   97.430812] nova: dafs_alloc_dir_zone: allocate zone @ 0x40206
[   97.454648] nova: dafs make dzt pointer
[   97.454650] nova: dafs_get dzt blk
[   97.454652] nova: dafs finish make dzt bitmap pointer
[   97.454653] nova: dafs start build dzt
[   97.454655] nova: dafs finish build dzt_e
[   97.454655] nova: dafs start init dir zones
[   97.454656] nova: root ze addr is 1075863552
[   97.454657] nova: the root dir hashname is 47
[   97.454657] nova: test root hash name is 47
[   97.454658] nova: dafs finish creat root directory
[   97.454659] nova: dafs record pos in hash table address is 2121728
[   97.454659] nova: dafs finish recording pos in hash table
[   97.454660] nova: dafs add dir info in radix tree
[   97.454661] nova: dir hash name is 47
[   97.454662] nova: make_zone_ptr start
[   97.454662] nova: dafs start adding init part in dir
[   97.454663] nova: par ze addr is 1075863552
[   97.454663] nova: make_zone_ptr start
[   97.454664] nova: dafs_append_dir_init_entries init entry name /.
[   97.454665] nova: dafs record pos in hash table address is 2121728
[   97.454665] nova: dafs finish recording pos in hash table
[   97.454666] nova: par pos is 0, cur pos is 1
[   97.454667] nova: parent hashname is 47
[   97.454667] nova: dafs record pos in hash table address is 2121728
[   97.454668] nova: dafs finish recording pos in hash table
[   97.454669] nova: dafs finish add initial part in dir
[   97.454669] nova: dafs finish init dir zones
[   97.454669] nova: dafs init dir info tree
[   97.454670] nova: make_zone_ptr start
[   97.454704] nova: dafs finish initial dir info tree
[   97.454705] nova: dafs finish nova_init
[   97.454706] nova: dafs start setting sb
[   97.454706] nova: dafs end setting sb
[   97.454707] nova: nova_iget:dafs start iget
[   97.454713] nova: nova_iget: inode 1
[   97.454714] nova: nova_iget: pi_addr is 0x1024
[   97.454715] nova: nova_rebuild_inode:dafs start to rebuild inode
[   97.454716] nova: nova_rebuild_inode s_ifdir
[   97.454716] nova: Rebuild dir 1 tree
[   97.454717] nova: Log head 0x0, tail 0x0
[   97.454718] nova: dafs_rebuild_dir_inode_tree: it is dir type
[   97.454718] nova: dafs_rebuild_dir_inode_tree:dafs finish rebuild dir inode
[   97.454720] nova: sucessfully get inode
[   97.454721] nova: root_dentry name is /
[   97.454722] nova: start_cz_thread start
[   97.454742] nova: start_cz_thread fill task
[   97.454743] nova: dafs end fill super
[   97.454744] nova: dafs finish mount
[   97.455178] nova: dafs_lookup:dafs start lookup .Trash 
[   97.455179] nova: dafs_lookup: .Trash
[   97.455180] nova: dafs_inode_by_name:dafs start to inode by name
[   97.455181] nova: dafs_find_direntry:dafs start to find direntry
[   97.455182] nova: dentry name is .Trash
[   97.455182] nova: get_dentry_path:dafs get dentry path
[   97.455183] nova: fs path is: /
[   97.455197] nova: fs path is: /
[   97.455197] nova: mount point is:/
[   97.455198] nova: dentry name is .Trash
[   97.455199] nova: get_dentry_path:dafs append file name:.Trash
[   97.455199] nova: buf is 
[   97.455200] nova: ph is /.Trash
[   97.455200] nova: dafs finish get dentry path
[   97.455201] nova: strictly full name is /.Trash
[   97.455201] nova: strictly full name length is 7
[   97.455202] nova: dafs start to find dzt
[   97.455203] nova: test path len is 0
[   97.455204] nova: dafs finish finding dzt:0, zone addr 0x1075863552
[   97.455204] nova: path name is /
[   97.455205] nova: the ze addr is 1075863552
[   97.455205] nova: full name is /.Trash
[   97.455206] nova: the ze addr is 1075863552, the ze number is 0,  the hash table head is 2121728
[   97.455206] nova: dafs start to lookup in hashtable
[   97.455207] nova: lookup_in_hashtable:not find pos
[   97.455208] nova: dafs finish lookup in hash table
[   97.455208] nova: not found dentry in nvm
[   97.455208] nova: dafs_find_direntry:dafs finish find direntry
[   97.455209] nova: dafs_lookup: look up get ino 0
[   97.455210] nova: dafs_lookup:dafs finish lookup 0
[   97.455225] nova: dafs_lookup:dafs start lookup .Trash-1000 
[   97.455226] nova: dafs_lookup: .Trash-1000
[   97.455227] nova: dafs_inode_by_name:dafs start to inode by name
[   97.455227] nova: dafs_find_direntry:dafs start to find direntry
[   97.455228] nova: dentry name is .Trash-1000
[   97.455228] nova: get_dentry_path:dafs get dentry path
[   97.455229] nova: fs path is: /
[   97.455229] nova: fs path is: /
[   97.455230] nova: mount point is:/
[   97.455230] nova: dentry name is .Trash-1000
[   97.455231] nova: get_dentry_path:dafs append file name:.Trash-1000
[   97.455231] nova: buf is 
[   97.455232] nova: ph is /.Trash-1000
[   97.455232] nova: dafs finish get dentry path
[   97.455233] nova: strictly full name is /.Trash-1000
[   97.455233] nova: strictly full name length is 12
[   97.455234] nova: dafs start to find dzt
[   97.455234] nova: test path len is 0
[   97.455235] nova: dafs finish finding dzt:0, zone addr 0x1075863552
[   97.455235] nova: path name is /
[   97.455236] nova: the ze addr is 1075863552
[   97.455236] nova: full name is /.Trash-1000
[   97.455237] nova: the ze addr is 1075863552, the ze number is 0,  the hash table head is 2121728
[   97.455237] nova: dafs start to lookup in hashtable
[   97.455238] nova: lookup_in_hashtable:not find pos
[   97.455238] nova: dafs finish lookup in hash table
[   97.455239] nova: not found dentry in nvm
[   97.455239] nova: dafs_find_direntry:dafs finish find direntry
[   97.455240] nova: dafs_lookup: look up get ino 0
[   97.455240] nova: dafs_lookup:dafs finish lookup 0
[   97.463725] nova: check_thread_func start
