[    0.000000] Initializing cgroup subsys cpuset
[    0.000000] Initializing cgroup subsys cpu
[    0.000000] Initializing cgroup subsys cpuacct
[    0.000000] Linux version 4.3.0 (root@cxdafs-OptiPlex-9020) (gcc version 5.4.0 20160609 (Ubuntu 5.4.0-6ubuntu1~16.04.4) ) #1 SMP Tue Jan 23 17:04:37 CST 2018
[    0.000000] Command line: BOOT_IMAGE=/boot/vmlinuz-4.3.0 memmap=4G!2G root=UUID=461d99c2-65f5-4635-a31a-48a29395e262 ro quiet splash vt.handoff=7
[    0.000000] KERNEL supported cpus:
[    0.000000]   Intel GenuineIntel
[    0.000000]   AMD AuthenticAMD
[    0.000000]   Centaur CentaurHauls
[    0.000000] x86/fpu: xstate_offset[2]: 0240, xstate_sizes[2]: 0100
[    0.000000] x86/fpu: Supporting XSAVE feature 0x01: 'x87 floating point registers'
[    0.000000] x86/fpu: Supporting XSAVE feature 0x02: 'SSE registers'
[    0.000000] x86/fpu: Supporting XSAVE feature 0x04: 'AVX registers'
[    0.000000] x86/fpu: Enabled xstate features 0x7, context size is 0x340 bytes, using 'standard' format.
[    0.000000] x86/fpu: Using 'eager' FPU context switches.
[    0.000000] e820: BIOS-provided physical RAM map:
[    0.000000] BIOS-e820: [mem 0x0000000000000000-0x00000000000917ff] usable
[    0.000000] BIOS-e820: [mem 0x0000000000091800-0x000000000009ffff] reserved
[    0.000000] BIOS-e820: [mem 0x00000000000e0000-0x00000000000fffff] reserved
[    0.000000] BIOS-e820: [mem 0x0000000000100000-0x00000000d495ffff] usable
[    0.000000] BIOS-e820: [mem 0x00000000d4960000-0x00000000d4966fff] ACPI NVS
[    0.000000] BIOS-e820: [mem 0x00000000d4967000-0x00000000d4d9afff] usable
[    0.000000] BIOS-e820: [mem 0x00000000d4d9b000-0x00000000d5227fff] reserved
[    0.000000] BIOS-e820: [mem 0x00000000d5228000-0x00000000daee9fff] usable
[    0.000000] BIOS-e820: [mem 0x00000000daeea000-0x00000000daffffff] reserved
[    0.000000] BIOS-e820: [mem 0x00000000db000000-0x00000000db75efff] usable
[    0.000000] BIOS-e820: [mem 0x00000000db75f000-0x00000000db7fffff] reserved
[    0.000000] BIOS-e820: [mem 0x00000000db800000-0x00000000dbfadfff] usable
[    0.000000] BIOS-e820: [mem 0x00000000dbfae000-0x00000000dbffffff] ACPI data
[    0.000000] BIOS-e820: [mem 0x00000000dc000000-0x00000000dd71bfff] usable
[    0.000000] BIOS-e820: [mem 0x00000000dd71c000-0x00000000dd7fffff] ACPI NVS
[    0.000000] BIOS-e820: [mem 0x00000000dd800000-0x00000000dee10fff] usable
[    0.000000] BIOS-e820: [mem 0x00000000dee11000-0x00000000deffffff] reserved
[    0.000000] BIOS-e820: [mem 0x00000000f8000000-0x00000000fbffffff] reserved
[    0.000000] BIOS-e820: [mem 0x00000000fec00000-0x00000000fec00fff] reserved
[    0.000000] BIOS-e820: [mem 0x00000000fed00000-0x00000000fed03fff] reserved
[    0.000000] BIOS-e820: [mem 0x00000000fed1c000-0x00000000fed1ffff] reserved
[    0.000000] BIOS-e820: [mem 0x00000000fee00000-0x00000000fee00fff] reserved
[    0.000000] BIOS-e820: [mem 0x00000000ff000000-0x00000000ffffffff] reserved
[    0.000000] BIOS-e820: [mem 0x0000000100000000-0x000000021dffffff] usable
[    0.000000] NX (Execute Disable) protection: active
[    0.000000] e820: user-defined physical RAM map:
[    0.000000] user: [mem 0x0000000000000000-0x00000000000917ff] usable
[    0.000000] user: [mem 0x0000000000091800-0x000000000009ffff] reserved
[    0.000000] user: [mem 0x00000000000e0000-0x00000000000fffff] reserved
[    0.000000] user: [mem 0x0000000000100000-0x000000007fffffff] usable
[    0.000000] user: [mem 0x0000000080000000-0x00000000d495ffff] persistent (type 12)
[    0.000000] user: [mem 0x00000000d4960000-0x00000000d4966fff] persistent (type 12)
[    0.000000] user: [mem 0x00000000d4967000-0x00000000d4d9afff] persistent (type 12)
[    0.000000] user: [mem 0x00000000d4d9b000-0x00000000d5227fff] persistent (type 12)
[    0.000000] user: [mem 0x00000000d5228000-0x00000000daee9fff] persistent (type 12)
[    0.000000] user: [mem 0x00000000daeea000-0x00000000daffffff] persistent (type 12)
[    0.000000] user: [mem 0x00000000db000000-0x00000000db75efff] persistent (type 12)
[    0.000000] user: [mem 0x00000000db75f000-0x00000000db7fffff] persistent (type 12)
[    0.000000] user: [mem 0x00000000db800000-0x00000000dbfadfff] persistent (type 12)
[    0.000000] user: [mem 0x00000000dbfae000-0x00000000dbffffff] persistent (type 12)
[    0.000000] user: [mem 0x00000000dc000000-0x00000000dd71bfff] persistent (type 12)
[    0.000000] user: [mem 0x00000000dd71c000-0x00000000dd7fffff] persistent (type 12)
[    0.000000] user: [mem 0x00000000dd800000-0x00000000dee10fff] persistent (type 12)
[    0.000000] user: [mem 0x00000000dee11000-0x00000000deffffff] persistent (type 12)
[    0.000000] user: [mem 0x00000000df000000-0x00000000f7ffffff] persistent (type 12)
[    0.000000] user: [mem 0x00000000f8000000-0x00000000fbffffff] persistent (type 12)
[    0.000000] user: [mem 0x00000000fc000000-0x00000000febfffff] persistent (type 12)
[    0.000000] user: [mem 0x00000000fec00000-0x00000000fec00fff] persistent (type 12)
[    0.000000] user: [mem 0x00000000fec01000-0x00000000fecfffff] persistent (type 12)
[    0.000000] user: [mem 0x00000000fed00000-0x00000000fed03fff] persistent (type 12)
[    0.000000] user: [mem 0x00000000fed04000-0x00000000fed1bfff] persistent (type 12)
[    0.000000] user: [mem 0x00000000fed1c000-0x00000000fed1ffff] persistent (type 12)
[    0.000000] user: [mem 0x00000000fed20000-0x00000000fedfffff] persistent (type 12)
[    0.000000] user: [mem 0x00000000fee00000-0x00000000fee00fff] persistent (type 12)
[    0.000000] user: [mem 0x00000000fee01000-0x00000000feffffff] persistent (type 12)
[    0.000000] user: [mem 0x00000000ff000000-0x00000000ffffffff] persistent (type 12)
[    0.000000] user: [mem 0x0000000100000000-0x000000017fffffff] persistent (type 12)
[    0.000000] user: [mem 0x0000000180000000-0x000000021dffffff] usable
[    0.000000] SMBIOS 2.7 present.
[    0.000000] DMI: Dell Inc. OptiPlex 9020/03CPWF, BIOS A09 11/20/2014
[    0.000000] e820: update [mem 0x00000000-0x00000fff] usable ==> reserved
[    0.000000] e820: remove [mem 0x000a0000-0x000fffff] usable
[    0.000000] e820: last_pfn = 0x21e000 max_arch_pfn = 0x400000000
[    0.000000] MTRR default type: uncachable
[    0.000000] MTRR fixed ranges enabled:
[    0.000000]   00000-9FFFF write-back
[    0.000000]   A0000-BFFFF uncachable
[    0.000000]   C0000-DBFFF write-protect
[    0.000000]   DC000-E7FFF uncachable
[    0.000000]   E8000-FFFFF write-protect
[    0.000000] MTRR variable ranges enabled:
[    0.000000]   0 base 0000000000 mask 7E00000000 write-back
[    0.000000]   1 base 0200000000 mask 7FF0000000 write-back
[    0.000000]   2 base 0210000000 mask 7FF8000000 write-back
[    0.000000]   3 base 0218000000 mask 7FFC000000 write-back
[    0.000000]   4 base 021C000000 mask 7FFE000000 write-back
[    0.000000]   5 base 00E0000000 mask 7FE0000000 uncachable
[    0.000000]   6 disabled
[    0.000000]   7 disabled
[    0.000000]   8 disabled
[    0.000000]   9 disabled
[    0.000000] x86/PAT: Configuration [0-7]: WB  WC  UC- UC  WB  WC  UC- WT  
[    0.000000] original variable MTRRs
[    0.000000] reg 0, base: 0GB, range: 8GB, type WB
[    0.000000] reg 1, base: 8GB, range: 256MB, type WB
[    0.000000] reg 2, base: 8448MB, range: 128MB, type WB
[    0.000000] reg 3, base: 8576MB, range: 64MB, type WB
[    0.000000] reg 4, base: 8640MB, range: 32MB, type WB
[    0.000000] reg 5, base: 3584MB, range: 512MB, type UC
[    0.000000] total RAM covered: 8160M
[    0.000000] Found optimal setting for mtrr clean up
[    0.000000]  gran_size: 64K 	chunk_size: 64M 	num_reg: 6  	lose cover RAM: 0G
[    0.000000] New variable MTRRs
[    0.000000] reg 0, base: 0GB, range: 2GB, type WB
[    0.000000] reg 1, base: 2GB, range: 1GB, type WB
[    0.000000] reg 2, base: 3GB, range: 512MB, type WB
[    0.000000] reg 3, base: 4GB, range: 4GB, type WB
[    0.000000] reg 4, base: 8GB, range: 512MB, type WB
[    0.000000] reg 5, base: 8672MB, range: 32MB, type UC
[    0.000000] e820: update [mem 0xe0000000-0xffffffff] usable ==> reserved
[    0.000000] e820: last_pfn = 0x100000 max_arch_pfn = 0x400000000
[    0.000000] found SMP MP-table at [mem 0x000fd970-0x000fd97f] mapped at [ffff8800000fd970]
[    0.000000] Scanning 1 areas for low memory corruption
[    0.000000] Base memory trampoline at [ffff88000008b000] 8b000 size 24576
[    0.000000] Using GB pages for direct mapping
[    0.000000] init_memory_mapping: [mem 0x00000000-0x000fffff]
[    0.000000]  [mem 0x00000000-0x000fffff] page 4k
[    0.000000] BRK [0x01ffc000, 0x01ffcfff] PGTABLE
[    0.000000] BRK [0x01ffd000, 0x01ffdfff] PGTABLE
[    0.000000] BRK [0x01ffe000, 0x01ffefff] PGTABLE
[    0.000000] init_memory_mapping: [mem 0x21de00000-0x21dffffff]
[    0.000000]  [mem 0x21de00000-0x21dffffff] page 2M
[    0.000000] BRK [0x01fff000, 0x01ffffff] PGTABLE
[    0.000000] init_memory_mapping: [mem 0x200000000-0x21ddfffff]
[    0.000000]  [mem 0x200000000-0x21ddfffff] page 2M
[    0.000000] init_memory_mapping: [mem 0x1e0000000-0x1ffffffff]
[    0.000000]  [mem 0x1e0000000-0x1ffffffff] page 1G
[    0.000000] init_memory_mapping: [mem 0x00100000-0x7fffffff]
[    0.000000]  [mem 0x00100000-0x001fffff] page 4k
[    0.000000]  [mem 0x00200000-0x3fffffff] page 2M
[    0.000000]  [mem 0x40000000-0x7fffffff] page 1G
[    0.000000] init_memory_mapping: [mem 0x180000000-0x1dfffffff]
[    0.000000]  [mem 0x180000000-0x1dfffffff] page 1G
[    0.000000] RAMDISK: [mem 0x15b76000-0x26db2fff]
[    0.000000] ACPI: Early table checksum verification disabled
[    0.000000] ACPI: RSDP 0x00000000000F0490 000024 (v02 DELL  )
[    0.000000] ACPI: XSDT 0x00000000DBFEE088 000094 (v01 DELL   CBX3     01072009 AMI  00010013)
[    0.000000] ACPI: FACP 0x00000000DBFF9470 00010C (v05 DELL   CBX3     01072009 AMI  00010013)
[    0.000000] ACPI: DSDT 0x00000000DBFEE1B0 00B2B9 (v02 DELL   CBX3     00000014 INTL 20091112)
[    0.000000] ACPI: FACS 0x00000000DD7FE080 000040
[    0.000000] ACPI: APIC 0x00000000DBFF9580 000092 (v03 DELL   CBX3     01072009 AMI  00010013)
[    0.000000] ACPI: FPDT 0x00000000DBFF9618 000044 (v01 DELL   CBX3     01072009 AMI  00010013)
[    0.000000] ACPI: SLIC 0x00000000DBFF9660 000176 (v03 DELL   CBX3     01072009 MSFT 00010013)
[    0.000000] ACPI: LPIT 0x00000000DBFF97D8 00005C (v01 DELL   CBX3     00000000 AMI. 00000005)
[    0.000000] ACPI: SSDT 0x00000000DBFF9838 000539 (v01 PmRef  Cpu0Ist  00003000 INTL 20120711)
[    0.000000] ACPI: SSDT 0x00000000DBFF9D78 000AD8 (v01 PmRef  CpuPm    00003000 INTL 20120711)
[    0.000000] ACPI: SSDT 0x00000000DBFFA850 0001C7 (v01 PmRef  LakeTiny 00003000 INTL 20120711)
[    0.000000] ACPI: HPET 0x00000000DBFFAA18 000038 (v01 DELL   CBX3     01072009 AMI. 00000005)
[    0.000000] ACPI: SSDT 0x00000000DBFFAA50 00036D (v01 SataRe SataTabl 00001000 INTL 20120711)
[    0.000000] ACPI: MCFG 0x00000000DBFFADC0 00003C (v01 DELL   CBX3     01072009 MSFT 00000097)
[    0.000000] ACPI: SSDT 0x00000000DBFFAE00 0034D6 (v01 SaSsdt SaSsdt   00003000 INTL 20091112)
[    0.000000] ACPI: ASF! 0x00000000DBFFE2D8 0000A5 (v32 INTEL   HCG     00000001 TFSM 000F4240)
[    0.000000] ACPI: DMAR 0x00000000DBFFE380 000080 (v01 INTEL  HSW      00000001 INTL 00000001)
[    0.000000] ACPI: Local APIC address 0xfee00000
[    0.000000] No NUMA configuration found
[    0.000000] Faking a node at [mem 0x0000000000000000-0x000000021dffffff]
[    0.000000] NODE_DATA(0) allocated [mem 0x21dffb000-0x21dffffff]
[    0.000000]  [ffffea0000000000-ffffea00087fffff] PMD -> [ffff880218e00000-ffff88021d5fffff] on node 0
[    0.000000] Zone ranges:
[    0.000000]   DMA      [mem 0x0000000000001000-0x0000000000ffffff]
[    0.000000]   DMA32    [mem 0x0000000001000000-0x00000000ffffffff]
[    0.000000]   Normal   [mem 0x0000000100000000-0x000000021dffffff]
[    0.000000] Movable zone start for each node
[    0.000000] Early memory node ranges
[    0.000000]   node   0: [mem 0x0000000000001000-0x0000000000090fff]
[    0.000000]   node   0: [mem 0x0000000000100000-0x000000007fffffff]
[    0.000000]   node   0: [mem 0x0000000180000000-0x000000021dffffff]
[    0.000000] Initmem setup node 0 [mem 0x0000000000001000-0x000000021dffffff]
[    0.000000] On node 0 totalpages: 1171344
[    0.000000]   DMA zone: 64 pages used for memmap
[    0.000000]   DMA zone: 21 pages reserved
[    0.000000]   DMA zone: 3984 pages, LIFO batch:0
[    0.000000]   DMA32 zone: 8128 pages used for memmap
[    0.000000]   DMA32 zone: 520192 pages, LIFO batch:31
[    0.000000]   Normal zone: 10112 pages used for memmap
[    0.000000]   Normal zone: 647168 pages, LIFO batch:31
[    0.000000] ACPI: PM-Timer IO Port: 0x1808
[    0.000000] ACPI: Local APIC address 0xfee00000
[    0.000000] ACPI: LAPIC_NMI (acpi_id[0xff] high edge lint[0x1])
[    0.000000] IOAPIC[0]: apic_id 8, version 32, address 0xfec00000, GSI 0-23
[    0.000000] ACPI: INT_SRC_OVR (bus 0 bus_irq 0 global_irq 2 dfl dfl)
[    0.000000] ACPI: INT_SRC_OVR (bus 0 bus_irq 9 global_irq 9 high level)
[    0.000000] ACPI: IRQ0 used by override.
[    0.000000] ACPI: IRQ9 used by override.
[    0.000000] Using ACPI (MADT) for SMP configuration information
[    0.000000] ACPI: HPET id: 0x8086a701 base: 0xfed00000
[    0.000000] smpboot: Allowing 8 CPUs, 0 hotplug CPUs
[    0.000000] PM: Registered nosave memory: [mem 0x00000000-0x00000fff]
[    0.000000] PM: Registered nosave memory: [mem 0x00091000-0x00091fff]
[    0.000000] PM: Registered nosave memory: [mem 0x00092000-0x0009ffff]
[    0.000000] PM: Registered nosave memory: [mem 0x000a0000-0x000dffff]
[    0.000000] PM: Registered nosave memory: [mem 0x000e0000-0x000fffff]
[    0.000000] PM: Registered nosave memory: [mem 0x80000000-0xd495ffff]
[    0.000000] PM: Registered nosave memory: [mem 0xd4960000-0xd4966fff]
[    0.000000] PM: Registered nosave memory: [mem 0xd4967000-0xd4d9afff]
[    0.000000] PM: Registered nosave memory: [mem 0xd4d9b000-0xd5227fff]
[    0.000000] PM: Registered nosave memory: [mem 0xd5228000-0xdaee9fff]
[    0.000000] PM: Registered nosave memory: [mem 0xdaeea000-0xdaffffff]
[    0.000000] PM: Registered nosave memory: [mem 0xdb000000-0xdb75efff]
[    0.000000] PM: Registered nosave memory: [mem 0xdb75f000-0xdb7fffff]
[    0.000000] PM: Registered nosave memory: [mem 0xdb800000-0xdbfadfff]
[    0.000000] PM: Registered nosave memory: [mem 0xdbfae000-0xdbffffff]
[    0.000000] PM: Registered nosave memory: [mem 0xdc000000-0xdd71bfff]
[    0.000000] PM: Registered nosave memory: [mem 0xdd71c000-0xdd7fffff]
[    0.000000] PM: Registered nosave memory: [mem 0xdd800000-0xdee10fff]
[    0.000000] PM: Registered nosave memory: [mem 0xdee11000-0xdeffffff]
[    0.000000] PM: Registered nosave memory: [mem 0xdf000000-0xf7ffffff]
[    0.000000] PM: Registered nosave memory: [mem 0xf8000000-0xfbffffff]
[    0.000000] PM: Registered nosave memory: [mem 0xfc000000-0xfebfffff]
[    0.000000] PM: Registered nosave memory: [mem 0xfec00000-0xfec00fff]
[    0.000000] PM: Registered nosave memory: [mem 0xfec01000-0xfecfffff]
[    0.000000] PM: Registered nosave memory: [mem 0xfed00000-0xfed03fff]
[    0.000000] PM: Registered nosave memory: [mem 0xfed04000-0xfed1bfff]
[    0.000000] PM: Registered nosave memory: [mem 0xfed1c000-0xfed1ffff]
[    0.000000] PM: Registered nosave memory: [mem 0xfed20000-0xfedfffff]
[    0.000000] PM: Registered nosave memory: [mem 0xfee00000-0xfee00fff]
[    0.000000] PM: Registered nosave memory: [mem 0xfee01000-0xfeffffff]
[    0.000000] PM: Registered nosave memory: [mem 0xff000000-0xffffffff]
[    0.000000] PM: Registered nosave memory: [mem 0x100000000-0x17fffffff]
[    0.000000] e820: cannot find a gap in the 32bit address range
               e820: PCI devices with unassigned 32bit BARs may break!
[    0.000000] e820: [mem 0x21e100000-0x21e4fffff] available for PCI devices
[    0.000000] Booting paravirtualized kernel on bare hardware
[    0.000000] clocksource: refined-jiffies: mask: 0xffffffff max_cycles: 0xffffffff, max_idle_ns: 7645519600211568 ns
[    0.000000] setup_percpu: NR_CPUS:512 nr_cpumask_bits:512 nr_cpu_ids:8 nr_node_ids:1
[    0.000000] PERCPU: Embedded 33 pages/cpu @ffff88021dc00000 s97496 r8192 d29480 u262144
[    0.000000] pcpu-alloc: s97496 r8192 d29480 u262144 alloc=1*2097152
[    0.000000] pcpu-alloc: [0] 0 1 2 3 4 5 6 7 
[    0.000000] Built 1 zonelists in Node order, mobility grouping on.  Total pages: 1153019
[    0.000000] Policy zone: Normal
[    0.000000] Kernel command line: BOOT_IMAGE=/boot/vmlinuz-4.3.0 memmap=4G!2G root=UUID=461d99c2-65f5-4635-a31a-48a29395e262 ro quiet splash vt.handoff=7
[    0.000000] PID hash table entries: 4096 (order: 3, 32768 bytes)
[    0.000000] Calgary: detecting Calgary via BIOS EBDA area
[    0.000000] Calgary: Unable to locate Rio Grande table in EBDA - bailing!
[    0.000000] Memory: 4246972K/4685376K available (8146K kernel code, 1248K rwdata, 3880K rodata, 1456K init, 1332K bss, 438404K reserved, 0K cma-reserved)
[    0.000000] SLUB: HWalign=64, Order=0-3, MinObjects=0, CPUs=8, Nodes=1
[    0.000000] Hierarchical RCU implementation.
[    0.000000] 	Build-time adjustment of leaf fanout to 64.
[    0.000000] 	RCU restricting CPUs from NR_CPUS=512 to nr_cpu_ids=8.
[    0.000000] RCU: Adjusting geometry for rcu_fanout_leaf=64, nr_cpu_ids=8
[    0.000000] NR_IRQS:33024 nr_irqs:488 16
[    0.000000] spurious 8259A interrupt: IRQ7.
[    0.000000] Console: colour dummy device 80x25
[    0.000000] console [tty0] enabled
[    0.000000] clocksource: hpet: mask: 0xffffffff max_cycles: 0xffffffff, max_idle_ns: 133484882848 ns
[    0.000000] hpet clockevent registered
[    0.000000] tsc: Fast TSC calibration using PIT
[    0.000000] tsc: Detected 3591.622 MHz processor
[    0.000018] Calibrating delay loop (skipped), value calculated using timer frequency.. 7183.24 BogoMIPS (lpj=14366488)
[    0.000020] pid_max: default: 32768 minimum: 301
[    0.000023] ACPI: Core revision 20150818
[    0.006695] ACPI: 6 ACPI AML tables successfully acquired and loaded
[    0.006707] Security Framework initialized
[    0.006708] Yama: becoming mindful.
[    0.006713] AppArmor: AppArmor initialized
[    0.007049] Dentry cache hash table entries: 1048576 (order: 11, 8388608 bytes)
[    0.008069] Inode-cache hash table entries: 524288 (order: 10, 4194304 bytes)
[    0.008510] Mount-cache hash table entries: 16384 (order: 5, 131072 bytes)
[    0.008516] Mountpoint-cache hash table entries: 16384 (order: 5, 131072 bytes)
[    0.008655] Initializing cgroup subsys io
[    0.008658] Initializing cgroup subsys memory
[    0.008662] Initializing cgroup subsys devices
[    0.008664] Initializing cgroup subsys freezer
[    0.008665] Initializing cgroup subsys net_cls
[    0.008667] Initializing cgroup subsys perf_event
[    0.008668] Initializing cgroup subsys net_prio
[    0.008670] Initializing cgroup subsys hugetlb
[    0.008672] Initializing cgroup subsys pids
[    0.008687] CPU: Physical Processor ID: 0
[    0.008688] CPU: Processor Core ID: 0
[    0.008690] ENERGY_PERF_BIAS: Set to 'normal', was 'performance'
[    0.008691] ENERGY_PERF_BIAS: View and update with x86_energy_perf_policy(8)
[    0.009383] mce: CPU supports 9 MCE banks
[    0.009392] CPU0: Thermal monitoring enabled (TM1)
[    0.009399] process: using mwait in idle threads
[    0.009401] Last level iTLB entries: 4KB 1024, 2MB 1024, 4MB 1024
[    0.009402] Last level dTLB entries: 4KB 1024, 2MB 1024, 4MB 1024, 1GB 4
[    0.009626] Freeing SMP alternatives memory: 28K (ffffffff81ea6000 - ffffffff81ead000)
[    0.010799] ftrace: allocating 31180 entries in 122 pages
[    0.019018] DMAR: Host address width 39
[    0.019019] DMAR: DRHD base: 0x000000fed90000 flags: 0x1
[    0.019024] DMAR: dmar0: reg_base_addr fed90000 ver 1:0 cap d2008c20660462 ecap f010da
[    0.019025] DMAR: RMRR base: 0x000000def7b000 end: 0x000000def88fff
[    0.019027] DMAR-IR: IOAPIC id 8 under DRHD base  0xfed90000 IOMMU 0
[    0.019028] DMAR-IR: HPET id 0 under DRHD base 0xfed90000
[    0.019028] DMAR-IR: Queued invalidation will be enabled to support x2apic and Intr-remapping.
[    0.019166] DMAR-IR: Enabled IRQ remapping in x2apic mode
[    0.019166] x2apic enabled
[    0.019172] Switched APIC routing to cluster x2apic.
[    0.019576] ..TIMER: vector=0x30 apic1=0 pin1=2 apic2=-1 pin2=-1
[    0.059247] TSC deadline timer enabled
[    0.059249] smpboot: CPU0: Intel(R) Core(TM) i7-4790 CPU @ 3.60GHz (family: 0x6, model: 0x3c, stepping: 0x3)
[    0.059262] Performance Events: PEBS fmt2+, 16-deep LBR, Haswell events, full-width counters, Intel PMU driver.
[    0.059275] ... version:                3
[    0.059275] ... bit width:              48
[    0.059276] ... generic registers:      4
[    0.059276] ... value mask:             0000ffffffffffff
[    0.059277] ... max period:             0000ffffffffffff
[    0.059277] ... fixed-purpose events:   3
[    0.059278] ... event mask:             000000070000000f
[    0.059732] x86: Booting SMP configuration:
[    0.059733] .... node  #0, CPUs:      #1
[    0.073465] NMI watchdog: enabled on all CPUs, permanently consumes one hw-PMU counter.
[    0.073512]  #2 #3 #4 #5 #6 #7
[    0.155842] x86: Booted up 1 node, 8 CPUs
[    0.155845] smpboot: Total of 8 processors activated (57465.95 BogoMIPS)
[    0.162098] devtmpfs: initialized
[    0.163265] evm: security.selinux
[    0.163266] evm: security.SMACK64
[    0.163266] evm: security.SMACK64EXEC
[    0.163266] evm: security.SMACK64TRANSMUTE
[    0.163267] evm: security.SMACK64MMAP
[    0.163267] evm: security.ima
[    0.163268] evm: security.capability
[    0.163361] clocksource: jiffies: mask: 0xffffffff max_cycles: 0xffffffff, max_idle_ns: 7645041785100000 ns
[    0.163416] pinctrl core: initialized pinctrl subsystem
[    0.163492] RTC time: 10:48:17, date: 01/24/18
[    0.163563] NET: Registered protocol family 16
[    0.174008] cpuidle: using governor ladder
[    0.185994] cpuidle: using governor menu
[    0.185996] PCCT header not found.
[    0.186060] ACPI: bus type PCI registered
[    0.186061] acpiphp: ACPI Hot Plug PCI Controller Driver version: 0.5
[    0.186110] PCI: MMCONFIG for domain 0000 [bus 00-3f] at [mem 0xf8000000-0xfbffffff] (base 0xf8000000)
[    0.186112] PCI: not using MMCONFIG
[    0.186113] PCI: Using configuration type 1 for base access
[    0.186117] dmi type 0xB1 record - unknown flag
[    0.186295] perf_event_intel: PMU erratum BJ122, BV98, HSD29 worked around, HT is on
[    0.198231] ACPI: Added _OSI(Module Device)
[    0.198233] ACPI: Added _OSI(Processor Device)
[    0.198234] ACPI: Added _OSI(3.0 _SCP Extensions)
[    0.198234] ACPI: Added _OSI(Processor Aggregator Device)
[    0.200280] ACPI: Executed 1 blocks of module-level executable AML code
[    0.201637] [Firmware Bug]: ACPI: BIOS _OSI(Linux) query ignored
[    0.201918] ACPI: Dynamic OEM Table Load:
[    0.201921] ACPI: SSDT 0xFFFF8802170D9000 0003D3 (v01 PmRef  Cpu0Cst  00003001 INTL 20120711)
[    0.202280] ACPI: Dynamic OEM Table Load:
[    0.202283] ACPI: SSDT 0xFFFF880217592000 0005AA (v01 PmRef  ApIst    00003000 INTL 20120711)
[    0.202660] ACPI: Dynamic OEM Table Load:
[    0.202662] ACPI: SSDT 0xFFFF8802170BD600 000119 (v01 PmRef  ApCst    00003000 INTL 20120711)
[    0.203565] ACPI: Interpreter enabled
[    0.203570] ACPI Exception: AE_NOT_FOUND, While evaluating Sleep State [\_S1_] (20150818/hwxface-580)
[    0.203573] ACPI Exception: AE_NOT_FOUND, While evaluating Sleep State [\_S2_] (20150818/hwxface-580)
[    0.203585] ACPI: (supports S0 S3 S4 S5)
[    0.203585] ACPI: Using IOAPIC for interrupt routing
[    0.203601] PCI: MMCONFIG for domain 0000 [bus 00-3f] at [mem 0xf8000000-0xfbffffff] (base 0xf8000000)
[    0.203891] PCI: MMCONFIG at [mem 0xf8000000-0xfbffffff] reserved in ACPI motherboard resources
[    0.203896] PCI: Using host bridge windows from ACPI; if necessary, use "pci=nocrs" and report a bug
[    0.209195] ACPI: PCI Root Bridge [PCI0] (domain 0000 [bus 00-3e])
[    0.209199] acpi PNP0A08:00: _OSC: OS supports [ExtendedConfig ASPM ClockPM Segments MSI]
[    0.209557] acpi PNP0A08:00: _OSC: OS now controls [PCIeHotplug PME AER PCIeCapability]
[    0.209795] PCI host bridge to bus 0000:00
[    0.209797] pci_bus 0000:00: root bus resource [bus 00-3e]
[    0.209798] pci_bus 0000:00: root bus resource [io  0x0000-0x0cf7 window]
[    0.209799] pci_bus 0000:00: root bus resource [io  0x0d00-0xffff window]
[    0.209800] pci_bus 0000:00: root bus resource [mem 0x000a0000-0x000bffff window]
[    0.209800] pci_bus 0000:00: root bus resource [mem 0x000dc000-0x000dffff window]
[    0.209801] pci_bus 0000:00: root bus resource [mem 0x000e0000-0x000e3fff window]
[    0.209802] pci_bus 0000:00: root bus resource [mem 0x000e4000-0x000e7fff window]
[    0.209803] pci_bus 0000:00: root bus resource [mem 0xe0000000-0xfeafffff window]
[    0.209808] pci 0000:00:00.0: [8086:0c00] type 00 class 0x060000
[    0.209857] pci 0000:00:01.0: [8086:0c01] type 01 class 0x060400
[    0.209878] pci 0000:00:01.0: PME# supported from D0 D3hot D3cold
[    0.209924] pci 0000:00:01.0: System wakeup disabled by ACPI
[    0.209968] pci 0000:00:14.0: [8086:8c31] type 00 class 0x0c0330
[    0.209989] pci 0000:00:14.0: reg 0x10: [mem 0xf7120000-0xf712ffff 64bit]
[    0.210029] pci 0000:00:14.0: PME# supported from D3hot D3cold
[    0.210050] pci 0000:00:14.0: System wakeup disabled by ACPI
[    0.210074] pci 0000:00:16.0: [8086:8c3a] type 00 class 0x078000
[    0.210096] pci 0000:00:16.0: reg 0x10: [mem 0xf713c000-0xf713c00f 64bit]
[    0.210138] pci 0000:00:16.0: PME# supported from D0 D3hot D3cold
[    0.210185] pci 0000:00:19.0: [8086:153a] type 00 class 0x020000
[    0.210206] pci 0000:00:19.0: reg 0x10: [mem 0xf7100000-0xf711ffff]
[    0.210212] pci 0000:00:19.0: reg 0x14: [mem 0xf7139000-0xf7139fff]
[    0.210219] pci 0000:00:19.0: reg 0x18: [io  0xf040-0xf05f]
[    0.210255] pci 0000:00:19.0: PME# supported from D0 D3hot D3cold
[    0.210276] pci 0000:00:19.0: System wakeup disabled by ACPI
[    0.210299] pci 0000:00:1a.0: [8086:8c2d] type 00 class 0x0c0320
[    0.210323] pci 0000:00:1a.0: reg 0x10: [mem 0xf7138000-0xf71383ff]
[    0.210378] pci 0000:00:1a.0: PME# supported from D0 D3hot D3cold
[    0.210402] pci 0000:00:1a.0: System wakeup disabled by ACPI
[    0.210425] pci 0000:00:1b.0: [8086:8c20] type 00 class 0x040300
[    0.210445] pci 0000:00:1b.0: reg 0x10: [mem 0xf7130000-0xf7133fff 64bit]
[    0.210489] pci 0000:00:1b.0: PME# supported from D0 D3hot D3cold
[    0.210512] pci 0000:00:1b.0: System wakeup disabled by ACPI
[    0.210533] pci 0000:00:1c.0: [8086:8c10] type 01 class 0x060400
[    0.210581] pci 0000:00:1c.0: PME# supported from D0 D3hot D3cold
[    0.210621] pci 0000:00:1c.0: System wakeup disabled by ACPI
[    0.210644] pci 0000:00:1c.1: [8086:8c12] type 01 class 0x060400
[    0.210691] pci 0000:00:1c.1: PME# supported from D0 D3hot D3cold
[    0.210730] pci 0000:00:1c.1: System wakeup disabled by ACPI
[    0.210757] pci 0000:00:1d.0: [8086:8c26] type 00 class 0x0c0320
[    0.210780] pci 0000:00:1d.0: reg 0x10: [mem 0xf7137000-0xf71373ff]
[    0.210837] pci 0000:00:1d.0: PME# supported from D0 D3hot D3cold
[    0.210860] pci 0000:00:1d.0: System wakeup disabled by ACPI
[    0.210883] pci 0000:00:1f.0: [8086:8c4e] type 00 class 0x060100
[    0.211003] pci 0000:00:1f.2: [8086:2822] type 00 class 0x010400
[    0.211020] pci 0000:00:1f.2: reg 0x10: [io  0xf090-0xf097]
[    0.211027] pci 0000:00:1f.2: reg 0x14: [io  0xf080-0xf083]
[    0.211032] pci 0000:00:1f.2: reg 0x18: [io  0xf070-0xf077]
[    0.211039] pci 0000:00:1f.2: reg 0x1c: [io  0xf060-0xf063]
[    0.211044] pci 0000:00:1f.2: reg 0x20: [io  0xf020-0xf03f]
[    0.211051] pci 0000:00:1f.2: reg 0x24: [mem 0xf7136000-0xf71367ff]
[    0.211070] pci 0000:00:1f.2: PME# supported from D3hot
[    0.211108] pci 0000:00:1f.3: [8086:8c22] type 00 class 0x0c0500
[    0.211121] pci 0000:00:1f.3: reg 0x10: [mem 0xf7135000-0xf71350ff 64bit]
[    0.211137] pci 0000:00:1f.3: reg 0x20: [io  0xf000-0xf01f]
[    0.211215] pci 0000:01:00.0: [10de:1382] type 00 class 0x030000
[    0.211232] pci 0000:01:00.0: reg 0x10: [mem 0xf6000000-0xf6ffffff]
[    0.211241] pci 0000:01:00.0: reg 0x14: [mem 0xe0000000-0xefffffff 64bit pref]
[    0.211250] pci 0000:01:00.0: reg 0x1c: [mem 0xf0000000-0xf1ffffff 64bit pref]
[    0.211255] pci 0000:01:00.0: reg 0x24: [io  0xe000-0xe07f]
[    0.211262] pci 0000:01:00.0: reg 0x30: [mem 0xf7000000-0xf707ffff pref]
[    0.211301] pci 0000:01:00.0: System wakeup disabled by ACPI
[    0.211324] pci 0000:01:00.1: [10de:0fbc] type 00 class 0x040300
[    0.211341] pci 0000:01:00.1: reg 0x10: [mem 0xf7080000-0xf7083fff]
[    0.219218] pci 0000:00:01.0: PCI bridge to [bus 01]
[    0.219220] pci 0000:00:01.0:   bridge window [io  0xe000-0xefff]
[    0.219221] pci 0000:00:01.0:   bridge window [mem 0xf6000000-0xf70fffff]
[    0.219223] pci 0000:00:01.0:   bridge window [mem 0xe0000000-0xf1ffffff 64bit pref]
[    0.219269] acpiphp: Slot [1] registered
[    0.219275] pci 0000:00:1c.0: PCI bridge to [bus 02]
[    0.219340] pci 0000:03:00.0: [104c:8240] type 01 class 0x060400
[    0.219449] pci 0000:03:00.0: supports D1 D2
[    0.219468] pci 0000:03:00.0: System wakeup disabled by ACPI
[    0.227223] pci 0000:00:1c.1: PCI bridge to [bus 03-04]
[    0.227351] pci 0000:03:00.0: PCI bridge to [bus 04]
[    0.227820] ACPI: PCI Interrupt Link [LNKA] (IRQs 3 4 5 6 10 *11 12 14 15)
[    0.227851] ACPI: PCI Interrupt Link [LNKB] (IRQs 3 4 5 6 *10 11 12 14 15)
[    0.227879] ACPI: PCI Interrupt Link [LNKC] (IRQs 3 4 *5 6 10 11 12 14 15)
[    0.227908] ACPI: PCI Interrupt Link [LNKD] (IRQs 3 4 *5 6 10 11 12 14 15)
[    0.227937] ACPI: PCI Interrupt Link [LNKE] (IRQs *3 4 5 6 10 11 12 14 15)
[    0.227966] ACPI: PCI Interrupt Link [LNKF] (IRQs 3 4 5 6 10 11 12 14 15) *0, disabled.
[    0.227995] ACPI: PCI Interrupt Link [LNKG] (IRQs 3 4 5 6 10 *11 12 14 15)
[    0.228024] ACPI: PCI Interrupt Link [LNKH] (IRQs 3 4 5 6 *10 11 12 14 15)
[    0.228124] ACPI: Enabled 6 GPEs in block 00 to 3F
[    0.228190] vgaarb: setting as boot device: PCI:0000:01:00.0
[    0.228191] vgaarb: device added: PCI:0000:01:00.0,decodes=io+mem,owns=io+mem,locks=none
[    0.228192] vgaarb: loaded
[    0.228193] vgaarb: bridge control possible 0000:01:00.0
[    0.228328] SCSI subsystem initialized
[    0.228348] libata version 3.00 loaded.
[    0.228363] ACPI: bus type USB registered
[    0.228372] usbcore: registered new interface driver usbfs
[    0.228377] usbcore: registered new interface driver hub
[    0.228389] usbcore: registered new device driver usb
[    0.228472] PCI: Using ACPI for IRQ routing
[    0.229637] PCI: pci_cache_line_size set to 64 bytes
[    0.229676] Expanded resource Persistent Memory (legacy) due to conflict with PCI Bus 0000:00
[    0.229677] Expanded resource Persistent Memory (legacy) due to conflict with Persistent Memory (legacy)
[    0.229679] e820: reserve RAM buffer [mem 0x00091800-0x0009ffff]
[    0.229680] e820: reserve RAM buffer [mem 0x21e000000-0x21fffffff]
[    0.229745] NetLabel: Initializing
[    0.229746] NetLabel:  domain hash size = 128
[    0.229746] NetLabel:  protocols = UNLABELED CIPSOv4
[    0.229753] NetLabel:  unlabeled traffic allowed by default
[    0.229794] hpet0: at MMIO 0xfed00000, IRQs 2, 8, 0, 0, 0, 0, 0, 0
[    0.229797] hpet0: 8 comparators, 64-bit 14.318180 MHz counter
[    0.231814] clocksource: Switched to clocksource hpet
[    0.235232] AppArmor: AppArmor Filesystem Enabled
[    0.235263] pnp: PnP ACPI init
[    0.235305] system 00:00: [mem 0xfed40000-0xfed44fff] has been reserved
[    0.235307] system 00:00: Plug and Play ACPI device, IDs PNP0c01 (active)
[    0.235398] system 00:01: [io  0x0680-0x069f] has been reserved
[    0.235399] system 00:01: [io  0xffff] has been reserved
[    0.235400] system 00:01: [io  0xffff] has been reserved
[    0.235401] system 00:01: [io  0xffff] has been reserved
[    0.235402] system 00:01: [io  0x1c00-0x1cfe] has been reserved
[    0.235403] system 00:01: [io  0x1d00-0x1dfe] has been reserved
[    0.235404] system 00:01: [io  0x1e00-0x1efe] has been reserved
[    0.235405] system 00:01: [io  0x1f00-0x1ffe] has been reserved
[    0.235406] system 00:01: [io  0x1800-0x18fe] could not be reserved
[    0.235407] system 00:01: [io  0x164e-0x164f] has been reserved
[    0.235408] system 00:01: Plug and Play ACPI device, IDs PNP0c02 (active)
[    0.235421] pnp 00:02: Plug and Play ACPI device, IDs PNP0b00 (active)
[    0.235446] system 00:03: [io  0x1854-0x1857] has been reserved
[    0.235448] system 00:03: Plug and Play ACPI device, IDs INT3f0d PNP0c02 (active)
[    0.235500] system 00:04: [io  0x0a00-0x0a0f] has been reserved
[    0.235501] system 00:04: Plug and Play ACPI device, IDs PNP0c02 (active)
[    0.235527] system 00:05: [io  0x04d0-0x04d1] has been reserved
[    0.235528] system 00:05: Plug and Play ACPI device, IDs PNP0c02 (active)
[    0.235857] pnp 00:06: [dma 0 disabled]
[    0.235882] pnp 00:06: Plug and Play ACPI device, IDs PNP0501 (active)
[    0.236110] system 00:07: [mem 0xfed1c000-0xfed1ffff] has been reserved
[    0.236111] system 00:07: [mem 0xfed10000-0xfed17fff] has been reserved
[    0.236112] system 00:07: [mem 0xfed18000-0xfed18fff] has been reserved
[    0.236113] system 00:07: [mem 0xfed19000-0xfed19fff] has been reserved
[    0.236114] system 00:07: [mem 0xf8000000-0xfbffffff] has been reserved
[    0.236115] system 00:07: [mem 0xfed20000-0xfed3ffff] has been reserved
[    0.236117] system 00:07: [mem 0xfed90000-0xfed93fff] could not be reserved
[    0.236117] system 00:07: [mem 0xfed45000-0xfed8ffff] has been reserved
[    0.236119] system 00:07: [mem 0xff000000-0xffffffff] has been reserved
[    0.236120] system 00:07: [mem 0xfee00000-0xfeefffff] could not be reserved
[    0.236121] system 00:07: [mem 0xf7fdf000-0xf7fdffff] has been reserved
[    0.236122] system 00:07: [mem 0xf7fe0000-0xf7feffff] has been reserved
[    0.236123] system 00:07: Plug and Play ACPI device, IDs PNP0c02 (active)
[    0.236243] pnp: PnP ACPI: found 8 devices
[    0.241877] clocksource: acpi_pm: mask: 0xffffff max_cycles: 0xffffff, max_idle_ns: 2085701024 ns
[    0.241907] pci 0000:00:01.0: PCI bridge to [bus 01]
[    0.241908] pci 0000:00:01.0:   bridge window [io  0xe000-0xefff]
[    0.241910] pci 0000:00:01.0:   bridge window [mem 0xf6000000-0xf70fffff]
[    0.241912] pci 0000:00:01.0:   bridge window [mem 0xe0000000-0xf1ffffff 64bit pref]
[    0.241914] pci 0000:00:1c.0: PCI bridge to [bus 02]
[    0.241923] pci 0000:03:00.0: PCI bridge to [bus 04]
[    0.241939] pci 0000:00:1c.1: PCI bridge to [bus 03-04]
[    0.241949] pci_bus 0000:00: resource 4 [io  0x0000-0x0cf7 window]
[    0.241950] pci_bus 0000:00: resource 5 [io  0x0d00-0xffff window]
[    0.241951] pci_bus 0000:00: resource 6 [mem 0x000a0000-0x000bffff window]
[    0.241951] pci_bus 0000:00: resource 7 [mem 0x000dc000-0x000dffff window]
[    0.241952] pci_bus 0000:00: resource 8 [mem 0x000e0000-0x000e3fff window]
[    0.241953] pci_bus 0000:00: resource 9 [mem 0x000e4000-0x000e7fff window]
[    0.241954] pci_bus 0000:00: resource 10 [mem 0xe0000000-0xfeafffff window]
[    0.241955] pci_bus 0000:01: resource 0 [io  0xe000-0xefff]
[    0.241956] pci_bus 0000:01: resource 1 [mem 0xf6000000-0xf70fffff]
[    0.241956] pci_bus 0000:01: resource 2 [mem 0xe0000000-0xf1ffffff 64bit pref]
[    0.241974] NET: Registered protocol family 2
[    0.242072] TCP established hash table entries: 65536 (order: 7, 524288 bytes)
[    0.242167] TCP bind hash table entries: 65536 (order: 8, 1048576 bytes)
[    0.242272] TCP: Hash tables configured (established 65536 bind 65536)
[    0.242289] UDP hash table entries: 4096 (order: 5, 131072 bytes)
[    0.242308] UDP-Lite hash table entries: 4096 (order: 5, 131072 bytes)
[    0.242347] NET: Registered protocol family 1
[    0.279836] pci 0000:01:00.0: Video device with shadowed ROM
[    0.279846] PCI: CLS 64 bytes, default 64
[    0.279873] Trying to unpack rootfs image as initramfs...
[    2.913832] Freeing initrd memory: 280820K (ffff880015b76000 - ffff880026db3000)
[    2.913879] PCI-DMA: Using software bounce buffering for IO (SWIOTLB)
[    2.913882] software IO TLB [mem 0x7c000000-0x80000000] (64MB) mapped at [ffff88007c000000-ffff88007fffffff]
[    2.913941] RAPL PMU detected, API unit is 2^-32 Joules, 4 fixed counters 655360 ms ovfl timer
[    2.913941] hw unit of domain pp0-core 2^-14 Joules
[    2.913942] hw unit of domain package 2^-14 Joules
[    2.913942] hw unit of domain dram 2^-14 Joules
[    2.913943] hw unit of domain pp1-gpu 2^-14 Joules
[    2.914052] microcode: CPU0 sig=0x306c3, pf=0x2, revision=0x1c
[    2.914057] microcode: CPU1 sig=0x306c3, pf=0x2, revision=0x1c
[    2.914063] microcode: CPU2 sig=0x306c3, pf=0x2, revision=0x1c
[    2.914068] microcode: CPU3 sig=0x306c3, pf=0x2, revision=0x1c
[    2.914074] microcode: CPU4 sig=0x306c3, pf=0x2, revision=0x1c
[    2.914079] microcode: CPU5 sig=0x306c3, pf=0x2, revision=0x1c
[    2.914082] microcode: CPU6 sig=0x306c3, pf=0x2, revision=0x1c
[    2.914087] microcode: CPU7 sig=0x306c3, pf=0x2, revision=0x1c
[    2.914123] microcode: Microcode Update Driver: v2.00 <tigran@aivazian.fsnet.co.uk>, Peter Oruba
[    2.914148] Scanning for low memory corruption every 60 seconds
[    2.914359] futex hash table entries: 2048 (order: 5, 131072 bytes)
[    2.914384] audit: initializing netlink subsys (disabled)
[    2.914395] audit: type=2000 audit(1516790899.900:1): initialized
[    2.914615] Initialise system trusted keyring
[    2.914666] HugeTLB registered 1 GB page size, pre-allocated 0 pages
[    2.914667] HugeTLB registered 2 MB page size, pre-allocated 0 pages
[    2.915495] zbud: loaded
[    2.915620] VFS: Disk quotas dquot_6.6.0
[    2.915638] VFS: Dquot-cache hash table entries: 512 (order 0, 4096 bytes)
[    2.915779] squashfs: version 4.0 (2009/01/31) Phillip Lougher
[    2.915901] fuse init (API version 7.23)
[    2.915976] Key type big_key registered
[    2.916786] Key type asymmetric registered
[    2.916788] Asymmetric key parser 'x509' registered
[    2.916799] Block layer SCSI generic (bsg) driver version 0.4 loaded (major 249)
[    2.916825] io scheduler noop registered
[    2.916827] io scheduler deadline registered (default)
[    2.916846] io scheduler cfq registered
[    2.917284] pcieport 0000:00:01.0: Signaling PME through PCIe PME interrupt
[    2.917285] pci 0000:01:00.0: Signaling PME through PCIe PME interrupt
[    2.917286] pci 0000:01:00.1: Signaling PME through PCIe PME interrupt
[    2.917288] pcie_pme 0000:00:01.0:pcie01: service driver pcie_pme loaded
[    2.917302] pcieport 0000:00:1c.0: Signaling PME through PCIe PME interrupt
[    2.917304] pcie_pme 0000:00:1c.0:pcie01: service driver pcie_pme loaded
[    2.917319] pcieport 0000:00:1c.1: Signaling PME through PCIe PME interrupt
[    2.917320] pci 0000:03:00.0: Signaling PME through PCIe PME interrupt
[    2.917323] pcie_pme 0000:00:1c.1:pcie01: service driver pcie_pme loaded
[    2.917326] pci_hotplug: PCI Hot Plug PCI Core version: 0.5
[    2.917330] pciehp: PCI Express Hot Plug Controller Driver version: 0.4
[    2.917346] vesafb: mode is 1920x1080x32, linelength=7680, pages=0
[    2.917347] vesafb: scrolling: redraw
[    2.917348] vesafb: Truecolor: size=8:8:8:8, shift=24:16:8:0
[    2.917356] vesafb: framebuffer at 0xf1000000, mapped to 0xffffc90001000000, using 8128k, total 8128k
[    3.018018] Console: switching to colour frame buffer device 240x67
[    3.118241] fb0: VESA VGA frame buffer device
[    3.118251] intel_idle: MWAIT substates: 0x42120
[    3.118252] intel_idle: v0.4 model 0x3C
[    3.118252] intel_idle: lapic_timer_reliable_states 0xffffffff
[    3.118492] input: Power Button as /devices/LNXSYSTM:00/LNXSYBUS:00/PNP0C0C:00/input/input0
[    3.118495] ACPI: Power Button [PWRB]
[    3.118514] input: Power Button as /devices/LNXSYSTM:00/LNXPWRBN:00/input/input1
[    3.118515] ACPI: Power Button [PWRF]
[    3.118760] ACPI: Invalid active0 threshold
[    3.118845] thermal LNXTHERM:00: registered as thermal_zone0
[    3.118846] ACPI: Thermal Zone [TZ00] (28 C)
[    3.118948] thermal LNXTHERM:01: registered as thermal_zone1
[    3.118949] ACPI: Thermal Zone [TZ01] (30 C)
[    3.118967] GHES: HEST is not enabled!
[    3.119026] Serial: 8250/16550 driver, 32 ports, IRQ sharing enabled
[    3.139604] 00:06: ttyS0 at I/O 0x3f8 (irq = 4, base_baud = 115200) is a 16550A
[    3.140562] Linux agpgart interface v0.103
[    3.142527] brd: module loaded
[    3.143717] loop: module loaded
[    3.143945] libphy: Fixed MDIO Bus: probed
[    3.143947] tun: Universal TUN/TAP device driver, 1.6
[    3.143948] tun: (C) 1999-2004 Max Krasnyansky <maxk@qualcomm.com>
[    3.143992] PPP generic driver version 2.4.2
[    3.144108] xhci_hcd 0000:00:14.0: xHCI Host Controller
[    3.144113] xhci_hcd 0000:00:14.0: new USB bus registered, assigned bus number 1
[    3.144190] xhci_hcd 0000:00:14.0: hcc params 0x200077c1 hci version 0x100 quirks 0x00009810
[    3.144195] xhci_hcd 0000:00:14.0: cache line size of 64 is not supported
[    3.144293] usb usb1: New USB device found, idVendor=1d6b, idProduct=0002
[    3.144294] usb usb1: New USB device strings: Mfr=3, Product=2, SerialNumber=1
[    3.144295] usb usb1: Product: xHCI Host Controller
[    3.144296] usb usb1: Manufacturer: Linux 4.3.0 xhci-hcd
[    3.144297] usb usb1: SerialNumber: 0000:00:14.0
[    3.144447] hub 1-0:1.0: USB hub found
[    3.144462] hub 1-0:1.0: 15 ports detected
[    3.146912] xhci_hcd 0000:00:14.0: xHCI Host Controller
[    3.146914] xhci_hcd 0000:00:14.0: new USB bus registered, assigned bus number 2
[    3.146939] usb usb2: New USB device found, idVendor=1d6b, idProduct=0003
[    3.146940] usb usb2: New USB device strings: Mfr=3, Product=2, SerialNumber=1
[    3.146941] usb usb2: Product: xHCI Host Controller
[    3.146942] usb usb2: Manufacturer: Linux 4.3.0 xhci-hcd
[    3.146942] usb usb2: SerialNumber: 0000:00:14.0
[    3.146999] hub 2-0:1.0: USB hub found
[    3.147009] hub 2-0:1.0: 6 ports detected
[    3.147655] ehci_hcd: USB 2.0 'Enhanced' Host Controller (EHCI) Driver
[    3.147658] ehci-pci: EHCI PCI platform driver
[    3.147708] ehci-pci 0000:00:1a.0: EHCI Host Controller
[    3.147712] ehci-pci 0000:00:1a.0: new USB bus registered, assigned bus number 3
[    3.147720] ehci-pci 0000:00:1a.0: debug port 2
[    3.151608] ehci-pci 0000:00:1a.0: cache line size of 64 is not supported
[    3.151616] ehci-pci 0000:00:1a.0: irq 16, io mem 0xf7138000
[    3.162765] ehci-pci 0000:00:1a.0: USB 2.0 started, EHCI 1.00
[    3.162784] usb usb3: New USB device found, idVendor=1d6b, idProduct=0002
[    3.162785] usb usb3: New USB device strings: Mfr=3, Product=2, SerialNumber=1
[    3.162786] usb usb3: Product: EHCI Host Controller
[    3.162786] usb usb3: Manufacturer: Linux 4.3.0 ehci_hcd
[    3.162787] usb usb3: SerialNumber: 0000:00:1a.0
[    3.162850] hub 3-0:1.0: USB hub found
[    3.162852] hub 3-0:1.0: 2 ports detected
[    3.162966] ehci-pci 0000:00:1d.0: EHCI Host Controller
[    3.162969] ehci-pci 0000:00:1d.0: new USB bus registered, assigned bus number 4
[    3.162977] ehci-pci 0000:00:1d.0: debug port 2
[    3.166862] ehci-pci 0000:00:1d.0: cache line size of 64 is not supported
[    3.166869] ehci-pci 0000:00:1d.0: irq 23, io mem 0xf7137000
[    3.178823] ehci-pci 0000:00:1d.0: USB 2.0 started, EHCI 1.00
[    3.178867] usb usb4: New USB device found, idVendor=1d6b, idProduct=0002
[    3.178868] usb usb4: New USB device strings: Mfr=3, Product=2, SerialNumber=1
[    3.178869] usb usb4: Product: EHCI Host Controller
[    3.178870] usb usb4: Manufacturer: Linux 4.3.0 ehci_hcd
[    3.178870] usb usb4: SerialNumber: 0000:00:1d.0
[    3.178966] hub 4-0:1.0: USB hub found
[    3.178969] hub 4-0:1.0: 2 ports detected
[    3.179063] ehci-platform: EHCI generic platform driver
[    3.179073] ohci_hcd: USB 1.1 'Open' Host Controller (OHCI) Driver
[    3.179077] ohci-pci: OHCI PCI platform driver
[    3.179084] ohci-platform: OHCI generic platform driver
[    3.179090] uhci_hcd: USB Universal Host Controller Interface driver
[    3.179123] i8042: PNP: No PS/2 controller found. Probing ports directly.
[    3.182036] serio: i8042 KBD port at 0x60,0x64 irq 1
[    3.182039] serio: i8042 AUX port at 0x60,0x64 irq 12
[    3.182132] mousedev: PS/2 mouse device common for all mice
[    3.182222] rtc_cmos 00:02: RTC can wake from S4
[    3.182322] rtc_cmos 00:02: rtc core: registered rtc_cmos as rtc0
[    3.182346] rtc_cmos 00:02: alarms up to one month, y3k, 242 bytes nvram, hpet irqs
[    3.182351] i2c /dev entries driver
[    3.182383] device-mapper: uevent: version 1.0.3
[    3.182422] device-mapper: ioctl: 4.33.0-ioctl (2015-8-18) initialised: dm-devel@redhat.com
[    3.182429] Intel P-state driver initializing.
[    3.182651] ledtrig-cpu: registered to indicate activity on CPUs
[    3.183781] NET: Registered protocol family 10
[    3.184268] NET: Registered protocol family 17
[    3.184292] Key type dns_resolver registered
[    3.185446] registered taskstats version 1
[    3.185503] Loading compiled-in X.509 certificates
[    3.185518] Problem loading in-kernel X.509 certificate (-74)
[    3.186940] zswap: loaded using pool lzo/zbud
[    3.188473] Key type trusted registered
[    3.190666] Key type encrypted registered
[    3.190671] AppArmor: AppArmor sha1 policy hashing enabled
[    3.190674] ima: No TPM chip found, activating TPM-bypass!
[    3.190685] evm: HMAC attrs: 0x1
[    3.191037]   Magic number: 2:619:831
[    3.191147] rtc_cmos 00:02: setting system clock to 2018-01-24 10:48:20 UTC (1516790900)
[    3.191217] BIOS EDD facility v0.16 2004-Jun-25, 0 devices found
[    3.191217] EDD information not available.
[    3.191265] PM: Hibernation image not present or could not be loaded.
[    3.191489] Freeing unused kernel memory: 1456K (ffffffff81d3a000 - ffffffff81ea6000)
[    3.191490] Write protecting the kernel read-only data: 12288k
[    3.191614] Freeing unused kernel memory: 36K (ffff8800017f7000 - ffff880001800000)
[    3.191677] Freeing unused kernel memory: 216K (ffff880001bca000 - ffff880001c00000)
[    3.197561] random: systemd-udevd urandom read with 4 bits of entropy available
[    3.213535] video: module verification failed: signature and/or required key missing - tainting kernel
[    3.218826] FUJITSU Extended Socket Network Device Driver - version 1.0 - Copyright (c) 2015 FUJITSU LIMITED
[    3.224585] pps_core: LinuxPPS API ver. 1 registered
[    3.224587] pps_core: Software ver. 5.3.6 - Copyright 2005-2007 Rodolfo Giometti <giometti@linux.it>
[    3.227001] PTP clock support registered
[    3.228481] ahci 0000:00:1f.2: version 3.0
[    3.228608] ahci 0000:00:1f.2: AHCI 0001.0300 32 slots 6 ports 6 Gbps 0x5 impl RAID mode
[    3.228610] ahci 0000:00:1f.2: flags: 64bit ncq pm led clo pio slum part ems apst 
[    3.235206] scsi host0: ahci
[    3.235277] scsi host1: ahci
[    3.235339] scsi host2: ahci
[    3.235397] scsi host3: ahci
[    3.235456] scsi host4: ahci
[    3.235510] scsi host5: ahci
[    3.235537] ata1: SATA max UDMA/133 abar m2048@0xf7136000 port 0xf7136100 irq 29
[    3.235538] ata2: DUMMY
[    3.235540] ata3: SATA max UDMA/133 abar m2048@0xf7136000 port 0xf7136200 irq 29
[    3.235540] ata4: DUMMY
[    3.235541] ata5: DUMMY
[    3.235541] ata6: DUMMY
[    3.245622] e1000e: Intel(R) PRO/1000 Network Driver - 3.2.6-k
[    3.245624] e1000e: Copyright(c) 1999 - 2015 Intel Corporation.
[    3.245734] e1000e 0000:00:19.0: Interrupt Throttling Rate (ints/sec) set to dynamic conservative mode
[    3.259600] [drm] Initialized drm 1.1.0 20060810
[    3.282764] wmi: Mapper loaded
[    3.413249] e1000e 0000:00:19.0 eth0: registered PHC clock
[    3.413251] e1000e 0000:00:19.0 eth0: (PCI Express:2.5GT/s:Width x1) 98:90:96:c1:6b:85
[    3.413252] e1000e 0000:00:19.0 eth0: Intel(R) PRO/1000 Network Connection
[    3.413302] e1000e 0000:00:19.0 eth0: MAC: 11, PHY: 12, PBA No: FFFFFF-0FF
[    3.413834] e1000e 0000:00:19.0 eno1: renamed from eth0
[    3.474692] usb 3-1: new high-speed USB device number 2 using ehci-pci
[    3.490682] usb 4-1: new high-speed USB device number 2 using ehci-pci
[    3.554681] ata3: SATA link up 1.5 Gbps (SStatus 113 SControl 300)
[    3.554707] ata1: SATA link up 6.0 Gbps (SStatus 133 SControl 300)
[    3.555556] ata1.00: ATA-9: ST1000DM003-1ER162, CC45, max UDMA/133
[    3.555559] ata1.00: 1953525168 sectors, multi 16: LBA48 NCQ (depth 31/32), AA
[    3.556248] ata1.00: configured for UDMA/133
[    3.556510] scsi 0:0:0:0: Direct-Access     ATA      ST1000DM003-1ER1 CC45 PQ: 0 ANSI: 5
[    3.556666] ata3.00: ATAPI: HL-DT-ST DVD+/-RW GHB0N, A1B1, max UDMA/100
[    3.556803] sd 0:0:0:0: [sda] 1953525168 512-byte logical blocks: (1.00 TB/931 GiB)
[    3.556804] sd 0:0:0:0: Attached scsi generic sg0 type 0
[    3.556806] sd 0:0:0:0: [sda] 4096-byte physical blocks
[    3.556902] sd 0:0:0:0: [sda] Write Protect is off
[    3.556904] sd 0:0:0:0: [sda] Mode Sense: 00 3a 00 00
[    3.556951] sd 0:0:0:0: [sda] Write cache: enabled, read cache: enabled, doesn't support DPO or FUA
[    3.558127] ata3.00: configured for UDMA/100
[    3.572576] scsi 2:0:0:0: CD-ROM            HL-DT-ST DVD+-RW GHB0N    A1B1 PQ: 0 ANSI: 5
[    3.598986] sr 2:0:0:0: [sr0] scsi3-mmc drive: 48x/12x writer dvd-ram cd/rw xa/form2 cdda tray
[    3.598988] cdrom: Uniform CD-ROM driver Revision: 3.20
[    3.599116] sr 2:0:0:0: Attached scsi CD-ROM sr0
[    3.599209] sr 2:0:0:0: Attached scsi generic sg1 type 5
[    3.606654]  sda: sda1 sda2 < sda5 sda6 sda7 >
[    3.606999] usb 3-1: New USB device found, idVendor=8087, idProduct=8008
[    3.607001] usb 3-1: New USB device strings: Mfr=0, Product=0, SerialNumber=0
[    3.607062] sd 0:0:0:0: [sda] Attached SCSI disk
[    3.607134] hub 3-1:1.0: USB hub found
[    3.607264] hub 3-1:1.0: 6 ports detected
[    3.622997] usb 4-1: New USB device found, idVendor=8087, idProduct=8000
[    3.622999] usb 4-1: New USB device strings: Mfr=0, Product=0, SerialNumber=0
[    3.623140] hub 4-1:1.0: USB hub found
[    3.623249] hub 4-1:1.0: 8 ports detected
[    3.628237] checking generic (f1000000 7f0000) vs hw (e0000000 10000000)
[    3.628239] checking generic (f1000000 7f0000) vs hw (f0000000 2000000)
[    3.628240] fb: switching to nouveaufb from VESA VGA
[    3.628253] Console: switching to colour dummy device 80x25
[    3.628385] nouveau 0000:01:00.0: NVIDIA GM107 (117020a2)
[    3.742210] nouveau 0000:01:00.0: bios: version 82.07.32.00.04
[    3.743055] nouveau 0000:01:00.0: fb: 4096 MiB DDR3
[    3.878510] usb 3-1.3: new high-speed USB device number 3 using ehci-pci
[    3.910511] tsc: Refined TSC clocksource calibration: 3591.684 MHz
[    3.910513] clocksource: tsc: mask: 0xffffffffffffffff max_cycles: 0x33c5a352758, max_idle_ns: 440795217409 ns
[    3.971623] usb 3-1.3: New USB device found, idVendor=0781, idProduct=5590
[    3.971625] usb 3-1.3: New USB device strings: Mfr=1, Product=2, SerialNumber=3
[    3.971626] usb 3-1.3: Product: Ultra
[    3.971627] usb 3-1.3: Manufacturer: SanDisk
[    3.971628] usb 3-1.3: SerialNumber: 4C531001570114103552
[    3.980158] usb-storage 3-1.3:1.0: USB Mass Storage device detected
[    3.980388] scsi host6: usb-storage 3-1.3:1.0
[    3.980451] usbcore: registered new interface driver usb-storage
[    3.982478] usbcore: registered new interface driver uas
[    4.042445] usb 3-1.4: new full-speed USB device number 4 using ehci-pci
[    4.136690] usb 3-1.4: New USB device found, idVendor=0483, idProduct=5710
[    4.136692] usb 3-1.4: New USB device strings: Mfr=1, Product=2, SerialNumber=0
[    4.136693] usb 3-1.4: Product: USB KB
[    4.136694] usb 3-1.4: Manufacturer: STMicroelectronics
[    4.142182] hidraw: raw HID events driver (C) Jiri Kosina
[    4.147276] usbcore: registered new interface driver usbhid
[    4.147277] usbhid: USB HID core driver
[    4.148767] input: STMicroelectronics USB KB as /devices/pci0000:00/0000:00:1a.0/usb3/3-1/3-1.4/3-1.4:1.0/0003:0483:5710.0001/input/input5
[    4.202659] hid-generic 0003:0483:5710.0001: input,hidraw0: USB HID v1.11 Keyboard [STMicroelectronics USB KB] on usb-0000:00:1a.0-1.4/input0
[    4.203874] input: STMicroelectronics USB KB as /devices/pci0000:00/0000:00:1a.0/usb3/3-1/3-1.4/3-1.4:1.1/0003:0483:5710.0002/input/input6
[    4.206387] usb 3-1.5: new low-speed USB device number 5 using ehci-pci
[    4.258578] hid-generic 0003:0483:5710.0002: input,hidraw1: USB HID v1.11 Keyboard [STMicroelectronics USB KB] on usb-0000:00:1a.0-1.4/input1
[    4.306120] usb 3-1.5: New USB device found, idVendor=17ef, idProduct=6019
[    4.306122] usb 3-1.5: New USB device strings: Mfr=0, Product=2, SerialNumber=0
[    4.306123] usb 3-1.5: Product: Lenovo Optical USB Mouse
[    4.309727] input: Lenovo Optical USB Mouse as /devices/pci0000:00/0000:00:1a.0/usb3/3-1/3-1.5/3-1.5:1.0/0003:17EF:6019.0003/input/input7
[    4.309976] hid-generic 0003:17EF:6019.0003: input,hidraw2: USB HID v1.11 Mouse [Lenovo Optical USB Mouse] on usb-0000:00:1a.0-1.5/input0
[    4.926160] clocksource: Switched to clocksource tsc
[    4.978772] scsi 6:0:0:0: Direct-Access     SanDisk  Ultra            1.00 PQ: 0 ANSI: 6
[    4.990310] sd 6:0:0:0: Attached scsi generic sg2 type 0
[    4.990915] sd 6:0:0:0: [sdb] 30375936 512-byte logical blocks: (15.5 GB/14.4 GiB)
[    4.991903] sd 6:0:0:0: [sdb] Write Protect is off
[    4.991905] sd 6:0:0:0: [sdb] Mode Sense: 43 00 00 00
[    4.992892] sd 6:0:0:0: [sdb] Write cache: disabled, read cache: enabled, doesn't support DPO or FUA
[    4.997881]  sdb: sdb4
[    5.001252] sd 6:0:0:0: [sdb] Attached SCSI removable disk
[    5.042241] [TTM] Zone  kernel: Available graphics memory: 2264764 kiB
[    5.042243] [TTM] Zone   dma32: Available graphics memory: 2097152 kiB
[    5.042243] [TTM] Initializing pool allocator
[    5.042247] [TTM] Initializing DMA pool allocator
[    5.042255] nouveau 0000:01:00.0: DRM: VRAM: 4096 MiB
[    5.042256] nouveau 0000:01:00.0: DRM: GART: 1048576 MiB
[    5.042259] nouveau 0000:01:00.0: DRM: TMDS table version 2.0
[    5.042260] nouveau 0000:01:00.0: DRM: DCB version 4.0
[    5.042262] nouveau 0000:01:00.0: DRM: DCB outp 00: 01000f02 00020030
[    5.042264] nouveau 0000:01:00.0: DRM: DCB outp 01: 02011f62 0f420010
[    5.042265] nouveau 0000:01:00.0: DRM: DCB outp 02: 02022f10 00000000
[    5.042267] nouveau 0000:01:00.0: DRM: DCB conn 00: 00001031
[    5.042268] nouveau 0000:01:00.0: DRM: DCB conn 01: 00002161
[    5.042269] nouveau 0000:01:00.0: DRM: DCB conn 02: 00000200
[    5.055969] [drm] Supports vblank timestamp caching Rev 2 (21.10.2013).
[    5.055971] [drm] Driver supports precise vblank timestamp query.
[    5.138118] nouveau 0000:01:00.0: DRM: MM: using COPY for buffer copies
[    5.272618] nouveau 0000:01:00.0: DRM: allocated 1920x1080 fb: 0x60000, bo ffff8801f6499c00
[    5.272676] fbcon: nouveaufb (fb0) is primary device
[    5.508303] Console: switching to colour frame buffer device 240x67
[    5.509880] nouveau 0000:01:00.0: fb0: nouveaufb frame buffer device
[    5.517903] [drm] Initialized nouveau 1.3.0 20120801 for 0000:01:00.0 on minor 0
[    6.363733] random: nonblocking pool is initialized
[    7.779514] EXT4-fs (sda7): mounted filesystem with ordered data mode. Opts: (null)
[    8.363349] systemd[1]: systemd 229 running in system mode. (+PAM +AUDIT +SELINUX +IMA +APPARMOR +SMACK +SYSVINIT +UTMP +LIBCRYPTSETUP +GCRYPT +GNUTLS +ACL +XZ -LZ4 +SECCOMP +BLKID +ELFUTILS +KMOD -IDN)
[    8.363459] systemd[1]: Detected architecture x86-64.
[    8.372194] systemd[1]: Set hostname to <cxdafs-OptiPlex-9020>.
[    8.921549] systemd[1]: Listening on Journal Audit Socket.
[    8.921573] systemd[1]: Reached target User and Group Name Lookups.
[    8.921594] systemd[1]: Listening on Journal Socket.
[    8.921650] systemd[1]: Created slice User and Session Slice.
[    8.921656] systemd[1]: Reached target Remote File Systems (Pre).
[    8.921660] systemd[1]: Reached target Encrypted Volumes.
[    8.921677] systemd[1]: Listening on /dev/initctl Compatibility Named Pipe.
[    8.921689] systemd[1]: Listening on udev Kernel Socket.
[    8.921752] systemd[1]: Set up automount Arbitrary Executable File Formats File System Automount Point.
[    8.921764] systemd[1]: Listening on fsck to fsckd communication Socket.
[    8.921768] systemd[1]: Reached target Remote File Systems.
[    8.921778] systemd[1]: Listening on Syslog Socket.
[    8.921789] systemd[1]: Listening on Journal Socket (/dev/log).
[    8.921805] systemd[1]: Listening on udev Control Socket.
[    8.921824] systemd[1]: Started Forward Password Requests to Wall Directory Watch.
[    8.921860] systemd[1]: Created slice System Slice.
[    8.922096] systemd[1]: Starting Create list of required static device nodes for the current kernel...
[    8.922106] systemd[1]: Reached target Slices.
[    8.931641] systemd[1]: Mounting Debug File System...
[    8.933110] systemd[1]: Starting Load Kernel Modules...
[    8.933340] systemd[1]: Mounting Huge Pages File System...
[    8.933556] systemd[1]: Mounting POSIX Message Queue File System...
[    8.933791] systemd[1]: Starting Journal Service...
[    8.934024] systemd[1]: Starting Uncomplicated firewall...
[    8.934306] systemd[1]: Started Read required files in advance.
[    8.934615] systemd[1]: Starting Set console keymap...
[    8.934819] systemd[1]: Started Braille Device Support.
[    9.065721] systemd[1]: Started Create list of required static device nodes for the current kernel.
[    9.066060] systemd[1]: Starting Create Static Device Nodes in /dev...
[    9.238565] systemd[1]: Mounted POSIX Message Queue File System.
[    9.238581] systemd[1]: Mounted Debug File System.
[    9.238588] systemd[1]: Mounted Huge Pages File System.
[    9.323831] systemd[1]: Started Uncomplicated firewall.
[    9.390522] lp: driver loaded but no devices found
[    9.455039] systemd[1]: Started Journal Service.
[    9.462045] ppdev: user-space parallel port driver
[   10.448083] EXT4-fs (sda7): re-mounted. Opts: errors=remount-ro
[   10.586630] systemd-journald[291]: Received request to flush runtime journal from PID 1
[   11.078508] nd_pmem namespace0.0: unable to guarantee persistence of writes
[   11.081548] pmem0: detected capacity change from 0 to 1419116544
[   11.081578] nd_pmem namespace2.0: unable to guarantee persistence of writes
[   11.081802] pmem2: detected capacity change from 0 to 4407296
[   11.081819] nd_pmem namespace3.0: unable to guarantee persistence of writes
[   11.082030] pmem3: detected capacity change from 0 to 4771840
[   11.082054] nd_pmem namespace4.0: unable to guarantee persistence of writes
[   11.082346] pmem4: detected capacity change from 0 to 97263616
[   11.082366] nd_pmem namespace6.0: unable to guarantee persistence of writes
[   11.082520] pmem6: detected capacity change from 0 to 7729152
[   11.082548] nd_pmem namespace8.0: unable to guarantee persistence of writes
[   11.082678] pmem8: detected capacity change from 0 to 8052736
[   11.082693] nd_pmem namespace10.0: unable to guarantee persistence of writes
[   11.082808] pmem10: detected capacity change from 0 to 24231936
[   11.082824] nd_pmem namespace12.0: unable to guarantee persistence of writes
[   11.082914] pmem12: detected capacity change from 0 to 23138304
[   11.082927] nd_pmem namespace14.0: unable to guarantee persistence of writes
[   11.082929] nd_pmem namespace14.0: could not reserve region [0x0x00000000df000000:0x1fc00000]
[   11.082930] nd_pmem: probe of namespace14.0 failed with error -16
[   11.082968] nd_pmem namespace23.0: unable to guarantee persistence of writes
[   11.091862] pmem23: detected capacity change from 0 to 16777216
[   11.091872] nd_pmem namespace24.0: unable to guarantee persistence of writes
[   11.092058] pmem24: detected capacity change from 0 to 2147483648
[   11.408583] shpchp: Standard Hot Plug PCI Controller Driver version: 0.4
[   11.734182] AVX2 version of gcm_enc/dec engaged.
[   11.734185] AES CTR mode by8 optimization enabled
[   13.082631] intel_rapl: Found RAPL domain package
[   13.082634] intel_rapl: Found RAPL domain core
[   13.082637] intel_rapl: Found RAPL domain dram
[   13.509996] audit: type=1400 audit(1516790910.815:2): apparmor="STATUS" operation="profile_load" name="/usr/sbin/ippusbxd" pid=706 comm="apparmor_parser"
[   13.510447] audit: type=1400 audit(1516790910.815:3): apparmor="STATUS" operation="profile_load" name="/usr/lib/snapd/snap-confine" pid=703 comm="apparmor_parser"
[   13.510451] audit: type=1400 audit(1516790910.815:4): apparmor="STATUS" operation="profile_load" name="mount-namespace-capture-helper" pid=703 comm="apparmor_parser"
[   13.701924] audit: type=1400 audit(1516790911.007:5): apparmor="STATUS" operation="profile_load" name="/usr/sbin/cups-browsed" pid=704 comm="apparmor_parser"
[   13.705210] audit: type=1400 audit(1516790911.011:6): apparmor="STATUS" operation="profile_load" name="/sbin/dhclient" pid=699 comm="apparmor_parser"
[   13.705214] audit: type=1400 audit(1516790911.011:7): apparmor="STATUS" operation="profile_load" name="/usr/lib/NetworkManager/nm-dhcp-client.action" pid=699 comm="apparmor_parser"
[   13.705216] audit: type=1400 audit(1516790911.011:8): apparmor="STATUS" operation="profile_load" name="/usr/lib/NetworkManager/nm-dhcp-helper" pid=699 comm="apparmor_parser"
[   13.705218] audit: type=1400 audit(1516790911.011:9): apparmor="STATUS" operation="profile_load" name="/usr/lib/connman/scripts/dhclient-script" pid=699 comm="apparmor_parser"
[   13.708552] audit: type=1400 audit(1516790911.015:10): apparmor="STATUS" operation="profile_load" name="/usr/lib/cups/backend/cups-pdf" pid=705 comm="apparmor_parser"
[   13.708556] audit: type=1400 audit(1516790911.015:11): apparmor="STATUS" operation="profile_load" name="/usr/sbin/cupsd" pid=705 comm="apparmor_parser"
[   14.219461] snd_hda_intel 0000:01:00.1: Disabling MSI
[   14.219465] snd_hda_intel 0000:01:00.1: Handle VGA-switcheroo audio client
[   14.334156] dcdbas dcdbas: Dell Systems Management Base Driver (version 5.6.0-3.2)
[   14.359708] snd_hda_codec_realtek hdaudioC0D0: autoconfig for ALC3220: line_outs=1 (0x1b/0x0/0x0/0x0/0x0) type:line
[   14.359710] snd_hda_codec_realtek hdaudioC0D0:    speaker_outs=1 (0x14/0x0/0x0/0x0/0x0)
[   14.359711] snd_hda_codec_realtek hdaudioC0D0:    hp_outs=1 (0x15/0x0/0x0/0x0/0x0)
[   14.359712] snd_hda_codec_realtek hdaudioC0D0:    mono: mono_out=0x0
[   14.359712] snd_hda_codec_realtek hdaudioC0D0:    inputs:
[   14.359714] snd_hda_codec_realtek hdaudioC0D0:      Front Mic=0x1a
[   14.359715] snd_hda_codec_realtek hdaudioC0D0:      Rear Mic=0x18
[   14.367369] input: HDA Intel PCH Front Mic as /devices/pci0000:00/0000:00:1b.0/sound/card0/input8
[   14.367431] input: HDA Intel PCH Rear Mic as /devices/pci0000:00/0000:00:1b.0/sound/card0/input9
[   14.367478] input: HDA Intel PCH Line Out as /devices/pci0000:00/0000:00:1b.0/sound/card0/input10
[   14.367516] input: HDA Intel PCH Front Headphone as /devices/pci0000:00/0000:00:1b.0/sound/card0/input11
[   14.818976] input: HDA NVidia HDMI/DP,pcm=3 as /devices/pci0000:00/0000:00:01.0/0000:01:00.1/sound/card1/input12
[   14.819028] input: HDA NVidia HDMI/DP,pcm=7 as /devices/pci0000:00/0000:00:01.0/0000:01:00.1/sound/card1/input13
[   16.477903] Adding 8328188k swap on /dev/sda5.  Priority:-1 extents:1 across:8328188k FS
[   20.056914] IPv6: ADDRCONF(NETDEV_UP): eno1: link is not ready
[   20.264826] IPv6: ADDRCONF(NETDEV_UP): eno1: link is not ready
[   23.149389] e1000e: eno1 NIC Link is Up 1000 Mbps Full Duplex, Flow Control: None
[   23.149420] IPv6: ADDRCONF(NETDEV_CHANGE): eno1: link becomes ready
[   37.368928] FAT-fs (sdb4): Volume was not properly unmounted. Some data may be corrupt. Please run fsck.
[   57.304433] nova: dafs init nova_fs
[   57.304435] nova: init_nova_fs: 8 cpus online
[   57.304436] nova: Arch new instructions support: PCOMMIT NO, CLWB NO
[   57.304469] nova: dafs register file sytem nova
[   57.304474] nova: dafs end init_fs
[   57.320515] nova: dafs start to mount
[   57.320528] nova: start init radix tree
[   57.320530] nova: finish init radix tree
[   57.320530] nova: start nova init
[   57.320531] nova: creating an empty nova of size 1419116544
[   57.320532] nova: nova: Default block size set to 4K
[   57.320534] nova: dafs init dzt block
[   57.320535] nova: dafs_get dzt blk
[   57.320537] nova: dzt alloc 1 dzt blocks from 86616 to 86616
[   57.320538] nova: dafs_init_dzt_block: allocate log @ 0x15258
[   57.321305] nova: dafs_get dzt blk
[   57.321496] nova: dafs allocate zone blocks
[   57.321878] nova: Zone 0, alloc 1 zone blocks from 91745 to 91745
[   57.321879] nova: dafs_alloc_dir_zone: allocate zone @ 0x16661
[   57.321879] nova: dafs make dzt pointer
[   57.321880] nova: dafs_get dzt blk
[   57.321881] nova: dafs finish make dzt bitmap pointer
[   57.321881] nova: dafs start build dzt
[   57.321882] nova: dafs finish build dzt_e
[   57.321883] nova: dafs start init dir zones
[   57.321883] nova: root ze addr is 375787520
[   57.321884] nova: the root dir hashname is 47
[   57.321885] nova: test root hash name is 47
[   57.321885] nova: dafs finish creat root directory
[   57.321886] nova: record_pos_htable mark in pos 184
[   57.321887] nova: record_pos_htable mark in pos 104688
[   57.321889] nova: record_pos_htable mark in pos 107472
[   57.321889] nova: dafs finish init dir zones
[   57.321890] nova: init_dir_info start
[   57.322348] nova: init_dir_info end
[   57.322348] nova: dafs finish nova_init
[   57.322349] nova: dafs start setting sb
[   57.322350] nova: dafs end setting sb
[   57.322355] nova: root_dentry name is /
[   57.322355] nova: dafs end fill super
[   57.322356] nova: dafs finish mount
[   57.322525] nova: get_dentry_path buf is //.Trash
[   57.322526] nova: get_dentry_path ful ph is /.Trash
[   57.322528] nova: dafs_find_direntry not found dentry in hash table value is 239333570260677, name is /.Trash
[   57.322529] nova: dafs_inode_by_name not find dir
[   57.322538] nova: get_dentry_path buf is //.Trash-1000
[   57.322539] nova: get_dentry_path ful ph is /.Trash-1000
[   57.322540] nova: dafs_find_direntry not found dentry in hash table value is 15271610030381812439, name is /.Trash-1000
[   57.322540] nova: dafs_inode_by_name not find dir
[   86.044911] nova: get_dentry_path root dentry
[   86.044993] nova: get_dentry_path root dentry
[   86.398628] nova: get_dentry_path root dentry
[   86.398710] nova: get_dentry_path root dentry
[   88.356917] nova: get_dentry_path root dentry
[   88.357003] nova: get_dentry_path root dentry
[   88.722972] nova: get_dentry_path root dentry
[   88.723075] nova: get_dentry_path root dentry
[   89.313566] nova: get_dentry_path buf is //1
[   89.313569] nova: get_dentry_path ful ph is /1
[   89.313575] nova: dafs_find_direntry not found dentry in hash table value is 6206, name is /1
[   89.313576] nova: dafs_inode_by_name not find dir
[   89.313581] nova: dafs_add_dentry:dafs start to add dentry
[   89.313582] nova: get_dentry_path buf is //1
[   89.313584] nova: get_dentry_path ful ph is /1
[   89.313586] nova: dentry not need extension
[   89.313587] nova: dentry is root subfile
[   89.313588] nova: record_pos_htable mark in pos 24820
[   89.313590] nova: dafs_add_dentry hash value is 6206, name is /1
[   89.314339] nova: get_dentry_path buf is //2/1
[   89.314341] nova: get_dentry_path ful ph is /1/2
[   89.314344] nova: dafs_find_direntry not found dentry in hash table value is 106507373, name is /1/2
[   89.314345] nova: dafs_inode_by_name not find dir
[   89.314347] nova: dafs_add_dentry:dafs start to add dentry
[   89.314348] nova: get_dentry_path buf is //2/1
[   89.314349] nova: get_dentry_path ful ph is /1/2
[   89.314351] nova: dentry not need extension
[   89.314352] nova: record_pos_htable mark in pos 51988
[   89.314353] nova: dafs_add_dentry hash value is 106507373, name is /1/2
[   89.314921] nova: get_dentry_path buf is //3/2/1
[   89.314923] nova: get_dentry_path ful ph is /1/2/3
[   89.314925] nova: dafs_find_direntry not found dentry in hash table value is 1827773034261, name is /1/2/3
[   89.314925] nova: dafs_inode_by_name not find dir
[   89.314927] nova: dafs_add_dentry:dafs start to add dentry
[   89.314927] nova: get_dentry_path buf is //3/2/1
[   89.314928] nova: get_dentry_path ful ph is /1/2/3
[   89.314929] nova: dentry not need extension
[   89.314930] nova: record_pos_htable mark in pos 197120
[   89.314931] nova: dafs_add_dentry hash value is 1827773034261, name is /1/2/3
[   89.315400] nova: get_dentry_path buf is //4/3/2/1
[   89.315403] nova: get_dentry_path ful ph is /1/2/3/4
[   89.315404] nova: dafs_find_direntry not found dentry in hash table value is 31366413040959230, name is /1/2/3/4
[   89.315405] nova: dafs_inode_by_name not find dir
[   89.315406] nova: dafs_add_dentry:dafs start to add dentry
[   89.315407] nova: get_dentry_path buf is //4/3/2/1
[   89.315408] nova: get_dentry_path ful ph is /1/2/3/4
[   89.315409] nova: dentry not need extension
[   89.315410] nova: record_pos_htable mark in pos 215236
[   89.315410] nova: dafs_add_dentry hash value is 31366413040959230, name is /1/2/3/4XZ\xffffffa0\xffffff88\xffffffff\xffffffff
[   89.315929] nova: get_dentry_path buf is //5/4/3/2/1
[   89.315931] nova: get_dentry_path ful ph is /1/2/3/4/5
[   89.315933] nova: dafs_find_direntry not found dentry in hash table value is 3323436058324355376, name is /1/2/3/4/5
[   89.315934] nova: dafs_inode_by_name not find dir
[   89.315935] nova: dafs_add_dentry:dafs start to add dentry
[   89.315936] nova: get_dentry_path buf is //5/4/3/2/1
[   89.315936] nova: get_dentry_path ful ph is /1/2/3/4/5
[   89.315938] nova: dentry not need extension
[   89.315938] nova: record_pos_htable mark in pos 205760
[   89.315939] nova: dafs_add_dentry hash value is 3323436058324355376, name is /1/2/3/4/5
[   89.316453] nova: get_dentry_path buf is //6/5/4/3/2/1
[   89.316455] nova: get_dentry_path ful ph is /1/2/3/4/5/6
[   89.316457] nova: dafs_find_direntry not found dentry in hash table value is 14600265068038568691, name is /1/2/3/4/5/6
[   89.316458] nova: dafs_inode_by_name not find dir
[   89.316459] nova: dafs_add_dentry:dafs start to add dentry
[   89.316460] nova: get_dentry_path buf is //6/5/4/3/2/1
[   89.316461] nova: get_dentry_path ful ph is /1/2/3/4/5/6
[   89.316462] nova: dentry not need extension
[   89.316463] nova: record_pos_htable mark in pos 102680
[   89.316464] nova: dafs_add_dentry hash value is 14600265068038568691, name is /1/2/3/4/5/6
[   89.316986] nova: get_dentry_path buf is //7/6/5/4/3/2/1
[   89.316988] nova: get_dentry_path ful ph is /1/2/3/4/5/6/7
[   89.316990] nova: dafs_find_direntry not found dentry in hash table value is 11470823486747263951, name is /1/2/3/4/5/6/7
[   89.316991] nova: dafs_inode_by_name not find dir
[   89.316992] nova: dafs_add_dentry:dafs start to add dentry
[   89.316993] nova: get_dentry_path buf is //7/6/5/4/3/2/1
[   89.316994] nova: get_dentry_path ful ph is /1/2/3/4/5/6/7
[   89.316995] nova: dentry not need extension
[   89.316996] nova: record_pos_htable mark in pos 25560
[   89.316997] nova: dafs_add_dentry hash value is 11470823486747263951, name is /1/2/3/4/5/6/7
[   89.317519] nova: get_dentry_path buf is //8/7/6/5/4/3/2/1
[   89.317521] nova: get_dentry_path ful ph is /1/2/3/4/5/6/7/8
[   89.317523] nova: dafs_find_direntry not found dentry in hash table value is 5595845515171374988, name is /1/2/3/4/5/6/7/8
[   89.317524] nova: dafs_inode_by_name not find dir
[   89.317525] nova: dafs_add_dentry:dafs start to add dentry
[   89.317526] nova: get_dentry_path buf is //8/7/6/5/4/3/2/1
[   89.317527] nova: get_dentry_path ful ph is /1/2/3/4/5/6/7/8
[   89.317528] nova: dentry not need extension
[   89.317529] nova: record_pos_htable mark in pos 125748
[   89.317530] nova: dafs_add_dentry hash value is 5595845515171374988, name is /1/2/3/4/5/6/7/8
[   89.318029] nova: get_dentry_path buf is //9/8/7/6/5/4/3/2/1
[   89.318032] nova: get_dentry_path ful ph is /1/2/3/4/5/6/7/8/9
[   89.318033] nova: dafs_find_direntry not found dentry in hash table value is 15001982197750014002, name is /1/2/3/4/5/6/7/8/9
[   89.318034] nova: dafs_inode_by_name not find dir
[   89.318036] nova: dafs_add_dentry:dafs start to add dentry
[   89.318037] nova: get_dentry_path buf is //9/8/7/6/5/4/3/2/1
[   89.318037] nova: get_dentry_path ful ph is /1/2/3/4/5/6/7/8/9
[   89.318039] nova: dentry not need extension
[   89.318040] nova: record_pos_htable mark in pos 97624
[   89.318040] nova: dafs_add_dentry hash value is 15001982197750014002, name is /1/2/3/4/5/6/7/8/9
[   89.318538] nova: get_dentry_path buf is //10/9/8/7/6/5/4/3/2/1
[   89.318540] nova: get_dentry_path ful ph is /1/2/3/4/5/6/7/8/9/10
[   89.318542] nova: dafs_find_direntry not found dentry in hash table value is 7905840327700082736, name is /1/2/3/4/5/6/7/8/9/10
[   89.318543] nova: dafs_inode_by_name not find dir
[   89.318544] nova: dafs_add_dentry:dafs start to add dentry
[   89.318545] nova: get_dentry_path buf is //10/9/8/7/6/5/4/3/2/1
[   89.318546] nova: get_dentry_path ful ph is /1/2/3/4/5/6/7/8/9/10
[   89.318548] nova: dentry not need extension
[   89.318549] nova: record_pos_htable mark in pos 46400
[   89.318550] nova: dafs_add_dentry hash value is 7905840327700082736, name is /1/2/3/4/5/6/7/8/9/10
[   89.318989] nova: get_dentry_path buf is //11/10/9/8/7/6/5/4/3/2/1
[   89.318991] nova: get_dentry_path ful ph is /1/2/3/4/5/6/7/8/9/10/11
[   89.318993] nova: dafs_find_direntry not found dentry in hash table value is 16401490075326989563, name is /1/2/3/4/5/6/7/8/9/10/11
[   89.318994] nova: dafs_inode_by_name not find dir
[   89.318995] nova: dafs_add_dentry:dafs start to add dentry
[   89.318996] nova: get_dentry_path buf is //11/10/9/8/7/6/5/4/3/2/1
[   89.318997] nova: get_dentry_path ful ph is /1/2/3/4/5/6/7/8/9/10/11
[   89.318998] nova: dentry not need extension
[   89.318999] nova: record_pos_htable mark in pos 151428
[   89.319000] nova: dafs_add_dentry hash value is 16401490075326989563, name is /1/2/3/4/5/6/7/8/9/10/11
[   89.319440] nova: get_dentry_path buf is //12/11/10/9/8/7/6/5/4/3/2/1
[   89.319442] nova: get_dentry_path ful ph is /1/2/3/4/5/6/7/8/9/10/11/12
[   89.319444] nova: dafs_find_direntry not found dentry in hash table value is 7640870548271016677, name is /1/2/3/4/5/6/7/8/9/10/11/12
[   89.319445] nova: dafs_inode_by_name not find dir
[   89.319446] nova: dafs_add_dentry:dafs start to add dentry
[   89.319447] nova: get_dentry_path buf is //12/11/10/9/8/7/6/5/4/3/2/1
[   89.319448] nova: get_dentry_path ful ph is /1/2/3/4/5/6/7/8/9/10/11/12
[   89.319449] nova: dentry not need extension
[   89.319450] nova: record_pos_htable mark in pos 62104
[   89.319451] nova: dafs_add_dentry hash value is 7640870548271016677, name is /1/2/3/4/5/6/7/8/9/10/11/12
[   89.319890] nova: get_dentry_path buf is //13/12/11/10/9/8/7/6/5/4/3/2/1
[   89.319892] nova: get_dentry_path ful ph is /1/2/3/4/5/6/7/8/9/10/11/12/13
[   89.319894] nova: dafs_find_direntry not found dentry in hash table value is 4037967761912578452, name is /1/2/3/4/5/6/7/8/9/10/11/12/13
[   89.319895] nova: dafs_inode_by_name not find dir
[   89.319896] nova: dafs_add_dentry:dafs start to add dentry
[   89.319897] nova: get_dentry_path buf is //13/12/11/10/9/8/7/6/5/4/3/2/1
[   89.319898] nova: get_dentry_path ful ph is /1/2/3/4/5/6/7/8/9/10/11/12/13
[   89.319900] nova: dentry not need extension
[   89.319901] nova: record_pos_htable mark in pos 72884
[   89.319901] nova: dafs_add_dentry hash value is 4037967761912578452, name is /1/2/3/4/5/6/7/8/9/10/11/12/13
[   89.320338] nova: get_dentry_path buf is //14/13/12/11/10/9/8/7/6/5/4/3/2/1
[   89.320341] nova: get_dentry_path ful ph is /1/2/3/4/5/6/7/8/9/10/11/12/13/14
[   89.320343] nova: dafs_find_direntry not found dentry in hash table value is 2438197045217108106, name is /1/2/3/4/5/6/7/8/9/10/11/12/13/14
[   89.320343] nova: dafs_inode_by_name not find dir
[   89.320344] nova: dafs_add_dentry:dafs start to add dentry
[   89.320346] nova: get_dentry_path buf is //14/13/12/11/10/9/8/7/6/5/4/3/2/1
[   89.320347] nova: get_dentry_path ful ph is /1/2/3/4/5/6/7/8/9/10/11/12/13/14
[   89.320348] nova: dentry not need extension
[   89.320349] nova: record_pos_htable mark in pos 96500
[   89.320350] nova: dafs_add_dentry hash value is 2438197045217108106, name is /1/2/3/4/5/6/7/8/9/10/11/12/13/14
[   89.320780] nova: get_dentry_path buf is //15/14/13/12/11/10/9/8/7/6/5/4/3/2/1
[   89.320783] nova: get_dentry_path ful ph is /1/2/3/4/5/6/7/8/9/10/11/12/13/14/15
[   89.320784] nova: dafs_find_direntry not found dentry in hash table value is 4852773043903208829, name is /1/2/3/4/5/6/7/8/9/10/11/12/13/14/15
[   89.320785] nova: dafs_inode_by_name not find dir
[   89.320786] nova: dafs_add_dentry:dafs start to add dentry
[   89.320787] nova: get_dentry_path buf is //15/14/13/12/11/10/9/8/7/6/5/4/3/2/1
[   89.320789] nova: get_dentry_path ful ph is /1/2/3/4/5/6/7/8/9/10/11/12/13/14/15
[   89.320790] nova: dentry not need extension
[   89.320791] nova: record_pos_htable mark in pos 54932
[   89.320792] nova: dafs_add_dentry hash value is 4852773043903208829, name is /1/2/3/4/5/6/7/8/9/10/11/12/13/14/15
[   89.321173] nova: get_dentry_path buf is //16/15/14/13/12/11/10/9/8/7/6/5/4/3/2/1
[   89.321175] nova: get_dentry_path ful ph is /1/2/3/4/5/6/7/8/9/10/11/12/13/14/15/16
[   89.321177] nova: dafs_find_direntry not found dentry in hash table value is 15619617358686051231, name is /1/2/3/4/5/6/7/8/9/10/11/12/13/14/15/16
[   89.321178] nova: dafs_inode_by_name not find dir
[   89.321179] nova: dafs_add_dentry:dafs start to add dentry
[   89.321181] nova: get_dentry_path buf is //16/15/14/13/12/11/10/9/8/7/6/5/4/3/2/1
[   89.321182] nova: get_dentry_path ful ph is /1/2/3/4/5/6/7/8/9/10/11/12/13/14/15/16
[   89.321184] nova: dentry not need extension
[   89.321185] nova: record_pos_htable mark in pos 257660
[   89.321185] nova: dafs_add_dentry hash value is 15619617358686051231, name is /1/2/3/4/5/6/7/8/9/10/11/12/13/14/15/16
[   89.321601] nova: get_dentry_path buf is //17/16/15/14/13/12/11/10/9/8/7/6/5/4/3/2/1
[   89.321604] nova: get_dentry_path ful ph is /1/2/3/4/5/6/7/8/9/10/11/12/13/14/15/16/17
[   89.321606] nova: dafs_find_direntry not found dentry in hash table value is 3079251992910574646, name is /1/2/3/4/5/6/7/8/9/10/11/12/13/14/15/16/17
[   89.321607] nova: dafs_inode_by_name not find dir
[   89.321608] nova: dafs_add_dentry:dafs start to add dentry
[   89.321609] nova: get_dentry_path buf is //17/16/15/14/13/12/11/10/9/8/7/6/5/4/3/2/1
[   89.321610] nova: get_dentry_path ful ph is /1/2/3/4/5/6/7/8/9/10/11/12/13/14/15/16/17
[   89.321612] nova: dentry not need extension
[   89.321614] nova: record_pos_htable mark in pos 145060
[   89.321614] nova: dafs_add_dentry hash value is 3079251992910574646, name is /1/2/3/4/5/6/7/8/9/10/11/12/13/14/15/16/17
[   89.322000] nova: get_dentry_path buf is //18/17/16/15/14/13/12/11/10/9/8/7/6/5/4/3/2/1
[   89.322004] nova: get_dentry_path ful ph is /1/2/3/4/5/6/7/8/9/10/11/12/13/14/15/16/17/18
[   89.322006] nova: dafs_find_direntry not found dentry in hash table value is 2830429638070583972, name is /1/2/3/4/5/6/7/8/9/10/11/12/13/14/15/16/17/18
[   89.322007] nova: dafs_inode_by_name not find dir
[   89.322008] nova: dafs_add_dentry:dafs start to add dentry
[   89.322010] nova: get_dentry_path buf is //18/17/16/15/14/13/12/11/10/9/8/7/6/5/4/3/2/1
[   89.322012] nova: get_dentry_path ful ph is /1/2/3/4/5/6/7/8/9/10/11/12/13/14/15/16/17/18
[   89.322014] nova: dentry not need extension
[   89.322015] nova: record_pos_htable mark in pos 149104
[   89.322016] nova: dafs_add_dentry hash value is 2830429638070583972, name is /1/2/3/4/5/6/7/8/9/10/11/12/13/14/15/16/17/18
[   89.322428] nova: get_dentry_path buf is //19/18/17/16/15/14/13/12/11/10/9/8/7/6/5/4/3/2/1
[   89.322431] nova: get_dentry_path ful ph is /1/2/3/4/5/6/7/8/9/10/11/12/13/14/15/16/17/18/19
[   89.322433] nova: dafs_find_direntry not found dentry in hash table value is 6601206217039484223, name is /1/2/3/4/5/6/7/8/9/10/11/12/13/14/15/16/17/18/19
[   89.322434] nova: dafs_inode_by_name not find dir
[   89.322435] nova: dafs_add_dentry:dafs start to add dentry
[   89.322437] nova: get_dentry_path buf is //19/18/17/16/15/14/13/12/11/10/9/8/7/6/5/4/3/2/1
[   89.322443] nova: get_dentry_path ful ph is /1/2/3/4/5/6/7/8/9/10/11/12/13/14/15/16/17/18/19
[   89.322446] nova: dentry not need extension
[   89.322448] nova: record_pos_htable mark in pos 10928
[   89.322450] nova: dafs_add_dentry hash value is 6601206217039484223, name is /1/2/3/4/5/6/7/8/9/10/11/12/13/14/15/16/17/18/19
[   89.322882] nova: get_dentry_path buf is //20/19/18/17/16/15/14/13/12/11/10/9/8/7/6/5/4/3/2/1
[   89.322886] nova: get_dentry_path ful ph is /1/2/3/4/5/6/7/8/9/10/11/12/13/14/15/16/17/18/19/20
[   89.322889] nova: dafs_find_direntry not found dentry in hash table value is 1826276356204935314, name is /1/2/3/4/5/6/7/8/9/10/11/12/13/14/15/16/17/18/19/20
[   89.322889] nova: dafs_inode_by_name not find dir
[   89.322890] nova: dafs_add_dentry:dafs start to add dentry
[   89.322892] nova: get_dentry_path buf is //20/19/18/17/16/15/14/13/12/11/10/9/8/7/6/5/4/3/2/1
[   89.322894] nova: get_dentry_path ful ph is /1/2/3/4/5/6/7/8/9/10/11/12/13/14/15/16/17/18/19/20
[   89.322896] nova: dentry not need extension
[   89.322898] nova: record_pos_htable mark in pos 16252
[   89.322898] nova: dafs_add_dentry hash value is 1826276356204935314, name is /1/2/3/4/5/6/7/8/9/10/11/12/13/14/15/16/17/18/19/20
[   89.323360] nova: get_dentry_path buf is //21/20/19/18/17/16/15/14/13/12/11/10/9/8/7/6/5/4/3/2/1
[   89.323364] nova: get_dentry_path ful ph is /1/2/3/4/5/6/7/8/9/10/11/12/13/14/15/16/17/18/19/20/21
[   89.323367] nova: dafs_find_direntry not found dentry in hash table value is 17398387869170832084, name is /1/2/3/4/5/6/7/8/9/10/11/12/13/14/15/16/17/18/19/20/21
[   89.323368] nova: dafs_inode_by_name not find dir
[   89.323369] nova: dafs_add_dentry:dafs start to add dentry
[   89.323371] nova: get_dentry_path buf is //21/20/19/18/17/16/15/14/13/12/11/10/9/8/7/6/5/4/3/2/1
[   89.323373] nova: get_dentry_path ful ph is /1/2/3/4/5/6/7/8/9/10/11/12/13/14/15/16/17/18/19/20/21
[   89.323376] nova: dentry not need extension
[   89.323377] nova: record_pos_htable mark in pos 33032
[   89.323378] nova: dafs_add_dentry hash value is 17398387869170832084, name is /1/2/3/4/5/6/7/8/9/10/11/12/13/14/15/16/17/18/19/20/21
[   89.323780] nova: get_dentry_path buf is //22/21/20/19/18/17/16/15/14/13/12/11/10/9/8/7/6/5/4/3/2/1
[   89.323784] nova: get_dentry_path ful ph is /1/2/3/4/5/6/7/8/9/10/11/12/13/14/15/16/17/18/19/20/21/22
[   89.323786] nova: dafs_find_direntry not found dentry in hash table value is 11214871698912514763, name is /1/2/3/4/5/6/7/8/9/10/11/12/13/14/15/16/17/18/19/20/21/22
[   89.323787] nova: dafs_inode_by_name not find dir
[   89.323788] nova: dafs_add_dentry:dafs start to add dentry
[   89.323790] nova: get_dentry_path buf is //22/21/20/19/18/17/16/15/14/13/12/11/10/9/8/7/6/5/4/3/2/1
[   89.323792] nova: get_dentry_path ful ph is /1/2/3/4/5/6/7/8/9/10/11/12/13/14/15/16/17/18/19/20/21/22
[   89.323795] nova: dentry not need extension
[   89.323796] nova: record_pos_htable mark in pos 16468
[   89.323797] nova: dafs_add_dentry hash value is 11214871698912514763, name is /1/2/3/4/5/6/7/8/9/10/11/12/13/14/15/16/17/18/19/20/21/22
[   89.324204] nova: get_dentry_path buf is //23/22/21/20/19/18/17/16/15/14/13/12/11/10/9/8/7/6/5/4/3/2/1
[   89.324207] nova: get_dentry_path ful ph is /1/2/3/4/5/6/7/8/9/10/11/12/13/14/15/16/17/18/19/20/21/22/23
[   89.324210] nova: dafs_find_direntry not found dentry in hash table value is 1563225551974815833, name is /1/2/3/4/5/6/7/8/9/10/11/12/13/14/15/16/17/18/19/20/21/22/23
[   89.324211] nova: dafs_inode_by_name not find dir
[   89.324212] nova: dafs_add_dentry:dafs start to add dentry
[   89.324214] nova: get_dentry_path buf is //23/22/21/20/19/18/17/16/15/14/13/12/11/10/9/8/7/6/5/4/3/2/1
[   89.324216] nova: get_dentry_path ful ph is /1/2/3/4/5/6/7/8/9/10/11/12/13/14/15/16/17/18/19/20/21/22/23
[   89.324219] nova: dentry not need extension
[   89.324220] nova: record_pos_htable mark in pos 17068
[   89.324221] nova: dafs_add_dentry hash value is 1563225551974815833, name is /1/2/3/4/5/6/7/8/9/10/11/12/13/14/15/16/17/18/19/20/21/22/23
[   89.324627] nova: get_dentry_path buf is //24/23/22/21/20/19/18/17/16/15/14/13/12/11/10/9/8/7/6/5/4/3/2/1
[   89.324630] nova: get_dentry_path ful ph is /1/2/3/4/5/6/7/8/9/10/11/12/13/14/15/16/17/18/19/20/21/22/23/24
[   89.324634] nova: dafs_find_direntry not found dentry in hash table value is 2527626282732825428, name is /1/2/3/4/5/6/7/8/9/10/11/12/13/14/15/16/17/18/19/20/21/22/23/24
[   89.324635] nova: dafs_inode_by_name not find dir
[   89.324636] nova: dafs_add_dentry:dafs start to add dentry
[   89.324637] nova: get_dentry_path buf is //24/23/22/21/20/19/18/17/16/15/14/13/12/11/10/9/8/7/6/5/4/3/2/1
[   89.324640] nova: get_dentry_path ful ph is /1/2/3/4/5/6/7/8/9/10/11/12/13/14/15/16/17/18/19/20/21/22/23/24
[   89.324643] nova: dentry not need extension
[   89.324644] nova: record_pos_htable mark in pos 147808
[   89.324645] nova: dafs_add_dentry hash value is 2527626282732825428, name is /1/2/3/4/5/6/7/8/9/10/11/12/13/14/15/16/17/18/19/20/21/22/23/24
[   89.325056] nova: get_dentry_path buf is //25/24/23/22/21/20/19/18/17/16/15/14/13/12/11/10/9/8/7/6/5/4/3/2/1
[   89.325068] nova: get_dentry_path ful ph is /1/2/3/4/5/6/7/8/9/10/11/12/13/14/15/16/17/18/19/20/21/22/23/24/25
[   89.325071] nova: dafs_find_direntry not found dentry in hash table value is 17299853703679830094, name is /1/2/3/4/5/6/7/8/9/10/11/12/13/14/15/16/17/18/19/20/21/22/23/24/25
[   89.325072] nova: dafs_inode_by_name not find dir
[   89.325073] nova: dafs_add_dentry:dafs start to add dentry
[   89.325075] nova: get_dentry_path buf is //25/24/23/22/21/20/19/18/17/16/15/14/13/12/11/10/9/8/7/6/5/4/3/2/1
[   89.325077] nova: get_dentry_path ful ph is /1/2/3/4/5/6/7/8/9/10/11/12/13/14/15/16/17/18/19/20/21/22/23/24/25
[   89.325080] nova: dentry not need extension
[   89.325081] nova: record_pos_htable mark in pos 57072
[   89.325082] nova: dafs_add_dentry hash value is 17299853703679830094, name is /1/2/3/4/5/6/7/8/9/10/11/12/13/14/15/16/17/18/19/20/21/22/23/24/25
[   89.325438] nova: get_dentry_path buf is //26/25/24/23/22/21/20/19/18/17/16/15/14/13/12/11/10/9/8/7/6/5/4/3/2/1
[   89.325442] nova: get_dentry_path ful ph is /1/2/3/4/5/6/7/8/9/10/11/12/13/14/15/16/17/18/19/20/21/22/23/24/25/26
[   89.325445] nova: dafs_find_direntry not found dentry in hash table value is 5947075971053618605, name is /1/2/3/4/5/6/7/8/9/10/11/12/13/14/15/16/17/18/19/20/21/22/23/24/25/26
[   89.325446] nova: dafs_inode_by_name not find dir
[   89.325446] nova: dafs_add_dentry:dafs start to add dentry
[   89.325448] nova: get_dentry_path buf is //26/25/24/23/22/21/20/19/18/17/16/15/14/13/12/11/10/9/8/7/6/5/4/3/2/1
[   89.325451] nova: get_dentry_path ful ph is /1/2/3/4/5/6/7/8/9/10/11/12/13/14/15/16/17/18/19/20/21/22/23/24/25/26
[   89.325453] nova: dentry not need extension
[   89.325455] nova: record_pos_htable mark in pos 79056
[   89.325455] nova: dafs_add_dentry hash value is 5947075971053618605, name is /1/2/3/4/5/6/7/8/9/10/11/12/13/14/15/16/17/18/19/20/21/22/23/24/25/26
[   89.325847] nova: get_dentry_path buf is //27/26/25/24/23/22/21/20/19/18/17/16/15/14/13/12/11/10/9/8/7/6/5/4/3/2/1
[   89.325850] nova: get_dentry_path ful ph is /1/2/3/4/5/6/7/8/9/10/11/12/13/14/15/16/17/18/19/20/21/22/23/24/25/26/27
[   89.325854] nova: dafs_find_direntry not found dentry in hash table value is 13498259797327175987, name is /1/2/3/4/5/6/7/8/9/10/11/12/13/14/15/16/17/18/19/20/21/22/23/24/25/26/27
[   89.325855] nova: dafs_inode_by_name not find dir
[   89.325856] nova: dafs_add_dentry:dafs start to add dentry
[   89.325857] nova: get_dentry_path buf is //27/26/25/24/23/22/21/20/19/18/17/16/15/14/13/12/11/10/9/8/7/6/5/4/3/2/1
[   89.325860] nova: get_dentry_path ful ph is /1/2/3/4/5/6/7/8/9/10/11/12/13/14/15/16/17/18/19/20/21/22/23/24/25/26/27
[   89.325863] nova: dentry not need extension
[   89.325864] nova: record_pos_htable mark in pos 100264
[   89.325865] nova: dafs_add_dentry hash value is 13498259797327175987, name is /1/2/3/4/5/6/7/8/9/10/11/12/13/14/15/16/17/18/19/20/21/22/23/24/25/26/27
[   89.326289] nova: get_dentry_path buf is //28/27/26/25/24/23/22/21/20/19/18/17/16/15/14/13/12/11/10/9/8/7/6/5/4/3/2/1
[   89.326293] nova: get_dentry_path ful ph is /1/2/3/4/5/6/7/8/9/10/11/12/13/14/15/16/17/18/19/20/21/22/23/24/25/26/27/28
[   89.326296] nova: dafs_find_direntry not found dentry in hash table value is 16536411214374148438, name is /1/2/3/4/5/6/7/8/9/10/11/12/13/14/15/16/17/18/19/20/21/22/23/24/25/26/27/28
[   89.326297] nova: dafs_inode_by_name not find dir
[   89.326298] nova: dafs_add_dentry:dafs start to add dentry
[   89.326300] nova: get_dentry_path buf is //28/27/26/25/24/23/22/21/20/19/18/17/16/15/14/13/12/11/10/9/8/7/6/5/4/3/2/1
[   89.326303] nova: get_dentry_path ful ph is /1/2/3/4/5/6/7/8/9/10/11/12/13/14/15/16/17/18/19/20/21/22/23/24/25/26/27/28
[   89.326306] nova: dentry not need extension
[   89.326307] nova: record_pos_htable mark in pos 104208
[   89.326308] nova: dafs_add_dentry hash value is 16536411214374148438, name is /1/2/3/4/5/6/7/8/9/10/11/12/13/14/15/16/17/18/19/20/21/22/23/24/25/26/27/28
[   89.326744] nova: get_dentry_path buf is //29/28/27/26/25/24/23/22/21/20/19/18/17/16/15/14/13/12/11/10/9/8/7/6/5/4/3/2/1
[   89.326748] nova: get_dentry_path ful ph is /1/2/3/4/5/6/7/8/9/10/11/12/13/14/15/16/17/18/19/20/21/22/23/24/25/26/27/28/29
[   89.326752] nova: dafs_find_direntry not found dentry in hash table value is 2826468208556252552, name is /1/2/3/4/5/6/7/8/9/10/11/12/13/14/15/16/17/18/19/20/21/22/23/24/25/26/27/28/29
[   89.326753] nova: dafs_inode_by_name not find dir
[   89.326754] nova: dafs_add_dentry:dafs start to add dentry
[   89.326756] nova: get_dentry_path buf is //29/28/27/26/25/24/23/22/21/20/19/18/17/16/15/14/13/12/11/10/9/8/7/6/5/4/3/2/1
[   89.326759] nova: get_dentry_path ful ph is /1/2/3/4/5/6/7/8/9/10/11/12/13/14/15/16/17/18/19/20/21/22/23/24/25/26/27/28/29
[   89.326762] nova: dentry not need extension
[   89.326764] nova: record_pos_htable mark in pos 43564
[   89.326764] nova: dafs_add_dentry hash value is 2826468208556252552, name is /1/2/3/4/5/6/7/8/9/10/11/12/13/14/15/16/17/18/19/20/21/22/23/24/25/26/27/28/29
[   89.327176] nova: get_dentry_path buf is //30/29/28/27/26/25/24/23/22/21/20/19/18/17/16/15/14/13/12/11/10/9/8/7/6/5/4/3/2/1
[   89.327180] nova: get_dentry_path ful ph is /1/2/3/4/5/6/7/8/9/10/11/12/13/14/15/16/17/18/19/20/21/22/23/24/25/26/27/28/29/30
[   89.327183] nova: dafs_find_direntry not found dentry in hash table value is 10724555515916595784, name is /1/2/3/4/5/6/7/8/9/10/11/12/13/14/15/16/17/18/19/20/21/22/23/24/25/26/27/28/29/30
[   89.327184] nova: dafs_inode_by_name not find dir
[   89.327185] nova: dafs_add_dentry:dafs start to add dentry
[   89.327187] nova: get_dentry_path buf is //30/29/28/27/26/25/24/23/22/21/20/19/18/17/16/15/14/13/12/11/10/9/8/7/6/5/4/3/2/1
[   89.327190] nova: get_dentry_path ful ph is /1/2/3/4/5/6/7/8/9/10/11/12/13/14/15/16/17/18/19/20/21/22/23/24/25/26/27/28/29/30
[   89.327194] nova: dentry not need extension
[   89.327195] nova: record_pos_htable mark in pos 190152
[   89.327195] nova: dafs_add_dentry hash value is 10724555515916595784, name is /1/2/3/4/5/6/7/8/9/10/11/12/13/14/15/16/17/18/19/20/21/22/23/24/25/26/27/28/29/30
[   89.327600] nova: get_dentry_path buf is //31/30/29/28/27/26/25/24/23/22/21/20/19/18/17/16/15/14/13/12/11/10/9/8/7/6/5/4/3/2/1
[   89.327604] nova: get_dentry_path ful ph is /1/2/3/4/5/6/7/8/9/10/11/12/13/14/15/16/17/18/19/20/21/22/23/24/25/26/27/28/29/30/31
[   89.327608] nova: dafs_find_direntry not found dentry in hash table value is 11357202587738210953, name is /1/2/3/4/5/6/7/8/9/10/11/12/13/14/15/16/17/18/19/20/21/22/23/24/25/26/27/28/29/30/31
[   89.327609] nova: dafs_inode_by_name not find dir
[   89.327610] nova: dafs_add_dentry:dafs start to add dentry
[   89.327612] nova: get_dentry_path buf is //31/30/29/28/27/26/25/24/23/22/21/20/19/18/17/16/15/14/13/12/11/10/9/8/7/6/5/4/3/2/1
[   89.327615] nova: get_dentry_path ful ph is /1/2/3/4/5/6/7/8/9/10/11/12/13/14/15/16/17/18/19/20/21/22/23/24/25/26/27/28/29/30/31
[   89.327619] nova: dentry not need extension
[   89.327620] nova: record_pos_htable mark in pos 163848
[   89.327620] nova: dafs_add_dentry hash value is 11357202587738210953, name is /1/2/3/4/5/6/7/8/9/10/11/12/13/14/15/16/17/18/19/20/21/22/23/24/25/26/27/28/29/30/31
[   94.946521] nova: get_dentry_path buf is //1
[   94.946525] nova: get_dentry_path ful ph is /1
[   94.946540] nova: get_dentry_path buf is //1
[   94.946542] nova: get_dentry_path ful ph is /1
[   94.946548] nova: get_dentry_path buf is //2/1
[   94.946550] nova: get_dentry_path ful ph is /1/2
[   94.946556] nova: get_dentry_path buf is //2/1
[   94.946558] nova: get_dentry_path ful ph is /1/2
[   94.946564] nova: get_dentry_path buf is //3/2/1
[   94.946565] nova: get_dentry_path ful ph is /1/2/3
[   94.946572] nova: get_dentry_path buf is //3/2/1
[   94.946573] nova: get_dentry_path ful ph is /1/2/3
[   94.946579] nova: get_dentry_path buf is //4/3/2/1
[   94.946580] nova: get_dentry_path ful ph is /1/2/3/4
[   94.946587] nova: get_dentry_path buf is //4/3/2/1
[   94.946588] nova: get_dentry_path ful ph is /1/2/3/4
[   94.946594] nova: get_dentry_path buf is //5/4/3/2/1
[   94.946596] nova: get_dentry_path ful ph is /1/2/3/4/5
[   94.946603] nova: get_dentry_path buf is //5/4/3/2/1
[   94.946605] nova: get_dentry_path ful ph is /1/2/3/4/5
[   94.946611] nova: get_dentry_path buf is //6/5/4/3/2/1
[   94.946613] nova: get_dentry_path ful ph is /1/2/3/4/5/6
[   94.946621] nova: get_dentry_path buf is //6/5/4/3/2/1
[   94.946622] nova: get_dentry_path ful ph is /1/2/3/4/5/6
[   94.946628] nova: get_dentry_path buf is //7/6/5/4/3/2/1
[   94.946631] nova: get_dentry_path ful ph is /1/2/3/4/5/6/7
[   94.946638] nova: get_dentry_path buf is //7/6/5/4/3/2/1
[   94.946640] nova: get_dentry_path ful ph is /1/2/3/4/5/6/7
[   94.946646] nova: get_dentry_path buf is //8/7/6/5/4/3/2/1
[   94.946649] nova: get_dentry_path ful ph is /1/2/3/4/5/6/7/8
[   94.946656] nova: get_dentry_path buf is //8/7/6/5/4/3/2/1
[   94.946658] nova: get_dentry_path ful ph is /1/2/3/4/5/6/7/8
[   94.946664] nova: get_dentry_path buf is //9/8/7/6/5/4/3/2/1
[   94.946667] nova: get_dentry_path ful ph is /1/2/3/4/5/6/7/8/9
[   94.946674] nova: get_dentry_path buf is //9/8/7/6/5/4/3/2/1
[   94.946676] nova: get_dentry_path ful ph is /1/2/3/4/5/6/7/8/9
[   94.946683] nova: get_dentry_path buf is //10/9/8/7/6/5/4/3/2/1
[   94.946685] nova: get_dentry_path ful ph is /1/2/3/4/5/6/7/8/9/10
[   94.946693] nova: get_dentry_path buf is //10/9/8/7/6/5/4/3/2/1
[   94.946696] nova: get_dentry_path ful ph is /1/2/3/4/5/6/7/8/9/10
[   94.946702] nova: get_dentry_path buf is //11/10/9/8/7/6/5/4/3/2/1
[   94.946705] nova: get_dentry_path ful ph is /1/2/3/4/5/6/7/8/9/10/11
[   94.946713] nova: get_dentry_path buf is //11/10/9/8/7/6/5/4/3/2/1
[   94.946715] nova: get_dentry_path ful ph is /1/2/3/4/5/6/7/8/9/10/11
[   94.946724] nova: get_dentry_path buf is //12/11/10/9/8/7/6/5/4/3/2/1
[   94.946727] nova: get_dentry_path ful ph is /1/2/3/4/5/6/7/8/9/10/11/12
[   94.946735] nova: get_dentry_path buf is //12/11/10/9/8/7/6/5/4/3/2/1
[   94.946738] nova: get_dentry_path ful ph is /1/2/3/4/5/6/7/8/9/10/11/12
[   94.946745] nova: get_dentry_path buf is //13/12/11/10/9/8/7/6/5/4/3/2/1
[   94.946748] nova: get_dentry_path ful ph is /1/2/3/4/5/6/7/8/9/10/11/12/13
[   94.946756] nova: get_dentry_path buf is //13/12/11/10/9/8/7/6/5/4/3/2/1
[   94.946759] nova: get_dentry_path ful ph is /1/2/3/4/5/6/7/8/9/10/11/12/13
[   94.946766] nova: get_dentry_path buf is //14/13/12/11/10/9/8/7/6/5/4/3/2/1
[   94.946770] nova: get_dentry_path ful ph is /1/2/3/4/5/6/7/8/9/10/11/12/13/14
[   94.946778] nova: get_dentry_path buf is //14/13/12/11/10/9/8/7/6/5/4/3/2/1
[   94.946781] nova: get_dentry_path ful ph is /1/2/3/4/5/6/7/8/9/10/11/12/13/14
[   94.946789] nova: get_dentry_path buf is //15/14/13/12/11/10/9/8/7/6/5/4/3/2/1
[   94.946792] nova: get_dentry_path ful ph is /1/2/3/4/5/6/7/8/9/10/11/12/13/14/15
[   94.946801] nova: get_dentry_path buf is //15/14/13/12/11/10/9/8/7/6/5/4/3/2/1
[   94.946804] nova: get_dentry_path ful ph is /1/2/3/4/5/6/7/8/9/10/11/12/13/14/15
[   94.946811] nova: get_dentry_path buf is //16/15/14/13/12/11/10/9/8/7/6/5/4/3/2/1
[   94.946815] nova: get_dentry_path ful ph is /1/2/3/4/5/6/7/8/9/10/11/12/13/14/15/16
[   94.946824] nova: get_dentry_path buf is //16/15/14/13/12/11/10/9/8/7/6/5/4/3/2/1
[   94.946827] nova: get_dentry_path ful ph is /1/2/3/4/5/6/7/8/9/10/11/12/13/14/15/16
[   94.946835] nova: get_dentry_path buf is //17/16/15/14/13/12/11/10/9/8/7/6/5/4/3/2/1
[   94.946839] nova: get_dentry_path ful ph is /1/2/3/4/5/6/7/8/9/10/11/12/13/14/15/16/17
[   94.946848] nova: get_dentry_path buf is //17/16/15/14/13/12/11/10/9/8/7/6/5/4/3/2/1
[   94.946852] nova: get_dentry_path ful ph is /1/2/3/4/5/6/7/8/9/10/11/12/13/14/15/16/17
[   94.946860] nova: get_dentry_path buf is //18/17/16/15/14/13/12/11/10/9/8/7/6/5/4/3/2/1
[   94.946864] nova: get_dentry_path ful ph is /1/2/3/4/5/6/7/8/9/10/11/12/13/14/15/16/17/18
[   94.946873] nova: get_dentry_path buf is //18/17/16/15/14/13/12/11/10/9/8/7/6/5/4/3/2/1
[   94.946877] nova: get_dentry_path ful ph is /1/2/3/4/5/6/7/8/9/10/11/12/13/14/15/16/17/18
[   94.946885] nova: get_dentry_path buf is //19/18/17/16/15/14/13/12/11/10/9/8/7/6/5/4/3/2/1
[   94.946890] nova: get_dentry_path ful ph is /1/2/3/4/5/6/7/8/9/10/11/12/13/14/15/16/17/18/19
[   94.946899] nova: get_dentry_path buf is //19/18/17/16/15/14/13/12/11/10/9/8/7/6/5/4/3/2/1
[   94.946903] nova: get_dentry_path ful ph is /1/2/3/4/5/6/7/8/9/10/11/12/13/14/15/16/17/18/19
[   94.946912] nova: get_dentry_path buf is //20/19/18/17/16/15/14/13/12/11/10/9/8/7/6/5/4/3/2/1
[   94.946917] nova: get_dentry_path ful ph is /1/2/3/4/5/6/7/8/9/10/11/12/13/14/15/16/17/18/19/20
[   94.946927] nova: get_dentry_path buf is //20/19/18/17/16/15/14/13/12/11/10/9/8/7/6/5/4/3/2/1
[   94.946931] nova: get_dentry_path ful ph is /1/2/3/4/5/6/7/8/9/10/11/12/13/14/15/16/17/18/19/20
[   94.946940] nova: get_dentry_path buf is //21/20/19/18/17/16/15/14/13/12/11/10/9/8/7/6/5/4/3/2/1
[   94.946945] nova: get_dentry_path ful ph is /1/2/3/4/5/6/7/8/9/10/11/12/13/14/15/16/17/18/19/20/21
[   94.946955] nova: get_dentry_path buf is //21/20/19/18/17/16/15/14/13/12/11/10/9/8/7/6/5/4/3/2/1
[   94.946960] nova: get_dentry_path ful ph is /1/2/3/4/5/6/7/8/9/10/11/12/13/14/15/16/17/18/19/20/21
[   94.946969] nova: get_dentry_path buf is //22/21/20/19/18/17/16/15/14/13/12/11/10/9/8/7/6/5/4/3/2/1
[   94.946974] nova: get_dentry_path ful ph is /1/2/3/4/5/6/7/8/9/10/11/12/13/14/15/16/17/18/19/20/21/22
[   94.946985] nova: get_dentry_path buf is //22/21/20/19/18/17/16/15/14/13/12/11/10/9/8/7/6/5/4/3/2/1
[   94.946989] nova: get_dentry_path ful ph is /1/2/3/4/5/6/7/8/9/10/11/12/13/14/15/16/17/18/19/20/21/22
[   94.946999] nova: get_dentry_path buf is //23/22/21/20/19/18/17/16/15/14/13/12/11/10/9/8/7/6/5/4/3/2/1
[   94.947004] nova: get_dentry_path ful ph is /1/2/3/4/5/6/7/8/9/10/11/12/13/14/15/16/17/18/19/20/21/22/23
[   94.947015] nova: get_dentry_path buf is //23/22/21/20/19/18/17/16/15/14/13/12/11/10/9/8/7/6/5/4/3/2/1
[   94.947021] nova: get_dentry_path ful ph is /1/2/3/4/5/6/7/8/9/10/11/12/13/14/15/16/17/18/19/20/21/22/23
[   94.947031] nova: get_dentry_path buf is //24/23/22/21/20/19/18/17/16/15/14/13/12/11/10/9/8/7/6/5/4/3/2/1
[   94.947036] nova: get_dentry_path ful ph is /1/2/3/4/5/6/7/8/9/10/11/12/13/14/15/16/17/18/19/20/21/22/23/24
[   94.947048] nova: get_dentry_path buf is //24/23/22/21/20/19/18/17/16/15/14/13/12/11/10/9/8/7/6/5/4/3/2/1
