[    0.000000] Initializing cgroup subsys cpuset
[    0.000000] Initializing cgroup subsys cpu
[    0.000000] Initializing cgroup subsys cpuacct
[    0.000000] Linux version 4.3.0 (root@cxdafs-OptiPlex-9020) (gcc version 5.4.0 20160609 (Ubuntu 5.4.0-6ubuntu1~16.04.4) ) #1 SMP Tue Jan 23 17:04:37 CST 2018
[    0.000000] Command line: BOOT_IMAGE=/boot/vmlinuz-4.3.0 memmap=4G!2G root=UUID=461d99c2-65f5-4635-a31a-48a29395e262 ro quiet splash vt.handoff=7
[    0.000000] KERNEL supported cpus:
[    0.000000]   Intel GenuineIntel
[    0.000000]   AMD AuthenticAMD
[    0.000000]   Centaur CentaurHauls
[    0.000000] x86/fpu: xstate_offset[2]: 0240, xstate_sizes[2]: 0100
[    0.000000] x86/fpu: Supporting XSAVE feature 0x01: 'x87 floating point registers'
[    0.000000] x86/fpu: Supporting XSAVE feature 0x02: 'SSE registers'
[    0.000000] x86/fpu: Supporting XSAVE feature 0x04: 'AVX registers'
[    0.000000] x86/fpu: Enabled xstate features 0x7, context size is 0x340 bytes, using 'standard' format.
[    0.000000] x86/fpu: Using 'eager' FPU context switches.
[    0.000000] e820: BIOS-provided physical RAM map:
[    0.000000] BIOS-e820: [mem 0x0000000000000000-0x00000000000917ff] usable
[    0.000000] BIOS-e820: [mem 0x0000000000091800-0x000000000009ffff] reserved
[    0.000000] BIOS-e820: [mem 0x00000000000e0000-0x00000000000fffff] reserved
[    0.000000] BIOS-e820: [mem 0x0000000000100000-0x00000000d495ffff] usable
[    0.000000] BIOS-e820: [mem 0x00000000d4960000-0x00000000d4966fff] ACPI NVS
[    0.000000] BIOS-e820: [mem 0x00000000d4967000-0x00000000d4d9afff] usable
[    0.000000] BIOS-e820: [mem 0x00000000d4d9b000-0x00000000d5227fff] reserved
[    0.000000] BIOS-e820: [mem 0x00000000d5228000-0x00000000daee9fff] usable
[    0.000000] BIOS-e820: [mem 0x00000000daeea000-0x00000000daffffff] reserved
[    0.000000] BIOS-e820: [mem 0x00000000db000000-0x00000000db75efff] usable
[    0.000000] BIOS-e820: [mem 0x00000000db75f000-0x00000000db7fffff] reserved
[    0.000000] BIOS-e820: [mem 0x00000000db800000-0x00000000dbfadfff] usable
[    0.000000] BIOS-e820: [mem 0x00000000dbfae000-0x00000000dbffffff] ACPI data
[    0.000000] BIOS-e820: [mem 0x00000000dc000000-0x00000000dd71bfff] usable
[    0.000000] BIOS-e820: [mem 0x00000000dd71c000-0x00000000dd7fffff] ACPI NVS
[    0.000000] BIOS-e820: [mem 0x00000000dd800000-0x00000000dee10fff] usable
[    0.000000] BIOS-e820: [mem 0x00000000dee11000-0x00000000deffffff] reserved
[    0.000000] BIOS-e820: [mem 0x00000000f8000000-0x00000000fbffffff] reserved
[    0.000000] BIOS-e820: [mem 0x00000000fec00000-0x00000000fec00fff] reserved
[    0.000000] BIOS-e820: [mem 0x00000000fed00000-0x00000000fed03fff] reserved
[    0.000000] BIOS-e820: [mem 0x00000000fed1c000-0x00000000fed1ffff] reserved
[    0.000000] BIOS-e820: [mem 0x00000000fee00000-0x00000000fee00fff] reserved
[    0.000000] BIOS-e820: [mem 0x00000000ff000000-0x00000000ffffffff] reserved
[    0.000000] BIOS-e820: [mem 0x0000000100000000-0x000000021dffffff] usable
[    0.000000] NX (Execute Disable) protection: active
[    0.000000] e820: user-defined physical RAM map:
[    0.000000] user: [mem 0x0000000000000000-0x00000000000917ff] usable
[    0.000000] user: [mem 0x0000000000091800-0x000000000009ffff] reserved
[    0.000000] user: [mem 0x00000000000e0000-0x00000000000fffff] reserved
[    0.000000] user: [mem 0x0000000000100000-0x000000007fffffff] usable
[    0.000000] user: [mem 0x0000000080000000-0x00000000d495ffff] persistent (type 12)
[    0.000000] user: [mem 0x00000000d4960000-0x00000000d4966fff] persistent (type 12)
[    0.000000] user: [mem 0x00000000d4967000-0x00000000d4d9afff] persistent (type 12)
[    0.000000] user: [mem 0x00000000d4d9b000-0x00000000d5227fff] persistent (type 12)
[    0.000000] user: [mem 0x00000000d5228000-0x00000000daee9fff] persistent (type 12)
[    0.000000] user: [mem 0x00000000daeea000-0x00000000daffffff] persistent (type 12)
[    0.000000] user: [mem 0x00000000db000000-0x00000000db75efff] persistent (type 12)
[    0.000000] user: [mem 0x00000000db75f000-0x00000000db7fffff] persistent (type 12)
[    0.000000] user: [mem 0x00000000db800000-0x00000000dbfadfff] persistent (type 12)
[    0.000000] user: [mem 0x00000000dbfae000-0x00000000dbffffff] persistent (type 12)
[    0.000000] user: [mem 0x00000000dc000000-0x00000000dd71bfff] persistent (type 12)
[    0.000000] user: [mem 0x00000000dd71c000-0x00000000dd7fffff] persistent (type 12)
[    0.000000] user: [mem 0x00000000dd800000-0x00000000dee10fff] persistent (type 12)
[    0.000000] user: [mem 0x00000000dee11000-0x00000000deffffff] persistent (type 12)
[    0.000000] user: [mem 0x00000000df000000-0x00000000f7ffffff] persistent (type 12)
[    0.000000] user: [mem 0x00000000f8000000-0x00000000fbffffff] persistent (type 12)
[    0.000000] user: [mem 0x00000000fc000000-0x00000000febfffff] persistent (type 12)
[    0.000000] user: [mem 0x00000000fec00000-0x00000000fec00fff] persistent (type 12)
[    0.000000] user: [mem 0x00000000fec01000-0x00000000fecfffff] persistent (type 12)
[    0.000000] user: [mem 0x00000000fed00000-0x00000000fed03fff] persistent (type 12)
[    0.000000] user: [mem 0x00000000fed04000-0x00000000fed1bfff] persistent (type 12)
[    0.000000] user: [mem 0x00000000fed1c000-0x00000000fed1ffff] persistent (type 12)
[    0.000000] user: [mem 0x00000000fed20000-0x00000000fedfffff] persistent (type 12)
[    0.000000] user: [mem 0x00000000fee00000-0x00000000fee00fff] persistent (type 12)
[    0.000000] user: [mem 0x00000000fee01000-0x00000000feffffff] persistent (type 12)
[    0.000000] user: [mem 0x00000000ff000000-0x00000000ffffffff] persistent (type 12)
[    0.000000] user: [mem 0x0000000100000000-0x000000017fffffff] persistent (type 12)
[    0.000000] user: [mem 0x0000000180000000-0x000000021dffffff] usable
[    0.000000] SMBIOS 2.7 present.
[    0.000000] DMI: Dell Inc. OptiPlex 9020/03CPWF, BIOS A09 11/20/2014
[    0.000000] e820: update [mem 0x00000000-0x00000fff] usable ==> reserved
[    0.000000] e820: remove [mem 0x000a0000-0x000fffff] usable
[    0.000000] e820: last_pfn = 0x21e000 max_arch_pfn = 0x400000000
[    0.000000] MTRR default type: uncachable
[    0.000000] MTRR fixed ranges enabled:
[    0.000000]   00000-9FFFF write-back
[    0.000000]   A0000-BFFFF uncachable
[    0.000000]   C0000-DBFFF write-protect
[    0.000000]   DC000-E7FFF uncachable
[    0.000000]   E8000-FFFFF write-protect
[    0.000000] MTRR variable ranges enabled:
[    0.000000]   0 base 0000000000 mask 7E00000000 write-back
[    0.000000]   1 base 0200000000 mask 7FF0000000 write-back
[    0.000000]   2 base 0210000000 mask 7FF8000000 write-back
[    0.000000]   3 base 0218000000 mask 7FFC000000 write-back
[    0.000000]   4 base 021C000000 mask 7FFE000000 write-back
[    0.000000]   5 base 00E0000000 mask 7FE0000000 uncachable
[    0.000000]   6 disabled
[    0.000000]   7 disabled
[    0.000000]   8 disabled
[    0.000000]   9 disabled
[    0.000000] x86/PAT: Configuration [0-7]: WB  WC  UC- UC  WB  WC  UC- WT  
[    0.000000] original variable MTRRs
[    0.000000] reg 0, base: 0GB, range: 8GB, type WB
[    0.000000] reg 1, base: 8GB, range: 256MB, type WB
[    0.000000] reg 2, base: 8448MB, range: 128MB, type WB
[    0.000000] reg 3, base: 8576MB, range: 64MB, type WB
[    0.000000] reg 4, base: 8640MB, range: 32MB, type WB
[    0.000000] reg 5, base: 3584MB, range: 512MB, type UC
[    0.000000] total RAM covered: 8160M
[    0.000000] Found optimal setting for mtrr clean up
[    0.000000]  gran_size: 64K 	chunk_size: 64M 	num_reg: 6  	lose cover RAM: 0G
[    0.000000] New variable MTRRs
[    0.000000] reg 0, base: 0GB, range: 2GB, type WB
[    0.000000] reg 1, base: 2GB, range: 1GB, type WB
[    0.000000] reg 2, base: 3GB, range: 512MB, type WB
[    0.000000] reg 3, base: 4GB, range: 4GB, type WB
[    0.000000] reg 4, base: 8GB, range: 512MB, type WB
[    0.000000] reg 5, base: 8672MB, range: 32MB, type UC
[    0.000000] e820: update [mem 0xe0000000-0xffffffff] usable ==> reserved
[    0.000000] e820: last_pfn = 0x100000 max_arch_pfn = 0x400000000
[    0.000000] found SMP MP-table at [mem 0x000fd970-0x000fd97f] mapped at [ffff8800000fd970]
[    0.000000] Scanning 1 areas for low memory corruption
[    0.000000] Base memory trampoline at [ffff88000008b000] 8b000 size 24576
[    0.000000] Using GB pages for direct mapping
[    0.000000] init_memory_mapping: [mem 0x00000000-0x000fffff]
[    0.000000]  [mem 0x00000000-0x000fffff] page 4k
[    0.000000] BRK [0x01ffc000, 0x01ffcfff] PGTABLE
[    0.000000] BRK [0x01ffd000, 0x01ffdfff] PGTABLE
[    0.000000] BRK [0x01ffe000, 0x01ffefff] PGTABLE
[    0.000000] init_memory_mapping: [mem 0x21de00000-0x21dffffff]
[    0.000000]  [mem 0x21de00000-0x21dffffff] page 2M
[    0.000000] BRK [0x01fff000, 0x01ffffff] PGTABLE
[    0.000000] init_memory_mapping: [mem 0x200000000-0x21ddfffff]
[    0.000000]  [mem 0x200000000-0x21ddfffff] page 2M
[    0.000000] init_memory_mapping: [mem 0x1e0000000-0x1ffffffff]
[    0.000000]  [mem 0x1e0000000-0x1ffffffff] page 1G
[    0.000000] init_memory_mapping: [mem 0x00100000-0x7fffffff]
[    0.000000]  [mem 0x00100000-0x001fffff] page 4k
[    0.000000]  [mem 0x00200000-0x3fffffff] page 2M
[    0.000000]  [mem 0x40000000-0x7fffffff] page 1G
[    0.000000] init_memory_mapping: [mem 0x180000000-0x1dfffffff]
[    0.000000]  [mem 0x180000000-0x1dfffffff] page 1G
[    0.000000] RAMDISK: [mem 0x15b6a000-0x26dacfff]
[    0.000000] ACPI: Early table checksum verification disabled
[    0.000000] ACPI: RSDP 0x00000000000F0490 000024 (v02 DELL  )
[    0.000000] ACPI: XSDT 0x00000000DBFEE088 000094 (v01 DELL   CBX3     01072009 AMI  00010013)
[    0.000000] ACPI: FACP 0x00000000DBFF9470 00010C (v05 DELL   CBX3     01072009 AMI  00010013)
[    0.000000] ACPI: DSDT 0x00000000DBFEE1B0 00B2B9 (v02 DELL   CBX3     00000014 INTL 20091112)
[    0.000000] ACPI: FACS 0x00000000DD7FE080 000040
[    0.000000] ACPI: APIC 0x00000000DBFF9580 000092 (v03 DELL   CBX3     01072009 AMI  00010013)
[    0.000000] ACPI: FPDT 0x00000000DBFF9618 000044 (v01 DELL   CBX3     01072009 AMI  00010013)
[    0.000000] ACPI: SLIC 0x00000000DBFF9660 000176 (v03 DELL   CBX3     01072009 MSFT 00010013)
[    0.000000] ACPI: LPIT 0x00000000DBFF97D8 00005C (v01 DELL   CBX3     00000000 AMI. 00000005)
[    0.000000] ACPI: SSDT 0x00000000DBFF9838 000539 (v01 PmRef  Cpu0Ist  00003000 INTL 20120711)
[    0.000000] ACPI: SSDT 0x00000000DBFF9D78 000AD8 (v01 PmRef  CpuPm    00003000 INTL 20120711)
[    0.000000] ACPI: SSDT 0x00000000DBFFA850 0001C7 (v01 PmRef  LakeTiny 00003000 INTL 20120711)
[    0.000000] ACPI: HPET 0x00000000DBFFAA18 000038 (v01 DELL   CBX3     01072009 AMI. 00000005)
[    0.000000] ACPI: SSDT 0x00000000DBFFAA50 00036D (v01 SataRe SataTabl 00001000 INTL 20120711)
[    0.000000] ACPI: MCFG 0x00000000DBFFADC0 00003C (v01 DELL   CBX3     01072009 MSFT 00000097)
[    0.000000] ACPI: SSDT 0x00000000DBFFAE00 0034D6 (v01 SaSsdt SaSsdt   00003000 INTL 20091112)
[    0.000000] ACPI: ASF! 0x00000000DBFFE2D8 0000A5 (v32 INTEL   HCG     00000001 TFSM 000F4240)
[    0.000000] ACPI: DMAR 0x00000000DBFFE380 000080 (v01 INTEL  HSW      00000001 INTL 00000001)
[    0.000000] ACPI: Local APIC address 0xfee00000
[    0.000000] No NUMA configuration found
[    0.000000] Faking a node at [mem 0x0000000000000000-0x000000021dffffff]
[    0.000000] NODE_DATA(0) allocated [mem 0x21dffb000-0x21dffffff]
[    0.000000]  [ffffea0000000000-ffffea00087fffff] PMD -> [ffff880218e00000-ffff88021d5fffff] on node 0
[    0.000000] Zone ranges:
[    0.000000]   DMA      [mem 0x0000000000001000-0x0000000000ffffff]
[    0.000000]   DMA32    [mem 0x0000000001000000-0x00000000ffffffff]
[    0.000000]   Normal   [mem 0x0000000100000000-0x000000021dffffff]
[    0.000000] Movable zone start for each node
[    0.000000] Early memory node ranges
[    0.000000]   node   0: [mem 0x0000000000001000-0x0000000000090fff]
[    0.000000]   node   0: [mem 0x0000000000100000-0x000000007fffffff]
[    0.000000]   node   0: [mem 0x0000000180000000-0x000000021dffffff]
[    0.000000] Initmem setup node 0 [mem 0x0000000000001000-0x000000021dffffff]
[    0.000000] On node 0 totalpages: 1171344
[    0.000000]   DMA zone: 64 pages used for memmap
[    0.000000]   DMA zone: 21 pages reserved
[    0.000000]   DMA zone: 3984 pages, LIFO batch:0
[    0.000000]   DMA32 zone: 8128 pages used for memmap
[    0.000000]   DMA32 zone: 520192 pages, LIFO batch:31
[    0.000000]   Normal zone: 10112 pages used for memmap
[    0.000000]   Normal zone: 647168 pages, LIFO batch:31
[    0.000000] ACPI: PM-Timer IO Port: 0x1808
[    0.000000] ACPI: Local APIC address 0xfee00000
[    0.000000] ACPI: LAPIC_NMI (acpi_id[0xff] high edge lint[0x1])
[    0.000000] IOAPIC[0]: apic_id 8, version 32, address 0xfec00000, GSI 0-23
[    0.000000] ACPI: INT_SRC_OVR (bus 0 bus_irq 0 global_irq 2 dfl dfl)
[    0.000000] ACPI: INT_SRC_OVR (bus 0 bus_irq 9 global_irq 9 high level)
[    0.000000] ACPI: IRQ0 used by override.
[    0.000000] ACPI: IRQ9 used by override.
[    0.000000] Using ACPI (MADT) for SMP configuration information
[    0.000000] ACPI: HPET id: 0x8086a701 base: 0xfed00000
[    0.000000] smpboot: Allowing 8 CPUs, 0 hotplug CPUs
[    0.000000] PM: Registered nosave memory: [mem 0x00000000-0x00000fff]
[    0.000000] PM: Registered nosave memory: [mem 0x00091000-0x00091fff]
[    0.000000] PM: Registered nosave memory: [mem 0x00092000-0x0009ffff]
[    0.000000] PM: Registered nosave memory: [mem 0x000a0000-0x000dffff]
[    0.000000] PM: Registered nosave memory: [mem 0x000e0000-0x000fffff]
[    0.000000] PM: Registered nosave memory: [mem 0x80000000-0xd495ffff]
[    0.000000] PM: Registered nosave memory: [mem 0xd4960000-0xd4966fff]
[    0.000000] PM: Registered nosave memory: [mem 0xd4967000-0xd4d9afff]
[    0.000000] PM: Registered nosave memory: [mem 0xd4d9b000-0xd5227fff]
[    0.000000] PM: Registered nosave memory: [mem 0xd5228000-0xdaee9fff]
[    0.000000] PM: Registered nosave memory: [mem 0xdaeea000-0xdaffffff]
[    0.000000] PM: Registered nosave memory: [mem 0xdb000000-0xdb75efff]
[    0.000000] PM: Registered nosave memory: [mem 0xdb75f000-0xdb7fffff]
[    0.000000] PM: Registered nosave memory: [mem 0xdb800000-0xdbfadfff]
[    0.000000] PM: Registered nosave memory: [mem 0xdbfae000-0xdbffffff]
[    0.000000] PM: Registered nosave memory: [mem 0xdc000000-0xdd71bfff]
[    0.000000] PM: Registered nosave memory: [mem 0xdd71c000-0xdd7fffff]
[    0.000000] PM: Registered nosave memory: [mem 0xdd800000-0xdee10fff]
[    0.000000] PM: Registered nosave memory: [mem 0xdee11000-0xdeffffff]
[    0.000000] PM: Registered nosave memory: [mem 0xdf000000-0xf7ffffff]
[    0.000000] PM: Registered nosave memory: [mem 0xf8000000-0xfbffffff]
[    0.000000] PM: Registered nosave memory: [mem 0xfc000000-0xfebfffff]
[    0.000000] PM: Registered nosave memory: [mem 0xfec00000-0xfec00fff]
[    0.000000] PM: Registered nosave memory: [mem 0xfec01000-0xfecfffff]
[    0.000000] PM: Registered nosave memory: [mem 0xfed00000-0xfed03fff]
[    0.000000] PM: Registered nosave memory: [mem 0xfed04000-0xfed1bfff]
[    0.000000] PM: Registered nosave memory: [mem 0xfed1c000-0xfed1ffff]
[    0.000000] PM: Registered nosave memory: [mem 0xfed20000-0xfedfffff]
[    0.000000] PM: Registered nosave memory: [mem 0xfee00000-0xfee00fff]
[    0.000000] PM: Registered nosave memory: [mem 0xfee01000-0xfeffffff]
[    0.000000] PM: Registered nosave memory: [mem 0xff000000-0xffffffff]
[    0.000000] PM: Registered nosave memory: [mem 0x100000000-0x17fffffff]
[    0.000000] e820: cannot find a gap in the 32bit address range
               e820: PCI devices with unassigned 32bit BARs may break!
[    0.000000] e820: [mem 0x21e100000-0x21e4fffff] available for PCI devices
[    0.000000] Booting paravirtualized kernel on bare hardware
[    0.000000] clocksource: refined-jiffies: mask: 0xffffffff max_cycles: 0xffffffff, max_idle_ns: 7645519600211568 ns
[    0.000000] setup_percpu: NR_CPUS:512 nr_cpumask_bits:512 nr_cpu_ids:8 nr_node_ids:1
[    0.000000] PERCPU: Embedded 33 pages/cpu @ffff88021dc00000 s97496 r8192 d29480 u262144
[    0.000000] pcpu-alloc: s97496 r8192 d29480 u262144 alloc=1*2097152
[    0.000000] pcpu-alloc: [0] 0 1 2 3 4 5 6 7 
[    0.000000] Built 1 zonelists in Node order, mobility grouping on.  Total pages: 1153019
[    0.000000] Policy zone: Normal
[    0.000000] Kernel command line: BOOT_IMAGE=/boot/vmlinuz-4.3.0 memmap=4G!2G root=UUID=461d99c2-65f5-4635-a31a-48a29395e262 ro quiet splash vt.handoff=7
[    0.000000] PID hash table entries: 4096 (order: 3, 32768 bytes)
[    0.000000] Calgary: detecting Calgary via BIOS EBDA area
[    0.000000] Calgary: Unable to locate Rio Grande table in EBDA - bailing!
[    0.000000] Memory: 4246948K/4685376K available (8146K kernel code, 1248K rwdata, 3880K rodata, 1456K init, 1332K bss, 438428K reserved, 0K cma-reserved)
[    0.000000] SLUB: HWalign=64, Order=0-3, MinObjects=0, CPUs=8, Nodes=1
[    0.000000] Hierarchical RCU implementation.
[    0.000000] 	Build-time adjustment of leaf fanout to 64.
[    0.000000] 	RCU restricting CPUs from NR_CPUS=512 to nr_cpu_ids=8.
[    0.000000] RCU: Adjusting geometry for rcu_fanout_leaf=64, nr_cpu_ids=8
[    0.000000] NR_IRQS:33024 nr_irqs:488 16
[    0.000000] spurious 8259A interrupt: IRQ7.
[    0.000000] Console: colour dummy device 80x25
[    0.000000] console [tty0] enabled
[    0.000000] clocksource: hpet: mask: 0xffffffff max_cycles: 0xffffffff, max_idle_ns: 133484882848 ns
[    0.000000] hpet clockevent registered
[    0.000000] tsc: Fast TSC calibration using PIT
[    0.000000] tsc: Detected 3591.685 MHz processor
[    0.000019] Calibrating delay loop (skipped), value calculated using timer frequency.. 7183.37 BogoMIPS (lpj=14366740)
[    0.000020] pid_max: default: 32768 minimum: 301
[    0.000024] ACPI: Core revision 20150818
[    0.006694] ACPI: 6 ACPI AML tables successfully acquired and loaded
[    0.006707] Security Framework initialized
[    0.006708] Yama: becoming mindful.
[    0.006713] AppArmor: AppArmor initialized
[    0.007047] Dentry cache hash table entries: 1048576 (order: 11, 8388608 bytes)
[    0.008069] Inode-cache hash table entries: 524288 (order: 10, 4194304 bytes)
[    0.008507] Mount-cache hash table entries: 16384 (order: 5, 131072 bytes)
[    0.008513] Mountpoint-cache hash table entries: 16384 (order: 5, 131072 bytes)
[    0.008652] Initializing cgroup subsys io
[    0.008655] Initializing cgroup subsys memory
[    0.008659] Initializing cgroup subsys devices
[    0.008661] Initializing cgroup subsys freezer
[    0.008662] Initializing cgroup subsys net_cls
[    0.008663] Initializing cgroup subsys perf_event
[    0.008665] Initializing cgroup subsys net_prio
[    0.008666] Initializing cgroup subsys hugetlb
[    0.008669] Initializing cgroup subsys pids
[    0.008684] CPU: Physical Processor ID: 0
[    0.008685] CPU: Processor Core ID: 0
[    0.008687] ENERGY_PERF_BIAS: Set to 'normal', was 'performance'
[    0.008688] ENERGY_PERF_BIAS: View and update with x86_energy_perf_policy(8)
[    0.009380] mce: CPU supports 9 MCE banks
[    0.009390] CPU0: Thermal monitoring enabled (TM1)
[    0.009396] process: using mwait in idle threads
[    0.009398] Last level iTLB entries: 4KB 1024, 2MB 1024, 4MB 1024
[    0.009399] Last level dTLB entries: 4KB 1024, 2MB 1024, 4MB 1024, 1GB 4
[    0.009624] Freeing SMP alternatives memory: 28K (ffffffff81ea6000 - ffffffff81ead000)
[    0.010779] ftrace: allocating 31180 entries in 122 pages
[    0.018995] DMAR: Host address width 39
[    0.018996] DMAR: DRHD base: 0x000000fed90000 flags: 0x1
[    0.019001] DMAR: dmar0: reg_base_addr fed90000 ver 1:0 cap d2008c20660462 ecap f010da
[    0.019002] DMAR: RMRR base: 0x000000def7b000 end: 0x000000def88fff
[    0.019004] DMAR-IR: IOAPIC id 8 under DRHD base  0xfed90000 IOMMU 0
[    0.019004] DMAR-IR: HPET id 0 under DRHD base 0xfed90000
[    0.019005] DMAR-IR: Queued invalidation will be enabled to support x2apic and Intr-remapping.
[    0.019141] DMAR-IR: Enabled IRQ remapping in x2apic mode
[    0.019142] x2apic enabled
[    0.019147] Switched APIC routing to cluster x2apic.
[    0.019550] ..TIMER: vector=0x30 apic1=0 pin1=2 apic2=-1 pin2=-1
[    0.059221] TSC deadline timer enabled
[    0.059225] smpboot: CPU0: Intel(R) Core(TM) i7-4790 CPU @ 3.60GHz (family: 0x6, model: 0x3c, stepping: 0x3)
[    0.059238] Performance Events: PEBS fmt2+, 16-deep LBR, Haswell events, full-width counters, Intel PMU driver.
[    0.059251] ... version:                3
[    0.059251] ... bit width:              48
[    0.059252] ... generic registers:      4
[    0.059252] ... value mask:             0000ffffffffffff
[    0.059253] ... max period:             0000ffffffffffff
[    0.059253] ... fixed-purpose events:   3
[    0.059254] ... event mask:             000000070000000f
[    0.059711] x86: Booting SMP configuration:
[    0.059712] .... node  #0, CPUs:      #1
[    0.073444] NMI watchdog: enabled on all CPUs, permanently consumes one hw-PMU counter.
[    0.073491]  #2 #3 #4 #5 #6 #7
[    0.155827] x86: Booted up 1 node, 8 CPUs
[    0.155830] smpboot: Total of 8 processors activated (57466.96 BogoMIPS)
[    0.162085] devtmpfs: initialized
[    0.163250] evm: security.selinux
[    0.163251] evm: security.SMACK64
[    0.163252] evm: security.SMACK64EXEC
[    0.163252] evm: security.SMACK64TRANSMUTE
[    0.163253] evm: security.SMACK64MMAP
[    0.163253] evm: security.ima
[    0.163254] evm: security.capability
[    0.163347] clocksource: jiffies: mask: 0xffffffff max_cycles: 0xffffffff, max_idle_ns: 7645041785100000 ns
[    0.163402] pinctrl core: initialized pinctrl subsystem
[    0.163479] RTC time: 14:58:56, date: 02/01/18
[    0.163550] NET: Registered protocol family 16
[    0.173996] cpuidle: using governor ladder
[    0.185984] cpuidle: using governor menu
[    0.185987] PCCT header not found.
[    0.186050] ACPI: bus type PCI registered
[    0.186051] acpiphp: ACPI Hot Plug PCI Controller Driver version: 0.5
[    0.186102] PCI: MMCONFIG for domain 0000 [bus 00-3f] at [mem 0xf8000000-0xfbffffff] (base 0xf8000000)
[    0.186103] PCI: not using MMCONFIG
[    0.186104] PCI: Using configuration type 1 for base access
[    0.186108] dmi type 0xB1 record - unknown flag
[    0.186286] perf_event_intel: PMU erratum BJ122, BV98, HSD29 worked around, HT is on
[    0.202230] ACPI: Added _OSI(Module Device)
[    0.202231] ACPI: Added _OSI(Processor Device)
[    0.202232] ACPI: Added _OSI(3.0 _SCP Extensions)
[    0.202232] ACPI: Added _OSI(Processor Aggregator Device)
[    0.204298] ACPI: Executed 1 blocks of module-level executable AML code
[    0.205662] [Firmware Bug]: ACPI: BIOS _OSI(Linux) query ignored
[    0.205936] ACPI: Dynamic OEM Table Load:
[    0.205939] ACPI: SSDT 0xFFFF880217043C00 0003D3 (v01 PmRef  Cpu0Cst  00003001 INTL 20120711)
[    0.206299] ACPI: Dynamic OEM Table Load:
[    0.206302] ACPI: SSDT 0xFFFF8802170E1000 0005AA (v01 PmRef  ApIst    00003000 INTL 20120711)
[    0.206682] ACPI: Dynamic OEM Table Load:
[    0.206684] ACPI: SSDT 0xFFFF8802170DCE00 000119 (v01 PmRef  ApCst    00003000 INTL 20120711)
[    0.207584] ACPI: Interpreter enabled
[    0.207589] ACPI Exception: AE_NOT_FOUND, While evaluating Sleep State [\_S1_] (20150818/hwxface-580)
[    0.207592] ACPI Exception: AE_NOT_FOUND, While evaluating Sleep State [\_S2_] (20150818/hwxface-580)
[    0.207603] ACPI: (supports S0 S3 S4 S5)
[    0.207604] ACPI: Using IOAPIC for interrupt routing
[    0.207620] PCI: MMCONFIG for domain 0000 [bus 00-3f] at [mem 0xf8000000-0xfbffffff] (base 0xf8000000)
[    0.207911] PCI: MMCONFIG at [mem 0xf8000000-0xfbffffff] reserved in ACPI motherboard resources
[    0.207916] PCI: Using host bridge windows from ACPI; if necessary, use "pci=nocrs" and report a bug
[    0.213287] ACPI: PCI Root Bridge [PCI0] (domain 0000 [bus 00-3e])
[    0.213290] acpi PNP0A08:00: _OSC: OS supports [ExtendedConfig ASPM ClockPM Segments MSI]
[    0.213637] acpi PNP0A08:00: _OSC: OS now controls [PCIeHotplug PME AER PCIeCapability]
[    0.213871] PCI host bridge to bus 0000:00
[    0.213872] pci_bus 0000:00: root bus resource [bus 00-3e]
[    0.213873] pci_bus 0000:00: root bus resource [io  0x0000-0x0cf7 window]
[    0.213874] pci_bus 0000:00: root bus resource [io  0x0d00-0xffff window]
[    0.213875] pci_bus 0000:00: root bus resource [mem 0x000a0000-0x000bffff window]
[    0.213876] pci_bus 0000:00: root bus resource [mem 0x000dc000-0x000dffff window]
[    0.213877] pci_bus 0000:00: root bus resource [mem 0x000e0000-0x000e3fff window]
[    0.213878] pci_bus 0000:00: root bus resource [mem 0x000e4000-0x000e7fff window]
[    0.213879] pci_bus 0000:00: root bus resource [mem 0xe0000000-0xfeafffff window]
[    0.213883] pci 0000:00:00.0: [8086:0c00] type 00 class 0x060000
[    0.213935] pci 0000:00:01.0: [8086:0c01] type 01 class 0x060400
[    0.213955] pci 0000:00:01.0: PME# supported from D0 D3hot D3cold
[    0.214001] pci 0000:00:01.0: System wakeup disabled by ACPI
[    0.214049] pci 0000:00:14.0: [8086:8c31] type 00 class 0x0c0330
[    0.214070] pci 0000:00:14.0: reg 0x10: [mem 0xf7120000-0xf712ffff 64bit]
[    0.214109] pci 0000:00:14.0: PME# supported from D3hot D3cold
[    0.214131] pci 0000:00:14.0: System wakeup disabled by ACPI
[    0.214154] pci 0000:00:16.0: [8086:8c3a] type 00 class 0x078000
[    0.214176] pci 0000:00:16.0: reg 0x10: [mem 0xf713c000-0xf713c00f 64bit]
[    0.214217] pci 0000:00:16.0: PME# supported from D0 D3hot D3cold
[    0.214265] pci 0000:00:19.0: [8086:153a] type 00 class 0x020000
[    0.214285] pci 0000:00:19.0: reg 0x10: [mem 0xf7100000-0xf711ffff]
[    0.214292] pci 0000:00:19.0: reg 0x14: [mem 0xf7139000-0xf7139fff]
[    0.214299] pci 0000:00:19.0: reg 0x18: [io  0xf040-0xf05f]
[    0.214334] pci 0000:00:19.0: PME# supported from D0 D3hot D3cold
[    0.214356] pci 0000:00:19.0: System wakeup disabled by ACPI
[    0.214380] pci 0000:00:1a.0: [8086:8c2d] type 00 class 0x0c0320
[    0.214403] pci 0000:00:1a.0: reg 0x10: [mem 0xf7138000-0xf71383ff]
[    0.214459] pci 0000:00:1a.0: PME# supported from D0 D3hot D3cold
[    0.214482] pci 0000:00:1a.0: System wakeup disabled by ACPI
[    0.214506] pci 0000:00:1b.0: [8086:8c20] type 00 class 0x040300
[    0.214526] pci 0000:00:1b.0: reg 0x10: [mem 0xf7130000-0xf7133fff 64bit]
[    0.214571] pci 0000:00:1b.0: PME# supported from D0 D3hot D3cold
[    0.214593] pci 0000:00:1b.0: System wakeup disabled by ACPI
[    0.214615] pci 0000:00:1c.0: [8086:8c10] type 01 class 0x060400
[    0.214662] pci 0000:00:1c.0: PME# supported from D0 D3hot D3cold
[    0.214704] pci 0000:00:1c.0: System wakeup disabled by ACPI
[    0.214728] pci 0000:00:1c.1: [8086:8c12] type 01 class 0x060400
[    0.214775] pci 0000:00:1c.1: PME# supported from D0 D3hot D3cold
[    0.214815] pci 0000:00:1c.1: System wakeup disabled by ACPI
[    0.214843] pci 0000:00:1d.0: [8086:8c26] type 00 class 0x0c0320
[    0.214866] pci 0000:00:1d.0: reg 0x10: [mem 0xf7137000-0xf71373ff]
[    0.214922] pci 0000:00:1d.0: PME# supported from D0 D3hot D3cold
[    0.214945] pci 0000:00:1d.0: System wakeup disabled by ACPI
[    0.214970] pci 0000:00:1f.0: [8086:8c4e] type 00 class 0x060100
[    0.215089] pci 0000:00:1f.2: [8086:2822] type 00 class 0x010400
[    0.215106] pci 0000:00:1f.2: reg 0x10: [io  0xf090-0xf097]
[    0.215112] pci 0000:00:1f.2: reg 0x14: [io  0xf080-0xf083]
[    0.215118] pci 0000:00:1f.2: reg 0x18: [io  0xf070-0xf077]
[    0.215124] pci 0000:00:1f.2: reg 0x1c: [io  0xf060-0xf063]
[    0.215129] pci 0000:00:1f.2: reg 0x20: [io  0xf020-0xf03f]
[    0.215136] pci 0000:00:1f.2: reg 0x24: [mem 0xf7136000-0xf71367ff]
[    0.215154] pci 0000:00:1f.2: PME# supported from D3hot
[    0.215193] pci 0000:00:1f.3: [8086:8c22] type 00 class 0x0c0500
[    0.215207] pci 0000:00:1f.3: reg 0x10: [mem 0xf7135000-0xf71350ff 64bit]
[    0.215223] pci 0000:00:1f.3: reg 0x20: [io  0xf000-0xf01f]
[    0.215298] pci 0000:01:00.0: [10de:1382] type 00 class 0x030000
[    0.215315] pci 0000:01:00.0: reg 0x10: [mem 0xf6000000-0xf6ffffff]
[    0.215324] pci 0000:01:00.0: reg 0x14: [mem 0xe0000000-0xefffffff 64bit pref]
[    0.215333] pci 0000:01:00.0: reg 0x1c: [mem 0xf0000000-0xf1ffffff 64bit pref]
[    0.215339] pci 0000:01:00.0: reg 0x24: [io  0xe000-0xe07f]
[    0.215345] pci 0000:01:00.0: reg 0x30: [mem 0xf7000000-0xf707ffff pref]
[    0.215384] pci 0000:01:00.0: System wakeup disabled by ACPI
[    0.215408] pci 0000:01:00.1: [10de:0fbc] type 00 class 0x040300
[    0.215424] pci 0000:01:00.1: reg 0x10: [mem 0xf7080000-0xf7083fff]
[    0.222074] pci 0000:00:01.0: PCI bridge to [bus 01]
[    0.222076] pci 0000:00:01.0:   bridge window [io  0xe000-0xefff]
[    0.222077] pci 0000:00:01.0:   bridge window [mem 0xf6000000-0xf70fffff]
[    0.222080] pci 0000:00:01.0:   bridge window [mem 0xe0000000-0xf1ffffff 64bit pref]
[    0.222126] acpiphp: Slot [1] registered
[    0.222130] pci 0000:00:1c.0: PCI bridge to [bus 02]
[    0.222195] pci 0000:03:00.0: [104c:8240] type 01 class 0x060400
[    0.222304] pci 0000:03:00.0: supports D1 D2
[    0.222324] pci 0000:03:00.0: System wakeup disabled by ACPI
[    0.230075] pci 0000:00:1c.1: PCI bridge to [bus 03-04]
[    0.230202] pci 0000:03:00.0: PCI bridge to [bus 04]
[    0.230669] ACPI: PCI Interrupt Link [LNKA] (IRQs 3 4 5 6 10 *11 12 14 15)
[    0.230701] ACPI: PCI Interrupt Link [LNKB] (IRQs 3 4 5 6 *10 11 12 14 15)
[    0.230729] ACPI: PCI Interrupt Link [LNKC] (IRQs 3 4 *5 6 10 11 12 14 15)
[    0.230758] ACPI: PCI Interrupt Link [LNKD] (IRQs 3 4 *5 6 10 11 12 14 15)
[    0.230788] ACPI: PCI Interrupt Link [LNKE] (IRQs *3 4 5 6 10 11 12 14 15)
[    0.230818] ACPI: PCI Interrupt Link [LNKF] (IRQs 3 4 5 6 10 11 12 14 15) *0, disabled.
[    0.230846] ACPI: PCI Interrupt Link [LNKG] (IRQs 3 4 5 6 10 *11 12 14 15)
[    0.230875] ACPI: PCI Interrupt Link [LNKH] (IRQs 3 4 5 6 *10 11 12 14 15)
[    0.230979] ACPI: Enabled 6 GPEs in block 00 to 3F
[    0.231042] vgaarb: setting as boot device: PCI:0000:01:00.0
[    0.231044] vgaarb: device added: PCI:0000:01:00.0,decodes=io+mem,owns=io+mem,locks=none
[    0.231044] vgaarb: loaded
[    0.231045] vgaarb: bridge control possible 0000:01:00.0
[    0.231187] SCSI subsystem initialized
[    0.231208] libata version 3.00 loaded.
[    0.231222] ACPI: bus type USB registered
[    0.231231] usbcore: registered new interface driver usbfs
[    0.231236] usbcore: registered new interface driver hub
[    0.231247] usbcore: registered new device driver usb
[    0.231325] PCI: Using ACPI for IRQ routing
[    0.232464] PCI: pci_cache_line_size set to 64 bytes
[    0.232504] Expanded resource Persistent Memory (legacy) due to conflict with PCI Bus 0000:00
[    0.232505] Expanded resource Persistent Memory (legacy) due to conflict with Persistent Memory (legacy)
[    0.232507] e820: reserve RAM buffer [mem 0x00091800-0x0009ffff]
[    0.232508] e820: reserve RAM buffer [mem 0x21e000000-0x21fffffff]
[    0.232576] NetLabel: Initializing
[    0.232577] NetLabel:  domain hash size = 128
[    0.232577] NetLabel:  protocols = UNLABELED CIPSOv4
[    0.232592] NetLabel:  unlabeled traffic allowed by default
[    0.232635] hpet0: at MMIO 0xfed00000, IRQs 2, 8, 0, 0, 0, 0, 0, 0
[    0.232638] hpet0: 8 comparators, 64-bit 14.318180 MHz counter
[    0.234657] clocksource: Switched to clocksource hpet
[    0.238098] AppArmor: AppArmor Filesystem Enabled
[    0.238130] pnp: PnP ACPI init
[    0.238172] system 00:00: [mem 0xfed40000-0xfed44fff] has been reserved
[    0.238174] system 00:00: Plug and Play ACPI device, IDs PNP0c01 (active)
[    0.238263] system 00:01: [io  0x0680-0x069f] has been reserved
[    0.238265] system 00:01: [io  0xffff] has been reserved
[    0.238265] system 00:01: [io  0xffff] has been reserved
[    0.238266] system 00:01: [io  0xffff] has been reserved
[    0.238267] system 00:01: [io  0x1c00-0x1cfe] has been reserved
[    0.238268] system 00:01: [io  0x1d00-0x1dfe] has been reserved
[    0.238269] system 00:01: [io  0x1e00-0x1efe] has been reserved
[    0.238270] system 00:01: [io  0x1f00-0x1ffe] has been reserved
[    0.238271] system 00:01: [io  0x1800-0x18fe] could not be reserved
[    0.238272] system 00:01: [io  0x164e-0x164f] has been reserved
[    0.238273] system 00:01: Plug and Play ACPI device, IDs PNP0c02 (active)
[    0.238286] pnp 00:02: Plug and Play ACPI device, IDs PNP0b00 (active)
[    0.238310] system 00:03: [io  0x1854-0x1857] has been reserved
[    0.238312] system 00:03: Plug and Play ACPI device, IDs INT3f0d PNP0c02 (active)
[    0.238362] system 00:04: [io  0x0a00-0x0a0f] has been reserved
[    0.238363] system 00:04: Plug and Play ACPI device, IDs PNP0c02 (active)
[    0.238389] system 00:05: [io  0x04d0-0x04d1] has been reserved
[    0.238390] system 00:05: Plug and Play ACPI device, IDs PNP0c02 (active)
[    0.238703] pnp 00:06: [dma 0 disabled]
[    0.238728] pnp 00:06: Plug and Play ACPI device, IDs PNP0501 (active)
[    0.238949] system 00:07: [mem 0xfed1c000-0xfed1ffff] has been reserved
[    0.238951] system 00:07: [mem 0xfed10000-0xfed17fff] has been reserved
[    0.238952] system 00:07: [mem 0xfed18000-0xfed18fff] has been reserved
[    0.238952] system 00:07: [mem 0xfed19000-0xfed19fff] has been reserved
[    0.238954] system 00:07: [mem 0xf8000000-0xfbffffff] has been reserved
[    0.238955] system 00:07: [mem 0xfed20000-0xfed3ffff] has been reserved
[    0.238956] system 00:07: [mem 0xfed90000-0xfed93fff] could not be reserved
[    0.238957] system 00:07: [mem 0xfed45000-0xfed8ffff] has been reserved
[    0.238958] system 00:07: [mem 0xff000000-0xffffffff] has been reserved
[    0.238959] system 00:07: [mem 0xfee00000-0xfeefffff] could not be reserved
[    0.238960] system 00:07: [mem 0xf7fdf000-0xf7fdffff] has been reserved
[    0.238961] system 00:07: [mem 0xf7fe0000-0xf7feffff] has been reserved
[    0.238963] system 00:07: Plug and Play ACPI device, IDs PNP0c02 (active)
[    0.239076] pnp: PnP ACPI: found 8 devices
[    0.244738] clocksource: acpi_pm: mask: 0xffffff max_cycles: 0xffffff, max_idle_ns: 2085701024 ns
[    0.244766] pci 0000:00:01.0: PCI bridge to [bus 01]
[    0.244768] pci 0000:00:01.0:   bridge window [io  0xe000-0xefff]
[    0.244769] pci 0000:00:01.0:   bridge window [mem 0xf6000000-0xf70fffff]
[    0.244771] pci 0000:00:01.0:   bridge window [mem 0xe0000000-0xf1ffffff 64bit pref]
[    0.244773] pci 0000:00:1c.0: PCI bridge to [bus 02]
[    0.244781] pci 0000:03:00.0: PCI bridge to [bus 04]
[    0.244797] pci 0000:00:1c.1: PCI bridge to [bus 03-04]
[    0.244806] pci_bus 0000:00: resource 4 [io  0x0000-0x0cf7 window]
[    0.244807] pci_bus 0000:00: resource 5 [io  0x0d00-0xffff window]
[    0.244808] pci_bus 0000:00: resource 6 [mem 0x000a0000-0x000bffff window]
[    0.244809] pci_bus 0000:00: resource 7 [mem 0x000dc000-0x000dffff window]
[    0.244809] pci_bus 0000:00: resource 8 [mem 0x000e0000-0x000e3fff window]
[    0.244810] pci_bus 0000:00: resource 9 [mem 0x000e4000-0x000e7fff window]
[    0.244811] pci_bus 0000:00: resource 10 [mem 0xe0000000-0xfeafffff window]
[    0.244812] pci_bus 0000:01: resource 0 [io  0xe000-0xefff]
[    0.244813] pci_bus 0000:01: resource 1 [mem 0xf6000000-0xf70fffff]
[    0.244814] pci_bus 0000:01: resource 2 [mem 0xe0000000-0xf1ffffff 64bit pref]
[    0.244833] NET: Registered protocol family 2
[    0.244932] TCP established hash table entries: 65536 (order: 7, 524288 bytes)
[    0.245020] TCP bind hash table entries: 65536 (order: 8, 1048576 bytes)
[    0.245124] TCP: Hash tables configured (established 65536 bind 65536)
[    0.245140] UDP hash table entries: 4096 (order: 5, 131072 bytes)
[    0.245159] UDP-Lite hash table entries: 4096 (order: 5, 131072 bytes)
[    0.245196] NET: Registered protocol family 1
[    0.282679] pci 0000:01:00.0: Video device with shadowed ROM
[    0.282690] PCI: CLS 64 bytes, default 64
[    0.282719] Trying to unpack rootfs image as initramfs...
[    2.914402] Freeing initrd memory: 280844K (ffff880015b6a000 - ffff880026dad000)
[    2.914443] PCI-DMA: Using software bounce buffering for IO (SWIOTLB)
[    2.914445] software IO TLB [mem 0x7c000000-0x80000000] (64MB) mapped at [ffff88007c000000-ffff88007fffffff]
[    2.914493] RAPL PMU detected, API unit is 2^-32 Joules, 4 fixed counters 655360 ms ovfl timer
[    2.914494] hw unit of domain pp0-core 2^-14 Joules
[    2.914494] hw unit of domain package 2^-14 Joules
[    2.914495] hw unit of domain dram 2^-14 Joules
[    2.914495] hw unit of domain pp1-gpu 2^-14 Joules
[    2.914593] microcode: CPU0 sig=0x306c3, pf=0x2, revision=0x1c
[    2.914597] microcode: CPU1 sig=0x306c3, pf=0x2, revision=0x1c
[    2.914602] microcode: CPU2 sig=0x306c3, pf=0x2, revision=0x1c
[    2.914609] microcode: CPU3 sig=0x306c3, pf=0x2, revision=0x1c
[    2.914615] microcode: CPU4 sig=0x306c3, pf=0x2, revision=0x1c
[    2.914621] microcode: CPU5 sig=0x306c3, pf=0x2, revision=0x1c
[    2.914625] microcode: CPU6 sig=0x306c3, pf=0x2, revision=0x1c
[    2.914630] microcode: CPU7 sig=0x306c3, pf=0x2, revision=0x1c
[    2.914663] microcode: Microcode Update Driver: v2.00 <tigran@aivazian.fsnet.co.uk>, Peter Oruba
[    2.914686] Scanning for low memory corruption every 60 seconds
[    2.914900] futex hash table entries: 2048 (order: 5, 131072 bytes)
[    2.914926] audit: initializing netlink subsys (disabled)
[    2.914934] audit: type=2000 audit(1517497138.900:1): initialized
[    2.915150] Initialise system trusted keyring
[    2.915193] HugeTLB registered 1 GB page size, pre-allocated 0 pages
[    2.915194] HugeTLB registered 2 MB page size, pre-allocated 0 pages
[    2.916000] zbud: loaded
[    2.916115] VFS: Disk quotas dquot_6.6.0
[    2.916133] VFS: Dquot-cache hash table entries: 512 (order 0, 4096 bytes)
[    2.916272] squashfs: version 4.0 (2009/01/31) Phillip Lougher
[    2.916391] fuse init (API version 7.23)
[    2.916463] Key type big_key registered
[    2.917193] Key type asymmetric registered
[    2.917195] Asymmetric key parser 'x509' registered
[    2.917203] Block layer SCSI generic (bsg) driver version 0.4 loaded (major 249)
[    2.917236] io scheduler noop registered
[    2.917238] io scheduler deadline registered (default)
[    2.917256] io scheduler cfq registered
[    2.917668] pcieport 0000:00:01.0: Signaling PME through PCIe PME interrupt
[    2.917670] pci 0000:01:00.0: Signaling PME through PCIe PME interrupt
[    2.917671] pci 0000:01:00.1: Signaling PME through PCIe PME interrupt
[    2.917672] pcie_pme 0000:00:01.0:pcie01: service driver pcie_pme loaded
[    2.917703] pcieport 0000:00:1c.0: Signaling PME through PCIe PME interrupt
[    2.917705] pcie_pme 0000:00:1c.0:pcie01: service driver pcie_pme loaded
[    2.917719] pcieport 0000:00:1c.1: Signaling PME through PCIe PME interrupt
[    2.917720] pci 0000:03:00.0: Signaling PME through PCIe PME interrupt
[    2.917723] pcie_pme 0000:00:1c.1:pcie01: service driver pcie_pme loaded
[    2.917726] pci_hotplug: PCI Hot Plug PCI Core version: 0.5
[    2.917730] pciehp: PCI Express Hot Plug Controller Driver version: 0.4
[    2.917746] vesafb: mode is 1920x1080x32, linelength=7680, pages=0
[    2.917746] vesafb: scrolling: redraw
[    2.917747] vesafb: Truecolor: size=8:8:8:8, shift=24:16:8:0
[    2.917753] vesafb: framebuffer at 0xf1000000, mapped to 0xffffc90001000000, using 8128k, total 8128k
[    3.019145] Console: switching to colour frame buffer device 240x67
[    3.120070] fb0: VESA VGA frame buffer device
[    3.120090] intel_idle: MWAIT substates: 0x42120
[    3.120091] intel_idle: v0.4 model 0x3C
[    3.120092] intel_idle: lapic_timer_reliable_states 0xffffffff
[    3.120335] input: Power Button as /devices/LNXSYSTM:00/LNXSYBUS:00/PNP0C0C:00/input/input0
[    3.120338] ACPI: Power Button [PWRB]
[    3.120358] input: Power Button as /devices/LNXSYSTM:00/LNXPWRBN:00/input/input1
[    3.120359] ACPI: Power Button [PWRF]
[    3.120617] ACPI: Invalid active0 threshold
[    3.120674] thermal LNXTHERM:00: registered as thermal_zone0
[    3.120675] ACPI: Thermal Zone [TZ00] (28 C)
[    3.120778] thermal LNXTHERM:01: registered as thermal_zone1
[    3.120779] ACPI: Thermal Zone [TZ01] (30 C)
[    3.120800] GHES: HEST is not enabled!
[    3.120861] Serial: 8250/16550 driver, 32 ports, IRQ sharing enabled
[    3.141445] 00:06: ttyS0 at I/O 0x3f8 (irq = 4, base_baud = 115200) is a 16550A
[    3.142362] Linux agpgart interface v0.103
[    3.144334] brd: module loaded
[    3.145406] loop: module loaded
[    3.145619] libphy: Fixed MDIO Bus: probed
[    3.145622] tun: Universal TUN/TAP device driver, 1.6
[    3.145622] tun: (C) 1999-2004 Max Krasnyansky <maxk@qualcomm.com>
[    3.145664] PPP generic driver version 2.4.2
[    3.145822] xhci_hcd 0000:00:14.0: xHCI Host Controller
[    3.145829] xhci_hcd 0000:00:14.0: new USB bus registered, assigned bus number 1
[    3.145916] xhci_hcd 0000:00:14.0: hcc params 0x200077c1 hci version 0x100 quirks 0x00009810
[    3.145921] xhci_hcd 0000:00:14.0: cache line size of 64 is not supported
[    3.146049] usb usb1: New USB device found, idVendor=1d6b, idProduct=0002
[    3.146050] usb usb1: New USB device strings: Mfr=3, Product=2, SerialNumber=1
[    3.146052] usb usb1: Product: xHCI Host Controller
[    3.146053] usb usb1: Manufacturer: Linux 4.3.0 xhci-hcd
[    3.146054] usb usb1: SerialNumber: 0000:00:14.0
[    3.146258] hub 1-0:1.0: USB hub found
[    3.146273] hub 1-0:1.0: 15 ports detected
[    3.148631] xhci_hcd 0000:00:14.0: xHCI Host Controller
[    3.148633] xhci_hcd 0000:00:14.0: new USB bus registered, assigned bus number 2
[    3.148659] usb usb2: New USB device found, idVendor=1d6b, idProduct=0003
[    3.148660] usb usb2: New USB device strings: Mfr=3, Product=2, SerialNumber=1
[    3.148661] usb usb2: Product: xHCI Host Controller
[    3.148661] usb usb2: Manufacturer: Linux 4.3.0 xhci-hcd
[    3.148662] usb usb2: SerialNumber: 0000:00:14.0
[    3.148717] hub 2-0:1.0: USB hub found
[    3.148727] hub 2-0:1.0: 6 ports detected
[    3.149400] ehci_hcd: USB 2.0 'Enhanced' Host Controller (EHCI) Driver
[    3.149404] ehci-pci: EHCI PCI platform driver
[    3.149455] ehci-pci 0000:00:1a.0: EHCI Host Controller
[    3.149458] ehci-pci 0000:00:1a.0: new USB bus registered, assigned bus number 3
[    3.149466] ehci-pci 0000:00:1a.0: debug port 2
[    3.153353] ehci-pci 0000:00:1a.0: cache line size of 64 is not supported
[    3.153361] ehci-pci 0000:00:1a.0: irq 16, io mem 0xf7138000
[    3.161607] ehci-pci 0000:00:1a.0: USB 2.0 started, EHCI 1.00
[    3.161630] usb usb3: New USB device found, idVendor=1d6b, idProduct=0002
[    3.161631] usb usb3: New USB device strings: Mfr=3, Product=2, SerialNumber=1
[    3.161632] usb usb3: Product: EHCI Host Controller
[    3.161633] usb usb3: Manufacturer: Linux 4.3.0 ehci_hcd
[    3.161634] usb usb3: SerialNumber: 0000:00:1a.0
[    3.161771] hub 3-0:1.0: USB hub found
[    3.161775] hub 3-0:1.0: 2 ports detected
[    3.161899] ehci-pci 0000:00:1d.0: EHCI Host Controller
[    3.161902] ehci-pci 0000:00:1d.0: new USB bus registered, assigned bus number 4
[    3.161911] ehci-pci 0000:00:1d.0: debug port 2
[    3.165798] ehci-pci 0000:00:1d.0: cache line size of 64 is not supported
[    3.165807] ehci-pci 0000:00:1d.0: irq 23, io mem 0xf7137000
[    3.177667] ehci-pci 0000:00:1d.0: USB 2.0 started, EHCI 1.00
[    3.177706] usb usb4: New USB device found, idVendor=1d6b, idProduct=0002
[    3.177707] usb usb4: New USB device strings: Mfr=3, Product=2, SerialNumber=1
[    3.177708] usb usb4: Product: EHCI Host Controller
[    3.177709] usb usb4: Manufacturer: Linux 4.3.0 ehci_hcd
[    3.177710] usb usb4: SerialNumber: 0000:00:1d.0
[    3.177877] hub 4-0:1.0: USB hub found
[    3.177881] hub 4-0:1.0: 2 ports detected
[    3.177977] ehci-platform: EHCI generic platform driver
[    3.177988] ohci_hcd: USB 1.1 'Open' Host Controller (OHCI) Driver
[    3.177992] ohci-pci: OHCI PCI platform driver
[    3.178001] ohci-platform: OHCI generic platform driver
[    3.178006] uhci_hcd: USB Universal Host Controller Interface driver
[    3.178042] i8042: PNP: No PS/2 controller found. Probing ports directly.
[    3.180976] serio: i8042 KBD port at 0x60,0x64 irq 1
[    3.180979] serio: i8042 AUX port at 0x60,0x64 irq 12
[    3.181211] mousedev: PS/2 mouse device common for all mice
[    3.181375] rtc_cmos 00:02: RTC can wake from S4
[    3.181527] rtc_cmos 00:02: rtc core: registered rtc_cmos as rtc0
[    3.181554] rtc_cmos 00:02: alarms up to one month, y3k, 242 bytes nvram, hpet irqs
[    3.181560] i2c /dev entries driver
[    3.181600] device-mapper: uevent: version 1.0.3
[    3.181679] device-mapper: ioctl: 4.33.0-ioctl (2015-8-18) initialised: dm-devel@redhat.com
[    3.181687] Intel P-state driver initializing.
[    3.181935] ledtrig-cpu: registered to indicate activity on CPUs
[    3.183009] NET: Registered protocol family 10
[    3.183463] NET: Registered protocol family 17
[    3.183486] Key type dns_resolver registered
[    3.184664] registered taskstats version 1
[    3.184720] Loading compiled-in X.509 certificates
[    3.184736] Problem loading in-kernel X.509 certificate (-74)
[    3.186430] zswap: loaded using pool lzo/zbud
[    3.189997] Key type trusted registered
[    3.192015] Key type encrypted registered
[    3.192020] AppArmor: AppArmor sha1 policy hashing enabled
[    3.192023] ima: No TPM chip found, activating TPM-bypass!
[    3.192036] evm: HMAC attrs: 0x1
[    3.192309]   Magic number: 6:974:989
[    3.192311] machinecheck machinecheck2: hash matches
[    3.192414] rtc_cmos 00:02: setting system clock to 2018-02-01 14:58:59 UTC (1517497139)
[    3.192458] BIOS EDD facility v0.16 2004-Jun-25, 0 devices found
[    3.192459] EDD information not available.
[    3.192505] PM: Hibernation image not present or could not be loaded.
[    3.192726] Freeing unused kernel memory: 1456K (ffffffff81d3a000 - ffffffff81ea6000)
[    3.192726] Write protecting the kernel read-only data: 12288k
[    3.192853] Freeing unused kernel memory: 36K (ffff8800017f7000 - ffff880001800000)
[    3.192919] Freeing unused kernel memory: 216K (ffff880001bca000 - ffff880001c00000)
[    3.198586] random: systemd-udevd urandom read with 4 bits of entropy available
[    3.215602] video: module verification failed: signature and/or required key missing - tainting kernel
[    3.217421] FUJITSU Extended Socket Network Device Driver - version 1.0 - Copyright (c) 2015 FUJITSU LIMITED
[    3.226032] pps_core: LinuxPPS API ver. 1 registered
[    3.226034] pps_core: Software ver. 5.3.6 - Copyright 2005-2007 Rodolfo Giometti <giometti@linux.it>
[    3.228380] PTP clock support registered
[    3.229106] ahci 0000:00:1f.2: version 3.0
[    3.229210] ahci 0000:00:1f.2: AHCI 0001.0300 32 slots 6 ports 6 Gbps 0x5 impl RAID mode
[    3.229211] ahci 0000:00:1f.2: flags: 64bit ncq pm led clo pio slum part ems apst 
[    3.234278] scsi host0: ahci
[    3.234365] scsi host1: ahci
[    3.234444] scsi host2: ahci
[    3.234516] scsi host3: ahci
[    3.234590] scsi host4: ahci
[    3.234658] scsi host5: ahci
[    3.234697] ata1: SATA max UDMA/133 abar m2048@0xf7136000 port 0xf7136100 irq 29
[    3.234698] ata2: DUMMY
[    3.234701] ata3: SATA max UDMA/133 abar m2048@0xf7136000 port 0xf7136200 irq 29
[    3.234702] ata4: DUMMY
[    3.234703] ata5: DUMMY
[    3.234704] ata6: DUMMY
[    3.244704] e1000e: Intel(R) PRO/1000 Network Driver - 3.2.6-k
[    3.244706] e1000e: Copyright(c) 1999 - 2015 Intel Corporation.
[    3.244821] e1000e 0000:00:19.0: Interrupt Throttling Rate (ints/sec) set to dynamic conservative mode
[    3.259465] [drm] Initialized drm 1.1.0 20060810
[    3.282836] wmi: Mapper loaded
[    3.412177] e1000e 0000:00:19.0 eth0: registered PHC clock
[    3.412180] e1000e 0000:00:19.0 eth0: (PCI Express:2.5GT/s:Width x1) 98:90:96:c1:6b:85
[    3.412181] e1000e 0000:00:19.0 eth0: Intel(R) PRO/1000 Network Connection
[    3.412233] e1000e 0000:00:19.0 eth0: MAC: 11, PHY: 12, PBA No: FFFFFF-0FF
[    3.412814] e1000e 0000:00:19.0 eno1: renamed from eth0
[    3.481537] usb 3-1: new high-speed USB device number 2 using ehci-pci
[    3.493534] usb 4-1: new high-speed USB device number 2 using ehci-pci
[    3.549536] ata1: SATA link up 6.0 Gbps (SStatus 133 SControl 300)
[    3.550325] ata1.00: ATA-9: ST1000DM003-1ER162, CC45, max UDMA/133
[    3.550327] ata1.00: 1953525168 sectors, multi 16: LBA48 NCQ (depth 31/32), AA
[    3.550999] ata1.00: configured for UDMA/133
[    3.551201] scsi 0:0:0:0: Direct-Access     ATA      ST1000DM003-1ER1 CC45 PQ: 0 ANSI: 5
[    3.551397] sd 0:0:0:0: [sda] 1953525168 512-byte logical blocks: (1.00 TB/931 GiB)
[    3.551398] sd 0:0:0:0: [sda] 4096-byte physical blocks
[    3.551403] sd 0:0:0:0: Attached scsi generic sg0 type 0
[    3.551466] sd 0:0:0:0: [sda] Write Protect is off
[    3.551468] sd 0:0:0:0: [sda] Mode Sense: 00 3a 00 00
[    3.551553] sd 0:0:0:0: [sda] Write cache: enabled, read cache: enabled, doesn't support DPO or FUA
[    3.561535] ata3: SATA link up 1.5 Gbps (SStatus 113 SControl 300)
[    3.563881] ata3.00: ATAPI: HL-DT-ST DVD+/-RW GHB0N, A1B1, max UDMA/100
[    3.565560] ata3.00: configured for UDMA/100
[    3.579251] scsi 2:0:0:0: CD-ROM            HL-DT-ST DVD+-RW GHB0N    A1B1 PQ: 0 ANSI: 5
[    3.590915]  sda: sda1 sda2 < sda5 sda6 sda7 >
[    3.591534] sd 0:0:0:0: [sda] Attached SCSI disk
[    3.609147] sr 2:0:0:0: [sr0] scsi3-mmc drive: 48x/12x writer dvd-ram cd/rw xa/form2 cdda tray
[    3.609149] cdrom: Uniform CD-ROM driver Revision: 3.20
[    3.609231] sr 2:0:0:0: Attached scsi CD-ROM sr0
[    3.609302] sr 2:0:0:0: Attached scsi generic sg1 type 5
[    3.621868] usb 3-1: New USB device found, idVendor=8087, idProduct=8008
[    3.621870] usb 3-1: New USB device strings: Mfr=0, Product=0, SerialNumber=0
[    3.622143] hub 3-1:1.0: USB hub found
[    3.622281] hub 3-1:1.0: 6 ports detected
[    3.625867] usb 4-1: New USB device found, idVendor=8087, idProduct=8000
[    3.625868] usb 4-1: New USB device strings: Mfr=0, Product=0, SerialNumber=0
[    3.626145] hub 4-1:1.0: USB hub found
[    3.626239] hub 4-1:1.0: 8 ports detected
[    3.627823] checking generic (f1000000 7f0000) vs hw (e0000000 10000000)
[    3.627824] checking generic (f1000000 7f0000) vs hw (f0000000 2000000)
[    3.627825] fb: switching to nouveaufb from VESA VGA
[    3.627838] Console: switching to colour dummy device 80x25
[    3.627906] nouveau 0000:01:00.0: NVIDIA GM107 (117020a2)
[    3.741815] nouveau 0000:01:00.0: bios: version 82.07.32.00.04
[    3.742750] nouveau 0000:01:00.0: fb: 4096 MiB DDR3
[    3.893355] usb 3-1.3: new high-speed USB device number 3 using ehci-pci
[    3.917417] tsc: Refined TSC clocksource calibration: 3591.682 MHz
[    3.917419] clocksource: tsc: mask: 0xffffffffffffffff max_cycles: 0x33c5a15be52, max_idle_ns: 440795280454 ns
[    3.986486] usb 3-1.3: New USB device found, idVendor=0781, idProduct=5590
[    3.986487] usb 3-1.3: New USB device strings: Mfr=1, Product=2, SerialNumber=3
[    3.986488] usb 3-1.3: Product: Ultra
[    3.986489] usb 3-1.3: Manufacturer: SanDisk
[    3.986490] usb 3-1.3: SerialNumber: 4C531001570114103552
[    3.994627] usb-storage 3-1.3:1.0: USB Mass Storage device detected
[    3.995092] scsi host6: usb-storage 3-1.3:1.0
[    3.995172] usbcore: registered new interface driver usb-storage
[    3.996870] usbcore: registered new interface driver uas
[    4.057324] usb 3-1.4: new full-speed USB device number 4 using ehci-pci
[    4.151694] usb 3-1.4: New USB device found, idVendor=0483, idProduct=5710
[    4.151696] usb 3-1.4: New USB device strings: Mfr=1, Product=2, SerialNumber=0
[    4.151697] usb 3-1.4: Product: USB KB
[    4.151698] usb 3-1.4: Manufacturer: STMicroelectronics
[    4.156899] hidraw: raw HID events driver (C) Jiri Kosina
[    4.161745] usbcore: registered new interface driver usbhid
[    4.161748] usbhid: USB HID core driver
[    4.163141] input: STMicroelectronics USB KB as /devices/pci0000:00/0000:00:1a.0/usb3/3-1/3-1.4/3-1.4:1.0/0003:0483:5710.0001/input/input5
[    4.217401] hid-generic 0003:0483:5710.0001: input,hidraw0: USB HID v1.11 Keyboard [STMicroelectronics USB KB] on usb-0000:00:1a.0-1.4/input0
[    4.218614] input: STMicroelectronics USB KB as /devices/pci0000:00/0000:00:1a.0/usb3/3-1/3-1.4/3-1.4:1.1/0003:0483:5710.0002/input/input6
[    4.221239] usb 3-1.5: new low-speed USB device number 5 using ehci-pci
[    4.273394] hid-generic 0003:0483:5710.0002: input,hidraw1: USB HID v1.11 Keyboard [STMicroelectronics USB KB] on usb-0000:00:1a.0-1.4/input1
[    4.317253] usb 3-1.5: New USB device found, idVendor=17ef, idProduct=6019
[    4.317255] usb 3-1.5: New USB device strings: Mfr=0, Product=2, SerialNumber=0
[    4.317256] usb 3-1.5: Product: Lenovo Optical USB Mouse
[    4.320617] input: Lenovo Optical USB Mouse as /devices/pci0000:00/0000:00:1a.0/usb3/3-1/3-1.5/3-1.5:1.0/0003:17EF:6019.0003/input/input7
[    4.320810] hid-generic 0003:17EF:6019.0003: input,hidraw2: USB HID v1.11 Mouse [Lenovo Optical USB Mouse] on usb-0000:00:1a.0-1.5/input0
[    4.925003] clocksource: Switched to clocksource tsc
[    4.993639] scsi 6:0:0:0: Direct-Access     SanDisk  Ultra            1.00 PQ: 0 ANSI: 6
[    5.005129] sd 6:0:0:0: Attached scsi generic sg2 type 0
[    5.005614] sd 6:0:0:0: [sdb] 30375936 512-byte logical blocks: (15.5 GB/14.4 GiB)
[    5.006624] sd 6:0:0:0: [sdb] Write Protect is off
[    5.006626] sd 6:0:0:0: [sdb] Mode Sense: 43 00 00 00
[    5.007617] sd 6:0:0:0: [sdb] Write cache: disabled, read cache: enabled, doesn't support DPO or FUA
[    5.012483]  sdb: sdb4
[    5.015980] sd 6:0:0:0: [sdb] Attached SCSI removable disk
[    5.041025] [TTM] Zone  kernel: Available graphics memory: 2264764 kiB
[    5.041026] [TTM] Zone   dma32: Available graphics memory: 2097152 kiB
[    5.041026] [TTM] Initializing pool allocator
[    5.041029] [TTM] Initializing DMA pool allocator
[    5.041036] nouveau 0000:01:00.0: DRM: VRAM: 4096 MiB
[    5.041037] nouveau 0000:01:00.0: DRM: GART: 1048576 MiB
[    5.041040] nouveau 0000:01:00.0: DRM: TMDS table version 2.0
[    5.041041] nouveau 0000:01:00.0: DRM: DCB version 4.0
[    5.041042] nouveau 0000:01:00.0: DRM: DCB outp 00: 01000f02 00020030
[    5.041043] nouveau 0000:01:00.0: DRM: DCB outp 01: 02011f62 0f420010
[    5.041044] nouveau 0000:01:00.0: DRM: DCB outp 02: 02022f10 00000000
[    5.041045] nouveau 0000:01:00.0: DRM: DCB conn 00: 00001031
[    5.041045] nouveau 0000:01:00.0: DRM: DCB conn 01: 00002161
[    5.041046] nouveau 0000:01:00.0: DRM: DCB conn 02: 00000200
[    5.054106] [drm] Supports vblank timestamp caching Rev 2 (21.10.2013).
[    5.054107] [drm] Driver supports precise vblank timestamp query.
[    5.135414] nouveau 0000:01:00.0: DRM: MM: using COPY for buffer copies
[    5.266756] nouveau 0000:01:00.0: DRM: allocated 1920x1080 fb: 0x60000, bo ffff8800262d2800
[    5.266802] fbcon: nouveaufb (fb0) is primary device
[    5.502406] Console: switching to colour frame buffer device 240x67
[    5.503969] nouveau 0000:01:00.0: fb0: nouveaufb frame buffer device
[    5.512764] [drm] Initialized nouveau 1.3.0 20120801 for 0000:01:00.0 on minor 0
[    5.596022] EXT4-fs (sda7): mounted filesystem with ordered data mode. Opts: (null)
[    6.240461] random: nonblocking pool is initialized
[    6.275212] systemd[1]: systemd 229 running in system mode. (+PAM +AUDIT +SELINUX +IMA +APPARMOR +SMACK +SYSVINIT +UTMP +LIBCRYPTSETUP +GCRYPT +GNUTLS +ACL +XZ -LZ4 +SECCOMP +BLKID +ELFUTILS +KMOD -IDN)
[    6.275324] systemd[1]: Detected architecture x86-64.
[    6.281869] systemd[1]: Set hostname to <cxdafs-OptiPlex-9020>.
[    6.910885] systemd[1]: Reached target Remote File Systems (Pre).
[    6.910919] systemd[1]: Reached target Encrypted Volumes.
[    6.910938] systemd[1]: Started Forward Password Requests to Wall Directory Watch.
[    6.910976] systemd[1]: Listening on Journal Audit Socket.
[    6.910989] systemd[1]: Listening on udev Kernel Socket.
[    6.911044] systemd[1]: Created slice System Slice.
[    6.911066] systemd[1]: Listening on Syslog Socket.
[    6.911097] systemd[1]: Created slice User and Session Slice.
[    6.911102] systemd[1]: Reached target Slices.
[    6.911117] systemd[1]: Listening on udev Control Socket.
[    6.911181] systemd[1]: Set up automount Arbitrary Executable File Formats File System Automount Point.
[    6.911199] systemd[1]: Listening on /dev/initctl Compatibility Named Pipe.
[    6.911204] systemd[1]: Reached target User and Group Name Lookups.
[    6.911208] systemd[1]: Reached target Remote File Systems.
[    6.911223] systemd[1]: Listening on Journal Socket (/dev/log).
[    6.911232] systemd[1]: Listening on fsck to fsckd communication Socket.
[    6.911246] systemd[1]: Listening on Journal Socket.
[    6.911481] systemd[1]: Starting Create list of required static device nodes for the current kernel...
[    6.911670] systemd[1]: Mounting POSIX Message Queue File System...
[    6.914671] systemd[1]: Starting Load Kernel Modules...
[    6.914891] systemd[1]: Starting Uncomplicated firewall...
[    6.915102] systemd[1]: Mounting Debug File System...
[    6.915404] systemd[1]: Mounting Huge Pages File System...
[    6.915713] systemd[1]: Starting Set console keymap...
[    6.915986] systemd[1]: Started Read required files in advance.
[    6.916336] systemd[1]: Started Braille Device Support.
[    6.916598] systemd[1]: Starting Journal Service...
[    7.008573] systemd[1]: Started Create list of required static device nodes for the current kernel.
[    7.008848] systemd[1]: Starting Create Static Device Nodes in /dev...
[    7.169141] systemd[1]: Started Uncomplicated firewall.
[    7.208603] lp: driver loaded but no devices found
[    7.263648] ppdev: user-space parallel port driver
[    7.304608] systemd[1]: Started Journal Service.
[    8.574408] EXT4-fs (sda7): re-mounted. Opts: errors=remount-ro
[    8.659416] systemd-journald[295]: Received request to flush runtime journal from PID 1
[    9.032864] nd_pmem namespace0.0: unable to guarantee persistence of writes
[    9.034933] pmem0: detected capacity change from 0 to 1419116544
[    9.034949] nd_pmem namespace2.0: unable to guarantee persistence of writes
[    9.035056] pmem2: detected capacity change from 0 to 4407296
[    9.035062] nd_pmem namespace3.0: unable to guarantee persistence of writes
[    9.035171] pmem3: detected capacity change from 0 to 4771840
[    9.035186] nd_pmem namespace4.0: unable to guarantee persistence of writes
[    9.035349] pmem4: detected capacity change from 0 to 97263616
[    9.035359] nd_pmem namespace6.0: unable to guarantee persistence of writes
[    9.035454] pmem6: detected capacity change from 0 to 7729152
[    9.035463] nd_pmem namespace8.0: unable to guarantee persistence of writes
[    9.035615] pmem8: detected capacity change from 0 to 8052736
[    9.035644] nd_pmem namespace12.0: unable to guarantee persistence of writes
[    9.035779] pmem12: detected capacity change from 0 to 23138304
[    9.035794] nd_pmem namespace10.0: unable to guarantee persistence of writes
[    9.035935] pmem10: detected capacity change from 0 to 24231936
[    9.035947] nd_pmem namespace14.0: unable to guarantee persistence of writes
[    9.035949] nd_pmem namespace14.0: could not reserve region [0x0x00000000df000000:0x1fc00000]
[    9.035950] nd_pmem: probe of namespace14.0 failed with error -16
[    9.035984] nd_pmem namespace23.0: unable to guarantee persistence of writes
[    9.044833] pmem23: detected capacity change from 0 to 16777216
[    9.044852] nd_pmem namespace24.0: unable to guarantee persistence of writes
[    9.044960] pmem24: detected capacity change from 0 to 2147483648
[    9.715828] shpchp: Standard Hot Plug PCI Controller Driver version: 0.4
[    9.843793] AVX2 version of gcm_enc/dec engaged.
[    9.843795] AES CTR mode by8 optimization enabled
[   11.658044] intel_rapl: Found RAPL domain package
[   11.658046] intel_rapl: Found RAPL domain core
[   11.658047] intel_rapl: Found RAPL domain dram
[   12.065179] snd_hda_intel 0000:01:00.1: Disabling MSI
[   12.065184] snd_hda_intel 0000:01:00.1: Handle VGA-switcheroo audio client
[   12.160869] snd_hda_codec_realtek hdaudioC0D0: autoconfig for ALC3220: line_outs=1 (0x1b/0x0/0x0/0x0/0x0) type:line
[   12.160871] snd_hda_codec_realtek hdaudioC0D0:    speaker_outs=1 (0x14/0x0/0x0/0x0/0x0)
[   12.160872] snd_hda_codec_realtek hdaudioC0D0:    hp_outs=1 (0x15/0x0/0x0/0x0/0x0)
[   12.160873] snd_hda_codec_realtek hdaudioC0D0:    mono: mono_out=0x0
[   12.160874] snd_hda_codec_realtek hdaudioC0D0:    inputs:
[   12.160875] snd_hda_codec_realtek hdaudioC0D0:      Front Mic=0x1a
[   12.160876] snd_hda_codec_realtek hdaudioC0D0:      Rear Mic=0x18
[   12.167976] input: HDA Intel PCH Front Mic as /devices/pci0000:00/0000:00:1b.0/sound/card0/input8
[   12.168017] input: HDA Intel PCH Rear Mic as /devices/pci0000:00/0000:00:1b.0/sound/card0/input9
[   12.168051] input: HDA Intel PCH Line Out as /devices/pci0000:00/0000:00:1b.0/sound/card0/input10
[   12.168086] input: HDA Intel PCH Front Headphone as /devices/pci0000:00/0000:00:1b.0/sound/card0/input11
[   12.594552] input: HDA NVidia HDMI/DP,pcm=3 as /devices/pci0000:00/0000:00:01.0/0000:01:00.1/sound/card1/input12
[   12.594591] input: HDA NVidia HDMI/DP,pcm=7 as /devices/pci0000:00/0000:00:01.0/0000:01:00.1/sound/card1/input13
[   12.996785] dcdbas dcdbas: Dell Systems Management Base Driver (version 5.6.0-3.2)
[   18.209434] audit: type=1400 audit(1517497154.517:2): apparmor="STATUS" operation="profile_load" name="/usr/sbin/ippusbxd" pid=886 comm="apparmor_parser"
[   18.235452] audit: type=1400 audit(1517497154.541:3): apparmor="STATUS" operation="profile_load" name="/usr/sbin/cups-browsed" pid=884 comm="apparmor_parser"
[   18.235729] audit: type=1400 audit(1517497154.541:4): apparmor="STATUS" operation="profile_load" name="/usr/lib/snapd/snap-confine" pid=883 comm="apparmor_parser"
[   18.235732] audit: type=1400 audit(1517497154.541:5): apparmor="STATUS" operation="profile_load" name="mount-namespace-capture-helper" pid=883 comm="apparmor_parser"
[   18.237521] audit: type=1400 audit(1517497154.545:6): apparmor="STATUS" operation="profile_load" name="/sbin/dhclient" pid=879 comm="apparmor_parser"
[   18.237526] audit: type=1400 audit(1517497154.545:7): apparmor="STATUS" operation="profile_load" name="/usr/lib/NetworkManager/nm-dhcp-client.action" pid=879 comm="apparmor_parser"
[   18.237528] audit: type=1400 audit(1517497154.545:8): apparmor="STATUS" operation="profile_load" name="/usr/lib/NetworkManager/nm-dhcp-helper" pid=879 comm="apparmor_parser"
[   18.237530] audit: type=1400 audit(1517497154.545:9): apparmor="STATUS" operation="profile_load" name="/usr/lib/connman/scripts/dhclient-script" pid=879 comm="apparmor_parser"
[   18.238447] audit: type=1400 audit(1517497154.545:10): apparmor="STATUS" operation="profile_load" name="/usr/lib/lightdm/lightdm-guest-session" pid=878 comm="apparmor_parser"
[   18.238450] audit: type=1400 audit(1517497154.545:11): apparmor="STATUS" operation="profile_load" name="chromium" pid=878 comm="apparmor_parser"
[   18.394458] Adding 8328188k swap on /dev/sda5.  Priority:-1 extents:1 across:8328188k FS
[   19.879098] IPv6: ADDRCONF(NETDEV_UP): eno1: link is not ready
[   20.083765] IPv6: ADDRCONF(NETDEV_UP): eno1: link is not ready
[   23.108178] e1000e: eno1 NIC Link is Up 1000 Mbps Full Duplex, Flow Control: None
[   23.108208] IPv6: ADDRCONF(NETDEV_CHANGE): eno1: link becomes ready
[   42.577438] FAT-fs (sdb4): Volume was not properly unmounted. Some data may be corrupt. Please run fsck.
[  163.679005] nova: dafs init nova_fs
[  163.679010] nova: init_nova_fs: 8 cpus online
[  163.679014] nova: Arch new instructions support: PCOMMIT NO, CLWB NO
[  163.679092] nova: dafs register file sytem nova
[  163.679099] nova: dafs end init_fs
[  163.730146] nova: dafs start to mount
[  163.730161] nova: creating an empty nova of size 1419116544
[  163.730164] nova: dafs init dzt block
[  163.730165] nova: dafs_get dzt blk
[  163.730167] nova: dafs_init_dzt_block: allocate log @ 0x1fb84
[  163.730977] nova: dafs_get dzt blk
[  163.731178] nova: dafs allocate zone blocks
[  163.731582] nova: dafs_alloc_dir_zone: allocate zone @ 0x20f8d
[  163.731583] nova: dafs_get dzt blk
[  163.731584] nova: dafs start build dzt
[  163.731585] nova: dafs finish build dzt_e
[  163.731585] nova: dafs start init dir zones
[  163.731586] nova: root ze addr is 553177088
[  163.731586] nova: the root dir hashname is 47
[  163.731587] nova: test root hash name is 47
[  163.731587] nova: dafs finish creat root directory
[  163.731588] nova: dafs finish init dir zones
[  163.731589] nova: init_dir_info start
[  163.731755] nova: init_dir_info end
[  163.731760] nova: dafs end fill super
[  163.731760] nova: dafs finish mount
[  163.731993] nova: dafs_lookup:dafs start lookup .Trash 
[  163.731997] nova: time is 1641 
[  163.731998] nova: dafs_lookup
[  163.732014] nova: dafs_lookup:dafs start lookup .Trash-1000 
[  163.732015] nova: time is 588 
[  163.732016] nova: dafs_lookup
[  175.024610] nova: dafs_lookup:dafs start lookup 1 
[  175.024614] nova: time is 1242 
[  175.024614] nova: dafs_lookup
[  175.024616] nova: dafs_mkdir: name 1
[  175.024624] nova: time is 7108 
[  175.024625] nova: dafs_mkdir 
[  188.315836] nova: dafs_lookup:dafs start lookup 2 
[  188.315839] nova: time is 1344 
[  188.315840] nova: dafs_lookup
[  188.315842] nova: dafs_mkdir: name 2
[  188.315847] nova: time is 4262 
[  188.315848] nova: dafs_mkdir 
[  198.258195] nova: dafs_lookup:dafs start lookup 3 
[  198.258198] nova: time is 1308 
[  198.258200] nova: dafs_lookup
[  198.258201] nova: dafs_mkdir: name 3
[  198.258206] nova: time is 4204 
[  198.258207] nova: dafs_mkdir 
[  206.011394] nova: dafs_lookup:dafs start lookup 2 
[  206.011397] nova: time is 1470 
[  206.011398] nova: dafs_lookup
[  206.011400] nova: dafs_mkdir: name 2
[  206.011406] nova: time is 4830 
[  206.011407] nova: dafs_mkdir 
[  238.312757] nova: dafs_lookup:dafs start lookup 3 
[  238.312760] nova: time is 1621 
[  238.312762] nova: dafs_lookup
[  238.312764] nova: dafs_mkdir: name 3
[  238.312769] nova: time is 5019 
[  238.312770] nova: dafs_mkdir 
[  251.690885] nova: dafs_lookup:dafs start lookup 4 
[  251.690889] nova: time is 1866 
[  251.690890] nova: dafs_lookup
[  251.690892] nova: dafs_mkdir: name 4
[  251.690901] nova: time is 8625 
[  251.690902] nova: dafs_mkdir 
[  265.158039] nova: dafs_lookup:dafs start lookup 5 
[  265.158042] nova: time is 1996 
[  265.158044] nova: dafs_lookup
[  265.158045] nova: dafs_mkdir: name 5
[  265.158052] nova: time is 5256 
[  265.158052] nova: dafs_mkdir 
[  300.790194] nova: dafs_lookup:dafs start lookup 6 
[  300.790197] nova: time is 2068 
[  300.790199] nova: dafs_lookup
[  300.790200] nova: dafs_mkdir: name 6
[  300.790207] nova: time is 5590 
[  300.790207] nova: dafs_mkdir 
[  321.943159] nova: dafs_readdir start 6
[  321.943162] nova: time is 2456 
[  321.943164] nova: dafs_readdir 
[  344.635277] nova: dafs_lookup:dafs start lookup 7 
[  344.635282] nova: time is 2444 
[  344.635282] nova: dafs_lookup
[  344.635284] nova: dafs_mkdir: name 7
[  344.635291] nova: time is 6186 
[  344.635292] nova: dafs_mkdir 
[  357.855554] nova: dafs_lookup:dafs start lookup 8 
[  357.855558] nova: time is 2347 
[  357.855559] nova: dafs_lookup
[  357.855561] nova: dafs_mkdir: name 8
[  357.855568] nova: time is 5994 
[  357.855569] nova: dafs_mkdir 
[  363.850142] nova: dafs_readdir start 6
[  363.850148] nova: time is 4453 
[  363.850150] nova: dafs_readdir 
[  363.850154] nova: dafs_readdir start 6
[  363.850155] nova: time is 25 
[  363.850155] nova: dafs_readdir 
[  363.850232] nova: dafs_readdir start 6
[  363.850233] nova: time is 1214 
[  363.850234] nova: dafs_readdir 
[  363.850235] nova: dafs_readdir start 6
[  363.850236] nova: time is 25 
[  363.850236] nova: dafs_readdir 
[  364.120017] nova: dafs_readdir start 6
[  364.120023] nova: time is 4761 
[  364.120025] nova: dafs_readdir 
[  364.120027] nova: dafs_readdir start 6
[  364.120028] nova: time is 25 
[  364.120028] nova: dafs_readdir 
[  364.120108] nova: dafs_readdir start 6
[  364.120110] nova: time is 1258 
[  364.120111] nova: dafs_readdir 
[  364.120112] nova: dafs_readdir start 6
[  364.120113] nova: time is 25 
[  364.120113] nova: dafs_readdir 
[  378.061932] nova: dafs_lookup:dafs start lookup 9 
[  378.061936] nova: time is 2090 
[  378.061938] nova: dafs_lookup
[  378.061939] nova: dafs_mkdir: name 9
[  378.061946] nova: time is 6028 
[  378.061947] nova: dafs_mkdir 
